I_TELEPORT = 0
I_SPAWN_BARRACK_CHARACTER = 1
I_GFX_COMMAND = 17
I_GFX_ADMIN_COMMAND = 18
I_INPUT_COMMAND = 19
I_MOVE_KEY = 20
I_SKILL_KEY = 21
I_CLOSE_SERVER_CONNECTION = 22
S_UPDATE_LICENSE = 10032
S_UPDATE_EXP_LEVEL = 10034
S_UPDATE_PROF_MINERAL = 10036
S_UPDATE_PROF_BUG = 10037
S_UPDATE_PROF_ENERGY = 10038
S_UPDATE_PROF_HERB = 10039
S_UPDATE_USER_PKDECLARECOUNT = 10041
S_UPDATE_USER_PKPOINT = 10043
S_UPDATE_USER_PKDECLARECOUNT2 = 10189
C_CHECK_VERSION = 19900
S_CHECK_VERSION = 19901
S_PLAYER_CHANGE_DRAIN = 20037
S_GET_OUT_SHUTTLE = 20065
S_BUY_INGAMESTORE_MONEYPRODUCT = 20066
C_CHECK_EXTRACT = 20097
S_CHECK_EVENT_SYSTEM_REWARD = 20099
S_PLAYER_CHANGE_STAMINA = 20107
C_GAMBLE_GO = 20137
S_ENTER_DUNGEON_POP_UP_REOPEN = 20163
S_VIEW_WARE_EX = 20235
S_CANCEL_VOTE_DISMISS_PARTY = 20281
S_GMEVENT_END_EVENT = 20285
S_UPDATE_ACHIEVEMENT_PROGRESS = 20324
S_GUILD_QUEST_LIST = 20325
C_ADMIN = 20360
C_REQUEST_RECV_DAILY_TOKEN = 20379
S_ADMIN_GMEVENT_STATUS = 20402
S_PREPARE_CHANGE_USER_APPEARANCE = 20405
S_NEED_WAREHOUSE_COMMISION = 20435
S_START_GUILD_WAR = 20443
S_WATCHED_MOVIES = 20470
S_INGAME_CHANGE_USER_APPEARANCE_CANCEL = 20472
C_CLEAR_SEND_PARCEL = 20506
S_INITIALIZE_AWESOMIUM = 20514
S_RP_DEL_ITEM_FROM_DECOMPOSITION_CONTRACT = 20521
S_RESULT_USABLE_CHARACTER_NAME = 20543
C_DUEL_CANCEL = 20544
S_PLAYER_RESET_EP = 20567
C_LEAVE_GROUP_DUEL = 20583
S_PROMOTION_INFO = 20644
C_CHECK_CHANGE_GUILDNAME = 20645
S_USER_LOCATION = 20658
S_ADD_INTER_PARTY_MATCH_POOL = 20663
C_DUNGEON_COOL_TIME_LIST = 20671
S_PLAYER_CUSTOM_ITEM_SLOT = 20672
S_VILLAGE_LIST_TO_TELEPORT = 20739
S_START_CLIENT_CUSTOM_SKILL = 20777
S_INVEN_USERDATA = 20797
S_OP_COMMAND = 20816
C_REQUEST_USABLE_CHARACTER_NAME = 20881
S_DUNGEON_WORK_POINT_STORE_BASKET = 20904
C_REQUEST_SERVANT_EVOLUTION = 20905
S_RECEIVE_COLLECTION_BOOK_REWARD = 20952
S_REPLY_INVITE_GUILD_LIST = 20966
C_REQUEST_MENTO_REWARD = 20979
S_UPDATE_KUMAS_BATTLE_FIELD_TREASURE_INFO = 21000
C_DECLARE_GUILD_WAR = 21016
C_ADMIN_GMEVENT_OFF = 21025
C_CHECK_TO_READY_PARTY = 21031
S_GMEVENT_OFF_GUIDE_MESSAGE = 21043
S_TEMPER_RESULT = 21050
S_LORD_RANK_INFO = 21104
S_MASSTIGE_STATUS = 21111
C_REQUEST_LEARN_GUILD_PERK = 21131
S_CONFIRM_SERVANT_AUTO_POTION_INFO = 21201
S_START_CUSTOMIZING_PARTS_SHAPE = 21212
C_ADMIN_REQUEST_USERINFO = 21244
C_REQUEST_SERVANT_AUTO_POTION_INFO = 21272
C_DELETE_SERVANT = 21303
S_DUNGEON_NEWBIE = 21332
S_POLITICS_POINT_STORE_BASKET = 21369
S_STOP_VM = 21372
S_REIGN_INFO = 21377
C_CAST_FISHING_ROD = 21415
S_LEAVE_PARTY_MEMBER = 21424
C_CUSTOM_USER_CUSTOMIZING = 21425
S_FRIEND_LIST = 21480
S_QA_SET_ADMIN_LEVEL = 21489
C_REQUEST_CHANGE_PARTY_MATCH_RULE = 21513
S_VIEW_COMBINE_BATTLE_FIELD_RANKING = 21562
S_DELETE_ALL_PRODUCT = 21574
C_MOVE_WARE_POS = 21611
C_START_FIX_SPIRIT = 21628
C_TRANSFER_VEHICLE_EX = 21654
C_START_INSTANCE_SKILL_EX = 21669
S_LORD_OPEN_CANDIDATE_WINDOW = 21670
S_PARTY_MEMBER_INTERVAL_POS_UPDATE = 21675
S_VISITED_SECTION_LIST = 21706
C_REQUEST_LATEST_UPDATE_NOTIFICATION = 21730
S_TRADE_BROKER_SOLD_ITEM_LIST = 21788
C_EXPAND_INVEN_POCKET = 21835
S_MOVE_DISTANCE_DELTA = 21858
S_FIELD_EVENT_PROGRESS_INFO = 21874
S_REGISTER_REPAIR_ITEM = 21880
C_INGAME_CHANGE_USER_APPEARANCE_TRY = 21921
S_CAST_FISHING_ROD = 21978
C_TELEPORT_DARK_RIFT = 22028
C_CHANGE_GUILDGROUP = 22038
S_CANNON_BATTLE_FIELD_BOARD = 22074
C_UNEQUIP_ITEM = 22094
S_SET_AWESOMIUM_WEB_URL = 22112
S_INTERACTION_RESULT = 22120
S_BATTLE_FIELD_JACKPOT_EVENT_START = 22152
S_NPC_PARTIAL_DESTRUCT = 22164
S_VISIT_NEW_SECTION = 22172
S_GUILD_STORE_SELL_LIST = 22182
S_INSTANT_DASH = 22195
C_VOTE_HISTORY = 22203
S_UPDATE_EVENT_SYSTEM = 22237
S_LOAD_CLIENT_USER_SETTING = 22238
S_NPC_INTERACTION_COMBO_INFO = 22247
S_SOCIAL_LEARN_RESULT = 22290
S_PLAYER_CHANGE_ALL_PROF = 22295
S_REWRITE_ITEM_STRING = 22308
S_REPLY_RET_VILLAGE_INFO = 22366
S_CHECK_NEW_GUILDNAME = 22392
S_CANNOT_EQUIP_SAMEKIND = 22395
S_SYSTEM_MESSAGE_LOOT_SPECIAL_ITEM = 22414
C_TEL_CAMP = 22415
S_SKILL_TARGETING_AREA = 22441
C_REQUEST_MYTHICCRAFT = 22490
C_EQUIP_SERVANT_ITEM = 22566
S_DUNGEON_WORK_UPDATE = 22579
S_RP_SKILL_POLISHING_UPGRADE_LEVEL = 22592
S_CANCEL_PARTY_MEMBER_BAN = 22593
C_DEL_INTER_PARTY_MATCH_POOL = 22594
S_CHECK_TO_READY_PARTY = 22730
S_ONGOING_LEVEL_EVENT_LIST = 22735
S_ITEM_RESET_RESULT = 22736
C_REJECT_CONTRACT = 22799
C_SKILL_LEARN_LIST = 22801
S_USER_BLOCK_LIST = 22889
S_REQUEST_SECOND_PASSWORD_REGISTER = 22901
C_RECEIVE_PLAYTIME_EVENT_REWARD = 23024
S_GMEVENT_OX_QUIZ_RESULT = 23048
S_ELEMENT_POINT = 23074
C_ITEM_COLORING_ADD_ITEM = 23085
S_PREMIUM_COMPOSE_UI_INFO = 23091
S_COLLECTION_PICKEND = 23098
C_GET_GUILD_HISTORY = 23130
S_SKILL_LIST = 23137
S_LEARN_EP_PERK = 23138
C_VIEW_BATTLEFIELD_STORE = 23148
S_DUNGEON_WORK_UPDATE_MEDAL_COUNT = 23149
C_REQUEST_SERVANT_COMPOSE = 23165
S_RESULT_ITEM_BIDDING = 23196
C_REQUEST_CANDIDATE_LIST = 23223
S_MOUNT_VEHICLE = 23230
S_SKILL_LEARN_LIST = 23257
C_GUARD_PK_POLICY = 23311
C_REQUEST_RENEW_ALL_PARTS_ITEM = 23339
S_ADMIN_VIP_TEST = 23340
C_ADMIN_GM_SKILL = 23392
S_CHANGE_FREE_FIGHT_BATTLE_FIELD_RANKING = 23402
S_RESULT_GROUP_DUEL_MSG = 23446
C_START_PRODUCE = 23462
S_ABNORMALITY_REFRESH = 23479
S_RP_COMMIT_DECOMPOSITION_CONTRACT = 23483
C_WITHDRAW_GUILD_WAR = 23502
C_RQ_START_SOCIAL_ON_PROGRESS_DECOMPOSITION = 23504
C_EDIT_PRIVATE_CHANNEL = 23508
C_VIEW_WARE = 23514
C_CHECK_TO_READY_PARTY_ANSWER = 23520
S_ADD_FRIEND = 23534
S_UPDATE_FRIEND_INFO = 23562
S_PARTY_MEMBER_CHANGE_MP = 23567
S_TAX_INFO = 23574
S_RESULT_EVENT_SEED = 23579
S_TASK_INFO_GUARD = 23593
S_DARK_RIFT_DEFENCE_OBJECT_INIT = 23611
S_END_DARKRIFT_USER_HP = 23624
C_ADMIN_CHAT_BAN = 23644
S_BATTLE_FIELD_TEAM_MEMBERS_POS_INFO = 23701
C_QUERY_COIN = 23784
C_GUILD_APPLY_LIST = 23798
C_SET_GUILD_JOIN_CONDITION = 23813
S_CANCEL_EXIT = 23833
C_RQ_UPDATE_ITEM_TO_DECOMPOSITION_CONTRACT = 23927
S_BANISH_GUILD_MEMBER = 23964
S_INIT_STRONGHOLD_OCCUPATION_BATTLE_FIELD = 23983
S_ADMIN_CUSTOM_BOOKMARK_LIST = 24018
C_LOAD_EP_INFO = 24026
C_SHOW_GUILD_QUEST_LIST = 24062
S_BREAK_SHIELD_END = 24071
S_VIEW_WARE = 24096
C_REQUEST_FLOATING_CASTLE_PARTS_COOL_TIME = 24118
S_TERRITORY_STEP_LEAVE = 24163
S_RESPONSE_GAMESTAT_PONG = 24176
S_BATTLE_FIELD_PARTY_MARKER = 24178
S_DUNGEON_CAMERA_SET = 24186
S_PET_STOP_ALERT = 24190
C_CITY_WAR_SEASON_HISTROY = 24207
S_CHECK_TO_DECLARE_GUILD_WAR = 24218
S_SHOW_CREST_LEARN = 24219
S_CHANGE_LOOKS_SERVANT = 24220
S_PARTY_MARKER = 24255
S_SYSTEM_MESSAGE = 24276
S_EVENT_MATCHING_BATTLEFIELD_DETAIL_INFO = 24284
S_CITY_WAR_INFO_HISTROY = 24292
S_ENCHANT_BOOSTER_STATUS = 24364
S_CREST_MESSAGE = 24394
S_ROUND_PVE_OPEN_SKILL_UI = 24437
S_DESTROY_GUILD = 24466
C_ENTER_SCENARIO_DUNGEON = 24474
S_AWAKEN_RESULT = 24533
S_GUILD_STORE_BASKET = 24542
S_GROUND_EFFECT = 24558
C_GMEVENT_MOVE_TO_STADIUM = 24560
S_DUNGEON_UI_HIGHLIGHT = 24581
S_END_STACK_ATTENDANCE_EVENT_INFO = 24608
C_UNREGISTER_EVOLUTION_ITEM = 24682
S_REPLY_CLIENT_UI_SETTING = 24683
S_DUNGEON_GUIDE_ON = 24689
C_PET_INCUBATOR_PUT = 24717
C_UPDATE_REACTION_POS = 24718
C_REQUEST_DEMOLIST_GUILD_TOWER_POPUP = 24754
C_BAN_PARTY_MEMBER = 24774
C_CHECK_EVENT_MATCHING_LIST_CHECKBOX = 24776
C_BATTLE_FIELD_MAP_ALARM = 24824
S_INGAMESHOP_PRODUCT_END = 24835
S_REQUEST_UPDATE_CUSTOM_USER_CUSTOMIZING = 24836
S_DUNGEON_RANK_RECORD_LIST = 24841
C_TRADE_BROKER_HISTORY_ITEM_LIST_SORT = 24934
C_END_STYLE_SHOP = 24969
C_SHOW_INVEN = 25004
C_START_TARGETED_SKILL = 25011
S_EMITTER = 25019
C_GROUP_DUEL_BETTING_MONEY = 25072
C_TRADE_BROKER_SUGGEST_DEAL = 25099
C_SPAWN_BUILD_OBJECT = 25123
S_USER_FLYING_LOCATION = 25161
C_CREATE_GROUP_DUEL = 25185
S_UPDATE_GUILD_FLAG = 25194
C_DUNGEON_WORK_RETRY = 25199
C_PLAY_EXECUTE_TEMPER = 25205
C_REQUEST_MISSION_QUEST_TELEPORT = 25217
S_START_GUILD_QUEST = 25272
S_TRANSFER_KUMAS_BATTLE_FIELD_TREASURE = 25274
S_GUILD_EMBLEM = 25279
S_MOUNT_CARD = 25326
S_NPC_AI_EVENT = 25344
S_RECV_PARCEL_EX = 25357
S_DUNGEON_VEHICLE_REPAIRABLE = 25366
S_STICK_TO_USER_END = 25375
S_UNEQUIP_SERVANT_ITEM = 25425
S_DUEL_TIME = 25476
C_GET_GUILD_QUEST_WEEKLY_REWARD = 25483
C_REGISTER_VM_SELL_ITEM = 25501
S_MOVE_SHUTTLE = 25508
C_ASK_HANCOIN_AMOUNT = 25533
C_REQUEST_SEREN_GUIDE = 25573
S_OPEN_RENAME_GUILD_POPUP = 25638
S_KUMAS_BATTLE_FIELD_BOARD = 25656
S_SYSTEM_MESSAGE_LOOT_ITEM = 25658
S_PET_DURABILITY_CHANGE = 25687
S_COMBO_START = 25703
S_STICK_TO_USER_START = 25743
S_INSTANT_THROW = 25782
S_VIEW_INTER_PARTY_MATCH_DUNGOEN_LIST = 25817
C_CHECK_TO_DECLARE_GUILD_WAR = 25819
C_PUT_INTO_PRISON = 25828
C_TRADE_BROKER_WAITING_ITEM_LIST_NEW = 25994
S_CANNOT_START_SKILL = 26003
S_PLAYER_AUTOPILOT = 26006
S_FEARMOVE_STAGE = 26032
S_FACIAL_ATTACHMENT_BROADCAST = 26058
C_CANCEL_SELECT_CHANNEL = 26078
C_DUNGEON_WORK_ENTER = 26087
S_ACCOUNT_BENEFIT_LIST = 26097
S_WORK_WORKOBJECT = 26133
S_REQUEST_DESPAWN_SERVANT = 26141
S_USER_CHANGE_NAME = 26143
C_MERGE_ITEM_EXECUTE = 26151
S_INVEN_CHANGEDSLOT = 26199
S_PLAYER_CHANGE_NOCTAN_COUNT = 26226
S_SPAWN_PROJECTILE = 26234
C_TRADE_BROKER_HISTORY_ITEM_LIST_NEW = 26237
C_UNBIND_ITEM = 26260
S_DUNGEON_WORK_RESULT = 26267
C_ACTIVATE_CARD_COMBINE_LIST = 26268
S_COMMAND_HELP = 26284
C_START_EXTRACT = 26297
C_DUNGEON_RANK_SEASON_LIST = 26313
S_FIELD_EVENT_ON_ENTER = 26321
S_RESULT_GUILD_INCENTIVE = 26339
C_REQUEST_USER_ITEMLEVEL_INFO = 26355
C_CHECK_USERNAME = 26406
S_VOTE_TO_DUNGEON_MENTO = 26411
C_FLOATING_CASTLE_PARTS_STORE_COMMIT = 26422
S_REQUEST_SERVANT_INFO_LIST = 26429
S_CHANGE_ITEM_PASSIVE_LIST = 26449
C_REPLY_INTER_PARTY_MAKE = 26479
S_LORD_CANDIDATE_LIST = 26497
S_AVAILABLE_SOCIAL_LIST = 26527
S_UPDATE_GUILD_TOWER_INFO = 26568
S_INIT_KUMAS_BOSS_BATTLE_FIELD = 26578
S_BATTLE_FIELD_POINT_STORE_BASKET = 26599
S_CONFIRM_INVITE_CODE_BUTTON = 26617
S_COMBATLOG_USER_INFO = 26657
C_REQUEST_ENTER_VIP_DUNGEON = 26659
C_DELIVERY_STORE_DEL_BASKET = 26709
S_PARTY_MEMBER_LIST = 26765
S_ABNORMALITY_BEGIN = 26845
C_PREMIUM_COMPOSE_DEL_ITEM = 26868
S_SET_VISIBLE = 26873
S_BROCAST_UPDATE_GUILD_FLAG = 26893
S_KUMAS_BOSS_BATTLE_FIELD_BOARD = 26911
C_ADD_FRIEND = 26925
S_GUARDTOWER_ATTACK_ALARM = 26967
C_START_REPAIR_ITEM = 27015
S_GMEVENT_OX_REPE_QUIZ_OPEN = 27023
S_SHOW_PEGASUS_MAP = 27029
S_END_USER_PROJECTILE = 27032
S_UNREGISTER_ENCHANT_ITEM = 27066
S_VISIT_NEW_TEL_CAMP = 27086
S_ROUND_PVP_BATTLE_FIELD_BOARD = 27087
S_SHOW_GAGE = 27089
S_LOADING_SCREEN_CONTROL_INFO = 27092
S_BOSS_BATTLE_INFO = 27120
S_LOAD_CLIENT_ACCOUNT_SETTING = 27128
S_BOSS_GAGE_PRIORITY = 27136
S_PLAYTIME = 27285
C_REQUEST_GUILD_INFO = 27288
S_ARENA_FIGHT_ABNORMALITY_REFRESH = 27314
S_RELEASE_FROM_PRISON = 27316
C_REQUEST_FIELD_POINT_REWARD = 27328
S_ADD_TO_TEMPER_MATERIAL_EX = 27339
S_BATTLE_FIELD_CHANGE_NPC_HP_EVENT = 27348
C_CONFIRM_SERVANT_AUTO_POTION_INFO = 27387
S_NOTIFY_TO_FRIENDS_WALK_INTO_SAME_AREA = 27396
S_SPAWN_PET = 27461
S_PK_TAG = 27516
C_UNREGISTER_VM_BUY_ITEM = 27552
S_DUNGEON_WORK_ENTER = 27553
S_PARTY_MEMBER_ABNORMAL_ADD = 27560
C_GUILD_STORE_COMMIT = 27577
S_PARTY_LOOTING_METHOD = 27591
C_ADD_ITEM_TO_VM_SELL_BASKET = 27604
C_MAIN_MENU_COMMAND = 27649
C_EXTEND_PARTY = 27654
S_CHECK_TO_OPPOSITE_DECLARE_GUILD_WAR = 27681
S_PLAYER_CHANGE_MP = 27763
S_ADD_AWAKEN_ENCHANT_DATA = 27793
S_CARD_COLLECTION_BOOK_LEVEL_UP = 27814
S_RECV_PARCEL_ALL = 27836
S_GAMBLE_BEGIN = 27842
S_ACTION_END = 27873
S_CURRENT_CHANNEL = 27888
C_BATTLE_FIELD_CANCEL_OCCUPATION = 27904
S_SHOW_CHANGE_CHARACTER_UI = 27909
C_REQUEST_COOLTIME_TO_JOIN_GUILD = 27919
S_BAN_PARTY = 27984
C_CHANGE_CHANNEL_PASSWORD = 28011
S_DAILY_QUEST_COMPLETE_COUNT = 28035
S_RESPONSE_PONG = 28043
C_CHANGE_USER_NAME = 28052
S_ADMIN_GET_USERINFO_INVEN = 28058
S_ITEMSYNTHESIZER_RESULT = 28078
C_RESET_ALL_DUNGEON = 28097
C_INVITE_FRIEND_CODE = 28101
S_ROUND_PVE_SCORE = 28157
S_PETITION_CREATE = 28204
C_STORE_BUY_DEL_BASKET = 28234
S_PREMIUM_COMPOSE_ADD_ITEM = 28239
S_UPDATE_GUILD_GROUP = 28254
C_CREST_APPLY_LIST = 28273
S_CANCEL_VOTE_RESET_ALL_DUNGEON = 28308
S_SET_GUILD_JOIN_CONDITION = 28374
C_GET_ATTENDANCE_REWARD = 28397
S_SKILL_PERIOD = 28409
C_CREST_APPLY = 28427
S_GET_EVENT_DETAIL = 28462
S_OPEN_VM_SELLBUY_WINDOW = 28468
S_BATTLE_FIELD_NODEPOINT_GAUGE_INFO = 28471
S_LIST_PARCEL = 28495
C_XIGNCODE_SECURITY_DATA = 28504
S_CHECK_TO_READY_PARTY_FIN = 28505
C_TELEPORT_TO_POS = 28512
S_FAIL_LOOT_NON_OWNERSHIP = 28517
C_VIEW_INTER_PARTY_MATCH_BATTLEFIELD_LIST = 28522
C_USER_AIM_TO = 28530
S_NEW_GOLD_RACE_INFO = 28536
S_REQUEST_FLOATING_CASTLE_PARTS_COOL_TIME = 28547
S_REQUEST_SERVANT_LEVEL_UP = 28584
S_PARTY_LOOTING_METHOD_VOTE = 28595
S_UNREGISTER_EVOLUTION_ITEM = 28602
C_RETURN_USER_GIFT = 28614
C_ENCHANT_BOOSTER_DROP_ITEM = 28640
S_PETITION_INFO = 28656
C_PET_LEVEL_UP_ITEM_REMOVE_FROM_LIST = 28683
S_CHAPTERHOUSE_QUEST_LIST = 28696
S_DUNGEON_CHANGE_NPC_ANIMSET = 28704
S_FIX_VEHICLE_PROGRESS = 28728
C_JOIN_PRIVATE_CHANNEL = 28752
C_START_FISHING_MINIGAME = 28772
S_BATTLE_FIELD_USER_OCCUPIABLE_ENTER = 28818
S_ABNORMALITY_SCALE_UP = 28884
C_DESTROY_GUILD = 28920
C_REQUEST_SPAWN_SERVANT = 28922
C_VIEW_BATTLE_FIELD_RESULT = 28931
S_SET_SEND_PARCEL_MONEY = 28957
C_DUNGEON_WORK_POINT_STORE_BUY_DEL_BASKET = 28968
S_GACHA_CANCEL = 29004
C_BATTLE_FIELD_POINT_STORE_COMMIT = 29032
C_REQUEST_GUILD_WAR_PENALTY_INFO = 29065
S_UPDATE_VM_SELLBUY_WINDOW = 29068
S_ADMIN_GM_SKILL = 29079
C_STOP_FISHING = 29145
S_GACHA_START = 29147
C_EXTRACT_UNREGISTER_ITEM = 29220
S_DUNGEON_RANK_MESSAGE = 29221
S_REJECT_CONTRACT = 29248
C_REQUEST_GUILD_WANTED_WRITING_LIST_PAGE = 29252
S_SHOW_CANDIDATE_LIST = 29259
S_COMPLETE_QUEST = 29280
C_PARTY_NOTIFY_MY_POSITION = 29353
S_RETURN_TO_LOBBY = 29363
S_DESPAWN_PROJECTILE = 29373
S_PET_INCUBATOR_INFO_CHANGE = 29381
C_REQUEST_GUILD_WAR_TELEPORT = 29397
S_SHOW_GUILD_QUEST_LIST = 29443
S_REQUEST_GUILD_INFO_BEFORE_APPLY_GUILD = 29452
C_SKILL_LEARN_REQUEST = 29455
S_FEUDAL_LORD_FLAG_INFO = 29497
S_CHAT = 29515
S_PREMIUM_COMPOSE_RESET = 29550
S_SKILL_CHASE_EFFECT_TARGET = 29593
S_ASK_TELEPORT = 29594
S_INVITE_COMPENSATION_GUIDE = 29655
C_PREMIUM_COMPOSE_RESET = 29658
C_CONFIRM_UPDATE_NOTIFICATION = 29707
S_USE_CHRONOSCROLL_RESULT = 29710
S_COMPLETE_CHRONOSCROLL_USE = 29712
S_START_VM_SELL = 29723
S_ATTENDANCE_CHECK = 29758
C_ADMIN_ADD_CUSTOM_BOOKMARK = 29765
S_SHOW_PARTY_MATCH_INFO = 29766
C_REQUEST_GAMESTAT_PING = 29804
S_CHANGE_EP_EXP_DAILY_LIMIT = 29834
S_SET_ITEM_STRING = 29864
S_RP_SKILL_POLISHING_EXP_INFO = 29889
S_ADD_GUILD_MEMBER = 29896
C_ITEMSYNTHESIZER_REQUEST_START = 29931
C_RECEIVE_FREE_STYLE_SHOP_ITEMS = 29987
C_USE_JUMPGEAR = 30048
S_FIN_KUMAS_BOSS_BATTLE_FIELD = 30068
S_SUCCESS_STYLE_SHOP_BUY_REPUTATION_ITEM = 30072
S_RECV_PARCEL = 30121
C_START_SKILL = 30122
S_CHANGE_DESTPOS_PROJECTILE = 30125
S_START_CHANGE_USER_APPEARANCE = 30130
S_DUNGEON_RANK_RECORDER = 30155
C_GET_USER_GUILD_LOGO = 30158
S_UPDATE_VM_STATUS = 30224
S_CANNON_BATTLE_FIELD_RESULT = 30227
S_ARENA_FIGHTER_CHANGE_HP = 30249
C_REQUEST_DESPAWN_SERVANT = 30260
S_QUEST_BALLOON = 30282
S_DEFEND_SUCCESS = 30285
C_MOVE_SLOT_IN_GROUP_DUEL = 30294
S_LOAD_TOPO = 30296
C_DELETE_SERVANT_ABILITY = 30306
C_REGISTER_COMBINE_ITEM = 30354
S_ANNOUNCE_UPDATE_NOTIFICATION = 30382
S_SEND_CHANGE_REPUTATION_POINT = 30415
C_REQUEST_OTHERS_CARD_DATA_WITH_GAMEID = 30435
S_CHANGE_RELATION = 30450
C_POLITICS_POINT_STORE_COMMIT = 30494
C_RESPONSE_SPAWN_DROPITEM = 30499
S_ITEMLIST = 30500
S_GUILD_NAME = 30512
C_MOVE_INVEN_POS = 30523
S_COUPON_LIST = 30528
S_STAGE_START = 30532
C_NOTIMELINE_SKILL = 30546
S_VIEW_PARTY_INVITE = 30556
S_OPEN_EPPERK_RESET_POPUP = 30561
S_UPDATE_STYLE_SHOP_MARK_PRODUCT = 30645
C_SECOND_PASSWORD_REGISTER = 30660
C_STOP_VM = 30663
S_SYNC_PEGASUS_TIME = 30664
C_REGISTER_VM_BUY_ITEM = 30672
C_TRADE_BROKER_UNREGISTER_ITEM = 30685
S_REQUEST_JOINED_CHANNEL_LIST = 30690
C_PURCHASE_PROD = 30727
S_REQUEST_CITY_WAR_MAP_INFO = 30730
S_HOLD_ABNORMALITY_REMOVE = 30770
S_SPAWN_EVENT_SEED = 30780
C_CHANGE_POCKET_NAME = 30786
C_SET_RECIPE_BOOKMARK = 30799
C_ADMIN_SPAWN_NPC = 30817
C_UPDATE_GUILD_FLAG = 30828
S_ADMIN_GET_USERINFO_SKILL = 30870
S_RESTORE_CUSTOMIZING_PARTS_SHAPE = 30884
C_REQUEST_CANCEL_GUILD_QUEST = 30893
S_GUILD_APPLY_COUNT = 30921
C_REGISTER_ENCHANT_ITEM = 30972
C_USE_PREMIUM_SLOT = 30978
S_UNMOUNT_VEHICLE = 31021
C_GMEVENT_OX_REPE_QUIZ_ANSWER = 31033
C_TRADE_BROKER_CLOSE = 31043
C_CLOSE_VM = 31052
S_PARTY_INFO = 31074
S_RESET_EP_PERK = 31082
C_TRADE_BROKER_REGISTER_ITEM = 31159
C_SHOW_ITEMLIST = 31170
S_EQUIP_SERVANT_ITEM = 31186
S_ARENA_RESULT = 31204
C_UNREGISTER_REPAIR_ITEM = 31286
S_DESPAWN_COLLECTION = 31333
S_FIN_ROUND_PVE_ROUND = 31339
C_UNLOCK_POCKET = 31349
C_REQUEST_COUPON_DATA = 31353
C_TRADE_BROKER_BUY_IT_NOW = 31368
C_REQUEST_PET_CONSUME_EXP_ITEM = 31462
S_SEND_QUEST_ITEM_INFO = 31470
S_STRONGHOLD_OCCUPATION_BATTLE_FIELD_STRONGHOLD_INFO = 31492
S_NOTIFY_BATTLE_FIELD_NPC_DESPAWN = 31500
S_INIT_FREE_FIGHT_BATTLE_FIELD = 31524
C_START_VM_BUY = 31548
C_PET_ORB_ATTACH = 31549
C_SET_GUILDGROUP_AUTHORITY = 31551
C_ADD_TRADE_BAG = 31570
S_CANNOT_USE_CHAT_CHANNEL = 31614
S_CITYWAR_WARNING_UNDERATTACK = 31615
S_RESULT_BATTLE_FIELD_CHAT_BAN = 31620
S_REMOVE_BLOCKED_USER = 31646
S_WAITING_LIST = 31704
S_PK_READY = 31711
S_END_CHAT_BAN = 31722
C_ADMIN_GMEVENT_OX_QUIZ_NEXT_REPE_QUIZ = 31731
C_WRITE_BOARD = 31799
S_DARK_RIFT_DESTORY_OBJECT = 31819
S_ABNORMALITY_RESIST = 31846
S_VIEW_BATTLE_FIELD_RESULT = 31861
C_KICK_CHANNEL_MEMBER = 31875
S_TRADE_BROKER_REQUEST_DEAL_RESULT = 31977
C_ITEM_COLORING_SET_COLOR = 31987
S_HOLD_ABNORMALITY_ADD = 31999
C_ADD_INTER_PARTY_MATCH_POOL = 32060
S_SOCIAL_FORGET = 32077
S_GMEVENT_OX_RESURRECT_RESULT = 32155
C_UPDATE_AFK_STATUS = 32210
S_SPAWN_EGG = 32211
S_VOTE_DISMISS_PARTY = 32219
S_SHOW_TRADE_LOG = 32221
S_SPAWN_TARGET_OBJECT = 32223
C_CHANGE_LOOKS_PREMIUM_TRY = 32283
C_SAVE_CLIENT_CHAT_OPTION_SETTING = 32304
S_GROUP_DUEL_INIT = 32305
S_ACTIVATE_BATTLE_FIELD_CHAT_BAN = 32307
C_HARDWARE_INFO = 32341
S_CANNON_BATTLE_FIELD_CRASH_DOOR = 32371
C_COMBATLOG_USER_INFO_RESET = 32432
C_ADMIN_REQUEST_CUSTOM_BOOKMARK = 32439
C_UNREGISTER_PARTY_INFO = 32463
C_STYLE_SHOP_BUY_TCAT_ITEM = 32465
S_BEGIN_THROUGH_ARBITER_CONTRACT = 32489
S_BUY_VIP_STORE_ITEM_SUCCESS = 32501
S_COMPLETED_MISSION_INFO = 32539
C_PDH_QUERY = 32557
C_ADMIN_GM_MAPTELEPORT = 32567
S_DEBUG_POS = 32601
S_SEND_CHANGE_REPUTATION_EXP = 32612
S_KNOCK_BACK = 32615
S_PLAYER_VEHICLE_EX_STAT_UPDATE = 32647
C_CHANGE_GROUP_DUEL_SETTING = 32680
S_DELIVERY_STORE_ITEM = 32706
S_ITEM_CUSTOM_STRING = 32728
S_REGISTER_CARD = 32740
C_REQUEST_GUILD_LIST = 32771
S_BROADCAST_CLIMBING = 32794
S_SECOND_PASSWORD_REGISTER_RESULT = 32891
S_EQUIP_ITEM = 32898
C_CITY_WAR_INFO_HISTROY = 32901
C_REQUEST_INGAMESTORE_PRODUCT_DETAIL = 32920
C_EQUIP_ITEM = 32952
C_MEET_BOSS_INFO = 32967
S_PVE_LEADER_BOARD_INFO = 33031
C_DELETE_FRIEND = 33054
C_GROUP_DUEL_ADD_BETTING_ITEM = 33098
S_ROUND_PVE_SKILL_INVOKE = 33133
S_GUILD_WARE_HISTORY = 33149
C_BATTLE_FIELD_HELP = 33151
C_DIALOG_EVENT = 33154
C_SET_POS = 33155
S_DARK_RIFT_ALL_DESPAWN_WORLD_NOTI = 33205
S_CHANGE_CARD_PRESET = 33256
S_UNICAST_TRANSFORM_DATA = 33301
C_CHANGE_ITEM_COLORING_POTION = 33322
S_CHANGE_EVENT_MATCHING_STATE = 33335
S_REGISTER_ENCHANT_ITEM = 33364
S_ABNORMALITY_END = 33368
C_MEDAL_STORE_COMMIT = 33408
S_TRADE_BROKER_SUGGEST_DEAL = 33413
S_NPC_PART_BREAK_ACTIVE = 33423
S_GMEVENT_WRITE_EVENTBOARD = 33424
C_CHANGE_SERVANT_NAME = 33470
C_DELETE_USER = 33472
C_MAIN_MENU_COMMAND_EXEC = 33505
S_SYSTEM_REWARD_MESSAGE = 33564
S_PLAYER_CHANGE_ACTPOINT = 33652
S_ENCHANT_SCROLL_RESULT = 33658
C_REQUEST_PRIVATE_CHANNEL_INFO = 33660
S_USER_WEAPON_APPEARANCE_CHANGE = 33675
C_GMEVENT_ENTER_EVENT = 33735
S_BONFIRE_CHARM_BURNED = 33739
C_SECOND_PASSWORD_AUTH = 33765
S_GROUP_DUEL_FIN = 33793
S_START_ROUND_PVE_ROUND = 33796
S_INSTANT_MOVE = 33842
S_GUILD_TOWER_INFO = 33845
C_SHOW_PETMANAGER = 33878
S_SEND_PARCEL = 33901
S_NPC_CHANGE_MESH = 33931
S_UNMOUNT_VEHICLE_EX = 33962
S_CREATE_CHARACTER_RESTRICTION = 33998
C_CANCEL_FIX_SPIRIT = 34020
S_DELETE_FRIEND = 34030
S_BATTLE_FIELD_ENTRANCE_INFO = 34045
C_ENCHANT_BOOSTER_REGISTER_ITEM = 34072
S_DELETE_QUEST = 34093
C_REQUEST_PARTY_MATCH_LINK = 34154
S_DESPAWN_NPC = 34157
C_DEACTIVATE_CARD_COMBINE_LIST = 34172
C_RAISE_GUILD_WAR = 34188
S_SET_FLY_MOVE_INFO = 34217
S_DIALOG_EVENT = 34221
S_USER_EXTERNAL_CHANGE = 34253
S_UPDATE_GAMBLE_BOX_STATE = 34263
C_COMPLETE_EXTRA_EVENT = 34309
C_SHOW_ITEM_TOOLTIP = 34334
S_KUMAS_BATTLE_FIELD_RESULT = 34335
S_PREMIUM_COMPOSE_DEL_ITEM = 34339
C_REQUEST_SERVANT_LEVEL_UP = 34394
C_ROUND_PVE_SKILL_SELECT = 34427
S_IMAGE_DATA = 34432
S_RESULT_CHANGE_DUAL_OPTION_IDX = 34466
S_SCENARIO_DUNGEON_UI = 34472
S_RENAME_ITEMSTRING_START = 34482
S_USER_CHANGE_FACE_CUSTOM = 34529
C_REQUEST_DUNGEON_WORK_LIST = 34549
C_REQUEST_STACK_ATTENDANCE_EVENT_REWARD = 34572
S_DESPAWN_PET = 34623
S_CHANGE_PK_INFO = 34627
S_BATTLE_FIELD_STATE = 34631
C_PETITION_CHECK_SURVEYABLE = 34648
S_ROUND_PVE_BATTLE_FIELD_RESULT = 34672
S_START_INVERSE_CAPTURE = 34691
S_LORD_TAX_SET = 34716
S_FINDNAME = 34810
C_TELEPORT_TO_CAMP = 34835
S_FRIEND_GROUP_LIST = 34838
S_DUNGEON_RECORD_INFO = 34859
S_EVENT_GUIDE = 34876
S_RECEIVE_TOKEN_TARGET_ITEM = 34886
C_COMMIT_ACCESSORY_TRANSFORM = 34887
S_PROTECT = 34888
S_UPDATE_EVENT_MATCHING_BONUS_INFO = 34903
S_ENABLE_CHARM_STATUS = 34922
S_MINIGAME_END = 34943
S_PLAYTIME_EVENT_END = 34968
C_START_COMMANDER_SKILL = 35010
C_PARTY_MARKER = 35040
C_TRADE_BROKER_WAITING_ITEM_LIST_PAGE = 35071
C_REQUEST_CITY_WAR_MAP_INFO = 35076
S_GET_ATTENDANCE_REWARD = 35083
C_REQUEST_CHANGE_LOOKS_SERVANT = 35114
S_DARK_RIFT_CLEAR_MAP_MARKER_WORLD_NOTI = 35138
S_FIN_ROUND_PVP_BATTLE_FIELD = 35177
C_PING = 35181
S_MERGE_PARTY_TO_RAID = 35196
S_REQUEST_SERVANT_AUTO_FEED_INFO = 35220
C_PROMOTION_RESET = 35232
C_SEND_PARCEL = 35237
C_OP_COMMAND = 35244
S_GUILD_MEMBER_LIST = 35257
S_FAIL_ENCHANT = 35285
C_ANS_QUEST_SHARE = 35306
C_PETITION_CREATE = 35325
S_CHECK_EXTRACT = 35328
S_FATIGABILITY_POINT = 35380
S_PURCHASE_PROD = 35394
C_TRADE_BROKER_HISTORY_ITEM_LIST_PAGE = 35424
S_RESET_CHARM_STATUS = 35429
S_INIT_ROUND_PVE_BATTLE_FIELD = 35450
S_LORD_REGISTER_INFO = 35458
S_DEBUG_REMOTE_PROJECTILE_POS = 35487
S_START_COOLTIME_SERVANT_SKILL = 35506
S_LEAVE_PRIVATE_CHANNEL = 35530
C_SEND_UI_LOG = 35548
S_MUTE = 35577
S_FLOATING_CASTLE_PARTS_STORE_BASKET = 35616
S_GAMBLE_RESULT = 35650
C_PET_REPAIR = 35655
S_CLEAR_WORLD_QUEST_VILLAGER_INFO = 35681
S_FREE_FIGHT_BATTLE_FIELD_MY_WARPOINT_INFO = 35700
C_SET_TARGET_INFO = 35779
C_REQUEST_SERVER_ADMINTOOL_AWESOMIUM_URL = 35803
S_WORLD_OF_TANK_BATTLE_FIELD_BOARD = 35830
C_LORD_REGISTER = 35843
C_RQ_SKILL_POLISHING_CHANGE_OPTION = 35870
S_ACTIVATE_CARD_COMBINE_LIST = 35880
S_DELETE_AWAKEN_CHANGE_DATA = 35883
S_STEER_DEBUG_COMMAND = 35904
C_DUNGEON_WORK_POINT_STORE_BUY_ADD_BASKET = 35909
C_CANCEL_FIX_VEHICLE = 35920
S_LEAVE_GUILD = 36019
S_CHANGE_FRIEND_PROFILE = 36041
C_CHANGE_ITEM_PASSIVE_LIST = 36047
S_HUNTING_ZONE_EVENT_LIST = 36052
C_REQUEST_PVE_RANKING = 36090
S_BETTING_START = 36116
S_PLAYER_CHANGE_EP = 36122
C_UNMOUNT_CARD = 36135
S_GMEVENT_GUIDE_MESSAGE = 36136
C_START_COMBO_INSTANT_SKILL = 36156
S_PETITION_CHECK_CREATABLE = 36179
C_CHANGE_GUILDNAME = 36181
C_REGIST_CUSTOMIZING_PARTS_SHAPE_ITEM = 36227
S_REMOVE_SOUND_BYNAME = 36243
S_END_GUILD_WAR = 36273
C_ANSWER_CODE_HASH = 36315
S_ENABLE_DISABLE_SELLABLE_ITEM_LIST = 36326
S_VIEW_INTER_PARTY_MATCH_BATTLEFIELD_LIST = 36330
C_NPC_CONTACT = 36338
C_REQUEST_EVENT_MATCHING_TELEPORT = 36408
S_PLAY_ANIMATION = 36462
C_BROADCAST_CLIMBING = 36500
S_WEAK_POINT = 36510
S_SPAWN_SHUTTLE = 36565
C_INVALID_BUILD_VERSION = 36587
S_VM_SELL_BASKET_INFO = 36589
S_CHANGE_NAME_STRING = 36594
S_ARRIVE_AT_JUMPGEAR_DESTINATION = 36619
S_UPDATE_GUILD_QUEST_STATUS = 36627
S_RIGHT_ITEM_LIST = 36632
C_DEL_CRYSTAL_COMBINE_MATERIAL = 36641
S_VEHICLE_EX_RELATION = 36714
S_MOUNT_VEHICLE_EX = 36768
S_TRADE_ACCEPT = 36784
S_ROUND_RESULT = 36804
C_ITEMSYNTHESIZER_REQUEST_MATERIAL = 36812
C_RETURN_TO_LOBBY = 36832
S_MINIGAME_START = 36840
C_SIMPLE_TIP_REPEAT_CHECK = 36850
S_ITEM_COLORING_BAG = 36860
C_END_CUSTOMIZING_PARTS_SHAPE = 36862
S_REQUEST_NAME_PREEMPTION = 36879
S_FIN_CANNON_BATTLE_FIELD = 36896
S_RESULT_ENCHANT = 36910
S_USER_MOVETYPE = 36913
S_GUILD_LEVEL_INFO_CHANGED = 36923
C_TRADE_BAG_CLOSE = 36944
S_ADMIN_NOTICE = 36957
S_BATTLE_FIELD_USER_KILL_EVENT = 36962
S_FIN_STRONGHOLD_OCCUPATION_BATTLE_FIELD = 36973
S_PET_INCUBATOR_PROGRESS = 37000
S_REQUEST_CONTRACT = 37009
S_CRYSTAL_COMBINE_RESULT = 37076
S_PROMOTION_SUCCESS = 37086
S_PLAYER_CHANGE_UNION_SKILL_COUNT = 37146
C_UPDATE_GUILD_TITLE = 37190
S_DARK_RIFT_PROGRESS_STEP_WORLD_NOTI = 37203
C_ITEMSYNTHESIZER_REQUEST_CANCEL = 37212
C_ADMIN_GMEVENT_STATUS = 37238
C_RECV_PARCEL = 37247
S_PK_POINT = 37250
S_QUEST_VILLAGER_INFO = 37253
S_KUMAS_BOSS_CHANGE_INFO = 37256
C_EQUIPMENT_ENCHANT_SCROLL_USE = 37273
C_SET_SERVANT_SEQUENCE = 37298
C_ADMIN_HOLD_CHARACTER = 37321
C_BUY_INGAMESTORE_MONEYPRODUCT = 37367
S_SET_RECIPE_BOOKMARK = 37389
S_RESPONSE_ACCESSORY_COST_INFO = 37419
C_CANCEL_PREPARE_CHANGE_USER_APPEARANCE = 37422
C_MYTHICCRAFT_REGISTER_MATERIAL_ITEM = 37426
C_ADMIN_CHECK_USERNAME = 37437
S_DESPAWN_USER = 37454
S_LOCKON_ARROW = 37462
C_REQUEST_RET_VILLAGE_INFO = 37490
S_ANNOUNCE_MESSAGE = 37493
C_GAMBLE_TRY = 37530
C_REQUEST_RENAME_GUILD = 37538
C_STORE_SELL_DEL_BASKET = 37540
S_DUNGEON_WORK_LIST = 37551
C_ENTER_TELEPORTTERRITORY = 37612
S_DUNGEON_CHANGE_NPC_CYLINDER = 37632
S_STR_EVALUATE_LIST = 37666
S_SYS_PARTY_INFO = 37683
S_SKILL_ATTENTION_TARGET = 37723
S_UNEQUIP_ITEM = 37743
S_VIEW_VM_SETTING_WINDOW = 37787
C_DEL_FROM_TEMPER_MATERIAL = 37808
S_ADD_CHARM_STATUS = 37812
C_SETTLE_UP_BUY_VM = 37826
S_SHOW_NPC_TO_MAP = 37877
C_PET_UNEQUIP = 37930
S_FIELD_EVENT_CHANNEL_FULL_GUIDE = 37934
S_DESPAWN_DARK_RIFT_CLOUD = 37982
S_BYE_PET = 37992
S_PREMIUM_SLOT_OFF = 38003
S_GUILD_LOG = 38027
C_NOTIFY_LOCATION_IN_ACTION = 38046
S_INVEN = 38068
S_POINT_STORE_BASKET = 38101
S_GMEVENT_OX_QUIZ_USER_STATUS = 38125
S_FEARMOVE_END = 38131
C_POLITICS_POINT_STORE_BUY_ADD_BASKET = 38136
S_CONTROL_DOOR = 38163
C_LORD_VOTE = 38166
S_LIST_PARCEL_EX = 38169
S_SEND_VIP_SYSTEM_INFO = 38180
S_CLEAR_ALL_HOLDED_ABNORMALITY = 38182
C_TRY_NPC_INTERACTION = 38195
S_COMBATLOG_ADD_VALUE = 38196
S_ADMIN_CHECK_USERNAME = 38204
C_REQUEST_UPDATE_ANNOUNCE = 38212
S_PUSHED_BY_SHIELD = 38213
C_UPDATE_GUILD_LOGO = 38274
C_REQUEST_GUILD_PERK_LIST = 38291
S_COMPLETE_LOOP_QUEST = 38344
S_REPLY_GUILD_LIST = 38428
C_START_FIX_VEHICLE = 38429
S_DELIVERY_STORE_BASKET = 38454
S_ASK_QUEST_SHARE = 38493
C_USER_AIM = 38495
C_GET_IN_SHUTTLE = 38529
C_SWAP_PARTY = 38533
S_SPAWN_DROPITEM = 38538
S_SHOW_DEAD_UI = 38558
C_PAY_WAREHOUSE_COMMISION = 38578
S_LEAVE_CITY_WAR = 38625
C_REQUEST_GUILD_INCENTIVE = 38669
C_ACCEPT_CONTRACT = 38673
S_PARTY_MEMBER_ABNORMAL_CLEAR = 38679
S_REQUEST_RENEW_ALL_PARTS_ITEM = 38686
C_GET_USER_LIST = 38773
S_INSTANT_CATCH = 38814
C_POLITICS_POINT_STORE_BUY_DEL_BASKET = 38825
C_CANCEL_QUEST = 38917
S_FREE_FIGHT_BATTLE_FIELD_BOARD = 38931
C_ADD_TO_TEMPER_MATERIAL_EX = 38976
S_CHAT_REPORT = 38999
S_REMOVE_EVENT_MATCHING_QUEST = 39028
S_HANCOIN_AMOUNT = 39051
S_USER_DEATH = 39053
S_PETITION_CHECK_SURVEYABLE = 39073
S_RESULT_MYTHICCRAFT = 39083
C_ADD_CRYSTAL_COMBINE_MATERIAL = 39092
S_RESULT_RENAME_GUILD = 39099
S_VILLAGER_POPUP_DIALOG = 39105
C_MOUNT_CARD = 39107
C_DELETE_TELEPORT_TO_POS_LIST = 39112
C_PET_USE_ORB = 39126
C_GET_WARE_ITEM = 39127
C_REQUEST_FINISH_GUILD_QUEST = 39137
S_PARTY_MEMBER_BUFF_UPDATE = 39148
C_DUNGEON_CLEAR_COUNT_LIST = 39196
C_REQUEST_RESET_EPPERK = 39229
C_DECOMPOSITION_ITEM = 39231
C_TRADE_BROKER_REGISTERED_ITEM_LIST = 39260
C_VOTE_RESET_ALL_DUNGEON = 39261
C_REGISTER_PARTY_INFO = 39283
S_BIND_ITEM_BEGIN = 39289
C_UPDATE_CONTENTS_PLAYTIME = 39343
S_SPAWN_COLLECTION = 39406
C_RQ_ADD_ITEM_TO_DECOMPOSITION_CONTRACT = 39417
C_GROUP_DUEL_RECORD = 39437
S_UPDATE_FRIENDSHIP_GAGE = 39453
S_DISTRIBUTOR_DATA = 39456
C_GUILD_STORE_BUY_ADD_BASKET = 39468
S_PK_DECLARE = 39506
C_REQUEST_RIGHT_ITEM_LIST = 39554
S_PETITION_CHAT_END = 39567
C_NPCGUILD_LIST = 39588
S_RP_ADD_ITEM_TO_DECOMPOSITION_CONTRACT = 39589
S_ADMIN_HOLD_CHARACTER = 39615
C_BUY_VILLAGER_BUFF = 39617
S_EP_SYSTEM_DAILY_EVENT_EXP_ON_OFF = 39638
C_UPDATE_FRIEND_INFO = 39667
S_EVENT_MATCHING_DUNGEON_DETAIL_INFO = 39672
S_OPEN_CITY_WAR_SEASON_HISTORY = 39673
S_UNICAST_FLOATING_CASTLE_NAMEPLATE = 39675
S_PUT_INTO_PRISON = 39689
S_ADD_CRYSTAL_COMBINE_MATERIAL = 39723
S_TRADE_BOX = 39732
C_VISIT_NEW_SECTION = 39744
S_DUNGEON_EVENT_MESSAGE = 39762
C_COLLECTION_PICKEND = 39774
S_CHECK_CHANGE_GUILDNAME = 39787
S_SPAWN_REMOTE_PROJECTILE = 39790
C_REQUEST_TOTAL_GUILD_WAR_DATA = 39795
S_GET_USER_GUILD_LOGO = 39799
S_MY_CONDITION = 39821
S_SHOW_AWESOMIUMWEB_SHOP = 39859
S_BIND_ITEM_END = 39863
S_COLLECTION_PICKSTART = 39905
S_LOAD_TELEPORT_TO_POS_LIST = 39911
C_FACIAL_ATTACHMENT = 39921
S_STAGE_RESULT = 39960
S_VOTE_RESET_ALL_DUNGEON = 39991
S_KUMAS_BOSS_BATTLE_FIELD_RESULT = 40040
S_DESPAWN_STATUE = 40075
C_DESPAWN_BUILD_OBJECT = 40091
S_ABNORMALITY_DAMAGE_ABSORB = 40115
C_ADMIN_KILL_NPC = 40177
S_LORD_OPEN_VOTE_WINDOW = 40179
S_ABNORMALITY_FAIL = 40198
S_SERVER_TIME = 40202
C_CHANGE_SERVANT_CONDITIONAL_SKILL = 40208
S_DELETE_SERVANT = 40245
C_SETTLE_UP_SELL_VM = 40280
C_SELECT_CHANNEL = 40287
S_PROMOTION_PROCESS = 40314
C_REMOVE_ITEM_FROM_VM_SELL_BASKET = 40345
C_PUT_WARE_ITEM = 40355
S_CAN_DUNGEON_RETRY = 40414
C_LORD_TAX_SET = 40421
C_LORD_RANK_INFO = 40425
C_REQUEST_ITEM_COLORING_VALUE = 40462
S_DUNGEON_SUMMON_PARTY = 40486
S_ITEM_DECOMPOSE = 40488
C_WHISPER = 40531
C_CREATE_PRIVATE_CHANNEL = 40545
C_VEHICLEEX_LOCATION = 40577
S_RESULT_CHANGE_FRIEND_MEMO = 40660
C_REQUEST_VIP_STORE_ITEM_LIST = 40686
C_START_CUSTOMIZING_PARTS_SHAPE = 40693
S_END_PRODUCE = 40699
S_INGAMESHOP_PRODUCT_SUBPROD = 40718
S_PARTY_NOTIFY_MY_POSITION = 40766
S_PARTY_MEMBER_CHANGE_HP = 40767
S_PREPARE_INGAME_CHANGE_USER_APPEARANCE = 40857
C_ENCHANT_BOOSTER_START = 40863
C_ARRIVE_AT_JUMPGEAR_DESTINATION = 40907
C_UNMOUNT_VEHICLE_EX = 40908
S_ASK_CODE_HASH = 40911
S_CHANGE_USER_NAME_RESULT = 40923
C_CHANGE_VM_MODE = 40955
S_BROADCAST_FLOATING_CASTLE_INFO = 40972
S_USER_PVP_RANKING = 40979
S_FIN_FREE_FIGHT_BATTLE_FIELD = 40983
S_CANCEL_PARTY_LOOTING_METHOD_VOTE = 40985
S_DUNGEON_CLEAR = 41069
S_GUILD_ANNOUNCE = 41156
C_DUNGEON_RANK_RECORD_LIST = 41166
S_START_STACK_ATTENDANCE_EVENT_INFO = 41204
S_HIT_COMBO = 41208
C_MYTHICCRAFT_REGISTER_TARGET_ITEM = 41249
S_UPDATE_QUEST = 41254
S_OPEN_AWESOMIUM_WEB_URL = 41316
C_DISTRIBUTOR_ANSWER = 41332
S_INGAMESHOP_CATEGORY_BEGIN = 41367
S_SAVE_CLIENT_UI_SETTING = 41369
C_BATTLE_FIELD_POINT_STORE_BUY_DEL_BASKET = 41395
S_UPDATE_GUILD_ANNOUNCE = 41398
S_ADMIN_GET_USER_INFO_LIST_BY_DISTANCE = 41404
S_LOCKON_YOU = 41458
S_MATERIAL_CHANGE = 41479
S_ITEM_UNIDENTIFY_RESULT = 41499
S_USER_PVE_RANKING = 41539
C_RETURN_PARCEL = 41566
S_CHANGE_GUILDNAME = 41625
S_CHANGE_FRIEND_STATE = 41630
S_CHANGE_MODE = 41640
S_ADD_TRADE_BAG = 41675
C_LOGIN_ARBITER = 41693
C_EXIT = 41707
S_GUILD_INFO = 41756
S_APPLY_TITLE = 41786
C_END_ITEM_BIDDING = 41818
S_PREPARE_SELECT_CHANNEL = 41839
S_START_FIX_VEHICLE = 41878
S_SPAWN_BONFIRE = 41879
S_CREST_INFO = 41896
S_SHOW_TEMPER_WINDOW = 41900
S_STORE_BASKET = 41912
S_BATTLE_FIELD_STRONGHOLD_NONE_STATE = 41930
C_USE_RIGHT_ITEM = 41937
S_DECREASE_COOLTIME_SKILL = 41945
S_SHARE_USER_PING = 41980
S_REQUEST_INGAMESTORE_SALE_PRODUCTLIST = 41995
C_JOIN_GROUP_DUEL = 42010
C_CREST_DISAPPLY_ALL = 42083
C_ADMIN_REQUEST_USERACTION = 42131
C_REQUEST_NAME_PREEMPTION = 42132
C_GAMBLE_CHANGE_BET_ITEM = 42141
C_ADMIN_WARNING_MESSAGE = 42208
S_DUNGEON_GUIDE_OFF = 42209
S_TRADE_BROKER_REGISTERED_ITEM_LIST = 42304
S_PARCEL_READ_RECV_STATUS = 42321
C_CREATE_USER = 42344
C_MOVE_ITEM = 42346
C_USE_SERVANT_FEED_ITEM = 42391
C_BLOCK_USER = 42417
S_PARCEL_REPORT = 42420
C_PRECONFIRM_INVITE_CODE = 42456
C_SAVE_CLIENT_UI_SETTING = 42473
S_REQUEST_INGAMESTORE_PRODUCT_DETAIL = 42474
C_RECV_PARCEL_EX = 42486
S_PREMIUM_COMPOSE_RESULT = 42523
S_FISHING_CATCH = 42529
S_CHANGE_PARTY_MEMBER_AUTHORITY = 42554
C_REQUEST_FLY_MOVE_INFO = 42649
C_TRY_LOOT_DROPITEM = 42664
S_ARENA_START_FIGHT = 42690
S_PET_ATTACKED = 42731
S_END_CUSTOMIZING_PARTS_SHAPE = 42737
S_DELETE_AWAKEN_ENCHANT_DATA = 42803
C_SET_SEND_PARCEL_ITEM = 42813
C_PETITION_CANCEL = 42820
S_RESULT_BIDDING_DICE_THROW = 42832
S_REQUEST_COOLTIME_TO_JOIN_GUILD = 42851
S_BOSS_GAGE_STACK_INFO = 42853
S_PETITION_CHAT_BEGIN = 42877
S_PARTY_MEMBER_CHARM_ADD = 42928
S_CREST_CHANGE_FAIL = 43048
S_DIRECTION_WEAKNESS_END = 43078
S_ONGOING_FIELD_EVENT_LIST = 43089
S_LOGIN_ACCOUNT_INFO = 43124
S_REQUEST_WRITE_BOARD_RESULT = 43169
S_ENTER_CITY_WAR = 43206
C_UNREGISTER_ENCHANT_ITEM = 43211
S_TIMEOVER_CONTRACT = 43225
S_BREAK_SHIELD = 43240
S_USER_ITEM_EQUIP_CHANGER = 43246
C_TRADE_BAG_DONE = 43262
S_TELEPORT_TO_CAMP = 43274
S_ENCHANT_BOOSTER_SUCCESS = 43299
S_UNREGISTER_COMBINE_ITEM = 43321
S_SEND_PARCEL_TAX = 43350
S_DUEL_START = 43363
S_CHANGE_SERVANT_NAME = 43401
C_REQUEST_CONTRACT = 43412
S_MYTHICCRAFT_REGISTER_TARGET_ITEM = 43424
C_GAMBLE_STOP = 43455
S_GROUP_NPC_LOCATION = 43488
S_PREMIUM_COMPOSE_START = 43525
C_REQUEST_INVITE_GUILD_LIST_PAGE = 43560
C_REQUEST_SET_GUILD_WANTED_WRITING = 43601
S_OPEN_FLOATING_CASTLE_STORE = 43602
S_BATTLE_FIELD_NPC_KILL_EVENT = 43611
C_GUILD_STORE_BUY_DEL_BASKET = 43682
S_DUNGEON_TIMER = 43688
S_SHOW_NAME_PLATE_ICON = 43690
S_DUNGEON_JACKPOT_EVENT_START = 43698
C_REMOVE_GUILDGROUP = 43725
C_SET_SEND_PARCEL_MONEY = 43754
S_MY_PARTY_MATCH_INFO = 43766
S_EQUIP_ITEM_SET = 43803
S_SUGGEST_DARK_RIFT_PARTY_MATCHING = 43846
C_START_DRIVE_AIRSHIP = 43877
S_DESPAWN_DOOR = 43888
C_REQUEST_BATTLE_FIELD_PARTY_MARKER_CLEAR = 43895
S_HUDDLE_ADDING = 43923
S_INIT_KUMAS_BATTLE_FIELD = 43940
S_BATTLE_FIELD_CANCEL_OCCUPATION = 44032
C_GET_AOI_INFO = 44058
S_CLIENT_COMMAND = 44067
S_CHANGE_VOICE_USE_QAC = 44079
S_LOOT_DROPITEM = 44106
S_GHOST = 44124
C_REJECT_INVITE_USER_TO_GUILD = 44134
S_REQUEST_SPAWN_SERVANT = 44161
C_REQUEST_WRITE_BOARD = 44172
S_PET_INFO_CHANGE = 44174
C_EXTRACT_REGISTER_ITEM = 44175
S_DUNGEON_EVENT_GAGE = 44213
S_USER_AIM = 44252
C_SHOW_STYLE = 44263
S_WELCOME_PET_OWNER = 44289
S_ITEM_TRANSFORM_DATA = 44291
S_LORD_CANDIDATE_PLEDGE = 44298
S_CREATE_USER = 44317
S_DESTROY_GUILD_TOWER = 44366
S_ADMIN_DEFAULT_BOOKMARK_LIST = 44390
C_EXECUTE_AWAKEN = 44411
C_BATTLE_FIELD_REWARD = 44414
C_PONG = 44429
S_SPAWN_STATUE = 44460
C_END_RESTORE_CUSTOMIZING_PARTS_SHAPE = 44502
C_START_EVOLUTION = 44509
C_ENTER_BATTLE_FIELD = 44531
C_ADMIN_GMEVENT_OX_QUIZ_NEXT_QUIZ = 44573
C_REQUEST_GUILD_WANTED_WRITING_LIST = 44592
S_RESULT_EQUIPMENT_INHERITANCE = 44595
C_VOTE_DISMISS_PARTY = 44600
S_CHANGE_LOOKS_PREMIUM_RESULT = 44646
S_ARTISAN_RECIPE_LIST = 44649
S_PK_END = 44670
S_SELECT_EVENT_MATCHING = 44677
S_MINIGAME_WAIT = 44734
S_CARD_DATA_RESET = 44777
S_CANCEL_PARTY_MATCH_POOL = 44792
C_PETITION_COMPLETE_CONFIRM = 44812
C_PARTY_MATCH_WINDOW_CLOSED = 44819
C_TRADE_BROKER_WAITING_ITEM_LIST_SORT = 44830
S_DARK_RIFT_JOIN_LIST = 44832
C_GACHA_TRY = 44839
S_BATTLE_FIELD_END_OCCUPATION = 44866
C_SHOW_ITEM_TOOLTIP_EX = 44878
S_COMBATLOG_COMBAT_ENGAGED_MONSTER_LIST = 44962
C_GROUP_DUEL_BETTING = 44965
C_TELEPORT_TO_VILLAGE = 45013
S_LOAD_ACHIEVEMENT_LIST = 45036
S_CREST_APPLY = 45037
C_REQUEST_SELL_LIST = 45073
C_ADD_FRIEND_GROUP = 45077
C_SLASH_COMMAND = 45087
C_APPLY_TITLE = 45089
S_AVAILABLE_EVENT_MATCHING_LIST = 45163
S_ARENA_FIGHT_ABNORMALITY_BEGIN = 45198
S_UPDATE_KUMAS_BOSS_POS = 45210
S_LOAD_EP_INFO = 45220
S_INGAMESHOP_PRODUCT_TAG = 45304
S_SIMPLE_TIP_REPEAT_CHECK = 45358
S_UPDATE_NPCGUILD = 45388
C_REQUEST_EVOLUTION = 45396
S_START_COOLTIME_SKILL = 45417
C_POINT_STORE_COMMIT = 45420
C_REQUEST_CLIENT_UI_SETTING = 45436
C_APPLY_INVEN_POCKET_SORT = 45445
S_UNBIND_ITEM_RESULT = 45511
C_BANISH_GUILD_MEMBER = 45540
C_COMPLETE_QUEST = 45541
C_REQUEST_NONDB_ITEM_INFO = 45687
C_CONFIRM_SERVANT_AUTO_FEED_INFO = 45707
S_OPEN_GUARD_INFO_WINDOW = 45717
C_GIVE_UP_GUILD_WAR = 45722
S_CANCEL_RETURN_TO_LOBBY = 45754
C_LEARN_EP_PERK = 45755
S_UPDATE_STACK_ATTENDANCE_EVENT_RESET_TIME = 45761
S_DESPAWN_WORKOBJECT = 45785
S_JOIN_PRIVATE_CHANNEL = 45801
S_SURVEY_QUESTION = 45866
S_COUNTDOWN_GROUP_DUEL = 45879
C_CHANGE_PARTY_MEMBER_AUTHORITY = 45893
S_PARTY_MEMBER_ABNORMAL_DEL = 45926
C_DECOMPOSE_REGISTER_ITEM = 45989
C_PREPARE_WORKOBJECT = 45991
C_REMOVE_COLORING_POTION = 46002
C_GET_EVENT_DETAIL = 46026
C_REQUEST_USER_PAPERDOLL_INFO_WITH_GAMEID = 46040
S_CHANGE_SERVANT_CONDITIONAL_SKILL = 46066
S_CUSTOM_STYLE_SYSTEM_MESSAGE = 46079
S_REMOVE_GUILD_MEMBER = 46093
C_TRADE_BROKER_HIGHEST_ITEM_LEVEL = 46096
S_OPEN_BOARD = 46101
S_PLAY_TIME = 46112
S_END_STYLE_SHOP_MARK_PRODUCT = 46176
S_WHISPER = 46194
S_DARK_RIFT_REWARD_RESULT = 46211
C_MOUNT_VEHICLE_EX = 46249
S_PREPARE_EXIT = 46252
S_GROUP_DUEL_RECORD = 46268
S_ASK_EXPAND_INVEN_SIZE = 46270
C_START_VM_SELL = 46332
S_TARGET_INFO = 46373
S_PLAYER_CHANGE_EXP = 46381
S_COUPON_DATA = 46382
C_PETITION_CHAT_USER_MESSAGE = 46384
S_USER_EFFECT = 46414
S_BROCAST_GUILD_FLAG = 46416
C_PARTY_APPLICATION_DENIED = 46417
S_PRIVATE_CHANNEL_NOTICE = 46434
C_ANSWER_BANNING_PARTY_MEMBER = 46456
S_SKILL_CATEGORY = 46461
C_DUNGEON_UI_OPENED = 46600
C_BIND_ITEM_CANCEL = 46606
S_SPAWN_NPC = 46623
S_RESULT_INGAME_CHANGE_USER_APPEARANCE = 46634
S_RP_SKILL_POLISHING_CHANGE_OPTION = 46683
S_PRECONFIRM_INVITE_CODE = 46693
C_REQUEST_GUILD_LEVEL_RANKING = 46697
S_BATTLE_FIELD_STRONGHOLD_STATE = 46749
S_HIDE_HP = 46833
S_DUNGEON_CLEAR_COUNT_LIST = 46879
C_START_SERVANT_ACTIVE_SKILL = 46886
S_DIALOG_CLOSE = 46921
S_RESULT_EVOLUTION = 46938
S_SPAWN_ME = 46948
S_CAN_LOCKON_TARGET = 47012
S_ACTIVATE_CARD_COMBINE_LIST_DATA = 47023
S_DESPAWN_SHUTTLE = 47029
S_RP_SKILL_POLISHING_LIST = 47051
S_RACE_CHANGE_RESTRICTION = 47067
S_FISHING_BITE = 47071
S_DEACTIVATE_CARD_COMBINE_LIST = 47083
C_REQUEST_MY_PARTY_MATCH_INFO = 47085
C_UNMOUNT_VEHICLE = 47133
S_BATTLE_FIELD_CHAT_BAN_INFO = 47139
C_SHOW_TRADE_ITEM = 47162
C_CHANGE_MY_PROFILE = 47169
S_ADD_GUILD_GROUP = 47193
S_USE_RIGHT_ITEM = 47197
S_DESPAWN_EVENT_SEED = 47208
C_REMOVE_ITEM_FROM_VM_BUY_BASKET = 47213
C_SHOW_AWESOMIUMWEB_SHOP = 47223
S_SELECT_USER = 47233
S_GUILD_WAR_PENALTY_INFO = 47258
C_CHECK_TO_RAISE_GUILD_WAR = 47311
S_SEND_USER_PLAY_TIME = 47319
C_TRADE_BROKER_CALC_BOUGHT_ITEM = 47338
C_LORD_CHANGE_GREETINGS = 47399
C_RECEIVE_COLLECTION_BOOK_REWARD = 47439
S_INIT_BASE_POINT_BATTLE_FIELD = 47444
S_TRADE_BROKER_WAITING_ITEM_LIST = 47476
C_CHANGE_PARTY_MANAGER = 47496
S_SPAWN_DARK_RIFT_CLOUD = 47504
S_COMBATLOG_START = 47544
S_SHOW_PARCEL = 47556
S_CHANGE_SERVANT_ENERGY = 47572
C_MERGE_ITEM = 47578
S_DUEL_TAG = 47602
C_COMMIT_VM_TRADE = 47627
S_GUILD_POINT_INFO_CHANGED = 47649
S_REQUEST_SERVANT_AUTO_POTION_INFO = 47680
S_END_LEVEL_COMPENSATION = 47682
S_OPEN_DUAL_OPTION_MATERIAL_INFO = 47691
S_OPEN_CHANGE_CHARACTER_NAME_POPUP = 47707
S_NPC_PART_BLINK = 47715
S_SHOW_REVIVE_UI = 47716
S_GAMBLE_CHANGE_BET_ITEM = 47727
C_SET_INVEN_POCKET_GET_FILTER = 47747
C_ENCHANTER_USE = 47771
C_UPDATE_MY_DESCRIPTION = 47789
C_BIND_ITEM_EXECUTE = 47810
C_RQ_SKILL_POLISHING_UNLOCK_OPTION = 47823
S_DUNGEON_CONSOLE_EVENT = 47881
C_REQUEST_ACHIEVEMENT_LIST = 47925
S_CITY_WAR_NPC_KILL = 47936
C_REVIVE_NOW = 47962
S_CREATE_GUILD_RESULT = 48019
S_DUNGEON_RANK_SEASON_LIST = 48023
S_INGAMESHOP_PRODUCT_DATA = 48031
S_NPC_RESPAWN_PLAN_ALARM = 48042
C_CHAT = 48049
C_CANCEL_TEMPER = 48091
S_FIELD_POINT_REWARD_INFO_LIST = 48115
S_ACCOUNT_PACKAGE_LIST = 48119
C_POINT_STORE_BUY_DEL_BASKET = 48134
S_NOTIFY_GUILD_QUEST_URGENT = 48145
C_MYTHICCRAFT_UNREGISTER_MATERIAL_ITEM = 48177
S_CREATURE_CHANGE_HP = 48200
S_EMPTY_GUILD_WINDOW = 48236
C_ADD_ITEM_TO_VM_BUY_BASKET = 48252
S_PET_INCUBATOR_SHOW = 48285
S_AIR_REACTION_END = 48373
C_PREMIUM_COMPOSE_TRY = 48422
S_PLAY_SOUND = 48482
C_START_ENCHANT = 48495
S_VIEW_GUILD_WAR = 48547
C_START_CLIMBING = 48586
C_START_SKILL_BY_VEHICLE_EX = 48589
S_GAMBLE_END = 48591
C_REPLY_TELEPORT_WALK_THROUGH = 48637
S_COMBATLOG_CURRENT_AGGRO_LIST = 48646
C_LORD_CALC_TAX = 48664
S_GMEVENT_RECV_REWARD = 48674
S_DARK_RIFT_MAIN_DEFENCE_CHANGE_HP = 48764
S_BASE_POINT_BATTLE_FIELD_NODEPOINT_INFO = 48777
C_PET_INCUBATOR_START = 48802
S_DELETE_GUILD_TOWER_MY_GUILD = 48819
S_STYLE_SHOP_BUY_TCAT_ITEM = 48858
S_PREPARE_WORKOBJECT = 48863
C_CHANGE_CHARACTER = 48876
S_INIT_WORLD_OF_TANK_BATTLE_FIELD = 48948
C_BIND_ITEM_BEGIN_PROGRESS = 48949
C_EXECUTE_TEMPER = 48984
C_RQ_SKILL_POLISHING_UPGRADE_LEVEL = 49003
S_PET_INFO_CLEAR = 49042
S_PARTY_MEMBER_QUEST_DATA = 49044
S_PREPARE_DONE_WORKOBJECT = 49059
C_GAMBLE_CANCEL = 49084
S_REWARDNPC_SPAWN_ALARM = 49094
C_REGISTER_REPAIR_ITEM = 49166
S_REQUEST_ABILITY_TRANSFER = 49170
S_PREMIUM_SLOT_DATALIST = 49179
S_NOTIFY_USER_SKILL_POLISHING_LEVEL_UP = 49181
S_PARTY_MEMBER_INFO = 49194
C_PREVIEW_ITEM = 49200
S_GUILD_PERK_LIST = 49236
C_PREMIUM_COMPOSE_CANCEL = 49250
C_COMMIT_INGAME_CHANGE_USER_APPEARANCE = 49262
S_LORD_POLICY_SET = 49288
S_TEMPER_MATERIALS = 49292
S_NPC_SITUATION = 49304
S_CHANGE_PARTY_MANAGER = 49337
C_REQUEST_MEGAPHONE = 49342
S_RESET_SKILL = 49434
C_VEHICLE_EX_ARROW_HIT = 49519
C_ASK_INTERACTIVE = 49534
C_EVENT_MATCHING_BATTLEFIELD_DETAIL_INFO = 49564
S_MEDAL_STORE_BASKET = 49576
C_CANCEL_REVIVE = 49599
S_UPDATE_CONTENTS_ON_OFF = 49618
S_EMITTER_SET_Z = 49620
C_COLLECTION_PICKSTART = 49623
C_SAVE_CLIENT_USER_SETTING = 49625
C_REQUEST_NONDB_MYTHICITEM_TOOLTIP = 49628
C_VIEW_PARTY_INVITE = 49646
S_PET_MANAGER_SHOW = 49681
S_PRIVATE_CHAT = 49707
C_PARTY_LOOTING_METHOD_VOTE = 49714
S_VEHICLE_EX_ARROW = 49739
C_BATTLE_FIELD_START_OCCUPATION = 49752
S_UNREGISTER_REPAIR_ITEM = 49766
C_DUNGEON_SUMMON_PARTY = 49785
S_CHECK_RTT = 49826
S_PREPARE_RETURN_TO_LOBBY = 49894
S_CHANGE_CHARACTER = 49895
S_START_CHAT_BAN = 49922
S_FREENAMED_STATUS = 49955
S_FIN_BASE_POINT_BATTLE_FIELD = 49980
S_REQUEST_CHANGE_PARTY_MATCH_RULE = 49989
S_RANK_MESSAGE = 50004
S_POST_PROCESS = 50020
S_NOTIFY_BATTLE_FIELD_NPC_SPAWN = 50028
S_INCREASE_SERVANT_STORAGE_COUNT = 50048
S_POST_PROCESS_MATERIAL = 50085
S_TERRITORY_STEP_ENTER = 50097
S_ADMIN_GET_USERINFO_QUEST = 50110
C_STYLE_SHOP_BUY_REPUTATION_ITEM = 50111
C_REPLY_TELEPORT_NEAR_TOWN = 50185
C_BOARD_ITEM_LIST = 50188
C_RQ_COMMIT_DECOMPOSITION_CONTRACT = 50191
S_REQUEST_DUNGEON_MATCHING_UI = 50227
S_UPDATE_USER_AWAKEN_GRADE = 50313
S_PARTY_MEMBER_STAT_UPDATE = 50327
S_PRODUCE_CRITICAL = 50375
C_CHANGE_MODE = 50465
C_GROUP_DUEL_CHANGE_REPRESENT = 50479
S_GACHA_END = 50491
S_REQUEST_REACTION_POS_TICK = 50496
C_LORD_VOTE_CANDIDATE_LIST = 50541
S_TRADE_BAG_DONE = 50548
S_GET_IN_SHUTTLE = 50569
C_ADMIN_REMOVE_CUSTOM_BOOKMARK = 50604
S_GMEVENT_OX_REPE_QUIZ_RESULT = 50619
C_UNEQUIP_SERVANT_ITEM = 50657
S_RETURN_USER_REWARD_END = 50661
S_DEFAULT_ANIM_CHANGE = 50670
S_ADMIN_DELETE_QUEST = 50697
C_LOAD_TOPO_FIN = 50731
S_REQUEST_DEMOLIST_GUILD_TOWER_POPUP = 50743
S_CONFIRM_SERVANT_AUTO_FEED_INFO = 50744
S_DESPAWN_BUILD_OBJECT = 50751
C_SET_VISIBLE_RANGE = 50761
S_START_USER_PROJECTILE = 50774
C_CHANGE_FRIEND_MEMO = 50779
S_VILLAGER_BUFF_INFO = 50783
S_NPC_TARGET_USER = 50855
S_CANCEL_DELETE_USER = 50930
S_CURR_FLY_MOVE_INFO = 50963
S_SEND_ROUND_PVE_SKILL_LIST = 50980
S_NOTIFY_GUILD_WAR_INFO = 50996
C_REQUEST_SHARE_QUEST = 51014
C_GROUP_DUEL_DEL_BETTING_ITEM = 51093
C_REQUEST_OTHERS_CARD_DATA = 51134
C_REQUEST_CHANGE_DUAL_OPTION_IDX = 51150
S_FIN_SNOW_EVENT_BATTLE_FIELD = 51165
S_DARK_RIFT_AVAILABLE_QUEST_USER_COUNT = 51175
C_PLAY_TIME = 51239
S_PARTY_MEMBER_CHANGE_STAMINA = 51343
C_PARTY_LOOTING_METHOD = 51364
S_OPEN_EXPAND_INVEN_WINDOW = 51368
C_ADMIN_GM_TELEPORT = 51431
S_CHANGE_LOOKS_PREMIUM_START = 51438
C_CHANGE_GUILD_CHIEF = 51445
S_SWITCH_INFO = 51458
C_LIST_PARCEL = 51489
S_REGISTER_COMBINE_ITEM = 51527
S_CANNON_BATTLE_FIELD_GUARDTOWER_STATUS = 51532
S_INGAMESHOP_CATEGORY_END = 51539
S_BETTING_INFO = 51571
C_SURVEY_ANSWER = 51584
S_COMPLETE_VOTE = 51638
S_CUSTOM_MESSAGE = 51663
S_ADD_NEW_EVENT_MATCHING_QUEST = 51684
S_SPAWN_USER = 51688
S_ABNORMALITY_EXTRA = 51690
C_BETTING_TRY = 51696
C_REQUEST_ROUND_PVE_SKILL_LIST = 51776
S_POSITION_SWAP = 51777
S_SHOW_TRADE_ITEM = 51782
C_DEL_TRADE_BAG = 51826
S_EXIT = 51862
S_PING = 51865
C_CHECK_NEW_GUILDNAME = 51884
C_PREMIUM_COMPOSE_ADD_ITEM = 51995
C_MYTHICCRAFT_UNREGISTER_TARGET_ITEM = 52007
S_OPEN_VM_SETTING_WINDOW = 52040
C_RQ_SKILL_POLISHING_EXP_INFO = 52046
S_REPLY_CLIENT_CHAT_OPTION_SETTING = 52069
S_PETITION_FORCE_CREATE = 52078
S_FIELD_EVENT_COMBO = 52080
C_VIEW_DUNGEONWORK_STORE = 52087
C_REQUEST_PARTY_MATCH_INFO_PAGE = 52091
S_REQUEST_STYLE_SHOP_MARK_PRODUCTLIST = 52093
S_TERRITORY_STEP_PROGRESS = 52108
S_FIELD_POINT_INFO = 52126
C_CHANGE_MY_STATE = 52163
S_RESULT_USABLE_GUILD_NAME = 52182
S_SOCIAL_CANCEL = 52186
S_DELETE_NPC_FROM_MAP = 52254
C_UNREGIST_CUSTOMIZING_PARTS_SHAPE_ITEM = 52336
S_SKILL_FORGET = 52338
S_FISHING_STOP = 52350
C_BAN_FROM_GROUP_DUEL = 52368
C_PARCEL_READ_RECV_STATUS = 52373
S_VIP_STORE_ITEM_LIST = 52378
C_REQUEST_DICE_THROW = 52384
C_EVENT_MATCHING_DUNGEON_DETAIL_INFO = 52446
S_ADMIN_WARNING_MESSAGE = 52470
S_RESULT_ITEM_COLORING = 52515
C_START_INSTANCE_SKILL = 52517
S_REQUEST_CITY_WAR_MAP_INFO_END = 52543
S_ANSWER_INTERACTIVE = 52589
C_REQUEST_QUEST_BACKUP_ITEM = 52611
S_MEDAL_STORE_SELL_LIST = 52623
S_OTHER_USER_APPLY_PARTY = 52638
S_CREST_UPGRADE_INFO = 52644
S_BATTLE_FIELD_USER_LOAD_INFO = 52658
C_SHOW_QUEST_INFO_DIALOG = 52671
S_EVENT_DIALOG = 52709
S_CANT_FLY_ANYMORE = 52720
C_START_COMBINE_ITEM = 52732
C_REQUEST_UPDATE_INTRODUCE = 52737
S_OPEN_GUILD_LOGO_WINDOW = 52758
S_GMEVENT_CONFIRM_LEAVE_EVENT = 52761
S_VIRTUAL_LATENCY = 52773
C_REQUEST_CHANGE_CHARACTER_NAME = 52827
S_TRADE_BROKER_DEAL_INFO_UPDATE = 52859
C_BATTLE_FIELD_POINT_STORE_BUY_ADD_BASKET = 52870
S_GET_AOI_INFO = 52875
S_ADD_BLOCKED_USER = 52884
S_ARENA_END_FIGHT = 52889
C_INGAME_CHANGE_USER_APPEARANCE_CANCEL = 52941
S_DUEL_END = 52963
C_SHOW_PARCEL_MESSAGE = 52976
S_UPDATE_EVENT_SEED_STATE = 53006
C_OPPOSITE_DECLARE_GUILD_WAR = 53064
C_REQUEST_IMAGE_DATA = 53069
C_UNREGISTER_COMBINE_ITEM = 53123
C_REQUEST_ENCHANT = 53128
C_CHANGE_USER_LOBBY_SLOT_ID = 53159
S_REGISTER_EVOLUTION_ITEM = 53191
S_SET_NEW_TERA_USER = 53210
S_DEL_CRYSTAL_COMBINE_MATERIAL = 53213
C_CHECK_RTT = 53214
S_SHORTCUT_CHANGE = 53241
C_ADD_TELEPORT_TO_POS_LIST = 53276
C_STR_EVALUATE_LIST = 53290
S_USE_COUPON = 53340
S_RESPONSE_USE_PREMIUM_SLOT = 53354
S_DONE_TEL_CAMP = 53369
S_FIX_VEHICLE_COMPLETE = 53406
S_FIELD_EVENT_RANK_LIST = 53419
C_TRADE_BROKER_INPUT_PRICE = 53422
S_BATTLE_FIELD_START_OCCUPATION = 53449
C_REQUEST_REPAIR_ITEM = 53469
C_USE_ITEM = 53480
C_PET_INCUBATOR_TAKEALL = 53497
S_CITY_WAR_NPC_INFO = 53512
S_CHECK_USERNAME = 53515
S_PK_START = 53529
S_OPEN_CREST_WINDOW = 53530
S_REQUEST_GUILD_FLAG_IMAGE_DATA = 53618
S_TRADE_MESSAGE = 53627
C_ADD_MATERIAL_AWAKEN = 53664
S_GMEVENT_START_EVENT = 53694
S_DARK_RIFT_DESPAWN_WORLD_NOTI = 53745
S_CHANGE_CITY_WAR_STATE = 53767
S_SHOW_PARCEL_MESSAGE = 53812
S_PARTY_MEMBER_CHARM_DEL = 53817
S_VOTE_HISTORY = 53871
C_REQUEST_INCREASE_CARD_PRESET = 53878
C_TRADE_BROKER_BOUGHT_ITEM_LIST = 53887
C_RECOMMEND_GUILD = 53889
C_GMEVENT_LEAVE_EVENT = 53907
S_FESTIVAL_LIST = 53930
C_ADMIN_GET_USER_INFO_BY_DBID = 53966
S_USER_LEVELUP = 53997
S_BONFIRE_CHARM_ADDED = 54009
C_REQUEST_BOSS_GAGE_INFO = 54053
C_MEDAL_STORE_BUY_DEL_BASKET = 54090
C_TRADE_BROKER_DEAL_CONFIRM = 54091
S_INIT_CANNON_BATTLE_FIELD = 54107
S_DEAD_LOCATION = 54111
S_GATE_ATTACK_ALARM = 54120
S_REGISTER_SERVANT_RESULT = 54122
C_REQUEST_INGAMESTORE_PRODUCT_LIST = 54169
C_REPLY_TELEPORT = 54175
C_SELECT_EVENT_MATCHING = 54188
C_DECOMPOSE_UNREGISTER_ITEM = 54202
S_INTEREST_INFO = 54229
S_TRADE_BROKER_CALC_BOUGHT_ITEM = 54230
C_ADMIN_VANISH_PET = 54310
S_BATTLE_FIELD_HELP = 54312
S_COUPON_NOTIFY = 54345
S_FIN_INTER_PARTY_MATCH = 54360
S_DECO_UI_INFO = 54384
S_END_RESTORE_CUSTOMIZING_PARTS_SHAPE = 54413
S_LOAD_HINT = 54417
S_ENEMY_BATTLE_FIELD_COMMANDER_CHANGED = 54435
C_ADMIN_GMEVENT_USER_SUMMON = 54442
S_ACTION_STAGE = 54454
S_LOAD_SKILL_SCRIPT_LIST = 54480
S_GUILD_HISTORY = 54490
C_RECOMMEND_USER_GUILD = 54501
S_USER_REPORT = 54521
S_RESET_GUILD_PERK = 54561
C_PARCEL_REPORT = 54568
S_RANK_POINT_STATUS = 54603
S_USER_AIM_TO = 54622
S_DECOMPOSITION_ITEM_RESULT = 54664
S_BATTLE_FIELD_RESULT = 54678
S_ITEM_EXTRACT = 54684
S_CONTENTS_TIMER = 54720
C_PROMOTION_START = 54772
S_SET_SEND_PARCEL_ITEM = 54841
C_CANCEL_DELETE_USER = 54863
S_INGAMESHOP_PRODUCT_ITEMID = 54894
S_INGAMESHOP_PRODUCT_BEGIN = 54900
S_FIELD_EVENT_PROGRESS_TIMER = 54907
S_NOTIFY_BATTLE_FIELD_CHAT_BAN = 54929
S_ADMIN_GET_USER_INFO_BY_DBID = 54937
S_AWESOMIUM_DEBUG_MODE = 54954
S_UPDATE_STACK_ATTENDANCE_EVENT_INFO = 54993
C_HIT_USER_PROJECTILE = 55004
S_REPLY_SET_GUILD_WANTED_WRITING = 55008
C_USER_REPORT = 55018
C_TOGGLE_GROUP_DUEL_READY = 55020
C_REQUEST_BUY_VIP_STORE_ITEM = 55078
C_CREATE_GUILDGROUP = 55088
C_EDIT_FRIEND_GROUP = 55126
C_PROMOTION_INFO = 55169
C_CHECK_EVENT_SYSTEM_REWARD = 55244
S_SECOND_PASSWORD_AUTH_RESULT = 55245
S_END_CHANGE_USER_APPEARANCE = 55246
S_DELETE_COUPON = 55256
S_CAMERA_SHAKE = 55258
S_SPAWN_BUILD_OBJECT = 55260
S_SNOW_EVENT_BATTLE_FIELD_SPAWN_USER = 55261
S_INGAMESHOP_CATEGORY_DATA = 55266
C_REQUEST_GUILD_WAR_TRACKING_INFO = 55269
S_TOTAL_GUILD_WAR_DATA = 55279
S_BATTLE_FIELD_MAP_ALARM = 55285
S_CLOSE_VM_SETTING_WINDOW = 55287
S_READY_PULL = 55311
S_RESET_ALL_PRODUCT_MARK_EVENT = 55334
C_REQUEST_ARENA_BETTING_INFO = 55339
S_SHOW_DEAD_CITY_WAR_UI = 55348
S_NOCTAN_VARIATION_INFO = 55357
C_PET_EQUIP = 55413
S_END_FIX_SPIRIT = 55414
S_PETITION_CHAT_GM_MESSAGE = 55417
S_LOAD_CHAT_SETTING = 55438
C_GET_GUILD_WARE_HISTORY = 55445
S_SHOW_ARTISAN_MENU = 55453
S_RESULT_REPAIR_ITEM = 55519
C_TRY_TELEPORT_FIELD_EVENT = 55550
C_UNREGISTER_VM_SELL_ITEM = 55593
S_ARTISAN_SKILL_LIST = 55615
S_CHANGE_POCKET_NAME = 55668
C_TRY_ITEM_BIDDING = 55701
C_GET_EVENT_SYSTEM_REWARD = 55712
S_F2P_PremiumUser_Permission = 55724
C_PET_INCUBATOR_GET = 55747
S_QUEST_INFO = 55761
S_WORLD_OF_TANK_BATTLE_FIELD_RESULT = 55774
S_SET_ITEM_BIDDING_FLAG = 55804
S_PLAYER_LACK_OF_ACTPOINT = 55806
S_CANCEL_QUEST_SHARE = 55811
C_END_CLIMBING = 55823
S_SHOW_ITEM_TOOLTIP = 55849
S_PVE_RANKING_LIST = 55885
S_IS_LORD = 55903
C_REQUEST_PARTY_MATCH_INFO = 55933
C_REQUEST_COUPON_LIST = 55935
S_NOTIFY_QUEST_RESTART = 55952
S_ATTENDANCE_EVENT_REWARD_COUNT = 55975
S_SPAWN_DOOR = 56015
S_PETITION_CANCEL = 56017
S_BAN_PARTY_MEMBER = 56039
C_ADMIN_GET_USER_INFO_LIST_BY_DISTANCE = 56054
S_DARK_RIFT_CHANGE_AREA_WORLD_NOTI = 56080
S_INVITE_CODE_EXPIRE_TIME = 56083
C_AWESOMIUM_WEB_COUNTING = 56129
C_REQUEST_INVITE_GUILD_LIST = 56132
S_CANCEL_SELECT_CHANNEL = 56144
C_REGISTER_EVOLUTION_ITEM = 56254
C_VIEW_GUILD_WAR = 56285
S_SNOW_EVENT_BATTLE_FIELD_RESULT = 56303
S_TRADE_BROKER_BUY_IT_NOW = 56311
C_ACCEPT_GUILD_APPLY = 56356
S_ADD_AWAKEN_CHANGE_DATA = 56378
S_RP_SKILL_POLISHING_UNLOCK_OPTION = 56385
C_REQUEST_OTHERS_ACTIVATE_CARD_COMBINE_LIST_DATA_WITH_GAMEID = 56396
C_OPEN_GUILD_WAR_WINDOW = 56401
C_LEAVE_PRIVATE_CHANNEL = 56409
S_NPC_MENU_SELECT = 56410
S_FIX_SPIRIT_PROGRESS = 56412
C_LORD_GUARD_INFO = 56417
S_INIT_SEREN_GUIDE = 56474
S_USER_PAPERDOLL_INFO = 56534
S_SHOW_HP = 56547
C_COMMIT_CHANGE_USER_APPEARANCE = 56569
S_ENCHANT_BOOSTER_DROP_ITEM = 56573
C_LORD_CANDIDATE_PLEDGE = 56613
S_UPDATE_GUILD_MEMBER = 56624
S_START_FISHING_CHARGE = 56639
S_FAIL_GUILD_QUEST = 56660
C_DEL_FROM_AWAKEN = 56675
S_DUNGEON_COOL_TIME_LIST = 56717
S_CREATURE_LIFE = 56749
S_RESULT_COMBINE_ITEM = 56768
S_REMOVE_EFFECT = 56781
C_GACHA_CANCEL = 56784
C_SERVANT_ABILITY = 56798
S_TOGGLE_TASK_INFO_WINDOW = 56812
C_RQ_SKILL_POLISHING_LIST = 56857
S_VIEW_BATTLE_FIELD_RANKING = 56900
S_PLAY_SOUND_BYNAME = 56917
S_START_PRODUCE = 56949
S_EVENT_QUEST_SUMMARY = 56950
S_SET_POS = 56951
C_SHOW_TRADE_LOG = 56964
S_USER_ITEMLEVEL_INFO = 56971
C_RQ_DEL_ITEM_FROM_DECOMPOSITION_CONTRACT = 56973
S_PLAYTIME_EVENT_REWARD_DATA = 57013
S_CONNECT_SKILL_ARROW = 57044
S_CANCEL_PREPARE_CHANGE_USER_APPEARANCE = 57047
C_VIEW_INTER_PARTY_MATCH_DUNGEON_LIST = 57075
C_COMMIT_FACE_BONE_DATA = 57121
C_DIALOG = 57122
S_RESULT_MATERIAL_AWAKEN = 57141
S_CANCEL_CONTRACT = 57165
S_NAME_PREEMPTION_EVENT_INFO = 57166
S_MODIFY_INTER_PARTY_MATCH_POOL = 57189
S_USER_STATUS = 57208
C_REQUEST_OPEN_DUAL_OPTION = 57231
S_PLAY_MAGNETIC = 57262
S_CURRENT_ELECTION_STATE = 57295
S_RESULT_CHANGE_CHARACTER_NAME = 57298
S_CAN_CREATE_USER = 57333
S_COMMIT_ACCESSORY_TRANSFORM_RESULT = 57345
C_NOTIFY_SPIRIT_LOCATION_IN_ACTION = 57356
S_ROUND_START = 57375
S_START_FISHING_MINIGAME = 57387
C_WATCHED_MOVIES = 57402
C_ROLLBACK_QUEST = 57428
S_PLAY_EFFECT = 57450
S_CONFIRM_INVITE_CODE = 57484
S_DARK_RIFT_SYNC_TIME = 57501
S_SAVE_CLIENT_CHAT_OPTION_SETTING = 57508
S_GROUP_DUEL_CURRENT_BETTING_ITEM = 57524
C_LEAVE_PARTY = 57541
S_BATTLE_FIELD_USER_ASSIST_EVENT = 57554
S_PLAYER_CHANGE_PROF = 57559
C_REQUEST_VIP_SYSTEM_INFO = 57562
C_POINT_STORE_BUY_ADD_BASKET = 57568
C_LEAVE_TELEPORTTERRITORY = 57601
S_CUSTOMIZING_PARTS_SHAPE_ITEM_LIST = 57609
C_ADMIN_GMEVENT_NOTICE = 57610
C_START_GUILD_SKILL = 57613
S_DUNGEON_STATUS = 57635
S_INGAME_CHANGE_USER_APPEARANCE_START = 57651
C_TOGGLE_TASK_INFO_WINDOW = 57671
S_DARK_RIFT_QUEST_INFO = 57704
C_LORD_REGISTER_INFO = 57715
S_INIT_SNOW_EVENT_BATTLE_FIELD = 57762
C_FLOATING_CASTLE_PARTS_STORE_BUY_ADD_BASKET = 57778
C_BOT_CANDIDATE_INFO = 57784
C_UPDATE_SKILL_SCRIPT = 57803
S_DELETE_PARCEL = 57821
C_USE_COUPON = 57844
S_LOGOUT_PARTY_MEMBER = 57853
C_DELIVERY_STORE_ADD_BASKET = 57938
C_TRADE_BROKER_DEAL_PRICE_UPDATE = 57943
S_REMAIN_PLAY_TIME = 57947
S_NPC_SCALE = 57950
S_USER_APPEARANCE_CHANGE = 57961
S_EACH_SKILL_RESULT = 57970
C_CHAT_REPORT = 58007
C_CHANGE_LOOKS_SERVANT = 58103
S_FIN_WORLD_OF_TANK_BATTLE_FIELD = 58112
S_MY_DESCRIPTION = 58121
S_END_PRODUCT_SALE_INFO = 58149
S_REQUEST_JOIN_GUILD_NOTICE = 58151
C_ADMIN_REQUEST_DEFAULT_BOOKMARK = 58175
S_UPDATE_PARTY_MEMBER_QUEST_DATA = 58242
S_LORD_GUARD_INFO = 58276
S_REQUEST_SERVANT_COMPOSE = 58314
C_WAREHOUSE_AUTO_SORT = 58351
C_PET_LEVEL_UP_ITEM_ADD_TO_LIST = 58362
S_NOTIFY_DISCONNECT_BY_LEVEL_LIMIT = 58368
C_CAN_CREATE_USER = 58375
S_CREST_ASK_DISAPPLY_ALL = 58379
S_BATTLE_FIELD_USER_KILL_MESSAGE = 58384
S_BATTLE_FIELD_SCORE = 58404
C_GET_OUT_SHUTTLE = 58405
S_POLITICS_POINT_STORE_SELL_LIST = 58452
C_INVITE_USER_TO_GUILD = 58467
C_SAVE_CLIENT_ACCOUNT_SETTING = 58491
S_KUMAS_BATTLE_FIELD_LOOT_ITEM = 58505
C_SERVER_TIME = 58525
S_RP_UPDATE_ITEM_TO_DECOMPOSITION_CONTRACT = 58530
C_START_DECOMPOSE = 58533
C_LOGIN_WORLD = 58534
S_START_PEGASUS = 58582
S_CITY_WAR_SEASON_HISTROY = 58604
S_OPEN_GUILD_FLAG_WINDOW = 58609
S_TRADE_BROKER_HIGHEST_ITEM_LEVEL = 58610
S_SUCCESS_COUNTER = 58647
C_CANCEL_RETURN_TO_LOBBY = 58690
S_BATTLE_FIELD_PARTY_MARKER_CLEAR = 58695
S_WORLD_QUEST_VILLAGER_INFO = 58696
C_DISMISS_PARTY = 58750
C_REQUEST_BATTLE_FIELD_PARTY_MARKER = 58752
S_MINIGAME_FAIL = 58754
S_FISHING_CATCH_FAIL = 58779
S_BOARD_ITEM_LIST = 58794
S_GET_WARE_ITEM = 58801
S_ACCOMPLISH_ACHIEVEMENT = 58817
S_DEL_INTER_PARTY_MATCH_POOL = 58889
S_CONTRACT_PET_LEVEL_UP_ITEM_LIST_UPDATE = 58897
S_LOGIN_ARBITER = 58920
C_ADMIN_GMEVENT_USER_KICK = 58937
S_RESULT_LEARN_GUILD_PERK = 58961
S_DUNGEON_VISIBLE_BG = 58965
S_MYTHICCRAFT_UNREGISTER_TARGET_ITEM = 59019
S_ITEM_IDENTIFY_RESULT = 59058
S_TRADE_BROKER_DEAL_SUGGESTED = 59086
C_FLOATING_CASTLE_PARTS_STORE_BUY_DEL_BASKET = 59087
C_SOCIAL = 59089
C_REWRITE_ITEM_STRING = 59120
S_ACCEPT_CONTRACT = 59123
C_SHOW_NAME_PLATE_ICON = 59125
S_PLAYER_CHANGE_FLIGHT_ENERGY = 59132
S_FAIL_CHARM_STATUS = 59142
S_REPLY_GUILD_WANTED_WRITING_LIST = 59150
S_START_ACTION_SCRIPT = 59200
C_CONFIRM_EVENT_SYSTEM = 59278
S_VERSION_INFO = 59288
C_CANCEL_PENDING = 59291
S_DUNGEON_RANK_END_POINT = 59311
C_FINDNAME = 59329
S_END_THROUGH_ARBITER_CONTRACT = 59384
C_REQUEST_PERF = 59421
S_REQUEST_CITY_WAR_MAP_INFO_DETAIL = 59431
S_DELETE_USER = 59439
S_START_COOLTIME_ITEM = 59458
S_SYSTEM_MESSAGE_CUSTOM = 59466
S_EVENT_INFO = 59479
S_TUTORIAL_PLAY_FINISHED = 59519
S_IS_NOT_LORD = 59534
C_RENAME_TELEPORT_TO_POS_LIST = 59564
C_RIDE_PEGASUS = 59595
C_COMBINE_ITEM = 59608
S_MYTHICCRAFT_REGISTER_MATERIAL_ITEM = 59620
C_END_MOVIE = 59627
C_DELETE_FRIEND_GROUP = 59661
S_CHECK_TO_RAISE_GUILD_WAR = 59676
S_AERO = 59678
C_RELEASE_FROM_PRISON = 59730
S_TOKEN_POINT_STATUS = 59735
C_STORE_SELL_ADD_BASKET = 59781
C_ADMIN_REMOVE_NPC = 59828
C_REQUEST_START_GUILD_QUEST = 59830
S_BATTLE_FIELD_POINT_STORE_SELL_LIST = 59913
C_PLAYER_FLYING_LOCATION = 59921
C_EDIT_BLOCKED_USER_MEMO = 59924
S_PARTY_MEMBER_CHARM_ENABLE = 59931
C_LORD_CHANGE_POLICY = 59956
S_RESULT_OPEN_DUAL_OPTION = 59958
S_UPDATE_VM_SETTING_WINDOW = 59959
S_CLEAR_QUEST_INFO = 59980
C_REQUEST_USABLE_GUILD_NAME = 60004
C_DELETE_PARCEL = 60014
S_ITEMSYNTHESIZER_MATERIAL = 60095
S_CHANGE_LOOT_ITEM_AMOUNT = 60102
S_ADMIN_GET_USERINFO_WAREHOUSE = 60126
C_REQUEST_CLIENT_CHAT_OPTION_SETTING = 60141
C_REQUEST_BATTLE_FIELD_CHAT_BAN = 60143
S_ENCHANT_BOOSTER_REGISTER_ITEM = 60145
S_LEAVE_PARTY = 60180
S_UPDATE_BIDDING_COUNT = 60230
S_SET_WORKOBJECT = 60233
S_CARD_DATA = 60265
S_DARK_RIFT_DEFENCE_OBJECT_CHANGE_HP = 60268
C_REQUEST_DEMOLISH_GUILD_TOWER = 60321
C_CAN_LOCKON_TARGET = 60325
S_SKILL_LEARN_RESULT = 60348
S_GRANT_SKILL = 60377
S_DUNGEON_ADDITIONAL_WORK_UI = 60378
S_ARENA_OPTIMIZATION = 60400
C_REQUEST_RESET_VIP_STORE = 60409
S_REQUEST_PET_CONSUME_EXP_ITEM = 60429
C_SHARE_USER_PING = 60433
S_CHANGE_GUILD_CHIEF = 60457
S_MATERIAL_PARAM_CHANGE = 60468
S_LIST_CHANNEL = 60474
S_PVP_RANKING_LIST = 60489
C_ACCEPT_GUILD_WAR = 60515
S_POINT_STORE_SELL_LIST = 60551
S_NPC_OCCUPIER_INFO = 60578
S_ROUND_PVE_CLOSE_SKILL_UI = 60585
S_STORE_SELL_LIST = 60594
S_BONFIRE_STATUS = 60615
S_UNICAST_FLOATING_CASTLE_INFO = 60630
S_MAIN_MENU_COMMAND = 60637
S_ADMIN_PRIVILEGE = 60667
S_FIN_ROUND_PVE_BATTLE_FIELD = 60677
S_FONT_SWAP_INFO = 60758
S_TRADE_BROKER_CALC_NOTIFY = 60759
S_ASK_BIDDING_RARE_ITEM = 60770
S_LOAD_DUNGEON_SOUND_HINT = 60792
C_END_FISHING_MINIGAME = 60813
S_START_CHAT_BAN_INFINITY = 60817
C_LIST_CHANNEL = 60823
C_REQUEST_PLAYTIME = 60883
C_DEL_ITEM = 60885
S_XIGNCODE_SECURITY_DATA = 60886
S_INIT_ROUND_PVP_BATTLE_FIELD = 60889
S_ASK_INTER_PARTY_MAKE = 60927
C_MEDAL_STORE_BUY_ADD_BASKET = 61020
S_NPC_LOCATION = 61039
C_REQUEST_GUILD_INFO_BEFORE_APPLY_GUILD = 61047
S_USER_SITUATION = 61049
S_GUILD_ACCOUNT_LIMIT_INFO_CHANGED = 61070
S_DESPAWN_BONFIRE = 61078
C_REQUEST_OPEN_DUAL_OPTION_MATERIAL_INFO = 61103
S_END_FIX_VEHICLE = 61233
C_CRYSTAL_COMBINE_EXECUTE = 61269
C_APPLY_PARTY = 61271
S_MINIGAME_RANK_END_POINT = 61290
S_TRADE_BROKER_INPUT_PRICE = 61300
S_SPAWN_WORKOBJECT = 61304
S_CREATURE_ROTATE = 61320
C_EVENT_GUIDE = 61351
S_REQUEST_CHANGE_LOOKS_SERVANT = 61365
S_GUARD_PK_POLICY = 61415
C_TRADE_BROKER_REJECT_SUGGEST = 61417
S_DARK_RIFT_SPAWN_WORLD_NOTI = 61453
C_CHANGE_CARD_PRESET = 61535
S_VOID_GUARD_INFO = 61563
C_COMPLETE_DAILY_EVENT = 61568
S_ADMIN_GET_DUNGEON_USER_LIST = 61572
S_FIELD_EVENT_GUIDE = 61642
S_NOTIFY_VM_STATUS = 61645
C_RESET_EP_PERK = 61652
S_CREATE_PRIVATE_CHANNEL = 61653
S_END_DRIVE_AIRSHIP = 61659
S_SHOW_DUNGEON_RETRY_UI = 61665
C_SUGGEST_DARK_RIFT_PARTY_MATCHING = 61683
C_REQUEST_ABILITY_TRANSFER = 61692
S_DUNGEON_LOOK_AT_NPC = 61700
S_DUNGEON_CHANGE_NPC_ANIM = 61730
S_NPC_STATUS = 61798
C_ACCEPT_FRIEND = 61840
S_PARTY_MEMBER_CHARM_RESET = 61862
S_RP_START_SOCIAL_ON_PROGRESS_DECOMPOSITION = 61878
S_VM_BUY_BASKET_INFO = 61880
C_NOTIFY_LOCATION_IN_REACTION = 61922
S_BATTLE_FIELD_STRONGHOLD_EVENT = 61933
C_FIELD_EVENT_BAN = 61934
C_REQUEST_TOKEN_TARGET_ITEM = 61942
S_SET_KUMAS_BATTLE_FIELD_TREASURE_SCORE = 61991
C_REQUEST_SERVANT_AUTO_FEED_INFO = 62007
C_REQUEST_STACK_ATTENDANCE_EVENT_INFO_UPDATE = 62021
S_PENDING_TRANSFORM_DATA = 62023
C_BATTLE_FIELD_BOARD_REQUEST = 62045
S_TRADE_BROKER_HISTORY_ITEM_LIST = 62052
S_INVITE_FRIEND_CODE = 62058
S_GMEVENT_ENTER_EVENT = 62062
C_CANCEL_CHANGE_USER_APPEARANCE = 62063
S_PVP_LEADER_BOARD_INFO = 62070
C_SAVE_CHAT_SETTING = 62078
S_RETURN_PARCEL = 62127
S_INVALID_BUILD_VERSION = 62172
C_LEAVE_GUILD = 62188
C_REQUEST_SERVANT_INFO_LIST = 62227
S_INSTANT_PULL = 62229
C_CANCEL_CONTRACT = 62263
C_REQUEST_MY_ACTIVATE_CARD_COMBINE_LIST_DATA = 62309
C_TRADE_BROKER_CALC_SOLD_ITEM = 62313
S_SOCIAL = 62335
C_CURRENT_CHANNEL = 62339
C_DUNGEON_WORK_LEAVE = 62376
S_START_FIX_SPIRIT = 62387
S_GUILD_APPLY_LIST = 62404
C_REQUEST_GUILD_LIST_PAGE = 62415
S_DIALOG = 62432
S_REMOVE_GUILD_GROUP = 62492
C_CONFIRM_INVITE_CODE = 62498
S_INSTANCE_ARROW = 62504
S_ITEM_EXPLOSION_RESULT = 62525
C_SET_SEND_PARCEL_TYPE = 62533
S_USE_JUMPGEAR = 62557
S_PARTY_MEMBER_ABNORMAL_REFRESH = 62560
C_REQUEST_USER_PAPERDOLL_INFO = 62605
S_GET_USER_LIST = 62628
C_REQUEST_REPUTATION_STORE_TELEPORT = 62653
C_START_MYTHICCRAFT = 62675
S_INIT_KUMAS_BOSS_INFO = 62756
C_STORE_COMMIT = 62775
C_REMOVE_BLOCKED_USER = 62809
S_COMPLETE_EVENT_MATCHING_QUEST = 62844
S_REQUEST_SERVANT_EVOLUTION = 62851
C_TOGGLE_GROUP_DUEL_SLOT = 62859
C_PROMOTION_CANCEL = 62876
S_REQUEST_PRIVATE_CHANNEL_INFO = 62883
S_FIELD_EVENT_ON_LEAVE = 62927
C_CANCEL_SKILL = 62942
C_SET_ITEM_STRING = 62967
S_RESULT_CHANGE_MY_PROFILE = 62988
C_PK_DECLARE = 62990
C_REPLY_THROUGH_ARBITER_CONTRACT = 63019
S_STORE_COMMIT = 63033
C_CHANGE_EQUIP_PRESET = 63058
S_INCREASE_CARD_PRESET = 63067
S_DESPAWN_TARGET_OBJECT = 63070
C_APPLY_GUILD = 63072
S_SERVANT_ABILITY = 63093
S_ARENA_FIGHT_ABNORMALITY_END = 63099
S_REMOVE_CHARM_STATUS = 63100
C_REUQUEST_JOINED_CHANNEL_LIST = 63107
S_PETITION_COMPLETE = 63115
S_STRONGHOLD_OCCUPATION_BATTLE_FIELD_BOARD = 63124
S_BOSS_GAGE_INFO = 63160
C_PETITION_CHECK_CREATABLE = 63175
S_FLOATING_CASTLE_PARTS_STORE_SELL_LIST = 63235
C_MERGE_PARTY_TO_RAID = 63254
S_START_VM_BUY = 63271
S_TRADE_BROKER_BOUGHT_ITEM_LIST = 63338
C_PRESS_SKILL = 63342
S_LOGIN = 63388
S_DIRECTION_WEAKNESS_BEGIN = 63400
S_PLAY_MOVIE = 63401
C_REIGN_INFO = 63443
C_CANCEL_LOCKON_TARGET = 63462
S_LORD_VOTE_CANDIDATE_LIST = 63466
C_ITEM_COLORING_REMOVE_ITEM = 63473
C_LORD_CANDIDATE_LIST = 63479
S_FIX_SPIRIT_COMPLETE = 63494
C_TRADE_BROKER_SOLD_ITEM_LIST = 63523
S_BATTLE_FIELD_USER_OCCUPIABLE_LEAVE = 63525
S_UPDATE_SERVANT_INFO = 63530
S_PK_DECLARE_COUNT = 63533
S_PLAY_EVENT_SOUND = 63541
S_DECOMPOSE_REGISTERED_ITEM = 63571
S_SPAWN_GAMBLE_BOX = 63578
S_PLAYER_STAT_UPDATE = 63635
C_NOTIFY_LOCATION_IN_DASH = 63657
C_SIMPLE_TIP_DONT_REPEAT = 63677
C_PETITION_FEEDBACK = 63691
S_BATTLE_FIELD_ADD_SCORE = 63693
S_LORD_OPEN_REGISTER_WINDOW = 63712
S_BROADCAST_FLOATING_CASTLE_NAMEPLATE = 63724
C_DELETE_COUPON = 63731
C_CHECK_TO_OPPOSITE_DECLARE_GUILD_WAR = 63770
S_SHOW_DARKRIFT_USER_HP = 63772
C_DELIVERY_STORE_COMMIT = 63790
S_NPCGUILD_LIST = 63794
S_GUILD_LEVEL_RANKING_LIST = 63803
S_DEL_TRADE_BAG = 63919
C_STORE_BUY_ADD_BASKET = 63928
S_NPC_TRANSLATIONZ = 63945
S_EXTRACT_REGISTERED_ITEM = 63961
S_REQUEST_SECOND_PASSWORD_AUTH = 64011
S_PREVIEW_ITEM = 64043
C_REQUEST_PVP_RANKING = 64050
S_ROUND_PVE_BATTLE_FIELD_BOARD = 64058
C_REQUEST_GUILD_FLAG_IMAGE_DATA = 64061
S_TRADE_BROKER_CALC_SOLD_ITEM = 64126
S_SELECT_CHANNEL = 64127
C_REQUEST_ONGOING_FIELD_EVENT_LIST = 64129
S_OBTAIN_TOKEN_ITEM = 64138
C_ADMIN_GET_DUNGEON_USER_LIST = 64178
S_RESPONSE_SERVER_ADMINTOOL_AWESOMIUM_URL = 64227
S_OPEN_GUILD_WAR_WINDOW = 64237
S_REPLY_REQUEST_CONTRACT = 64244
S_START_COMMANDER_SKILL = 64255
S_ROUND_PVP_BATTLE_FIELD_RESULT = 64260
S_END_PEGASUS = 64318
S_TRADE_BAG_CLOSE = 64379
S_RESULT_SEREN_GUIDE = 64389
S_GMEVENT_OX_QUIZ_OPEN = 64397
S_DUNGEON_RANK_END_TIME = 64420
C_REQUEST_EQUIPMENT_INHERITANCE = 64452
S_SNOW_EVENT_BATTLE_FIELD_BOARD = 64464
S_MYTHICCRAFT_UNREGISTER_MATERIAL_ITEM = 64466
S_START_LEVEL_COMPENSATION = 64499
S_START_DRIVE_AIRSHIP = 64540
C_REQUEST_GUILD_MEMBER_LIST = 64558
S_DESPAWN_GAMBLE_BOX = 64625
S_DUNGEON_WORK_POINT_STORE_SELL_LIST = 64651
C_REQUEST_ACCESSORY_COST_INFO = 64666
S_SHOW_USER_EP_INFO = 64674
C_PET_ORB_DELETE = 64678
C_CANCEL_EXIT = 64710
S_CANNON_BATTLE_FIELD_STRONGHOLD_INFO = 64741
S_NOTIFY_GUILD_WAR_STATUS_CHANGE = 64796
C_REQUEST_PING = 64824
S_NOTIFY_ACTIVE_BUILD_TERRITORY_STATE = 64862
S_FINISH_GUILD_QUEST = 64864
S_CHANGE_EP_POINT = 64893
C_CANCEL_DUNGEON_RETRY = 65003
S_UNMOUNT_CARD = 65026
C_REQUEST_PARTY_INFO = 65050
C_REQUEST_GUILD_LIST_SORT = 65052
S_VIEW_BATTLE_FIELD_RANKING_SERVER_LIST = 65073
C_RECV_PARCEL_ALL = 65096
S_PARTY_MATCH_LINK = 65133
C_GUILD_APPLY_LIST_PAGE = 65170
C_ADMIN_LOBBY = 65180
C_DUNGEON_WORK_POINT_STORE_COMMIT = 65196
C_ENTER_DUNGEON = 65249
S_RETURN_USER = 65270
C_PLAYER_LOCATION = 65279
S_GUILD_MONEY_INFO_CHANGED = 65289
S_REPLY_NONDB_ITEM_INFO = 65301
C_AVAILABLE_EVENT_MATCHING_LIST = 65308
C_SELECT_USER = 65314
C_CLOSE_SEND_PARCEL = 65336
S_ASK_BANNING_PARTY_MEMBER = 65337
S_START_CLIMBING = 65371
S_USER_LOCATION_IN_ACTION = 65384
C_RESTORE_CUSTOMIZING_PARTS_SHAPE = 65431
C_BUY_INGAMESTORE_TCATPRODUCT = 65434
S_DESPAWN_DROPITEM = 65437
S_REQUEST_INVITE_GUILD_TAG = 65464
S_DESPAWN_EGG = 65475
S_FIN_KUMAS_BATTLE_FIELD = 65488
