CU_CANCEL_CHANGE_RANDOM_OPTION 63821
CU_CHANGE_EP_PAGE 30083
CU_DEBUG_ASYNC_LOAD 39349
CU_NEEDS_REMAP_107 62962
CU_NEEDS_REMAP_11C 49686
CU_NEEDS_REMAP_124 38946
CU_NEEDS_REMAP_139 62879
CU_NEEDS_REMAP_13A 23774
CU_NEEDS_REMAP_142 46822
CU_NEEDS_REMAP_14A 40924
CU_NEEDS_REMAP_14F 47028
CU_NEEDS_REMAP_150 48388
CU_NEEDS_REMAP_15C 34248
CU_NEEDS_REMAP_161 26097
CU_NEEDS_REMAP_173 21714
CU_NEEDS_REMAP_17A 54316
CU_NEEDS_REMAP_184 26049
CU_NEEDS_REMAP_187 42103
CU_NEEDS_REMAP_188 28258
CU_NEEDS_REMAP_18D 30340
CU_NEEDS_REMAP_191 62902
CU_NEEDS_REMAP_192 39687
CU_NEEDS_REMAP_194 24231
CU_NEEDS_REMAP_197 63097
CU_NEEDS_REMAP_19A 44034
CU_NEEDS_REMAP_19D 65205
CU_NEEDS_REMAP_19E 26040
CU_NEEDS_REMAP_1A6 57262
CU_NEEDS_REMAP_1B2 50559
CU_NEEDS_REMAP_1B5 44390
CU_NEEDS_REMAP_1BD 40841
CU_NEEDS_REMAP_1CC 31645
CU_NEEDS_REMAP_1CF 45399
CU_NEEDS_REMAP_1D5 49360
CU_NEEDS_REMAP_1D6 55054
CU_NEEDS_REMAP_1DA 65466
CU_NEEDS_REMAP_227 62917
CU_NEEDS_REMAP_228 64870
CU_NEEDS_REMAP_229 60347
CU_NEEDS_REMAP_22C 55680
CU_NEEDS_REMAP_22F 53980
CU_NEEDS_REMAP_230 39030
CU_NEEDS_REMAP_231 21662
CU_NEEDS_REMAP_233 24797
CU_NEEDS_REMAP_234 53158
CU_NEEDS_REMAP_235 58836
CU_NEEDS_REMAP_236 38432
CU_NEEDS_REMAP_237 21821
CU_NEEDS_REMAP_23A 40664
CU_NEEDS_REMAP_23B 21232
CU_NEEDS_REMAP_23C 57564
CU_NEEDS_REMAP_240 53230
CU_NEEDS_REMAP_24F 37877
CU_NEEDS_REMAP_26D 44593
CU_NEEDS_REMAP_275 29876
CU_NEEDS_REMAP_279 20507
CU_NEEDS_REMAP_27C 30622
CU_NEEDS_REMAP_281 38768
CU_NEEDS_REMAP_284 59290
CU_NEEDS_REMAP_28A 45237
CU_NEEDS_REMAP_2B9 23844
CU_NEEDS_REMAP_2BA 41968
CU_NEEDS_REMAP_2BE 22949
CU_NEEDS_REMAP_2C4 57967
CU_NEEDS_REMAP_2CD 26306
CU_NEEDS_REMAP_2D6 59812
CU_NEEDS_REMAP_2DA 48228
CU_NEEDS_REMAP_2DF 20608
CU_NEEDS_REMAP_2E2 27974
CU_NEEDS_REMAP_2E4 26392
CU_NEEDS_REMAP_2E8 48692
CU_NEEDS_REMAP_2EC 38410
CU_NEEDS_REMAP_2F1 47312
CU_NEEDS_REMAP_2F4 46714
CU_NEEDS_REMAP_2F6 44694
CU_NEEDS_REMAP_2F7 28410
CU_NEEDS_REMAP_2F8 44649
CU_NEEDS_REMAP_2FA 23819
CU_NEEDS_REMAP_2FB 28249
CU_NEEDS_REMAP_2FE 65277
CU_NEEDS_REMAP_30E 58045
CU_NEEDS_REMAP_30F 21207
CU_NEEDS_REMAP_315 20635
CU_NEEDS_REMAP_316 37438
CU_NEEDS_REMAP_317 53699
CU_NEEDS_REMAP_31B 64019
CU_NEEDS_REMAP_31C 40413
CU_NEEDS_REMAP_31E 63093
CU_NEEDS_REMAP_32B 51302
CU_NEEDS_REMAP_32D 52094
CU_NEEDS_REMAP_337 40986
CU_NEEDS_REMAP_33A 37388
CU_NEEDS_REMAP_343 35084
CU_NEEDS_REMAP_34D 31678
CU_NEEDS_REMAP_354 26952
CU_NEEDS_REMAP_356 31802
CU_NEEDS_REMAP_35C 38748
CU_NEEDS_REMAP_360 54037
CU_NEEDS_REMAP_36A 63218
CU_NEEDS_REMAP_379 49543
CU_NEEDS_REMAP_398 26066
CU_NEEDS_REMAP_3B0 38427
CU_NEEDS_REMAP_3BA 49869
CU_NEEDS_REMAP_3E0 22603
CU_NEEDS_REMAP_3E6 27269
CU_NEEDS_REMAP_3EC 42458
CU_NEEDS_REMAP_3F3 21448
CU_NEEDS_REMAP_3F5 25051
CU_NEEDS_REMAP_3F8 22334
CU_NEEDS_REMAP_3F9 55309
CU_NEEDS_REMAP_3FA 49239
CU_NEEDS_REMAP_62 48473
CU_NEEDS_REMAP_6A 44502
CU_NEEDS_REMAP_6B 60257
CU_NEEDS_REMAP_6F 59817
CU_NEEDS_REMAP_73 33858
CU_NEEDS_REMAP_86 26126
CU_NEEDS_REMAP_97 39779
CU_NEEDS_REMAP_AC 37750
CU_NEEDS_REMAP_AD 39701
CU_NEEDS_REMAP_B2 45332
CU_NEEDS_REMAP_B4 44411
CU_NEEDS_REMAP_B5 63190
CU_NEEDS_REMAP_D2 35782
CU_NEEDS_REMAP_F4 61957
CU_NEEDS_REMAP_F5 51776
CU_NEEDS_REMAP_F6 23298
CU_NEEDS_REMAP_F8 60485
CU_NEEDS_REMAP_F9 61937
CU_TRY_CHANGE_RANDOM_OPTION 21769
CU_UNLOCK_EP_PAGE 43288
CU_WAITING_ROOM_SEARCH 28322
C_ACCEPT_CONTRACT 44518
C_ACCEPT_FRIEND 54283
C_ACCEPT_GUILD_APPLY 56292
C_ACTIVATE_CARD_COMBINE_LIST 63188
C_ADD_CRYSTAL_COMBINE_MATERIAL 25460
C_ADD_FRIEND 36783
C_ADD_FRIEND_GROUP 25587
C_ADD_INTER_PARTY_MATCH_POOL 24606
C_ADD_ITEM_TO_VM_BUY_BASKET 60644
C_ADD_ITEM_TO_VM_SELL_BASKET 62788
C_ADD_TELEPORT_TO_POS_LIST 45036
C_ADD_TRADE_BAG 58817
C_ADMIN 42076
C_ADMIN_ADD_CUSTOM_BOOKMARK 33050
C_ADMIN_CHAT_BAN 23835
C_ADMIN_CHECK_USERNAME 22554
C_ADMIN_GET_DUNGEON_USER_LIST 58056
C_ADMIN_GET_USER_INFO_BY_DBID 61426
C_ADMIN_GET_USER_INFO_LIST_BY_DISTANCE 23054
C_ADMIN_GMEVENT_NOTICE 54818
C_ADMIN_GMEVENT_OFF 34496
C_ADMIN_GMEVENT_OX_QUIZ_NEXT_QUIZ 22096
C_ADMIN_GMEVENT_OX_QUIZ_NEXT_REPE_QUIZ 58604
C_ADMIN_GMEVENT_STATUS 48441
C_ADMIN_GMEVENT_USER_KICK 53989
C_ADMIN_GMEVENT_USER_SUMMON 55168
C_ADMIN_GM_MAPTELEPORT 56403
C_ADMIN_GM_SKILL 35145
C_ADMIN_GM_TELEPORT 60491
C_ADMIN_HOLD_CHARACTER 53342
C_ADMIN_KILL_NPC 21552
C_ADMIN_REMOVE_CUSTOM_BOOKMARK 47785
C_ADMIN_REMOVE_NPC 33549
C_ADMIN_REQUEST_CUSTOM_BOOKMARK 38148
C_ADMIN_REQUEST_DEFAULT_BOOKMARK 28217
C_ADMIN_REQUEST_USERACTION 41947
C_ADMIN_REQUEST_USERINFO 39510
C_ADMIN_SPAWN_NPC 26536
C_ADMIN_VANISH_PET 28545
C_ADMIN_WARNING_MESSAGE 50500
C_ANSWER_BANNING_PARTY_MEMBER 54330
C_APPLY_GUILD 41183
C_APPLY_INVEN_POCKET_SORT 59477
C_APPLY_PARTY 43145
C_APPLY_TITLE 23055
C_ARRIVE_AT_JUMPGEAR_DESTINATION 51085
C_ASK_HANCOIN_AMOUNT 24119
C_ASK_INTERACTIVE 39279
C_AVAILABLE_EVENT_MATCHING_LIST 53443
C_AWESOMIUM_WEB_COUNTING 22730
C_BANISH_GUILD_MEMBER 58115
C_BAN_FROM_GROUP_DUEL 48096
C_BAN_PARTY_MEMBER 22977
C_BATTLE_FIELD_BOARD_REQUEST 40620
C_BATTLE_FIELD_HELP 57724
C_BATTLE_FIELD_MAP_ALARM 48782
C_BATTLE_FIELD_POINT_STORE_BUY_ADD_BASKET 34108
C_BATTLE_FIELD_POINT_STORE_BUY_DEL_BASKET 39262
C_BATTLE_FIELD_POINT_STORE_COMMIT 55384
C_BETTING_TRY 29573
C_BIND_ITEM_BEGIN_PROGRESS 61679
C_BIND_ITEM_EXECUTE 57851
C_BLOCK_USER 24939
C_BROADCAST_CLIMBING 23448
C_BUY_VILLAGER_BUFF 62565
C_CANCEL_CHANGE_USER_APPEARANCE 23558
C_CANCEL_CONTRACT 50022
C_CANCEL_DELETE_USER 65084
C_CANCEL_EXIT 58504
C_CANCEL_PREPARE_CHANGE_USER_APPEARANCE 47215
C_CANCEL_RETURN_TO_LOBBY 60237
C_CANCEL_SELECT_CHANNEL 62662
C_CANCEL_SKILL 35228
C_CAN_CREATE_USER 25362
C_CAN_LOCKON_TARGET 35679
C_CAST_FISHING_ROD 61894
C_CHANGE_CARD_PRESET 36095
C_CHANGE_CHANNEL_PASSWORD 38628
C_CHANGE_EQUIP_PRESET 59172
C_CHANGE_FRIEND_MEMO 40675
C_CHANGE_GROUP_DUEL_SETTING 46239
C_CHANGE_GUILDGROUP 33096
C_CHANGE_GUILDNAME 34653
C_CHANGE_GUILD_CHIEF 35855
C_CHANGE_ITEM_COLORING_POTION 60428
C_CHANGE_ITEM_PASSIVE_LIST 42354
C_CHANGE_LOOKS_SERVANT 28408
C_CHANGE_MY_STATE 28168
C_CHANGE_PARTY_MANAGER 24790
C_CHANGE_PARTY_MEMBER_AUTHORITY 21843
C_CHANGE_SERVANT_NAME 57529
C_CHANGE_USER_LOBBY_SLOT_ID 38242
C_CHAT 60279
C_CHAT_REPORT 36304
C_CHECK_CHANGE_GUILDNAME 46972
C_CHECK_EVENT_MATCHING_LIST_CHECKBOX 43202
C_CHECK_EVENT_SYSTEM_REWARD 27838
C_CHECK_RTT 62096
C_CHECK_TO_DECLARE_GUILD_WAR 30842
C_CHECK_TO_OPPOSITE_DECLARE_GUILD_WAR 37928
C_CHECK_USERNAME 47214
C_CHECK_VERSION 19900
C_CITY_WAR_INFO_HISTROY 29961
C_CITY_WAR_SEASON_HISTROY 26240
C_CLEAR_SEND_PARCEL 64985
C_CLOSE_SEND_PARCEL 28244
C_CLOSE_VM 62017
C_COLLECTION_PICKEND 30218
C_COLLECTION_PICKSTART 37137
C_COMBINE_ITEM 47720
C_COMMIT_ACCESSORY_TRANSFORM 30923
C_COMMIT_CHANGE_USER_APPEARANCE 47570
C_COMPLETE_DAILY_EVENT 20411
C_COMPLETE_EXTRA_EVENT 33216
C_CONFIRM_EVENT_SYSTEM 53777
C_CONFIRM_INVITE_CODE 24752
C_CONFIRM_SERVANT_AUTO_FEED_INFO 63794
C_CONFIRM_SERVANT_AUTO_POTION_INFO 60322
C_CONFIRM_UPDATE_NOTIFICATION 65024
C_CREATE_GROUP_DUEL 42111
C_CREATE_GUILDGROUP 48266
C_CREATE_PRIVATE_CHANNEL 47208
C_CREATE_USER 36611
C_CREST_APPLY 62780
C_CREST_APPLY_LIST 63906
C_CRYSTAL_COMBINE_EXECUTE 44286
C_CUSTOM_USER_CUSTOMIZING 37109
C_DEACTIVATE_CARD_COMBINE_LIST 34761
C_DECLARE_GUILD_WAR 54118
C_DELETE_FRIEND 46538
C_DELETE_PARCEL 61396
C_DELETE_SERVANT 27370
C_DELETE_TELEPORT_TO_POS_LIST 63070
C_DELETE_USER 50202
C_DELIVERY_STORE_ADD_BASKET 26320
C_DELIVERY_STORE_COMMIT 64600
C_DELIVERY_STORE_DEL_BASKET 65509
C_DEL_CRYSTAL_COMBINE_MATERIAL 41940
C_DEL_INTER_PARTY_MATCH_POOL 54985
C_DEL_ITEM 58545
C_DESTROY_GUILD 50380
C_DIALOG 27322
C_DIALOG_EVENT 55963
C_DISMISS_PARTY 51385
C_DUNGEON_CLEAR_COUNT_LIST 23704
C_DUNGEON_COOL_TIME_LIST 54263
C_DUNGEON_WORK_ENTER 30449
C_DUNGEON_WORK_LEAVE 60288
C_DUNGEON_WORK_POINT_STORE_BUY_ADD_BASKET 51590
C_DUNGEON_WORK_POINT_STORE_BUY_DEL_BASKET 25196
C_DUNGEON_WORK_POINT_STORE_COMMIT 48412
C_EDIT_FRIEND_GROUP 43350
C_EDIT_PRIVATE_CHANNEL 32160
C_ENCHANTER_USE 47258
C_END_CLIMBING 28565
C_END_CUSTOMIZING_PARTS_SHAPE 50100
C_END_FISHING_MINIGAME 23148
C_END_MOVIE 30927
C_END_RESTORE_CUSTOMIZING_PARTS_SHAPE 53372
C_ENTER_DUNGEON 39532
C_ENTER_SCENARIO_DUNGEON 42854
C_EQUIPMENT_ENCHANT_SCROLL_USE 65296
C_EVENT_GUIDE 33506
C_EVENT_MATCHING_DUNGEON_DETAIL_INFO 59977
C_EXIT 59496
C_EXPAND_INVEN_POCKET 21400
C_FACIAL_ATTACHMENT 58351
C_FIELD_EVENT_BAN 54893
C_FINDNAME 31605
C_GACHA_CANCEL 36508
C_GACHA_TRY 36058
C_GAMBLE_GO 48632
C_GAMBLE_STOP 24563
C_GAMBLE_TRY 63604
C_GET_ATTENDANCE_REWARD 62718
C_GET_EVENT_DETAIL 30598
C_GET_EVENT_SYSTEM_REWARD 57712
C_GET_GUILD_HISTORY 56416
C_GET_GUILD_QUEST_WEEKLY_REWARD 61971
C_GET_GUILD_WARE_HISTORY 33572
C_GET_IN_SHUTTLE 30958
C_GET_OUT_SHUTTLE 24552
C_GET_USER_GUILD_LOGO 27146
C_GET_USER_LIST 37662
C_GET_WARE_ITEM 34781
C_GMEVENT_LEAVE_EVENT 61620
C_GMEVENT_MOVE_TO_STADIUM 35216
C_GMEVENT_OX_REPE_QUIZ_ANSWER 36600
C_GROUP_DUEL_ADD_BETTING_ITEM 29732
C_GROUP_DUEL_BETTING 52486
C_GROUP_DUEL_BETTING_MONEY 49135
C_GROUP_DUEL_CHANGE_REPRESENT 31234
C_GROUP_DUEL_DEL_BETTING_ITEM 38450
C_GROUP_DUEL_RECORD 34507
C_GUARD_PK_POLICY 31068
C_GUILD_APPLY_LIST 29035
C_GUILD_APPLY_LIST_PAGE 56147
C_GUILD_STORE_BUY_ADD_BASKET 51166
C_GUILD_STORE_BUY_DEL_BASKET 28873
C_GUILD_STORE_COMMIT 26822
C_HARDWARE_INFO 37010
C_HIT_USER_PROJECTILE 24468
C_INGAME_CHANGE_USER_APPEARANCE_TRY 62038
C_INVALID_BUILD_VERSION 32520
C_INVITE_USER_TO_GUILD 61330
C_ITEMSYNTHESIZER_REQUEST_CANCEL 32206
C_ITEMSYNTHESIZER_REQUEST_MATERIAL 42134
C_ITEMSYNTHESIZER_REQUEST_START 22079
C_ITEM_COLORING_ADD_ITEM 64049
C_ITEM_COLORING_REMOVE_ITEM 49156
C_ITEM_COLORING_SET_COLOR 53402
C_JOIN_GROUP_DUEL 37100
C_JOIN_PRIVATE_CHANNEL 32278
C_KICK_CHANNEL_MEMBER 42289
C_LEARN_EP_PERK 20840
C_LEAVE_GROUP_DUEL 36001
C_LEAVE_GUILD 31875
C_LEAVE_PARTY 65462
C_LEAVE_PRIVATE_CHANNEL 22046
C_LIST_CHANNEL 26139
C_LIST_PARCEL 52485
C_LOAD_EP_INFO 44805
C_LOAD_TOPO_FIN 24916
C_LOGIN_ARBITER 23285
C_LORD_CALC_TAX 34323
C_LORD_CANDIDATE_LIST 61076
C_LORD_CANDIDATE_PLEDGE 42047
C_LORD_CHANGE_GREETINGS 63316
C_LORD_CHANGE_POLICY 54944
C_LORD_REGISTER 36168
C_LORD_REGISTER_INFO 40326
C_LORD_TAX_SET 59243
C_LORD_VOTE 34694
C_LORD_VOTE_CANDIDATE_LIST 35957
C_MAIN_MENU_COMMAND_EXEC 37964
C_MEDAL_STORE_BUY_ADD_BASKET 59026
C_MEDAL_STORE_BUY_DEL_BASKET 38819
C_MEDAL_STORE_COMMIT 48642
C_MEET_BOSS_INFO 45811
C_MERGE_ITEM 34730
C_MERGE_ITEM_EXECUTE 46990
C_MOUNT_CARD 52528
C_MOUNT_VEHICLE_EX 60281
C_MOVE_ITEM 54478
C_MOVE_SLOT_IN_GROUP_DUEL 50244
C_MOVE_WARE_POS 48865
C_MYTHICCRAFT_REGISTER_MATERIAL_ITEM 35515
C_MYTHICCRAFT_REGISTER_TARGET_ITEM 48826
C_MYTHICCRAFT_UNREGISTER_MATERIAL_ITEM 24352
C_MYTHICCRAFT_UNREGISTER_TARGET_ITEM 24464
C_NOTIFY_LOCATION_IN_ACTION 26637
C_NOTIFY_LOCATION_IN_DASH 56839
C_NOTIMELINE_SKILL 20136
C_NPCGUILD_LIST 56890
C_NPC_CONTACT 46294
C_OPEN_GUILD_WAR_WINDOW 38135
C_OP_COMMAND 58260
C_PARCEL_REPORT 49306
C_PARTY_APPLICATION_DENIED 20224
C_PARTY_MARKER 59585
C_PARTY_MATCH_WINDOW_CLOSED 64109
C_PETITION_CANCEL 39768
C_PETITION_CHECK_CREATABLE 28324
C_PETITION_CHECK_SURVEYABLE 43164
C_PETITION_CREATE 29799
C_PETITION_FEEDBACK 24087
C_PET_LEVEL_UP_ITEM_ADD_TO_LIST 55717
C_PET_LEVEL_UP_ITEM_REMOVE_FROM_LIST 48038
C_PLAYER_FLYING_LOCATION 60332
C_PLAYER_LOCATION 61655
C_PLAY_TIME 31998
C_POINT_STORE_BUY_ADD_BASKET 21945
C_POINT_STORE_BUY_DEL_BASKET 24248
C_POINT_STORE_COMMIT 45349
C_POLITICS_POINT_STORE_BUY_ADD_BASKET 52776
C_POLITICS_POINT_STORE_BUY_DEL_BASKET 39423
C_POLITICS_POINT_STORE_COMMIT 34747
C_PONG 32913
C_PRECONFIRM_INVITE_CODE 20814
C_PREMIUM_COMPOSE_ADD_ITEM 48132
C_PREMIUM_COMPOSE_CANCEL 37193
C_PREMIUM_COMPOSE_DEL_ITEM 42791
C_PREMIUM_COMPOSE_RESET 63344
C_PREMIUM_COMPOSE_TRY 31400
C_PREPARE_WORKOBJECT 53779
C_PRESS_SKILL 20739
C_PREVIEW_ITEM 58825
C_PROMOTION_CANCEL 64001
C_PURCHASE_PROD 21151
C_PUT_INTO_PRISON 45370
C_PUT_WARE_ITEM 57673
C_RECEIVE_COLLECTION_BOOK_REWARD 60784
C_RECEIVE_FREE_STYLE_SHOP_ITEMS 60212
C_RECEIVE_PLAYTIME_EVENT_REWARD 52432
C_RECV_PARCEL 23374
C_RECV_PARCEL_ALL 21290
C_RECV_PARCEL_EX 48348
C_REGISTER_COMBINE_ITEM 57408
C_REGISTER_ENCHANT_ITEM 27792
C_REGISTER_EVOLUTION_ITEM 43433
C_REGISTER_PARTY_INFO 55554
C_REGISTER_REPAIR_ITEM 29131
C_REGISTER_VM_BUY_ITEM 32762
C_REGISTER_VM_SELL_ITEM 58840
C_REJECT_CONTRACT 38485
C_REJECT_INVITE_USER_TO_GUILD 56916
C_RELEASE_FROM_PRISON 22181
C_REMOVE_BLOCKED_USER 39895
C_REMOVE_COLORING_POTION 59980
C_REMOVE_GUILDGROUP 29681
C_REMOVE_ITEM_FROM_VM_BUY_BASKET 62249
C_REMOVE_ITEM_FROM_VM_SELL_BASKET 33219
C_RENAME_TELEPORT_TO_POS_LIST 50233
C_REPLY_TELEPORT 44768
C_REPLY_THROUGH_ARBITER_CONTRACT 23420
C_REQUEST_ABNORMALITY_TOOLTIP_VALUE 56182
C_REQUEST_ACCESSORY_COST_INFO 42945
C_REQUEST_ACHIEVEMENT_LIST 47878
C_REQUEST_BATTLE_FIELD_CHAT_BAN 23970
C_REQUEST_BOSS_GAGE_INFO 54655
C_REQUEST_BUY_VIP_STORE_ITEM 45016
C_REQUEST_CANCEL_GUILD_QUEST 42705
C_REQUEST_CANDIDATE_LIST 33239
C_REQUEST_CHANGE_CHARACTER_NAME 21406
C_REQUEST_CHANGE_DUAL_OPTION_IDX 49431
C_REQUEST_CHANGE_LOOKS_SERVANT 59400
C_REQUEST_CITY_WAR_MAP_INFO 29980
C_REQUEST_CLIENT_CHAT_OPTION_SETTING 26153
C_REQUEST_CLIENT_UI_SETTING 39627
C_REQUEST_CONTRACT 34899
C_REQUEST_COOLTIME_TO_JOIN_GUILD 51652
C_REQUEST_COUPON_DATA 64095
C_REQUEST_COUPON_LIST 53595
C_REQUEST_DEMOLISH_GUILD_TOWER 52168
C_REQUEST_DESPAWN_SERVANT 37484
C_REQUEST_DICE_THROW 36587
C_REQUEST_DUNGEON_WORK_LIST 31584
C_REQUEST_ENCHANT 64123
C_REQUEST_ENTER_VIP_DUNGEON 60708
C_REQUEST_EQUIPMENT_INHERITANCE 47975
C_REQUEST_EVENT_MATCHING_TELEPORT 33555
C_REQUEST_EVOLUTION 44018
C_REQUEST_FIELD_POINT_REWARD 39121
C_REQUEST_FINISH_GUILD_QUEST 41778
C_REQUEST_FLY_MOVE_INFO 40628
C_REQUEST_GAMESTAT_PING 24098
C_REQUEST_GUILD_INCENTIVE 20493
C_REQUEST_GUILD_INFO 23377
C_REQUEST_GUILD_INFO_BEFORE_APPLY_GUILD 49222
C_REQUEST_GUILD_LEVEL_RANKING 47385
C_REQUEST_GUILD_LIST 34411
C_REQUEST_GUILD_LIST_PAGE 53713
C_REQUEST_GUILD_PERK_LIST 25504
C_REQUEST_GUILD_WANTED_WRITING_LIST 22874
C_REQUEST_GUILD_WANTED_WRITING_LIST_PAGE 29257
C_REQUEST_GUILD_WAR_PENALTY_INFO 54232
C_REQUEST_IMAGE_DATA 47725
C_REQUEST_INCREASE_CARD_PRESET 40671
C_REQUEST_INGAMESTORE_PRODUCT_LIST 35527
C_REQUEST_INVITE_GUILD_LIST 26162
C_REQUEST_INVITE_GUILD_LIST_PAGE 35243
C_REQUEST_ITEM_COLORING_VALUE 49214
C_REQUEST_LEARN_GUILD_PERK 21762
C_REQUEST_MEGAPHONE 53410
C_REQUEST_MYTHICCRAFT 35776
C_REQUEST_MY_ACTIVATE_CARD_COMBINE_LIST_DATA 45149
C_REQUEST_MY_PARTY_MATCH_INFO 28262
C_REQUEST_NAME_PREEMPTION 28866
C_REQUEST_NONDB_ITEM_INFO 35775
C_REQUEST_NONDB_MYTHICITEM_TOOLTIP 25738
C_REQUEST_ONGOING_FIELD_EVENT_LIST 63719
C_REQUEST_OPEN_DUAL_OPTION 52325
C_REQUEST_OPEN_DUAL_OPTION_MATERIAL_INFO 35034
C_REQUEST_OTHERS_ACTIVATE_CARD_COMBINE_LIST_DATA_WITH_GAMEID 61369
C_REQUEST_OTHERS_CARD_DATA 41060
C_REQUEST_OTHERS_CARD_DATA_WITH_GAMEID 55579
C_REQUEST_PARTY_INFO 64821
C_REQUEST_PARTY_MATCH_INFO 61398
C_REQUEST_PARTY_MATCH_INFO_PAGE 41567
C_REQUEST_PARTY_MATCH_LINK 42975
C_REQUEST_PET_CONSUME_EXP_ITEM 44477
C_REQUEST_PLAYTIME 48134
C_REQUEST_PRIVATE_CHANNEL_INFO 29629
C_REQUEST_PVE_RANKING 40996
C_REQUEST_PVP_RANKING 22331
C_REQUEST_QUEST_BACKUP_ITEM 58664
C_REQUEST_RECEIVE_SERVANT_ADVENTURE_REWARD 55954
C_REQUEST_RECV_DAILY_TOKEN 36659
C_REQUEST_RENAME_GUILD 64540
C_REQUEST_REPUTATION_STORE_TELEPORT 62280
C_REQUEST_RESET_EPPERK 63273
C_REQUEST_RESET_VIP_STORE 43550
C_REQUEST_RIGHT_ITEM_LIST 23733
C_REQUEST_ROUND_PVE_SKILL_LIST 49076
C_REQUEST_SERVANT_ADVENTURE_END_TIME_BY_FIELD_ID 29827
C_REQUEST_SERVANT_ADVENTURE_LIST 32106
C_REQUEST_SERVANT_ADVENTURE_REDUCE_TIME 34396
C_REQUEST_SERVANT_AUTO_FEED_INFO 52886
C_REQUEST_SERVANT_AUTO_POTION_INFO 22302
C_REQUEST_SERVANT_CANCEL_ADVENTURE 65406
C_REQUEST_SERVANT_COMPOSE 62144
C_REQUEST_SERVANT_EVOLUTION 47127
C_REQUEST_SERVANT_INFO_LIST 23975
C_REQUEST_SERVANT_LEAVING_FOR_ADVENTURE 48748
C_REQUEST_SERVER_ADMINTOOL_AWESOMIUM_URL 35801
C_REQUEST_SET_GUILD_WANTED_WRITING 36731
C_REQUEST_SHARE_QUEST 57946
C_REQUEST_SPAWN_SERVANT 23680
C_REQUEST_STACK_ATTENDANCE_EVENT_INFO_UPDATE 42223
C_REQUEST_STACK_ATTENDANCE_EVENT_REWARD 55714
C_REQUEST_START_GUILD_QUEST 30633
C_REQUEST_UPDATE_ANNOUNCE 40113
C_REQUEST_UPDATE_INTRODUCE 54324
C_REQUEST_USABLE_CHARACTER_NAME 62951
C_REQUEST_USABLE_GUILD_NAME 39372
C_REQUEST_USER_ITEMLEVEL_INFO 28476
C_REQUEST_USER_PAPERDOLL_INFO 20755
C_REQUEST_USER_PAPERDOLL_INFO_WITH_GAMEID 58455
C_REQUEST_VIP_STORE_ITEM_LIST 27280
C_REQUEST_WRITE_BOARD 54154
C_RESET_ALL_DUNGEON 22631
C_RESPONSE_SPAWN_DROPITEM 44530
C_RETURN_PARCEL 62100
C_RETURN_TO_LOBBY 23257
C_RETURN_USER_GIFT 63485
C_REUQUEST_JOINED_CHANNEL_LIST 32632
C_REVIVE_NOW 53659
C_RIDE_PEGASUS 21813
C_ROLLBACK_QUEST 36092
C_ROUND_PVE_SKILL_SELECT 31410
C_RQ_ADD_ITEM_TO_DECOMPOSITION_CONTRACT 64765
C_RQ_COMMIT_DECOMPOSITION_CONTRACT 65461
C_RQ_DEL_ITEM_FROM_DECOMPOSITION_CONTRACT 39915
C_RQ_SKILL_POLISHING_CHANGE_OPTION 35033
C_RQ_SKILL_POLISHING_EXP_INFO 44343
C_RQ_SKILL_POLISHING_LIST 31107
C_RQ_SKILL_POLISHING_UPGRADE_LEVEL 21557
C_RQ_START_SOCIAL_ON_PROGRESS_DECOMPOSITION 60518
C_RQ_UPDATE_ITEM_TO_DECOMPOSITION_CONTRACT 33667
C_SAVE_CLIENT_ACCOUNT_SETTING 35802
C_SAVE_CLIENT_CHAT_OPTION_SETTING 46250
C_SAVE_CLIENT_UI_SETTING 43407
C_SAVE_CLIENT_USER_SETTING 40143
C_SECOND_PASSWORD_AUTH 34591
C_SECOND_PASSWORD_REGISTER 30238
C_SELECT_CHANNEL 62335
C_SELECT_USER 33003
C_SEND_PARCEL 54713
C_SEND_UI_LOG 31587
C_SERVANT_ABILITY 40631
C_SERVER_TIME 42374
C_SET_GUILDGROUP_AUTHORITY 59525
C_SET_GUILD_JOIN_CONDITION 65499
C_SET_SEND_PARCEL_ITEM 51775
C_SET_SEND_PARCEL_MONEY 33457
C_SET_SEND_PARCEL_TYPE 25574
C_SET_SERVANT_SEQUENCE 24034
C_SET_TARGET_INFO 21021
C_SET_VISIBLE_RANGE 59375
C_SHARE_USER_PING 58340
C_SHOW_AWESOMIUMWEB_SHOP 30615
C_SHOW_GUILD_QUEST_LIST 33890
C_SHOW_ITEMLIST 53742
C_SHOW_ITEM_TOOLTIP_EX 30152
C_SHOW_NAME_PLATE_ICON 36255
C_SHOW_PARCEL_MESSAGE 64089
C_SHOW_QUEST_INFO_DIALOG 34991
C_SHOW_STYLE 24793
C_SHOW_TRADE_ITEM 38971
C_SHOW_TRADE_LOG 32115
C_SIMPLE_TIP_DONT_REPEAT 61109
C_SIMPLE_TIP_REPEAT_CHECK 63942
C_SKILL_LEARN_LIST 55726
C_SKILL_LEARN_REQUEST 56493
C_SOCIAL 57900
C_START_COMBO_INSTANT_SKILL 61021
C_START_ENCHANT 34247
C_START_EVOLUTION 45374
C_START_FISHING_MINIGAME 38573
C_START_GUILD_SKILL 52720
C_START_INSTANCE_SKILL 49469
C_START_INSTANCE_SKILL_EX 41033
C_START_MYTHICCRAFT 31049
C_START_PRODUCE 63251
C_START_SERVANT_ACTIVE_SKILL 30372
C_START_SKILL 50600
C_START_SKILL_BY_VEHICLE_EX 55528
C_START_TARGETED_SKILL 57280
C_START_VM_BUY 54467
C_START_VM_SELL 28041
C_STOP_FISHING 36662
C_STORE_BUY_ADD_BASKET 38021
C_STORE_BUY_DEL_BASKET 22718
C_STORE_COMMIT 39868
C_STORE_SELL_ADD_BASKET 34276
C_STORE_SELL_DEL_BASKET 38676
C_STYLE_SHOP_BUY_REPUTATION_ITEM 34856
C_STYLE_SHOP_BUY_TCAT_ITEM 20138
C_SUGGEST_DARK_RIFT_PARTY_MATCHING 64022
C_SURVEY_ANSWER 56694
C_TELEPORT_DARK_RIFT 60670
C_TELEPORT_TO_CAMP 23901
C_TELEPORT_TO_POS 42970
C_TELEPORT_TO_VILLAGE 44195
C_TEL_CAMP 57986
C_TOGGLE_GROUP_DUEL_READY 53763
C_TOGGLE_GROUP_DUEL_SLOT 60516
C_TOGGLE_TASK_INFO_WINDOW 50194
C_TRADE_BAG_CLOSE 54533
C_TRADE_BAG_DONE 23512
C_TRADE_BROKER_BOUGHT_ITEM_LIST 43978
C_TRADE_BROKER_BUY_IT_NOW 63085
C_TRADE_BROKER_CALC_BOUGHT_ITEM 23568
C_TRADE_BROKER_CALC_SOLD_ITEM 29974
C_TRADE_BROKER_DEAL_CONFIRM 40867
C_TRADE_BROKER_DEAL_PRICE_UPDATE 56191
C_TRADE_BROKER_HIGHEST_ITEM_LEVEL 60155
C_TRADE_BROKER_HISTORY_ITEM_LIST_NEW 30388
C_TRADE_BROKER_HISTORY_ITEM_LIST_PAGE 58687
C_TRADE_BROKER_HISTORY_ITEM_LIST_SORT 38970
C_TRADE_BROKER_INPUT_PRICE 28468
C_TRADE_BROKER_REGISTERED_ITEM_LIST 47489
C_TRADE_BROKER_REGISTER_ITEM 32372
C_TRADE_BROKER_REJECT_SUGGEST 45887
C_TRADE_BROKER_SOLD_ITEM_LIST 37605
C_TRADE_BROKER_SUGGEST_DEAL 42888
C_TRADE_BROKER_UNREGISTER_ITEM 47290
C_TRADE_BROKER_WAITING_ITEM_LIST_NEW 36295
C_TRADE_BROKER_WAITING_ITEM_LIST_PAGE 36091
C_TRADE_BROKER_WAITING_ITEM_LIST_SORT 34915
C_TRANSFER_VEHICLE_EX 45843
C_TRY_LOOT_DROPITEM 21578
C_TRY_NPC_INTERACTION 32410
C_TRY_TELEPORT_FIELD_EVENT 53932
C_UNBIND_ITEM 46105
C_UNEQUIP_ITEM 39917
C_UNEQUIP_SERVANT_ITEM 23518
C_UNMOUNT_CARD 55337
C_UNMOUNT_VEHICLE 54986
C_UNREGISTER_COMBINE_ITEM 35940
C_UNREGISTER_ENCHANT_ITEM 24318
C_UNREGISTER_EVOLUTION_ITEM 42195
C_UNREGISTER_PARTY_INFO 54233
C_UNREGISTER_REPAIR_ITEM 51187
C_UNREGISTER_VM_BUY_ITEM 27224
C_UNREGISTER_VM_SELL_ITEM 21995
C_UPDATE_AFK_STATUS 50238
C_UPDATE_CONTENTS_PLAYTIME 62949
C_UPDATE_FRIEND_INFO 30229
C_UPDATE_GUILD_LOGO 24769
C_UPDATE_MY_DESCRIPTION 50989
C_UPDATE_REACTION_POS 22423
C_UPDATE_SKILL_SCRIPT 44261
C_USER_AIM 21102
C_USER_AIM_TO 62052
C_USER_REPORT 24279
C_USE_COUPON 63651
C_USE_ITEM 24160
C_USE_JUMPGEAR 52152
C_USE_PREMIUM_SLOT 44147
C_USE_RIGHT_ITEM 54060
C_USE_SERVANT_FEED_ITEM 23238
C_VEHICLEEX_LOCATION 51149
C_VEHICLE_EX_ARROW_HIT 26721
C_VIEW_BATTLEFIELD_STORE 57533
C_VIEW_BATTLE_FIELD_RESULT 54919
C_VIEW_DUNGEONWORK_STORE 55677
C_VIEW_GUILD_WAR 29893
C_VIEW_INTER_PARTY_MATCH_BATTLEFIELD_LIST 38960
C_VIEW_INTER_PARTY_MATCH_DUNGEON_LIST 47747
C_VIEW_WARE 52626
C_VISIT_NEW_SECTION 57252
C_VOTE_HISTORY 64185
C_VOTE_RESET_ALL_DUNGEON 63363
C_WAREHOUSE_AUTO_SORT 57623
C_WHISPER 59621
C_WRITE_BOARD 60838
I_CLOSE_SERVER_CONNECTION 22
I_GFX_ADMIN_COMMAND 18
I_GFX_COMMAND 17
I_INPUT_COMMAND 19
I_MOVE_KEY 20
I_SKILL_KEY 21
I_SPAWN_BARRACK_CHARACTER 1
I_TELEPORT 0
SU_CHANGE_EP_PAGE 39208
SU_NEW_IM_1 29404
SU_NEW_IM_2 57742
SU_NEW_IM_3 51077
SU_NEW_IM_4 48497
SU_NEW_IM_5 52831
SU_NEW_IM_6 35024
SU_NEW_IM_7 57996
SU_NOOP_1 41380
SU_NOOP_2 24475
SU_NOOP_3 65171
SU_NOOP_4 56107
SU_RESULT_CHANGE_RANDOM_OPTION 42476
SU_TERA_LAG_LOG_INFO 46956
SU_TERA_LAG_LOG_STRING 43487
SU_USER_LOOT_ITEM 20546
S_ABNORMALITY_BEGIN 56210
S_ABNORMALITY_DAMAGE_ABSORB 44196
S_ABNORMALITY_END 30075
S_ABNORMALITY_EXTRA 37725
S_ABNORMALITY_FAIL 57244
S_ABNORMALITY_REFRESH 22811
S_ABNORMALITY_RESIST 59348
S_ABNORMALITY_SCALE_UP 31929
S_ABNORMALITY_TOOLTIP_VALUE 31267
S_ACCEPT_CONTRACT 37963
S_ACCOMPLISH_ACHIEVEMENT 46376
S_ACCOUNT_BENEFIT_LIST 35040
S_ACCOUNT_PACKAGE_LIST 54932
S_ACTION_END 21859
S_ACTION_STAGE 46788
S_ACTIVATE_BATTLE_FIELD_CHAT_BAN 41755
S_ACTIVATE_CARD_COMBINE_LIST 64967
S_ACTIVATE_CARD_COMBINE_LIST_DATA 27922
S_ADD_AWAKEN_CHANGE_DATA 54041
S_ADD_AWAKEN_ENCHANT_DATA 40559
S_ADD_BLOCKED_USER 50643
S_ADD_CRYSTAL_COMBINE_MATERIAL 60563
S_ADD_FRIEND 24003
S_ADD_GUILD_GROUP 54485
S_ADD_GUILD_MEMBER 43800
S_ADD_INTER_PARTY_MATCH_POOL 50992
S_ADD_NEW_EVENT_MATCHING_QUEST 56359
S_ADD_TRADE_BAG 44669
S_ADMIN_CHECK_USERNAME 29845
S_ADMIN_CUSTOM_BOOKMARK_LIST 58532
S_ADMIN_DEFAULT_BOOKMARK_LIST 58416
S_ADMIN_DELETE_QUEST 44210
S_ADMIN_GET_DUNGEON_USER_LIST 58717
S_ADMIN_GET_USERINFO_INVEN 48109
S_ADMIN_GET_USERINFO_SKILL 41908
S_ADMIN_GET_USERINFO_WAREHOUSE 31553
S_ADMIN_GET_USER_INFO_BY_DBID 50144
S_ADMIN_GET_USER_INFO_LIST_BY_DISTANCE 45357
S_ADMIN_GMEVENT_STATUS 28449
S_ADMIN_GM_SKILL 25790
S_ADMIN_HOLD_CHARACTER 41742
S_ADMIN_NOTICE 41734
S_ADMIN_PRIVILEGE 35637
S_ADMIN_VIP_TEST 23577
S_ADMIN_WARNING_MESSAGE 33675
S_AERO 64507
S_AIR_REACTION_END 59559
S_ANNOUNCE_MESSAGE 28831
S_ANNOUNCE_UPDATE_NOTIFICATION 23598
S_ANSWER_INTERACTIVE 46305
S_APPLY_TITLE 28552
S_ARENA_END_FIGHT 24304
S_ARENA_FIGHTER_CHANGE_HP 48287
S_ARENA_FIGHT_ABNORMALITY_BEGIN 64714
S_ARENA_FIGHT_ABNORMALITY_END 28432
S_ARENA_FIGHT_ABNORMALITY_REFRESH 40378
S_ARENA_OPTIMIZATION 26517
S_ARENA_RESULT 36438
S_ARENA_START_FIGHT 59090
S_ARRIVE_AT_JUMPGEAR_DESTINATION 24799
S_ARTISAN_RECIPE_LIST 25086
S_ARTISAN_SKILL_LIST 22443
S_ASK_BANNING_PARTY_MEMBER 61403
S_ASK_BIDDING_RARE_ITEM 22536
S_ASK_CODE_HASH 58681
S_ASK_INTER_PARTY_MAKE 46077
S_ASK_QUEST_SHARE 48754
S_ASK_TELEPORT 57487
S_ATTENDANCE_EVENT_REWARD_COUNT 23106
S_AVAILABLE_EVENT_MATCHING_LIST 33037
S_AVAILABLE_SOCIAL_LIST 58796
S_AWAKEN_RESULT 59093
S_BAN_PARTY 53298
S_BAN_PARTY_MEMBER 45392
S_BASE_POINT_BATTLE_FIELD_NODEPOINT_INFO 46337
S_BATTLE_FIELD_ADD_SCORE 32333
S_BATTLE_FIELD_CANCEL_OCCUPATION 36177
S_BATTLE_FIELD_CHANGE_NPC_HP_EVENT 57183
S_BATTLE_FIELD_CHAT_BAN_INFO 63243
S_BATTLE_FIELD_END_OCCUPATION 36428
S_BATTLE_FIELD_ENTRANCE_INFO 33626
S_BATTLE_FIELD_HELP 28746
S_BATTLE_FIELD_JACKPOT_EVENT_START 61665
S_BATTLE_FIELD_MAP_ALARM 36963
S_BATTLE_FIELD_NODEPOINT_GAUGE_INFO 55814
S_BATTLE_FIELD_NPC_KILL_EVENT 41524
S_BATTLE_FIELD_PARTY_MARKER 23168
S_BATTLE_FIELD_PARTY_MARKER_CLEAR 55263
S_BATTLE_FIELD_POINT_STORE_BASKET 56432
S_BATTLE_FIELD_POINT_STORE_SELL_LIST 61202
S_BATTLE_FIELD_RESULT 41536
S_BATTLE_FIELD_SCORE 49367
S_BATTLE_FIELD_START_OCCUPATION 20981
S_BATTLE_FIELD_STATE 42489
S_BATTLE_FIELD_STRONGHOLD_EVENT 60304
S_BATTLE_FIELD_STRONGHOLD_NONE_STATE 30303
S_BATTLE_FIELD_STRONGHOLD_STATE 37935
S_BATTLE_FIELD_TEAM_MEMBERS_POS_INFO 33484
S_BATTLE_FIELD_USER_ASSIST_EVENT 27766
S_BATTLE_FIELD_USER_KILL_EVENT 20134
S_BATTLE_FIELD_USER_KILL_MESSAGE 57471
S_BATTLE_FIELD_USER_LOAD_INFO 43191
S_BATTLE_FIELD_USER_OCCUPIABLE_ENTER 44817
S_BATTLE_FIELD_USER_OCCUPIABLE_LEAVE 52390
S_BEGIN_THROUGH_ARBITER_CONTRACT 32319
S_BETTING_INFO 26647
S_BETTING_START 57791
S_BOARD_ITEM_LIST 28647
S_BONFIRE_CHARM_ADDED 41748
S_BONFIRE_CHARM_BURNED 61009
S_BONFIRE_STATUS 51124
S_BOSS_BATTLE_INFO 44990
S_BOSS_GAGE_INFO 58318
S_BOSS_GAGE_PRIORITY 42031
S_BOSS_GAGE_STACK_INFO 40995
S_BREAK_SHIELD 24187
S_BREAK_SHIELD_END 64961
S_BROADCAST_CLIMBING 57245
S_BUY_INGAMESTORE_MONEYPRODUCT 49850
S_BUY_VIP_STORE_ITEM_SUCCESS 38090
S_BYE_PET 31691
S_CAMERA_SHAKE 30830
S_CANCEL_CONTRACT 56496
S_CANCEL_DELETE_USER 22823
S_CANCEL_EXIT 42613
S_CANCEL_PARTY_LOOTING_METHOD_VOTE 46345
S_CANCEL_PARTY_MATCH_POOL 55126
S_CANCEL_PARTY_MEMBER_BAN 31007
S_CANCEL_PREPARE_CHANGE_USER_APPEARANCE 54034
S_CANCEL_QUEST_SHARE 51157
S_CANCEL_RETURN_TO_LOBBY 24078
S_CANCEL_SELECT_CHANNEL 58773
S_CANCEL_VOTE_DISMISS_PARTY 63054
S_CANCEL_VOTE_RESET_ALL_DUNGEON 27018
S_CANNON_BATTLE_FIELD_BOARD 38854
S_CANNON_BATTLE_FIELD_CRASH_DOOR 52151
S_CANNON_BATTLE_FIELD_GUARDTOWER_STATUS 23966
S_CANNON_BATTLE_FIELD_STRONGHOLD_INFO 50231
S_CANNOT_EQUIP_SAMEKIND 27123
S_CANNOT_START_SKILL 54248
S_CANNOT_USE_CHAT_CHANNEL 27904
S_CANT_FLY_ANYMORE 58792
S_CAN_CREATE_USER 28786
S_CAN_DUNGEON_RETRY 42635
S_CAN_LOCKON_TARGET 34005
S_CARD_COLLECTION_BOOK_LEVEL_UP 53078
S_CARD_DATA 20604
S_CARD_DATA_RESET 56035
S_CAST_FISHING_ROD 60261
S_CHANGE_CARD_PRESET 56506
S_CHANGE_CHARACTER 65455
S_CHANGE_CITY_WAR_STATE 51602
S_CHANGE_DESTPOS_PROJECTILE 27817
S_CHANGE_EP_EXP_DAILY_LIMIT 50107
S_CHANGE_EP_POINT 49223
S_CHANGE_EVENT_MATCHING_STATE 34732
S_CHANGE_FREE_FIGHT_BATTLE_FIELD_RANKING 33060
S_CHANGE_FRIEND_PROFILE 22083
S_CHANGE_FRIEND_STATE 59527
S_CHANGE_GUILDNAME 34265
S_CHANGE_GUILD_CHIEF 43902
S_CHANGE_ITEM_PASSIVE_LIST 50427
S_CHANGE_LOOKS_PREMIUM_RESULT 59589
S_CHANGE_LOOKS_PREMIUM_START 28813
S_CHANGE_LOOKS_SERVANT 40493
S_CHANGE_LOOT_ITEM_AMOUNT 44294
S_CHANGE_MODE 33799
S_CHANGE_NAME_STRING 43898
S_CHANGE_PARTY_MANAGER 55981
S_CHANGE_PARTY_MEMBER_AUTHORITY 52162
S_CHANGE_PK_INFO 35149
S_CHANGE_POCKET_NAME 64840
S_CHANGE_RELATION 37622
S_CHANGE_SERVANT_CONDITIONAL_SKILL 48285
S_CHANGE_SERVANT_ENERGY 58652
S_CHANGE_SERVANT_NAME 53904
S_CHANGE_USER_NAME_RESULT 34891
S_CHANGE_VOICE_USE_QAC 23739
S_CHAPTERHOUSE_QUEST_LIST 58753
S_CHAT 32107
S_CHAT_REPORT 21234
S_CHECK_CHANGE_GUILDNAME 56749
S_CHECK_EVENT_SYSTEM_REWARD 57148
S_CHECK_NEW_GUILDNAME 29181
S_CHECK_RTT 21168
S_CHECK_TO_DECLARE_GUILD_WAR 23753
S_CHECK_TO_OPPOSITE_DECLARE_GUILD_WAR 25028
S_CHECK_TO_READY_PARTY 51745
S_CHECK_TO_READY_PARTY_FIN 21968
S_CHECK_USERNAME 34008
S_CHECK_VERSION 19901
S_CITYWAR_WARNING_UNDERATTACK 36180
S_CITY_WAR_INFO_HISTROY 47199
S_CITY_WAR_NPC_INFO 62720
S_CITY_WAR_NPC_KILL 35330
S_CITY_WAR_SEASON_HISTROY 55170
S_CLEAR_ALL_HOLDED_ABNORMALITY 45717
S_CLEAR_QUEST_INFO 34406
S_CLEAR_WORLD_QUEST_VILLAGER_INFO 46533
S_CLIENT_COMMAND 50905
S_CLOSE_VM_SETTING_WINDOW 29548
S_COLLECTION_PICKEND 30865
S_COLLECTION_PICKSTART 35026
S_COMBO_START 35318
S_COMMAND_HELP 20345
S_COMMIT_ACCESSORY_TRANSFORM_RESULT 39435
S_COMPLETED_MISSION_INFO 39667
S_COMPLETE_CHRONOSCROLL_USE 61195
S_COMPLETE_EVENT_MATCHING_QUEST 26850
S_COMPLETE_LOOP_QUEST 55398
S_COMPLETE_QUEST 44364
S_COMPLETE_VOTE 61141
S_CONFIRM_INVITE_CODE 59945
S_CONFIRM_INVITE_CODE_BUTTON 54301
S_CONFIRM_SERVANT_AUTO_FEED_INFO 39130
S_CONFIRM_SERVANT_AUTO_POTION_INFO 42253
S_CONNECT_SKILL_ARROW 42760
S_CONTENTS_TIMER 63873
S_CONTRACT_PET_LEVEL_UP_ITEM_LIST_UPDATE 62856
S_CONTROL_DOOR 48928
S_COUNTDOWN_GROUP_DUEL 57174
S_COUPON_DATA 41495
S_COUPON_LIST 58771
S_COUPON_NOTIFY 60522
S_CREATE_CHARACTER_RESTRICTION 43608
S_CREATE_GUILD_RESULT 35438
S_CREATE_USER 29024
S_CREATURE_CHANGE_HP 21245
S_CREATURE_LIFE 27284
S_CREATURE_ROTATE 35923
S_CREST_APPLY 43099
S_CREST_ASK_DISAPPLY_ALL 26128
S_CREST_CHANGE_FAIL 54844
S_CREST_INFO 45131
S_CREST_MESSAGE 57910
S_CREST_UPGRADE_INFO 28604
S_CRYSTAL_COMBINE_RESULT 46498
S_CURRENT_CHANNEL 27939
S_CURRENT_ELECTION_STATE 64235
S_CURR_FLY_MOVE_INFO 36540
S_CUSTOMIZING_PARTS_SHAPE_ITEM_LIST 44890
S_CUSTOM_MESSAGE 51270
S_CUSTOM_STYLE_SYSTEM_MESSAGE 23703
S_DAILY_QUEST_COMPLETE_COUNT 50000
S_DARK_RIFT_ALL_DESPAWN_WORLD_NOTI 22480
S_DARK_RIFT_AVAILABLE_QUEST_USER_COUNT 62089
S_DARK_RIFT_CHANGE_AREA_WORLD_NOTI 40826
S_DARK_RIFT_CLEAR_MAP_MARKER_WORLD_NOTI 41434
S_DARK_RIFT_DEFENCE_OBJECT_CHANGE_HP 34862
S_DARK_RIFT_DEFENCE_OBJECT_INIT 46607
S_DARK_RIFT_DESPAWN_WORLD_NOTI 40642
S_DARK_RIFT_DESTORY_OBJECT 64194
S_DARK_RIFT_JOIN_LIST 40418
S_DARK_RIFT_MAIN_DEFENCE_CHANGE_HP 60672
S_DARK_RIFT_PROGRESS_STEP_WORLD_NOTI 26359
S_DARK_RIFT_QUEST_INFO 43740
S_DARK_RIFT_REWARD_RESULT 25217
S_DARK_RIFT_SPAWN_WORLD_NOTI 20828
S_DARK_RIFT_SYNC_TIME 65341
S_DEACTIVATE_CARD_COMBINE_LIST 27875
S_DEAD_LOCATION 21388
S_DECOMPOSE_REGISTERED_ITEM 36487
S_DECO_UI_INFO 22451
S_DECREASE_COOLTIME_SKILL 53281
S_DEFAULT_ANIM_CHANGE 33936
S_DEFEND_SUCCESS 49606
S_DELETE_ALL_PRODUCT 33772
S_DELETE_AWAKEN_CHANGE_DATA 59498
S_DELETE_AWAKEN_ENCHANT_DATA 22049
S_DELETE_FRIEND 42716
S_DELETE_GUILD_TOWER_MY_GUILD 21152
S_DELETE_NPC_FROM_MAP 33347
S_DELETE_PARCEL 34925
S_DELETE_QUEST 35120
S_DELETE_SERVANT 23707
S_DELETE_USER 47115
S_DELIVERY_STORE_BASKET 50938
S_DELIVERY_STORE_ITEM 22244
S_DEL_CRYSTAL_COMBINE_MATERIAL 45051
S_DEL_TRADE_BAG 58365
S_DESPAWN_BONFIRE 64681
S_DESPAWN_BUILD_OBJECT 54097
S_DESPAWN_COLLECTION 21944
S_DESPAWN_DOOR 37979
S_DESPAWN_DROPITEM 58359
S_DESPAWN_EVENT_SEED 31445
S_DESPAWN_GAMBLE_BOX 38787
S_DESPAWN_NPC 40918
S_DESPAWN_PET 50281
S_DESPAWN_PROJECTILE 60295
S_DESPAWN_SHUTTLE 39524
S_DESPAWN_STATUE 25616
S_DESPAWN_USER 60654
S_DESPAWN_WORKOBJECT 32653
S_DESTROY_GUILD 64604
S_DESTROY_GUILD_TOWER 56931
S_DIALOG 31243
S_DIALOG_CLOSE 50849
S_DIALOG_EVENT 63267
S_DIRECTION_WEAKNESS_BEGIN 35226
S_DIRECTION_WEAKNESS_END 55657
S_DISTRIBUTOR_DATA 45185
S_DONE_TEL_CAMP 39614
S_DUEL_END 53418
S_DUEL_START 40116
S_DUEL_TAG 43655
S_DUEL_TIME 36207
S_DUNGEON_ADDITIONAL_WORK_UI 25101
S_DUNGEON_CAMERA_SET 35078
S_DUNGEON_CHANGE_NPC_ANIM 22152
S_DUNGEON_CHANGE_NPC_ANIMSET 59138
S_DUNGEON_CHANGE_NPC_CYLINDER 44440
S_DUNGEON_CLEAR 46687
S_DUNGEON_CLEAR_COUNT_LIST 40294
S_DUNGEON_CONSOLE_EVENT 52021
S_DUNGEON_COOL_TIME_LIST 55144
S_DUNGEON_EVENT_GAGE 47078
S_DUNGEON_EVENT_MESSAGE 30693
S_DUNGEON_GUIDE_OFF 63526
S_DUNGEON_GUIDE_ON 56039
S_DUNGEON_JACKPOT_EVENT_START 34342
S_DUNGEON_LOOK_AT_NPC 42885
S_DUNGEON_NEWBIE 45795
S_DUNGEON_RANK_END_POINT 35590
S_DUNGEON_RANK_END_TIME 43699
S_DUNGEON_RANK_MESSAGE 47006
S_DUNGEON_RANK_RECORD_LIST 51683
S_DUNGEON_RANK_SEASON_LIST 57186
S_DUNGEON_RECORD_INFO 35134
S_DUNGEON_STATUS 57580
S_DUNGEON_SUMMON_PARTY 45952
S_DUNGEON_TIMELINE_CLOSED_DURATION 41602
S_DUNGEON_TIMER 58404
S_DUNGEON_UI_HIGHLIGHT 39415
S_DUNGEON_VEHICLE_REPAIRABLE 39622
S_DUNGEON_VISIBLE_BG 51638
S_DUNGEON_WORK_ENTER 47483
S_DUNGEON_WORK_LIST 40025
S_DUNGEON_WORK_POINT_STORE_BASKET 35018
S_DUNGEON_WORK_POINT_STORE_SELL_LIST 32027
S_DUNGEON_WORK_RESULT 37293
S_DUNGEON_WORK_UPDATE 55034
S_DUNGEON_WORK_UPDATE_MEDAL_COUNT 32403
S_EACH_SKILL_RESULT 54226
S_EMITTER 23661
S_EMITTER_SET_Z 25192
S_EMPTY_GUILD_WINDOW 29266
S_ENABLE_DISABLE_SELLABLE_ITEM_LIST 26236
S_ENCHANT_SCROLL_RESULT 65460
S_END_CHANGE_USER_APPEARANCE 33370
S_END_CHAT_BAN 60049
S_END_CUSTOMIZING_PARTS_SHAPE 29180
S_END_DARKRIFT_USER_HP 34240
S_END_DRIVE_AIRSHIP 20580
S_END_FIX_SPIRIT 30670
S_END_FIX_VEHICLE 57532
S_END_LEVEL_COMPENSATION 63157
S_END_PEGASUS 43349
S_END_PRODUCE 55871
S_END_PRODUCT_SALE_INFO 51708
S_END_RESTORE_CUSTOMIZING_PARTS_SHAPE 25186
S_END_STACK_ATTENDANCE_EVENT_INFO 48399
S_END_STYLE_SHOP_MARK_PRODUCT 33969
S_END_THROUGH_ARBITER_CONTRACT 51159
S_END_USER_PROJECTILE 42596
S_ENEMY_BATTLE_FIELD_COMMANDER_CHANGED 55781
S_ENTER_CITY_WAR 26726
S_ENTER_DUNGEON_POP_UP_REOPEN 21806
S_EP_SYSTEM_DAILY_EVENT_EXP_ON_OFF 41919
S_EQUIP_SERVANT_ITEM 28539
S_EVENT_DIALOG 24954
S_EVENT_GUIDE 46060
S_EVENT_INFO 59825
S_EVENT_MATCHING_BATTLEFIELD_DETAIL_INFO 64367
S_EVENT_MATCHING_DUNGEON_DETAIL_INFO 46864
S_EVENT_QUEST_SUMMARY 45937
S_EXIT 54608
S_F2P_PremiumUser_Permission 43802
S_FACIAL_ATTACHMENT_BROADCAST 27019
S_FAIL_ENCHANT 47288
S_FAIL_GUILD_QUEST 53670
S_FAIL_LOOT_NON_OWNERSHIP 26290
S_FATIGABILITY_POINT 24412
S_FEARMOVE_END 23331
S_FEARMOVE_STAGE 20112
S_FESTIVAL_LIST 36686
S_FEUDAL_LORD_FLAG_INFO 53263
S_FIELD_EVENT_CHANNEL_FULL_GUIDE 20407
S_FIELD_EVENT_GUIDE 56471
S_FIELD_EVENT_ON_ENTER 31521
S_FIELD_EVENT_ON_LEAVE 42358
S_FIELD_EVENT_PROGRESS_INFO 22827
S_FIELD_EVENT_PROGRESS_TIMER 48328
S_FIELD_EVENT_RANK_LIST 32273
S_FIELD_POINT_INFO 58400
S_FIELD_POINT_REWARD_INFO_LIST 65258
S_FINDNAME 63837
S_FINISH_GUILD_QUEST 31930
S_FIN_BASE_POINT_BATTLE_FIELD 39065
S_FIN_CANNON_BATTLE_FIELD 39126
S_FIN_FREE_FIGHT_BATTLE_FIELD 64066
S_FIN_INTER_PARTY_MATCH 25712
S_FIN_KUMAS_BATTLE_FIELD 56378
S_FIN_KUMAS_BOSS_BATTLE_FIELD 63721
S_FIN_ROUND_PVE_BATTLE_FIELD 36496
S_FIN_ROUND_PVE_ROUND 59199
S_FIN_ROUND_PVP_BATTLE_FIELD 52078
S_FIN_SNOW_EVENT_BATTLE_FIELD 55967
S_FIN_STRONGHOLD_OCCUPATION_BATTLE_FIELD 54635
S_FIN_WORLD_OF_TANK_BATTLE_FIELD 64371
S_FISHING_BITE 54454
S_FISHING_CATCH 51140
S_FISHING_CATCH_FAIL 51766
S_FISHING_STOP 44928
S_FIX_SPIRIT_COMPLETE 29703
S_FIX_SPIRIT_PROGRESS 40773
S_FIX_VEHICLE_COMPLETE 34460
S_FIX_VEHICLE_PROGRESS 23315
S_FONT_SWAP_INFO 49087
S_FREENAMED_STATUS 24760
S_FREE_FIGHT_BATTLE_FIELD_BOARD 60992
S_FREE_FIGHT_BATTLE_FIELD_MY_WARPOINT_INFO 27976
S_FRIEND_GROUP_LIST 52480
S_FRIEND_LIST 41233
S_GACHA_END 32730
S_GACHA_START 51189
S_GAMBLE_BEGIN 49007
S_GAMBLE_CHANGE_BET_ITEM 44812
S_GAMBLE_END 48159
S_GAMBLE_RESULT 28077
S_GATE_ATTACK_ALARM 55592
S_GET_ATTENDANCE_REWARD 56782
S_GET_EVENT_DETAIL 55960
S_GET_IN_SHUTTLE 64972
S_GET_OUT_SHUTTLE 30440
S_GET_USER_GUILD_LOGO 20299
S_GET_USER_LIST 26457
S_GET_WARE_ITEM 33101
S_GMEVENT_CONFIRM_LEAVE_EVENT 45687
S_GMEVENT_END_EVENT 27826
S_GMEVENT_ENTER_EVENT 20174
S_GMEVENT_GUIDE_MESSAGE 48022
S_GMEVENT_OFF_GUIDE_MESSAGE 56960
S_GMEVENT_OX_QUIZ_OPEN 56200
S_GMEVENT_OX_QUIZ_RESULT 49761
S_GMEVENT_OX_QUIZ_USER_STATUS 55550
S_GMEVENT_OX_REPE_QUIZ_OPEN 50225
S_GMEVENT_OX_REPE_QUIZ_RESULT 27661
S_GMEVENT_OX_RESURRECT_RESULT 31356
S_GMEVENT_RECV_REWARD 34227
S_GMEVENT_START_EVENT 33458
S_GMEVENT_WRITE_EVENTBOARD 58055
S_GRANT_SKILL 37402
S_GROUP_DUEL_CURRENT_BETTING_ITEM 42217
S_GROUP_DUEL_FIN 43564
S_GROUP_DUEL_INIT 45427
S_GROUP_DUEL_RECORD 53116
S_GROUP_NPC_LOCATION 52871
S_GUARDTOWER_ATTACK_ALARM 24224
S_GUARD_PK_POLICY 57687
S_GUILD_ACCOUNT_LIMIT_INFO_CHANGED 21797
S_GUILD_ANNOUNCE 31350
S_GUILD_APPLY_COUNT 51354
S_GUILD_APPLY_LIST 32819
S_GUILD_HISTORY 35273
S_GUILD_INFO 59571
S_GUILD_LEVEL_INFO_CHANGED 63851
S_GUILD_LEVEL_RANKING_LIST 57248
S_GUILD_MEMBER_LIST 58625
S_GUILD_MONEY_INFO_CHANGED 58587
S_GUILD_NAME 63297
S_GUILD_PERK_LIST 59900
S_GUILD_POINT_INFO_CHANGED 50754
S_GUILD_QUEST_LIST 51292
S_GUILD_STORE_BASKET 55224
S_GUILD_STORE_SELL_LIST 44159
S_GUILD_TOWER_INFO 27774
S_GUILD_WARE_HISTORY 39344
S_GUILD_WAR_PENALTY_INFO 22503
S_HANCOIN_AMOUNT 21988
S_HIDE_HP 47257
S_HIT_COMBO 31324
S_HOLD_ABNORMALITY_ADD 30329
S_HOLD_ABNORMALITY_REMOVE 25915
S_HUDDLE_ADDING 63607
S_HUNTING_ZONE_EVENT_LIST 32894
S_IMAGE_DATA 41432
S_INCREASE_CARD_PRESET 64057
S_INCREASE_SERVANT_STORAGE_COUNT 64862
S_INGAMESHOP_CATEGORY_BEGIN 21654
S_INGAMESHOP_CATEGORY_DATA 31719
S_INGAMESHOP_CATEGORY_END 29673
S_INGAMESHOP_PRODUCT_BEGIN 28987
S_INGAMESHOP_PRODUCT_DATA 53767
S_INGAMESHOP_PRODUCT_END 34443
S_INGAMESHOP_PRODUCT_ITEMID 57100
S_INGAMESHOP_PRODUCT_SUBPROD 49580
S_INGAMESHOP_PRODUCT_TAG 28884
S_INGAME_CHANGE_USER_APPEARANCE_CANCEL 48178
S_INGAME_CHANGE_USER_APPEARANCE_START 30243
S_INIT_BASE_POINT_BATTLE_FIELD 65386
S_INIT_CANNON_BATTLE_FIELD 46654
S_INIT_FREE_FIGHT_BATTLE_FIELD 60287
S_INIT_KUMAS_BATTLE_FIELD 38954
S_INIT_KUMAS_BOSS_BATTLE_FIELD 64196
S_INIT_KUMAS_BOSS_INFO 33977
S_INIT_ROUND_PVE_BATTLE_FIELD 51492
S_INIT_ROUND_PVP_BATTLE_FIELD 40725
S_INIT_SEREN_GUIDE 34583
S_INIT_SNOW_EVENT_BATTLE_FIELD 37651
S_INIT_STRONGHOLD_OCCUPATION_BATTLE_FIELD 28049
S_INIT_WORLD_OF_TANK_BATTLE_FIELD 30852
S_INSTANCE_ARROW 50756
S_INSTANT_CATCH 40564
S_INSTANT_DASH 22102
S_INSTANT_MOVE 23773
S_INSTANT_PULL 24220
S_INSTANT_THROW 22426
S_INTERACTION_RESULT 22694
S_INTEREST_INFO 54023
S_INVALID_BUILD_VERSION 26186
S_INVEN_CHANGEDSLOT 58140
S_INVEN_USERDATA 48029
S_INVITE_CODE_EXPIRE_TIME 34107
S_INVITE_COMPENSATION_GUIDE 43271
S_INVITE_FRIEND_CODE 20148
S_IS_LORD 41285
S_IS_NOT_LORD 30156
S_ITEMLIST 63563
S_ITEMSYNTHESIZER_MATERIAL 33107
S_ITEMSYNTHESIZER_RESULT 51982
S_ITEM_COLORING_BAG 41589
S_ITEM_CUSTOM_STRING 27265
S_ITEM_DECOMPOSE 21725
S_ITEM_EXPLOSION_RESULT 57202
S_ITEM_TRANSFORM_DATA 22175
S_JOIN_PRIVATE_CHANNEL 33255
S_KUMAS_BATTLE_FIELD_BOARD 24176
S_KUMAS_BATTLE_FIELD_LOOT_ITEM 50967
S_KUMAS_BATTLE_FIELD_RESULT 47082
S_KUMAS_BOSS_BATTLE_FIELD_BOARD 51611
S_KUMAS_BOSS_BATTLE_FIELD_RESULT 44404
S_KUMAS_BOSS_CHANGE_INFO 61530
S_LEARN_EP_PERK 43966
S_LEAVE_CITY_WAR 41627
S_LEAVE_GUILD 49621
S_LEAVE_PARTY 52412
S_LEAVE_PARTY_MEMBER 57741
S_LEAVE_PRIVATE_CHANNEL 26541
S_LIST_CHANNEL 50616
S_LIST_PARCEL 54231
S_LIST_PARCEL_EX 33925
S_LOADING_SCREEN_CONTROL_INFO 61603
S_LOAD_ACHIEVEMENT_LIST 57788
S_LOAD_CLIENT_ACCOUNT_SETTING 52869
S_LOAD_CLIENT_USER_SETTING 28404
S_LOAD_DUNGEON_SOUND_HINT 34357
S_LOAD_EP_INFO 51790
S_LOAD_HINT 41113
S_LOAD_SKILL_SCRIPT_LIST 39896
S_LOAD_TELEPORT_TO_POS_LIST 57151
S_LOAD_TOPO 59432
S_LOCKON_ARROW 35632
S_LOCKON_YOU 35321
S_LOGIN 62054
S_LOGIN_ACCOUNT_INFO 27405
S_LOGIN_ARBITER 37542
S_LOGOUT_PARTY_MEMBER 48467
S_LOOT_DROPITEM 50412
S_LORD_CANDIDATE_LIST 24531
S_LORD_CANDIDATE_PLEDGE 39980
S_LORD_GUARD_INFO 60329
S_LORD_OPEN_CANDIDATE_WINDOW 31989
S_LORD_OPEN_REGISTER_WINDOW 55381
S_LORD_OPEN_VOTE_WINDOW 29451
S_LORD_POLICY_SET 23741
S_LORD_RANK_INFO 35883
S_LORD_REGISTER_INFO 30418
S_LORD_TAX_SET 54336
S_LORD_VOTE_CANDIDATE_LIST 55348
S_MAIN_MENU_COMMAND 53818
S_MASSTIGE_STATUS 61795
S_MATERIAL_CHANGE 35485
S_MATERIAL_PARAM_CHANGE 49996
S_MEDAL_STORE_BASKET 35950
S_MEDAL_STORE_SELL_LIST 49453
S_MERGE_PARTY_TO_RAID 39395
S_MINIGAME_END 48978
S_MINIGAME_FAIL 47988
S_MINIGAME_RANK_END_POINT 37493
S_MINIGAME_START 46478
S_MINIGAME_WAIT 34649
S_MOUNT_CARD 38545
S_MOUNT_VEHICLE 39294
S_MOUNT_VEHICLE_EX 26384
S_MOVE_DISTANCE_DELTA 25046
S_MOVE_SHUTTLE 61245
S_MUTE 48264
S_MYTHICCRAFT_REGISTER_MATERIAL_ITEM 55748
S_MYTHICCRAFT_REGISTER_TARGET_ITEM 41088
S_MYTHICCRAFT_UNREGISTER_MATERIAL_ITEM 42392
S_MYTHICCRAFT_UNREGISTER_TARGET_ITEM 28708
S_MY_DESCRIPTION 38707
S_MY_PARTY_MATCH_INFO 46499
S_NAME_PREEMPTION_EVENT_INFO 20129
S_NEED_WAREHOUSE_COMMISION 63269
S_NEW_GOLD_RACE_INFO 22421
S_NOCTAN_VARIATION_INFO 48397
S_NOTIFY_ACTIVE_BUILD_TERRITORY_STATE 20352
S_NOTIFY_BATTLE_FIELD_CHAT_BAN 46486
S_NOTIFY_BATTLE_FIELD_NPC_DESPAWN 20737
S_NOTIFY_BATTLE_FIELD_NPC_SPAWN 26331
S_NOTIFY_DISCONNECT_BY_LEVEL_LIMIT 25847
S_NOTIFY_GUILD_QUEST_URGENT 37051
S_NOTIFY_GUILD_WAR_INFO 57927
S_NOTIFY_GUILD_WAR_STATUS_CHANGE 44061
S_NOTIFY_QUEST_RESTART 53177
S_NOTIFY_TO_FRIENDS_WALK_INTO_SAME_AREA 51516
S_NOTIFY_USER_SKILL_POLISHING_LEVEL_UP 46973
S_NOTIFY_VM_STATUS 36445
S_NPCGUILD_LIST 22886
S_NPC_AI_EVENT 60259
S_NPC_CHANGE_MESH 65435
S_NPC_INTERACTION_COMBO_INFO 28069
S_NPC_LOCATION 37118
S_NPC_MENU_SELECT 44048
S_NPC_OCCUPIER_INFO 37983
S_NPC_PARTIAL_DESTRUCT 61197
S_NPC_PART_BLINK 30247
S_NPC_PART_BREAK_ACTIVE 33666
S_NPC_RESPAWN_PLAN_ALARM 41574
S_NPC_SCALE 22680
S_NPC_SITUATION 21816
S_NPC_STATUS 34494
S_NPC_TARGET_USER 27634
S_NPC_TRANSLATIONZ 31561
S_OBTAIN_TOKEN_ITEM 31861
S_ONGOING_FIELD_EVENT_LIST 56421
S_ONGOING_LEVEL_EVENT_LIST 50381
S_OPEN_AWESOMIUM_WEB_URL 32087
S_OPEN_BOARD 54373
S_OPEN_CHANGE_CHARACTER_NAME_POPUP 49242
S_OPEN_CITY_WAR_SEASON_HISTORY 55437
S_OPEN_DUAL_OPTION_MATERIAL_INFO 45633
S_OPEN_EPPERK_RESET_POPUP 41193
S_OPEN_EXPAND_INVEN_WINDOW 22184
S_OPEN_GUARD_INFO_WINDOW 36216
S_OPEN_GUILD_LOGO_WINDOW 55465
S_OPEN_GUILD_WAR_WINDOW 28989
S_OPEN_RENAME_GUILD_POPUP 37626
S_OPEN_VM_SELLBUY_WINDOW 36296
S_OPEN_VM_SETTING_WINDOW 50212
S_OP_COMMAND 51819
S_OTHER_USER_APPLY_PARTY 64886
S_PARCEL_READ_RECV_STATUS 62062
S_PARCEL_REPORT 29692
S_PARTY_INFO 35693
S_PARTY_LOOTING_METHOD 39566
S_PARTY_LOOTING_METHOD_VOTE 56231
S_PARTY_MARKER 27046
S_PARTY_MATCH_LINK 58020
S_PARTY_MEMBER_ABNORMAL_ADD 50896
S_PARTY_MEMBER_ABNORMAL_CLEAR 30153
S_PARTY_MEMBER_ABNORMAL_DEL 42112
S_PARTY_MEMBER_ABNORMAL_REFRESH 39675
S_PARTY_MEMBER_BUFF_UPDATE 55603
S_PARTY_MEMBER_CHANGE_HP 52837
S_PARTY_MEMBER_CHANGE_MP 64925
S_PARTY_MEMBER_CHANGE_STAMINA 58766
S_PARTY_MEMBER_INFO 48832
S_PARTY_MEMBER_INTERVAL_POS_UPDATE 53327
S_PARTY_MEMBER_LIST 59667
S_PARTY_MEMBER_QUEST_DATA 56470
S_PARTY_MEMBER_STAT_UPDATE 44208
S_PARTY_NOTIFY_MY_POSITION 45611
S_PENDING_TRANSFORM_DATA 55669
S_PETITION_CANCEL 22945
S_PETITION_CHAT_BEGIN 57961
S_PETITION_CHAT_END 63932
S_PETITION_CHAT_GM_MESSAGE 38288
S_PETITION_CHECK_CREATABLE 47893
S_PETITION_CHECK_SURVEYABLE 61124
S_PETITION_COMPLETE 39596
S_PETITION_CREATE 34017
S_PETITION_FORCE_CREATE 50853
S_PETITION_INFO 31940
S_PET_ATTACKED 52647
S_PET_DURABILITY_CHANGE 42307
S_PET_INCUBATOR_INFO_CHANGE 64791
S_PET_INCUBATOR_PROGRESS 64447
S_PET_INCUBATOR_SHOW 65010
S_PET_INFO_CHANGE 54258
S_PET_INFO_CLEAR 43355
S_PET_MANAGER_SHOW 25450
S_PET_STOP_ALERT 33395
S_PING 38417
S_PK_END 30469
S_PK_START 21591
S_PK_TAG 28025
S_PLAYER_AUTOPILOT 45212
S_PLAYER_CHANGE_ACTPOINT 37945
S_PLAYER_CHANGE_ALL_PROF 28876
S_PLAYER_CHANGE_DRAIN 55028
S_PLAYER_CHANGE_EP 62080
S_PLAYER_CHANGE_EXP 36161
S_PLAYER_CHANGE_FLIGHT_ENERGY 26975
S_PLAYER_CHANGE_MP 20354
S_PLAYER_CHANGE_NOCTAN_COUNT 38620
S_PLAYER_CHANGE_PROF 32958
S_PLAYER_CHANGE_STAMINA 34854
S_PLAYER_LACK_OF_ACTPOINT 35182
S_PLAYER_RESET_EP 39179
S_PLAYER_STAT_UPDATE 51405
S_PLAYER_VEHICLE_EX_STAT_UPDATE 20069
S_PLAYTIME 47510
S_PLAYTIME_EVENT_END 43399
S_PLAYTIME_EVENT_REWARD_DATA 26604
S_PLAY_ANIMATION 53408
S_PLAY_EFFECT 38245
S_PLAY_EVENT_SOUND 57830
S_PLAY_MAGNETIC 34997
S_PLAY_MOVIE 50028
S_PLAY_SOUND 64651
S_PLAY_SOUND_BYNAME 46186
S_PLAY_TIME 41662
S_POINT_STORE_BASKET 45400
S_POINT_STORE_SELL_LIST 33487
S_POLITICS_POINT_STORE_BASKET 60847
S_POLITICS_POINT_STORE_SELL_LIST 32286
S_POSITION_SWAP 57523
S_POST_PROCESS 60542
S_POST_PROCESS_MATERIAL 46809
S_PRECONFIRM_INVITE_CODE 44733
S_PREMIUM_COMPOSE_ADD_ITEM 41699
S_PREMIUM_COMPOSE_DEL_ITEM 32621
S_PREMIUM_COMPOSE_RESET 23965
S_PREMIUM_COMPOSE_RESULT 22723
S_PREMIUM_COMPOSE_START 58549
S_PREMIUM_COMPOSE_UI_INFO 50724
S_PREMIUM_SLOT_DATALIST 51991
S_PREMIUM_SLOT_OFF 53852
S_PREPARE_CHANGE_USER_APPEARANCE 56145
S_PREPARE_DONE_WORKOBJECT 41411
S_PREPARE_EXIT 57453
S_PREPARE_INGAME_CHANGE_USER_APPEARANCE 45909
S_PREPARE_RETURN_TO_LOBBY 43307
S_PREPARE_SELECT_CHANNEL 51737
S_PREPARE_WORKOBJECT 53743
S_PREVIEW_ITEM 59553
S_PRIVATE_CHANNEL_NOTICE 34714
S_PRIVATE_CHAT 48427
S_PRODUCE_CRITICAL 63348
S_PROMOTION_INFO 53942
S_PROMOTION_PROCESS 62932
S_PROMOTION_SUCCESS 46038
S_PROTECT 30501
S_PURCHASE_PROD 28550
S_PUSHED_BY_SHIELD 22771
S_PVE_LEADER_BOARD_INFO 33183
S_PVE_RANKING_LIST 48860
S_PVP_LEADER_BOARD_INFO 46884
S_PVP_RANKING_LIST 25338
S_QA_SET_ADMIN_LEVEL 32223
S_QUEST_BALLOON 55588
S_QUEST_INFO 49121
S_QUEST_VILLAGER_INFO 32822
S_RACE_CHANGE_RESTRICTION 36898
S_RANK_MESSAGE 43244
S_RANK_POINT_STATUS 43417
S_READY_PULL 36897
S_RECEIVE_COLLECTION_BOOK_REWARD 64054
S_RECEIVE_TOKEN_TARGET_ITEM 64462
S_RECV_PARCEL 57499
S_RECV_PARCEL_ALL 37174
S_RECV_PARCEL_EX 43812
S_REGISTER_CARD 38933
S_REGISTER_COMBINE_ITEM 54014
S_REGISTER_ENCHANT_ITEM 44402
S_REGISTER_EVOLUTION_ITEM 49971
S_REGISTER_REPAIR_ITEM 22183
S_REGISTER_SERVANT_RESULT 47539
S_REGIST_ENCHANT_SUB_ITEM 49353
S_REIGN_INFO 62956
S_REJECT_CONTRACT 60536
S_REMAIN_PLAY_TIME 61857
S_REMOVE_BLOCKED_USER 24995
S_REMOVE_EFFECT 39997
S_REMOVE_EVENT_MATCHING_QUEST 62572
S_REMOVE_GUILD_GROUP 63367
S_REMOVE_GUILD_MEMBER 49741
S_REMOVE_SOUND_BYNAME 49473
S_RENAME_ITEMSTRING_START 45311
S_REPLY_CLIENT_CHAT_OPTION_SETTING 31993
S_REPLY_CLIENT_UI_SETTING 24494
S_REPLY_GUILD_LIST 24437
S_REPLY_GUILD_WANTED_WRITING_LIST 22219
S_REPLY_INVITE_GUILD_LIST 61974
S_REPLY_NONDB_ITEM_INFO 21743
S_REPLY_REQUEST_CONTRACT 53675
S_REPLY_RET_VILLAGE_INFO 45497
S_REPLY_SET_GUILD_WANTED_WRITING 51450
S_REQUEST_ABILITY_TRANSFER 59664
S_REQUEST_CHANGE_LOOKS_SERVANT 38254
S_REQUEST_CHANGE_PARTY_MATCH_RULE 48288
S_REQUEST_CITY_WAR_MAP_INFO 46648
S_REQUEST_CITY_WAR_MAP_INFO_DETAIL 20620
S_REQUEST_CITY_WAR_MAP_INFO_END 39254
S_REQUEST_CONTRACT 26994
S_REQUEST_COOLTIME_TO_JOIN_GUILD 61986
S_REQUEST_DEMOLIST_GUILD_TOWER_POPUP 20370
S_REQUEST_DESPAWN_SERVANT 53719
S_REQUEST_DUNGEON_MATCHING_UI 49355
S_REQUEST_GUILD_INFO_BEFORE_APPLY_GUILD 23145
S_REQUEST_INGAMESTORE_PRODUCT_DETAIL 21801
S_REQUEST_INGAMESTORE_SALE_PRODUCTLIST 60340
S_REQUEST_INVITE_GUILD_TAG 32276
S_REQUEST_JOINED_CHANNEL_LIST 20972
S_REQUEST_JOIN_GUILD_NOTICE 61919
S_REQUEST_NAME_PREEMPTION 34651
S_REQUEST_PET_CONSUME_EXP_ITEM 47567
S_REQUEST_PRIVATE_CHANNEL_INFO 33903
S_REQUEST_REACTION_POS_TICK 26937
S_REQUEST_SECOND_PASSWORD_AUTH 49379
S_REQUEST_SECOND_PASSWORD_REGISTER 31766
S_REQUEST_SERVANT_AUTO_FEED_INFO 50363
S_REQUEST_SERVANT_AUTO_POTION_INFO 35641
S_REQUEST_SERVANT_COMPOSE 55816
S_REQUEST_SERVANT_EVOLUTION 32220
S_REQUEST_SERVANT_INFO_LIST 45340
S_REQUEST_SERVANT_LEVEL_UP 21211
S_REQUEST_SPAWN_SERVANT 35660
S_REQUEST_STYLE_SHOP_MARK_PRODUCTLIST 20078
S_REQUEST_UPDATE_CUSTOM_USER_CUSTOMIZING 50568
S_REQUEST_WRITE_BOARD_RESULT 63105
S_RESET_ALL_PRODUCT_MARK_EVENT 34419
S_RESET_EP_PERK 30742
S_RESET_GUILD_PERK 46266
S_RESET_SKILL 24732
S_RESPONSE_ACCESSORY_COST_INFO 60209
S_RESPONSE_GAMESTAT_PONG 63228
S_RESPONSE_RECEIVE_SERVANT_ADVENTURE_REWARD 47176
S_RESPONSE_SERVANT_ADVENTURE_END_TIME_BY_FIELD_ID 29374
S_RESPONSE_SERVANT_ADVENTURE_LIST 43176
S_RESPONSE_SERVANT_ADVENTURE_REDUCE_TIME 55424
S_RESPONSE_SERVANT_CANCEL_ADVENTURE 40366
S_RESPONSE_SERVANT_LEAVING_FOR_ADVENTURE 20613
S_RESPONSE_SERVER_ADMINTOOL_AWESOMIUM_URL 62158
S_RESPONSE_USE_PREMIUM_SLOT 44557
S_RESULT_BATTLE_FIELD_CHAT_BAN 61023
S_RESULT_BIDDING_DICE_THROW 35400
S_RESULT_CHANGE_CHARACTER_NAME 37221
S_RESULT_CHANGE_DUAL_OPTION_IDX 56063
S_RESULT_CHANGE_FRIEND_MEMO 26365
S_RESULT_CHANGE_MY_PROFILE 60508
S_RESULT_COMBINE_ITEM 60377
S_RESULT_ENCHANT 20796
S_RESULT_EQUIPMENT_INHERITANCE 58907
S_RESULT_EVENT_SEED 29651
S_RESULT_EVOLUTION 22151
S_RESULT_GROUP_DUEL_MSG 41367
S_RESULT_ITEM_BIDDING 35355
S_RESULT_ITEM_COLORING 27676
S_RESULT_LEARN_GUILD_PERK 39328
S_RESULT_MATERIAL_AWAKEN 29254
S_RESULT_MYTHICCRAFT 49679
S_RESULT_OPEN_DUAL_OPTION 54941
S_RESULT_RENAME_GUILD 22862
S_RESULT_REPAIR_ITEM 58749
S_RESULT_SEREN_GUIDE 60791
S_RESULT_USABLE_CHARACTER_NAME 51329
S_RESULT_USABLE_GUILD_NAME 27219
S_RETURN_PARCEL 50996
S_RETURN_TO_LOBBY 52631
S_RETURN_USER 27728
S_RETURN_USER_REWARD_END 57210
S_REWARDNPC_SPAWN_ALARM 48092
S_REWRITE_ITEM_STRING 21414
S_RIGHT_ITEM_LIST 38782
S_ROUND_PVE_BATTLE_FIELD_BOARD 61632
S_ROUND_PVE_CLOSE_SKILL_UI 43866
S_ROUND_PVE_OPEN_SKILL_UI 35392
S_ROUND_PVE_SCORE 41632
S_ROUND_PVP_BATTLE_FIELD_BOARD 49983
S_ROUND_RESULT 38907
S_ROUND_START 22351
S_RP_ADD_ITEM_TO_DECOMPOSITION_CONTRACT 44640
S_RP_COMMIT_DECOMPOSITION_CONTRACT 61968
S_RP_DEL_ITEM_FROM_DECOMPOSITION_CONTRACT 27198
S_RP_SKILL_POLISHING_CHANGE_OPTION 32242
S_RP_SKILL_POLISHING_EXP_INFO 59984
S_RP_SKILL_POLISHING_LIST 55934
S_RP_SKILL_POLISHING_UNLOCK_OPTION 48387
S_RP_SKILL_POLISHING_UPGRADE_LEVEL 51131
S_RP_START_SOCIAL_ON_PROGRESS_DECOMPOSITION 57913
S_RP_UPDATE_ITEM_TO_DECOMPOSITION_CONTRACT 37472
S_SAVE_CLIENT_UI_SETTING 63313
S_SCENARIO_DUNGEON_UI 53665
S_SECOND_PASSWORD_AUTH_RESULT 63901
S_SECOND_PASSWORD_REGISTER_RESULT 61127
S_SELECT_CHANNEL 55846
S_SELECT_EVENT_MATCHING 59757
S_SELECT_USER 35579
S_SEND_CHANGE_REPUTATION_EXP 32486
S_SEND_CHANGE_REPUTATION_POINT 58854
S_SEND_PARCEL 28803
S_SEND_PARCEL_TAX 41384
S_SEND_QUEST_ITEM_INFO 31823
S_SEND_ROUND_PVE_SKILL_LIST 20634
S_SEND_USER_PLAY_TIME 42976
S_SEND_VIP_SYSTEM_INFO 32250
S_SERVANT_ABILITY 45896
S_SERVER_TIME 36440
S_SET_AWESOMIUM_WEB_URL 50520
S_SET_FLY_MOVE_INFO 48354
S_SET_GUILD_JOIN_CONDITION 43659
S_SET_ITEM_BIDDING_FLAG 20277
S_SET_ITEM_STRING 48230
S_SET_KUMAS_BATTLE_FIELD_TREASURE_SCORE 59304
S_SET_NEW_TERA_USER 40674
S_SET_POS 35847
S_SET_RECIPE_BOOKMARK 58858
S_SET_SEND_PARCEL_ITEM 36355
S_SET_SEND_PARCEL_MONEY 29688
S_SET_VISIBLE 26560
S_SET_WORKOBJECT 22488
S_SHARE_USER_PING 49968
S_SHORTCUT_CHANGE 28636
S_SHOW_ARTISAN_MENU 53570
S_SHOW_AWESOMIUMWEB_SHOP 22073
S_SHOW_CANDIDATE_LIST 61741
S_SHOW_CHANGE_CHARACTER_UI 30999
S_SHOW_CREST_LEARN 60369
S_SHOW_DARKRIFT_USER_HP 33297
S_SHOW_DEAD_CITY_WAR_UI 36115
S_SHOW_DEAD_UI 22781
S_SHOW_DUNGEON_RETRY_UI 32702
S_SHOW_GAGE 49233
S_SHOW_GUILD_QUEST_LIST 43517
S_SHOW_HP 35833
S_SHOW_ITEM_TOOLTIP 22086
S_SHOW_NAME_PLATE_ICON 31676
S_SHOW_NPC_TO_MAP 50652
S_SHOW_PARCEL_MESSAGE 43987
S_SHOW_PARTY_MATCH_INFO 57189
S_SHOW_PEGASUS_MAP 21390
S_SHOW_REVIVE_UI 20556
S_SHOW_TEMPER_WINDOW 24619
S_SHOW_TRADE_ITEM 27158
S_SHOW_TRADE_LOG 28413
S_SHOW_USER_EP_INFO 65417
S_SIMPLE_TIP_REPEAT_CHECK 26120
S_SKILL_ATTENTION_TARGET 21477
S_SKILL_CATEGORY 30793
S_SKILL_CHASE_EFFECT_TARGET 46764
S_SKILL_FORGET 46638
S_SKILL_LEARN_LIST 63468
S_SKILL_LEARN_RESULT 44175
S_SKILL_LIST 57382
S_SKILL_PERIOD 40972
S_SKILL_TARGETING_AREA 29899
S_SNOW_EVENT_BATTLE_FIELD_BOARD 62023
S_SNOW_EVENT_BATTLE_FIELD_SPAWN_USER 41850
S_SOCIAL 53006
S_SOCIAL_CANCEL 25448
S_SOCIAL_FORGET 29277
S_SOCIAL_LEARN_RESULT 21200
S_SPAWN_BONFIRE 55345
S_SPAWN_BUILD_OBJECT 35513
S_SPAWN_COLLECTION 24308
S_SPAWN_DOOR 32800
S_SPAWN_DROPITEM 41375
S_SPAWN_EVENT_SEED 64084
S_SPAWN_GAMBLE_BOX 36143
S_SPAWN_ME 33637
S_SPAWN_NPC 53112
S_SPAWN_PET 31704
S_SPAWN_PROJECTILE 57562
S_SPAWN_REMOTE_PROJECTILE 24258
S_SPAWN_SHUTTLE 33551
S_SPAWN_STATUE 45166
S_SPAWN_USER 37833
S_SPAWN_WORKOBJECT 25725
S_STAGE_RESULT 53679
S_START_ACTION_SCRIPT 34988
S_START_CHANGE_USER_APPEARANCE 61044
S_START_CHAT_BAN 28127
S_START_CHAT_BAN_INFINITY 20781
S_START_CLIENT_CUSTOM_SKILL 46856
S_START_CLIMBING 43747
S_START_COMMANDER_SKILL 28135
S_START_COOLTIME_ITEM 56215
S_START_COOLTIME_SERVANT_SKILL 37160
S_START_COOLTIME_SKILL 33966
S_START_DRIVE_AIRSHIP 30035
S_START_FISHING_CHARGE 56234
S_START_FISHING_MINIGAME 50970
S_START_FIX_SPIRIT 20558
S_START_FIX_VEHICLE 56475
S_START_GUILD_QUEST 20541
S_START_GUILD_WAR 65528
S_START_INVERSE_CAPTURE 43148
S_START_LEVEL_COMPENSATION 58772
S_START_PEGASUS 38295
S_START_PRODUCE 51812
S_START_ROUND_PVE_ROUND 60239
S_START_STACK_ATTENDANCE_EVENT_INFO 35955
S_START_USER_PROJECTILE 39219
S_START_VM_BUY 54346
S_START_VM_SELL 60442
S_STEER_DEBUG_COMMAND 35951
S_STICK_TO_USER_END 45136
S_STICK_TO_USER_START 38879
S_STOP_VM 46564
S_STORE_BASKET 34678
S_STORE_SELL_LIST 31614
S_STRONGHOLD_OCCUPATION_BATTLE_FIELD_BOARD 55300
S_STRONGHOLD_OCCUPATION_BATTLE_FIELD_STRONGHOLD_INFO 64584
S_STR_EVALUATE_LIST 45595
S_STYLE_SHOP_BUY_TCAT_ITEM 40192
S_SUCCESS_COUNTER 61295
S_SUCCESS_STYLE_SHOP_BUY_REPUTATION_ITEM 35961
S_SUGGEST_DARK_RIFT_PARTY_MATCHING 35059
S_SURVEY_QUESTION 36017
S_SWITCH_INFO 32424
S_SYNC_PEGASUS_TIME 56655
S_SYSTEM_MESSAGE 62222
S_SYSTEM_MESSAGE_CUSTOM 39244
S_SYSTEM_MESSAGE_LOOT_ITEM 47742
S_SYSTEM_MESSAGE_LOOT_SPECIAL_ITEM 45405
S_SYSTEM_REWARD_MESSAGE 59982
S_SYS_PARTY_INFO 29895
S_TARGET_INFO 30916
S_TASK_INFO_GUARD 28567
S_TAX_INFO 31798
S_TELEPORT_TO_CAMP 32906
S_TEMPER_MATERIALS 43563
S_TEMPER_RESULT 40888
S_TERRITORY_STEP_ENTER 57671
S_TERRITORY_STEP_LEAVE 22009
S_TERRITORY_STEP_PROGRESS 58731
S_TIMEOVER_CONTRACT 56517
S_TOGGLE_TASK_INFO_WINDOW 43327
S_TOKEN_POINT_STATUS 60778
S_TOTAL_GUILD_WAR_DATA 30808
S_TRADE_ACCEPT 32251
S_TRADE_BAG_CLOSE 43301
S_TRADE_BAG_DONE 37851
S_TRADE_BOX 56061
S_TRADE_BROKER_BOUGHT_ITEM_LIST 21440
S_TRADE_BROKER_BUY_IT_NOW 60500
S_TRADE_BROKER_CALC_NOTIFY 27377
S_TRADE_BROKER_DEAL_INFO_UPDATE 47584
S_TRADE_BROKER_DEAL_SUGGESTED 60800
S_TRADE_BROKER_HIGHEST_ITEM_LEVEL 32339
S_TRADE_BROKER_HISTORY_ITEM_LIST 37746
S_TRADE_BROKER_INPUT_PRICE 20454
S_TRADE_BROKER_REGISTERED_ITEM_LIST 52714
S_TRADE_BROKER_REQUEST_DEAL_RESULT 53478
S_TRADE_BROKER_SOLD_ITEM_LIST 21895
S_TRADE_BROKER_SUGGEST_DEAL 28774
S_TRADE_BROKER_WAITING_ITEM_LIST 64812
S_TRADE_MESSAGE 30349
S_TRANSFER_KUMAS_BATTLE_FIELD_TREASURE 54813
S_TUTORIAL_PLAY_FINISHED 33955
S_UNEQUIP_SERVANT_ITEM 31990
S_UNICAST_FLOATING_CASTLE_INFO 58574
S_UNICAST_TRANSFORM_DATA 32432
S_UNMOUNT_CARD 49079
S_UNMOUNT_VEHICLE 32053
S_UNMOUNT_VEHICLE_EX 34613
S_UNREGISTER_COMBINE_ITEM 38603
S_UNREGISTER_ENCHANT_ITEM 20833
S_UNREGISTER_EVOLUTION_ITEM 46169
S_UNREGISTER_REPAIR_ITEM 49126
S_UPDATE_ACHIEVEMENT_PROGRESS 34892
S_UPDATE_BIDDING_COUNT 25536
S_UPDATE_CONTENTS_ON_OFF 62495
S_UPDATE_EVENT_MATCHING_BONUS_INFO 37842
S_UPDATE_EVENT_SEED_STATE 65283
S_UPDATE_EVENT_SYSTEM 63857
S_UPDATE_FRIENDSHIP_GAGE 64758
S_UPDATE_FRIEND_INFO 23717
S_UPDATE_GAMBLE_BOX_STATE 46002
S_UPDATE_GUILD_ANNOUNCE 59852
S_UPDATE_GUILD_GROUP 35385
S_UPDATE_GUILD_MEMBER 60699
S_UPDATE_GUILD_QUEST_STATUS 37029
S_UPDATE_GUILD_TOWER_INFO 26347
S_UPDATE_KUMAS_BATTLE_FIELD_TREASURE_INFO 56468
S_UPDATE_KUMAS_BOSS_POS 21344
S_UPDATE_NPCGUILD 63007
S_UPDATE_PARTY_MEMBER_QUEST_DATA 22725
S_UPDATE_QUEST 52448
S_UPDATE_SERVANT_INFO 64247
S_UPDATE_STACK_ATTENDANCE_EVENT_INFO 29930
S_UPDATE_STACK_ATTENDANCE_EVENT_RESET_TIME 50440
S_UPDATE_STYLE_SHOP_MARK_PRODUCT 43844
S_UPDATE_USER_AWAKEN_GRADE 53135
S_UPDATE_VM_SELLBUY_WINDOW 31588
S_UPDATE_VM_SETTING_WINDOW 39956
S_UPDATE_VM_STATUS 51306
S_USER_AIM 44789
S_USER_AIM_TO 35229
S_USER_APPEARANCE_CHANGE 35050
S_USER_BLOCK_LIST 30539
S_USER_CHANGE_FACE_CUSTOM 32453
S_USER_CHANGE_NAME 36267
S_USER_DEATH 23261
S_USER_EFFECT 42474
S_USER_EXTERNAL_CHANGE 58700
S_USER_FLYING_LOCATION 42141
S_USER_ITEMLEVEL_INFO 62855
S_USER_ITEM_EQUIP_CHANGER 38615
S_USER_LEVELUP 32671
S_USER_LOCATION 40657
S_USER_LOCATION_IN_ACTION 60680
S_USER_MOVETYPE 49280
S_USER_PAPERDOLL_INFO 54133
S_USER_PVE_RANKING 59208
S_USER_PVP_RANKING 51268
S_USER_REPORT 20458
S_USER_SITUATION 56452
S_USER_STATUS 30143
S_USER_WEAPON_APPEARANCE_CHANGE 54065
S_USE_CHRONOSCROLL_RESULT 44233
S_USE_COUPON 36135
S_USE_JUMPGEAR 54050
S_USE_RIGHT_ITEM 39574
S_VEHICLE_EX_ARROW 34561
S_VERSION_INFO 46951
S_VIEW_BATTLE_FIELD_RESULT 60477
S_VIEW_GUILD_WAR 28255
S_VIEW_INTER_PARTY_MATCH_BATTLEFIELD_LIST 31276
S_VIEW_INTER_PARTY_MATCH_DUNGEON_LIST 63282
S_VIEW_PARTY_INVITE 47043
S_VIEW_VM_SETTING_WINDOW 60470
S_VIEW_WARE 34047
S_VIEW_WARE_EX 40858
S_VILLAGER_BUFF_INFO 61967
S_VILLAGER_POPUP_DIALOG 37920
S_VILLAGE_LIST_TO_TELEPORT 37108
S_VIP_STORE_ITEM_LIST 35851
S_VISITED_SECTION_LIST 43091
S_VISIT_NEW_SECTION 23075
S_VISIT_NEW_TEL_CAMP 42419
S_VM_BUY_BASKET_INFO 50346
S_VM_SELL_BASKET_INFO 61779
S_VOID_GUARD_INFO 30209
S_VOTE_DISMISS_PARTY 26678
S_VOTE_HISTORY 26300
S_VOTE_RESET_ALL_DUNGEON 57932
S_VOTE_TO_DUNGEON_MENTO 42235
S_WAITING_LIST 51258
S_WATCHED_MOVIES 38820
S_WEAK_POINT 26255
S_WELCOME_PET_OWNER 54812
S_WHISPER 38641
S_WORK_WORKOBJECT 32611
S_WORLD_OF_TANK_BATTLE_FIELD_BOARD 48136
S_WORLD_OF_TANK_BATTLE_FIELD_RESULT 40179
S_WORLD_QUEST_VILLAGER_INFO 52076