C_CHECK_VERSION = 19900
S_CHECK_VERSION = 19901
C_BUY_VILLAGER_BUFF = 20005
C_GET_AOI_INFO = 20014
S_CLOSE_VM_SETTING_WINDOW = 20019
S_CARD_DATA_RESET = 20051
S_UPDATE_STACK_ATTENDANCE_EVENT_INFO = 20056
C_DIALOG_EVENT = 20094
S_INIT_KUMAS_BATTLE_FIELD = 20107
S_PREMIUM_COMPOSE_UI_INFO = 20136
S_DESPAWN_STATUE = 20170
C_GMEVENT_LEAVE_EVENT = 20204
C_ASK_INTERACTIVE = 20286
C_MOUNT_CARD = 20313
S_USER_STATUS = 20315
C_SURVEY_ANSWER = 20335
S_PENDING_TRANSFORM_DATA = 20345
C_ADMIN_GET_USER_INFO_LIST_BY_DISTANCE = 20354
S_SPAWN_EGG = 20357
S_PROMOTION_INFO = 20364
C_REUQUEST_JOINED_CHANNEL_LIST = 20366
C_REQUEST_REPAIR_ITEM = 20374
S_SEND_CHANGE_REPUTATION_POINT = 20422
S_ADMIN_HOLD_CHARACTER = 20431
C_DUNGEON_WORK_RETRY = 20443
S_SET_ITEM_STRING = 20466
S_DIALOG_EVENT = 20468
S_DARK_RIFT_SPAWN_WORLD_NOTI = 20484
S_DUNGEON_WORK_LIST = 20503
S_LOAD_TOPO = 20593
C_REQUEST_PVP_RANKING = 20650
S_VM_BUY_BASKET_INFO = 20672
S_CHAPTERHOUSE_QUEST_LIST = 20688
S_REIGN_INFO = 20787
S_UNEQUIP_SERVANT_ITEM = 20833
S_USER_FLYING_LOCATION = 20876
C_INVALID_BUILD_VERSION = 20963
S_PREPARE_EXIT = 20972
S_DELETE_AWAKEN_ENCHANT_DATA = 21075
S_GUILD_MEMBER_LIST = 21083
S_SHOW_DEAD_CITY_WAR_UI = 21084
S_AERO = 21111
S_SYSTEM_MESSAGE_CUSTOM = 21122
C_REQUEST_GUILD_WAR_TELEPORT = 21176
S_SET_NEW_TERA_USER = 21190
S_ACCOMPLISH_ACHIEVEMENT = 21194
S_POINT_STORE_BASKET = 21210
S_KUMAS_BOSS_BATTLE_FIELD_RESULT = 21272
S_RESULT_GUILD_INCENTIVE = 21315
S_ROUND_PVP_BATTLE_FIELD_RESULT = 21335
S_SERVANT_ABILITY = 21338
S_SHOW_ARTISAN_MENU = 21355
S_COMPLETE_VOTE = 21496
C_PREMIUM_COMPOSE_ADD_ITEM = 21510
S_CREATE_PRIVATE_CHANNEL = 21519
S_GMEVENT_END_EVENT = 21521
S_GUARDTOWER_ATTACK_ALARM = 21524
S_KUMAS_BATTLE_FIELD_LOOT_ITEM = 21540
S_REQUEST_STYLE_SHOP_MARK_PRODUCTLIST = 21597
C_WITHDRAW_GUILD_WAR = 21602
S_FIN_CANNON_BATTLE_FIELD = 21644
C_ANSWER_CODE_HASH = 21654
S_GUILD_PERK_LIST = 21681
S_RESULT_COMBINE_ITEM = 21689
S_ADD_GUILD_GROUP = 21710
C_SEND_UI_LOG = 21711
S_DEBUG_POS = 21762
C_GUILD_STORE_COMMIT = 21774
C_BANISH_GUILD_MEMBER = 21886
S_INGAMESHOP_PRODUCT_BEGIN = 21889
S_VIEW_INTER_PARTY_MATCH_BATTLEFIELD_LIST = 21901
S_STORE_SELL_LIST = 21904
S_END_FIX_VEHICLE = 21920
C_DELETE_FRIEND = 21934
S_LEAVE_PARTY_MEMBER = 22034
C_PREMIUM_COMPOSE_TRY = 22046
S_PET_MANAGER_SHOW = 22152
S_VIEW_COMBINE_BATTLE_FIELD_RANKING = 22193
S_ADMIN_GET_USER_INFO_BY_DBID = 22200
C_GUILD_STORE_BUY_DEL_BASKET = 22225
S_DAILY_QUEST_COMPLETE_COUNT = 22230
S_FIELD_EVENT_ON_LEAVE = 22258
S_LOAD_DUNGEON_SOUND_HINT = 22272
S_UPDATE_GAMBLE_BOX_STATE = 22302
S_RP_SKILL_POLISHING_UPGRADE_LEVEL = 22303
C_START_REPAIR_ITEM = 22309
C_DEL_FROM_AWAKEN = 22326
C_LORD_VOTE_CANDIDATE_LIST = 22336
C_COMMIT_CHANGE_USER_APPEARANCE = 22338
S_SET_KUMAS_BATTLE_FIELD_TREASURE_SCORE = 22377
C_MYTHICCRAFT_REGISTER_MATERIAL_ITEM = 22394
S_REQUEST_JOINED_CHANNEL_LIST = 22398
C_TRADE_BROKER_WAITING_ITEM_LIST_NEW = 22407
C_REQUEST_PRIVATE_CHANNEL_INFO = 22447
C_GROUP_DUEL_BETTING_MONEY = 22461
C_SHOW_ITEM_TOOLTIP_EX = 22466
S_CLEAR_WORLD_QUEST_VILLAGER_INFO = 22477
S_PLAYER_CHANGE_FLIGHT_ENERGY = 22481
S_UPDATE_NPCGUILD = 22512
S_NPC_TRANSLATIONZ = 22544
S_NPC_RESPAWN_PLAN_ALARM = 22557
S_GMEVENT_GUIDE_MESSAGE = 22607
S_COMBO_START = 22629
S_SERVER_TIME = 22647
S_USER_LOCATION_IN_ACTION = 22658
S_DECOMPOSITION_ITEM_RESULT = 22692
S_TAX_INFO = 22702
S_RESULT_MYTHICCRAFT = 22726
S_FIN_ROUND_PVP_BATTLE_FIELD = 22737
S_PK_TAG = 22740
C_GAMBLE_CHANGE_BET_ITEM = 22757
S_START_COMMANDER_SKILL = 22773
S_DESTROY_GUILD = 22818
C_REQUEST_MISSION_QUEST_TELEPORT = 22885
S_SEND_ROUND_PVE_SKILL_LIST = 22907
S_AWESOMIUM_DEBUG_MODE = 22911
C_USER_REPORT = 22962
S_BATTLE_FIELD_RESULT = 23009
S_ROUND_START = 23022
C_CREATE_GUILDGROUP = 23024
C_DUNGEON_WORK_LEAVE = 23025
S_DARK_RIFT_MAIN_DEFENCE_CHANGE_HP = 23029
S_SKILL_CATEGORY = 23063
S_SYSTEM_MESSAGE_LOOT_ITEM = 23067
C_CAN_LOCKON_TARGET = 23071
S_EMITTER_SET_Z = 23082
C_RESTORE_CUSTOMIZING_PARTS_SHAPE = 23083
S_PET_INCUBATOR_PROGRESS = 23133
S_ADMIN_NOTICE = 23135
S_WORLD_OF_TANK_BATTLE_FIELD_BOARD = 23139
S_UNICAST_FLOATING_CASTLE_NAMEPLATE = 23150
S_INIT_STRONGHOLD_OCCUPATION_BATTLE_FIELD = 23153
C_ITEM_COLORING_REMOVE_ITEM = 23166
S_DUNGEON_CLEAR = 23179
S_PETITION_CANCEL = 23190
S_MYTHICCRAFT_REGISTER_TARGET_ITEM = 23288
C_SIMPLE_TIP_REPEAT_CHECK = 23323
S_PLAYER_CHANGE_ALL_PROF = 23327
S_TRADE_BROKER_SOLD_ITEM_LIST = 23337
S_SET_SEND_PARCEL_MONEY = 23342
S_ENEMY_BATTLE_FIELD_COMMANDER_CHANGED = 23346
S_SECOND_PASSWORD_AUTH_RESULT = 23360
S_CANCEL_PARTY_MEMBER_BAN = 23381
S_REQUEST_UPDATE_CUSTOM_USER_CUSTOMIZING = 23414
S_ADMIN_GET_USERINFO_SKILL = 23418
C_TEL_CAMP = 23421
S_LEAVE_GUILD = 23423
C_START_EVOLUTION = 23438
C_REQUEST_GUILD_INCENTIVE = 23463
S_OPEN_RENAME_GUILD_POPUP = 23518
C_REQUEST_ENTER_VIP_DUNGEON = 23540
S_MINIGAME_END = 23550
S_MAIN_MENU_COMMAND = 23551
S_SEND_PARCEL_TAX = 23681
C_ADMIN_GMEVENT_STATUS = 23695
S_MATERIAL_PARAM_CHANGE = 23711
S_CONTENTS_TIMER = 23763
S_LORD_OPEN_REGISTER_WINDOW = 23768
C_CANCEL_QUEST = 23770
S_REQUEST_DEMOLIST_GUILD_TOWER_POPUP = 23794
C_CHECK_NEW_GUILDNAME = 23877
C_TRADE_BROKER_SUGGEST_DEAL = 23892
S_FISHING_CATCH = 23900
C_REQUEST_FINISH_GUILD_QUEST = 23916
S_PRIVATE_CHANNEL_NOTICE = 23922
S_GUILD_POINT_INFO_CHANGED = 23935
S_CITYWAR_WARNING_UNDERATTACK = 23980
S_NPC_PART_BLINK = 23990
C_CANCEL_DELETE_USER = 24029
S_PARTY_MEMBER_CHANGE_MP = 24057
S_UPDATE_STACK_ATTENDANCE_EVENT_RESET_TIME = 24061
C_PET_ORB_DELETE = 24074
S_PETITION_FORCE_CREATE = 24118
S_RESET_ALL_PRODUCT_MARK_EVENT = 24129
S_FEUDAL_LORD_FLAG_INFO = 24195
S_CARD_DATA = 24207
C_FINDNAME = 24277
C_UNREGISTER_PARTY_INFO = 24305
C_END_ITEM_BIDDING = 24326
C_START_EXTRACT = 24348
C_REQUEST_INVITE_GUILD_LIST = 24384
C_CLOSE_VM = 24400
S_SKILL_ATTENTION_TARGET = 24413
S_BONFIRE_CHARM_BURNED = 24424
S_GROUP_NPC_LOCATION = 24446
S_DUNGEON_WORK_POINT_STORE_BASKET = 24485
C_STOP_FISHING = 24495
S_GMEVENT_WRITE_EVENTBOARD = 24498
S_GET_IN_SHUTTLE = 24533
C_ANS_QUEST_SHARE = 24537
C_SKILL_LEARN_REQUEST = 24540
S_DUNGEON_NEWBIE = 24547
S_BASE_POINT_BATTLE_FIELD_NODEPOINT_INFO = 24558
S_TRANSFER_KUMAS_BATTLE_FIELD_TREASURE = 24586
S_NPC_CHANGE_MESH = 24616
C_MAIN_MENU_COMMAND_EXEC = 24621
C_DECLARE_GUILD_WAR = 24630
C_START_SERVANT_ACTIVE_SKILL = 24653
C_SET_GUILDGROUP_AUTHORITY = 24690
C_USE_ITEM = 24693
C_REQUEST_ARENA_BETTING_INFO = 24705
S_SHOW_CHANGE_CHARACTER_UI = 24728
C_BATTLE_FIELD_BOARD_REQUEST = 24729
S_REMOVE_EVENT_MATCHING_QUEST = 24746
C_REQUEST_RIGHT_ITEM_LIST = 24748
S_DUEL_END = 24787
C_MEET_BOSS_INFO = 24805
S_START_PRODUCE = 24822
S_NOTIFY_ACTIVE_BUILD_TERRITORY_STATE = 24825
S_SIMPLE_TIP_REPEAT_CHECK = 24850
S_ACTION_END = 24861
C_SHOW_INVEN = 24878
C_SET_VISIBLE_RANGE = 24883
C_SET_SEND_PARCEL_ITEM = 24920
C_DELETE_COUPON = 24937
S_SOCIAL = 24945
C_TRADE_BROKER_HISTORY_ITEM_LIST_SORT = 24970
S_MODIFY_INTER_PARTY_MATCH_POOL = 25030
S_RESULT_SEREN_GUIDE = 25042
S_PING = 25070
C_UPDATE_AFK_STATUS = 25085
S_FIELD_EVENT_GUIDE = 25101
S_MYTHICCRAFT_REGISTER_MATERIAL_ITEM = 25139
S_END_PEGASUS = 25173
C_REMOVE_ITEM_FROM_VM_SELL_BASKET = 25199
C_PARCEL_READ_RECV_STATUS = 25225
S_OPEN_FLOATING_CASTLE_STORE = 25246
C_START_INSTANCE_SKILL = 25296
S_SHOW_USER_EP_INFO = 25302
S_BREAK_SHIELD = 25362
S_DARK_RIFT_DEFENCE_OBJECT_CHANGE_HP = 25377
C_BIND_ITEM_BEGIN_PROGRESS = 25390
S_CHANGE_CITY_WAR_STATE = 25413
S_SHOW_PEGASUS_MAP = 25433
C_REQUEST_RENAME_GUILD = 25532
C_CITY_WAR_SEASON_HISTROY = 25536
S_ABNORMALITY_END = 25540
S_DARK_RIFT_ALL_DESPAWN_WORLD_NOTI = 25562
C_TRADE_BAG_DONE = 25564
S_SEND_USER_PLAY_TIME = 25579
S_FIN_ROUND_PVE_BATTLE_FIELD = 25591
C_REJECT_CONTRACT = 25624
C_GET_EVENT_SYSTEM_REWARD = 25637
S_VIEW_WARE_EX = 25650
C_FIELD_EVENT_BAN = 25697
S_RECV_PARCEL_ALL = 25700
S_NOTIFY_GUILD_WAR_INFO = 25761
S_REPLY_RET_VILLAGE_INFO = 25767
C_MOVE_ITEM = 25812
C_SERVANT_ABILITY = 25817
S_ROUND_PVE_SCORE = 25843
S_POST_PROCESS = 25874
C_TRADE_BROKER_HISTORY_ITEM_LIST_NEW = 25882
S_ITEMLIST = 25896
S_INVALID_BUILD_VERSION = 25924
S_EXTRACT_REGISTERED_ITEM = 25934
S_DESPAWN_TARGET_OBJECT = 25958
C_DUNGEON_RANK_SEASON_LIST = 25981
S_ADMIN_PRIVILEGE = 25998
S_SHOW_PARCEL = 26005
S_DIRECTION_WEAKNESS_BEGIN = 26007
C_GAMBLE_GO = 26049
S_UPDATE_FRIEND_INFO = 26055
S_RP_ADD_ITEM_TO_DECOMPOSITION_CONTRACT = 26094
S_PARTY_MEMBER_CHARM_ENABLE = 26119
C_SET_RECIPE_BOOKMARK = 26129
S_EVENT_DIALOG = 26141
S_CHANGE_PK_INFO = 26160
C_SHOW_ITEMLIST = 26162
S_ROUND_PVE_OPEN_SKILL_UI = 26198
S_RESULT_ITEM_BIDDING = 26205
S_DARK_RIFT_DESPAWN_WORLD_NOTI = 26219
C_UNLOCK_POCKET = 26221
S_SYSTEM_MESSAGE_LOOT_SPECIAL_ITEM = 26239
C_TOGGLE_GROUP_DUEL_SLOT = 26273
C_BETTING_TRY = 26309
S_POLITICS_POINT_STORE_BASKET = 26323
S_ABNORMALITY_SCALE_UP = 26324
C_REQUEST_USER_ITEMLEVEL_INFO = 26327
S_DARK_RIFT_QUEST_INFO = 26335
S_CREATE_GUILD_RESULT = 26394
C_ADD_TO_TEMPER_MATERIAL_EX = 26417
C_PREMIUM_COMPOSE_CANCEL = 26433
C_REWRITE_ITEM_STRING = 26466
S_DARK_RIFT_DESTORY_OBJECT = 26475
S_HIT_COMBO = 26487
C_START_SKILL = 26502
C_SLASH_COMMAND = 26510
C_ADMIN_HOLD_CHARACTER = 26513
C_START_INSTANCE_SKILL_EX = 26525
C_REQUEST_MY_ACTIVATE_CARD_COMBINE_LIST_DATA = 26534
S_SELECT_CHANNEL = 26561
S_PLAYTIME_EVENT_END = 26578
C_ADD_INTER_PARTY_MATCH_POOL = 26607
C_SHOW_ITEM_TOOLTIP = 26609
S_REQUEST_GUILD_INFO_BEFORE_APPLY_GUILD = 26628
C_LORD_REGISTER = 26629
C_ADMIN_REQUEST_USERINFO = 26633
C_FACIAL_ATTACHMENT = 26637
S_BATTLE_FIELD_POINT_STORE_BASKET = 26657
C_ADMIN_REQUEST_DEFAULT_BOOKMARK = 26717
S_GAMBLE_END = 26732
S_CHANGE_CHARACTER = 26737
S_ARTISAN_RECIPE_LIST = 26741
C_PETITION_CANCEL = 26751
C_GUILD_APPLY_LIST_PAGE = 26759
S_DUNGEON_STATUS = 26776
S_PVP_RANKING_LIST = 26789
S_INIT_ROUND_PVP_BATTLE_FIELD = 26802
C_REGIST_CUSTOMIZING_PARTS_SHAPE_ITEM = 26810
C_SELECT_EVENT_MATCHING = 26835
S_PARTY_MEMBER_INFO = 26841
S_TRADE_BROKER_HISTORY_ITEM_LIST = 26849
C_MERGE_ITEM = 26851
C_NOTIFY_LOCATION_IN_REACTION = 26852
C_ITEMSYNTHESIZER_REQUEST_START = 26870
C_REGISTER_ENCHANT_ITEM = 26895
C_RECV_PARCEL = 26954
S_TRADE_BAG_DONE = 26969
C_END_CLIMBING = 26972
S_DEL_INTER_PARTY_MATCH_POOL = 26984
S_END_LEVEL_COMPENSATION = 27015
S_OPEN_GUILD_LOGO_WINDOW = 27020
C_REQUEST_DUNGEON_WORK_LIST = 27044
C_CREATE_GROUP_DUEL = 27073
S_GMEVENT_START_EVENT = 27107
S_COMBATLOG_CURRENT_AGGRO_LIST = 27128
S_UNREGISTER_COMBINE_ITEM = 27160
S_REQUEST_SERVANT_EVOLUTION = 27167
S_VOTE_HISTORY = 27187
C_GET_OUT_SHUTTLE = 27188
C_VISIT_NEW_SECTION = 27292
C_PROMOTION_CANCEL = 27302
S_START_CHAT_BAN_INFINITY = 27309
S_HIDE_HP = 27325
C_BUY_INGAMESTORE_MONEYPRODUCT = 27335
S_RESULT_MATERIAL_AWAKEN = 27447
S_PARCEL_READ_RECV_STATUS = 27460
C_SHOW_GUILD_QUEST_LIST = 27481
C_REQUEST_OPEN_DUAL_OPTION_MATERIAL_INFO = 27579
S_TRADE_BAG_CLOSE = 27606
C_PARTY_LOOTING_METHOD_VOTE = 27625
S_END_DRIVE_AIRSHIP = 27632
C_OPEN_GUILD_WAR_WINDOW = 27649
S_COLLECTION_PICKEND = 27683
C_REVIVE_NOW = 27709
C_CHANGE_SERVANT_CONDITIONAL_SKILL = 27740
S_KUMAS_BOSS_CHANGE_INFO = 27784
C_POINT_STORE_COMMIT = 27807
S_PARTY_MEMBER_ABNORMAL_REFRESH = 27838
C_START_FIX_SPIRIT = 27850
C_REMOVE_ITEM_FROM_VM_BUY_BASKET = 27857
S_RP_SKILL_POLISHING_EXP_INFO = 27869
S_INIT_FREE_FIGHT_BATTLE_FIELD = 27899
S_VISITED_SECTION_LIST = 27901
C_SHARE_USER_PING = 27903
C_LIST_CHANNEL = 27927
C_REQUEST_TOKEN_TARGET_ITEM = 27938
S_GROUP_DUEL_CURRENT_BETTING_ITEM = 27983
S_PUSHED_BY_SHIELD = 27984
S_STYLE_SHOP_BUY_TCAT_ITEM = 27990
S_CAN_DUNGEON_RETRY = 27991
S_CITY_WAR_NPC_INFO = 28001
S_ENCHANT_SCROLL_RESULT = 28012
C_REQUEST_PET_CONSUME_EXP_ITEM = 28034
S_START_GUILD_WAR = 28043
C_ADMIN_GET_DUNGEON_USER_LIST = 28046
C_REQUEST_NONDB_ITEM_INFO = 28130
S_OPEN_GUILD_FLAG_WINDOW = 28152
S_RESPONSE_PONG = 28172
C_PETITION_COMPLETE_CONFIRM = 28182
S_DIALOG_CLOSE = 28236
S_RP_COMMIT_DECOMPOSITION_CONTRACT = 28268
S_SKILL_FORGET = 28327
C_TRADE_BROKER_UNREGISTER_ITEM = 28405
C_REQUEST_GUILD_PERK_LIST = 28435
S_CANCEL_PREPARE_CHANGE_USER_APPEARANCE = 28443
S_CHANGE_ITEM_PASSIVE_LIST = 28484
C_DUNGEON_COOL_TIME_LIST = 28507
S_PREMIUM_COMPOSE_DEL_ITEM = 28524
S_DESPAWN_GAMBLE_BOX = 28539
S_PARTY_MEMBER_CHANGE_HP = 28547
S_PARTY_LOOTING_METHOD_VOTE = 28605
C_CANCEL_CONTRACT = 28641
S_PK_POINT = 28651
C_CHANGE_ITEM_PASSIVE_LIST = 28660
S_MY_CONDITION = 28694
S_RESULT_USABLE_GUILD_NAME = 28729
C_PRECONFIRM_INVITE_CODE = 28750
S_ADMIN_GET_DUNGEON_USER_LIST = 28759
S_NPC_SCALE = 28768
S_WORLD_OF_TANK_BATTLE_FIELD_RESULT = 28778
S_CUSTOM_MESSAGE = 28784
C_TRADE_BROKER_REJECT_SUGGEST = 28788
C_REQUEST_PLAYTIME = 28808
S_SHOW_REVIVE_UI = 28827
C_PARTY_APPLICATION_DENIED = 28840
S_FIX_VEHICLE_PROGRESS = 28842
S_UNICAST_FLOATING_CASTLE_INFO = 28875
S_GMEVENT_CONFIRM_LEAVE_EVENT = 28905
S_CLEAR_ALL_HOLDED_ABNORMALITY = 28932
C_CHANGE_GUILDNAME = 28939
S_SPAWN_TARGET_OBJECT = 28940
S_INSTANCE_ARROW = 28951
S_USER_AIM_TO = 28954
S_IMAGE_DATA = 28956
S_END_CUSTOMIZING_PARTS_SHAPE = 28958
S_STORE_BASKET = 28963
S_CANCEL_PARTY_LOOTING_METHOD_VOTE = 28974
S_MOUNT_VEHICLE = 28983
S_TARGET_INFO = 28984
C_DUNGEON_CLEAR_COUNT_LIST = 29020
C_PARTY_NOTIFY_MY_POSITION = 29047
S_RP_SKILL_POLISHING_CHANGE_OPTION = 29052
S_PK_END = 29062
S_PK_START = 29068
S_INITIALIZE_AWESOMIUM = 29072
S_ARENA_RESULT = 29137
S_CONNECT_SKILL_ARROW = 29147
S_PLAYER_CHANGE_MP = 29178
S_UPDATE_GUILD_QUEST_STATUS = 29187
S_RESULT_CHANGE_CHARACTER_NAME = 29218
C_START_VM_SELL = 29219
S_PLAYER_CHANGE_DRAIN = 29224
C_REGISTER_VM_SELL_ITEM = 29232
S_SEND_CHANGE_REPUTATION_EXP = 29256
C_TRADE_BROKER_WAITING_ITEM_LIST_SORT = 29264
S_FINISH_GUILD_QUEST = 29281
C_CHANGE_MY_PROFILE = 29293
S_PET_INCUBATOR_SHOW = 29304
C_CITY_WAR_INFO_HISTROY = 29330
S_STRONGHOLD_OCCUPATION_BATTLE_FIELD_STRONGHOLD_INFO = 29337
S_STICK_TO_USER_START = 29344
S_UPDATE_EVENT_SEED_STATE = 29364
S_START_CLIMBING = 29435
C_TRADE_BROKER_CALC_BOUGHT_ITEM = 29437
S_UPDATE_VM_STATUS = 29452
S_PREMIUM_SLOT_OFF = 29453
C_EXIT = 29478
C_PARCEL_REPORT = 29492
S_ASK_TELEPORT = 29506
S_SNOW_EVENT_BATTLE_FIELD_RESULT = 29547
S_LORD_REGISTER_INFO = 29548
S_SET_FLY_MOVE_INFO = 29625
S_BATTLE_FIELD_CHAT_BAN_INFO = 29633
C_BIND_ITEM_CANCEL = 29634
S_VM_SELL_BASKET_INFO = 29719
S_DUNGEON_SUMMON_PARTY = 29736
S_GROUP_DUEL_INIT = 29770
S_LOAD_CLIENT_ACCOUNT_SETTING = 29776
S_PARTY_MEMBER_CHANGE_STAMINA = 29832
S_LEAVE_PRIVATE_CHANNEL = 29847
C_REQUEST_COUPON_LIST = 29965
S_SET_VISIBLE = 29984
C_MOVE_WARE_POS = 29985
S_DUNGEON_UI_HIGHLIGHT = 29991
C_EXTEND_PARTY = 29992
S_PARTY_MATCH_LINK = 30016
C_PETITION_FEEDBACK = 30050
S_ARENA_END_FIGHT = 30054
S_UPDATE_FRIENDSHIP_GAGE = 30068
S_UPDATE_KUMAS_BOSS_POS = 30104
S_PETITION_COMPLETE = 30141
S_UPDATE_GUILD_MEMBER = 30147
C_SET_SEND_PARCEL_TYPE = 30191
S_REQUEST_PRIVATE_CHANNEL_INFO = 30202
S_PVE_RANKING_LIST = 30279
C_DISTRIBUTOR_ANSWER = 30343
C_MEDAL_STORE_BUY_ADD_BASKET = 30365
C_BLOCK_USER = 30382
S_GUILD_HISTORY = 30401
S_SYSTEM_MESSAGE = 30405
S_BATTLE_FIELD_STRONGHOLD_NONE_STATE = 30499
S_DARK_RIFT_PROGRESS_STEP_WORLD_NOTI = 30500
C_CHANGE_USER_LOBBY_SLOT_ID = 30539
S_SPAWN_REMOTE_PROJECTILE = 30541
C_REPLY_TELEPORT = 30555
C_PETITION_CHAT_USER_MESSAGE = 30578
S_SPAWN_BONFIRE = 30583
S_PLAYER_LACK_OF_ACTPOINT = 30602
C_EVENT_GUIDE = 30603
C_ADMIN_GMEVENT_NOTICE = 30628
S_SHOW_DUNGEON_RETRY_UI = 30632
S_BATTLE_FIELD_TEAM_MEMBERS_POS_INFO = 30641
S_ADMIN_WARNING_MESSAGE = 30660
C_VIEW_WARE = 30710
C_REQUEST_GUILD_LIST_SORT = 30727
S_FATIGABILITY_POINT = 30738
C_UNMOUNT_VEHICLE = 30756
S_PLAYER_CHANGE_STAMINA = 30763
C_ENTER_TELEPORTTERRITORY = 30802
S_MINIGAME_FAIL = 30808
S_RESULT_REPAIR_ITEM = 30872
C_USER_AIM = 30875
S_ABNORMALITY_REFRESH = 30888
S_SWITCH_INFO = 30925
S_FONT_SWAP_INFO = 30946
S_NPC_MENU_SELECT = 30960
S_COMMAND_HELP = 30969
C_REJECT_INVITE_USER_TO_GUILD = 30997
S_SHOW_GUILD_QUEST_LIST = 31003
C_TRADE_BROKER_INPUT_PRICE = 31031
S_GET_OUT_SHUTTLE = 31053
S_ACTION_STAGE = 31055
S_FIELD_POINT_INFO = 31056
C_REQUEST_CANDIDATE_LIST = 31093
C_ITEM_COLORING_SET_COLOR = 31100
S_VIRTUAL_LATENCY = 31121
C_PLAYER_LOCATION = 31161
S_PREPARE_SELECT_CHANNEL = 31170
S_ASK_CODE_HASH = 31234
S_FLOATING_CASTLE_PARTS_STORE_SELL_LIST = 31255
C_HIT_USER_PROJECTILE = 31302
S_CHANGE_EVENT_MATCHING_STATE = 31306
S_DUNGEON_JACKPOT_EVENT_START = 31312
S_PVE_LEADER_BOARD_INFO = 31339
C_ENCHANT_BOOSTER_REGISTER_ITEM = 31342
S_VOID_GUARD_INFO = 31520
C_SAVE_CLIENT_USER_SETTING = 31539
S_RP_SKILL_POLISHING_LIST = 31564
S_NOTIFY_USER_SKILL_POLISHING_LEVEL_UP = 31584
S_ASK_QUEST_SHARE = 31587
C_END_FISHING_MINIGAME = 31591
C_PET_INCUBATOR_START = 31626
C_VEHICLEEX_LOCATION = 31677
S_PROTECT = 31719
C_SET_GUILD_JOIN_CONDITION = 31728
C_BOARD_ITEM_LIST = 31829
S_SPAWN_USER = 31833
S_FAIL_LOOT_NON_OWNERSHIP = 31840
C_REQUEST_TOTAL_GUILD_WAR_DATA = 31849
C_REQUEST_PARTY_MATCH_LINK = 31853
C_RECOMMEND_GUILD = 31907
S_PREPARE_INGAME_CHANGE_USER_APPEARANCE = 31909
C_INGAME_CHANGE_USER_APPEARANCE_CANCEL = 31940
S_LORD_OPEN_VOTE_WINDOW = 31953
S_UNMOUNT_VEHICLE = 31955
S_PLAYER_CHANGE_ACTPOINT = 31958
S_FIN_KUMAS_BATTLE_FIELD = 31965
C_PROMOTION_START = 31966
S_POSITION_SWAP = 31978
S_ITEM_EXTRACT = 31999
S_UNMOUNT_VEHICLE_EX = 32007
S_INGAMESHOP_CATEGORY_DATA = 32020
S_ITEM_COLORING_BAG = 32021
S_ADD_FRIEND = 32052
S_DUNGEON_GUIDE_ON = 32090
S_CHANGE_LOOKS_PREMIUM_START = 32115
C_AVAILABLE_EVENT_MATCHING_LIST = 32119
M_PDH_DATA = 32128
C_CANCEL_RETURN_TO_LOBBY = 32170
S_ITEM_RESET_RESULT = 32178
S_DESPAWN_EGG = 32188
C_ADMIN_GMEVENT_OFF = 32199
C_START_COMBINE_ITEM = 32271
S_SHOW_PARCEL_MESSAGE = 32281
S_START_VM_SELL = 32298
S_TERRITORY_STEP_PROGRESS = 32310
C_REQUEST_RECV_DAILY_TOKEN = 32328
C_DUNGEON_RANK_RECORD_LIST = 32329
S_BOARD_ITEM_LIST = 32366
S_INGAMESHOP_PRODUCT_DATA = 32388
C_GET_GUILD_WARE_HISTORY = 32403
S_ANNOUNCE_UPDATE_NOTIFICATION = 32406
C_CANCEL_EXIT = 32417
S_SHOW_TRADE_LOG = 32472
S_SYS_PARTY_INFO = 32596
S_BATTLE_FIELD_USER_OCCUPIABLE_ENTER = 32630
S_INIT_CANNON_BATTLE_FIELD = 32643
S_INSTANT_PULL = 32657
S_LORD_RANK_INFO = 32672
S_RANK_POINT_STATUS = 32687
C_REQUEST_ENCHANT = 32701
C_CREST_APPLY = 32739
C_REQUEST_SERVANT_AUTO_POTION_INFO = 32762
C_RESET_ALL_DUNGEON = 32774
S_SET_RECIPE_BOOKMARK = 32783
S_START_DRIVE_AIRSHIP = 32794
S_TRADE_BOX = 32805
S_AIR_REACTION_END = 32823
S_CONFIRM_INVITE_CODE = 32834
C_RETURN_PARCEL = 32837
S_PREMIUM_COMPOSE_ADD_ITEM = 32855
S_LEARN_EP_PERK = 32880
C_QUERY_COIN = 32881
C_REMOVE_COLORING_POTION = 32895
S_DUNGEON_CHANGE_NPC_ANIMSET = 32909
S_CHECK_RTT = 32914
S_COMPLETE_CHRONOSCROLL_USE = 32933
S_ATTENDANCE_CHECK = 32950
S_RESULT_CHANGE_MY_PROFILE = 33037
C_PARTY_LOOTING_METHOD = 33049
S_SET_POS = 33060
C_BAN_PARTY_MEMBER = 33083
S_PREPARE_DONE_WORKOBJECT = 33138
C_REQUEST_LEARN_GUILD_PERK = 33155
C_DESPAWN_BUILD_OBJECT = 33207
S_BREAK_SHIELD_END = 33286
S_CAST_FISHING_ROD = 33291
C_REQUEST_DICE_THROW = 33310
C_ACTIVATE_CARD_COMBINE_LIST = 33350
S_GROUP_DUEL_FIN = 33370
S_UPDATE_QUEST = 33378
S_GMEVENT_ENTER_EVENT = 33386
C_DIALOG = 33400
S_INVITE_FRIEND_CODE = 33421
S_OPEN_DUAL_OPTION_MATERIAL_INFO = 33437
C_SHOW_STYLE = 33452
S_START_ROUND_PVE_ROUND = 33499
S_RESULT_EVENT_SEED = 33502
C_TRY_NPC_INTERACTION = 33509
C_REQUEST_EQUIPMENT_INHERITANCE = 33519
S_DUNGEON_COOL_TIME_LIST = 33525
S_USER_PAPERDOLL_INFO = 33537
C_REQUEST_PARTY_INFO = 33608
S_NOTIFY_BATTLE_FIELD_NPC_SPAWN = 33611
C_CLOSE_SEND_PARCEL = 33636
S_UPDATE_USER_AWAKEN_GRADE = 33657
S_CHANGE_FRIEND_STATE = 33678
C_RQ_SKILL_POLISHING_CHANGE_OPTION = 33683
S_DESPAWN_PET = 33761
S_ACCOUNT_BENEFIT_LIST = 33772
S_CANNON_BATTLE_FIELD_GUARDTOWER_STATUS = 33813
S_INVITE_CODE_EXPIRE_TIME = 33823
S_FIN_FREE_FIGHT_BATTLE_FIELD = 33833
C_CREATE_PRIVATE_CHANNEL = 33880
S_CANNOT_START_SKILL = 33903
C_DUNGEON_SUMMON_PARTY = 33921
S_SPAWN_WORKOBJECT = 34016
S_START_GUILD_QUEST = 34033
C_EXECUTE_TEMPER = 34049
S_REJECT_CONTRACT = 34064
C_PURCHASE_PROD = 34070
C_PARTY_MATCH_WINDOW_CLOSED = 34075
C_REQUEST_BUY_VIP_STORE_ITEM = 34098
C_REQUEST_SERVANT_INFO_LIST = 34124
S_INCREASE_CARD_PRESET = 34157
S_WAITING_LIST = 34174
S_CHANGE_DESTPOS_PROJECTILE = 34179
C_ENTER_BATTLE_FIELD = 34192
S_INGAMESHOP_CATEGORY_END = 34223
C_SHOW_PARCEL_MESSAGE = 34257
C_EDIT_BLOCKED_USER_MEMO = 34300
S_CHECK_NEW_GUILDNAME = 34304
S_GMEVENT_OX_QUIZ_USER_STATUS = 34436
S_DELETE_AWAKEN_CHANGE_DATA = 34444
S_CREATURE_CHANGE_HP = 34536
C_CANCEL_DUNGEON_RETRY = 34556
S_DESPAWN_DARK_RIFT_CLOUD = 34563
C_REQUEST_PVE_RANKING = 34606
C_GMEVENT_ENTER_EVENT = 34676
C_GUILD_APPLY_LIST = 34679
S_DUNGEON_RANK_END_TIME = 34680
S_POLITICS_POINT_STORE_SELL_LIST = 34705
C_SELECT_USER = 34724
S_CHAT_REPORT = 34734
S_FIN_BASE_POINT_BATTLE_FIELD = 34756
C_DEL_CRYSTAL_COMBINE_MATERIAL = 34757
S_ADD_NEW_EVENT_MATCHING_QUEST = 34817
C_REQUEST_BATTLE_FIELD_CHAT_BAN = 34826
S_CHANGE_LOOKS_PREMIUM_RESULT = 34842
S_OP_COMMAND = 34857
S_PRECONFIRM_INVITE_CODE = 34862
C_CANCEL_SELECT_CHANNEL = 34878
S_SPAWN_EVENT_SEED = 34885
C_RECV_PARCEL_EX = 34888
S_CREST_UPGRADE_INFO = 34890
S_SKILL_LEARN_RESULT = 34918
C_REQUEST_CHANGE_PARTY_MATCH_RULE = 34957
S_UPDATE_VM_SETTING_WINDOW = 34969
S_START_VM_BUY = 34995
S_PLAY_EFFECT = 34997
C_INGAME_CHANGE_USER_APPEARANCE_TRY = 35006
S_TRADE_BROKER_BUY_IT_NOW = 35013
C_PING = 35035
C_REQUEST_PARTY_MATCH_INFO = 35041
C_UPDATE_REACTION_POS = 35080
S_PARTY_MEMBER_CHARM_RESET = 35102
S_TOKEN_POINT_STATUS = 35115
S_GAMBLE_RESULT = 35121
C_REQUEST_FLY_MOVE_INFO = 35126
S_RETURN_USER = 35161
C_CHANGE_VM_MODE = 35175
C_REQUEST_MY_PARTY_MATCH_INFO = 35199
S_DEACTIVATE_CARD_COMBINE_LIST = 35210
S_ACTIVATE_CARD_COMBINE_LIST_DATA = 35257
C_TRY_TELEPORT_FIELD_EVENT = 35305
C_COMPLETE_QUEST = 35318
C_UNEQUIP_ITEM = 35319
S_CARD_COLLECTION_BOOK_LEVEL_UP = 35388
C_REQUEST_EVOLUTION = 35422
S_PROMOTION_SUCCESS = 35441
S_USE_COUPON = 35460
S_INIT_KUMAS_BOSS_INFO = 35466
S_SHOW_TRADE_ITEM = 35474
S_TRADE_ACCEPT = 35534
C_CHANGE_GUILD_CHIEF = 35553
S_EP_SYSTEM_DAILY_EVENT_EXP_ON_OFF = 35640
S_USE_CHRONOSCROLL_RESULT = 35656
S_ITEM_DECOMPOSE = 35691
C_REQUEST_GUILD_LEVEL_RANKING = 35708
S_BATTLE_FIELD_NODEPOINT_GAUGE_INFO = 35716
C_HARDWARE_INFO = 35766
C_START_COMMANDER_SKILL = 35807
C_USE_JUMPGEAR = 35858
C_COMPLETE_EXTRA_EVENT = 35860
S_END_PRODUCT_SALE_INFO = 35874
C_CONFIRM_SERVANT_AUTO_FEED_INFO = 35895
S_PLAY_EVENT_SOUND = 35924
S_ABNORMALITY_RESIST = 35944
C_BATTLE_FIELD_POINT_STORE_COMMIT = 35948
S_DESPAWN_BUILD_OBJECT = 35956
S_SUCCESS_STYLE_SHOP_BUY_REPUTATION_ITEM = 35962
S_VILLAGER_BUFF_INFO = 35964
S_GMEVENT_OX_QUIZ_OPEN = 35982
S_CURRENT_CHANNEL = 36074
S_PLAY_MAGNETIC = 36080
S_PRIVATE_CHAT = 36139
S_CHECK_TO_OPPOSITE_DECLARE_GUILD_WAR = 36189
S_RP_START_SOCIAL_ON_PROGRESS_DECOMPOSITION = 36215
S_ADD_CHARM_STATUS = 36249
C_TRADE_BAG_CLOSE = 36257
C_EXECUTE_AWAKEN = 36293
C_APPLY_INVEN_POCKET_SORT = 36299
S_SPAWN_COLLECTION = 36351
S_ONGOING_LEVEL_EVENT_LIST = 36382
S_SCENARIO_DUNGEON_UI = 36383
S_FIELD_EVENT_CHANNEL_FULL_GUIDE = 36386
C_REPLY_TELEPORT_WALK_THROUGH = 36397
S_CLIENT_COMMAND = 36438
C_ADMIN_GMEVENT_OX_QUIZ_NEXT_QUIZ = 36448
S_CHANGE_FRIEND_PROFILE = 36484
S_PARTY_MEMBER_BUFF_UPDATE = 36492
S_RESULT_EVOLUTION = 36520
S_GUILD_LEVEL_RANKING_LIST = 36545
S_HUDDLE_ADDING = 36555
C_END_RESTORE_CUSTOMIZING_PARTS_SHAPE = 36562
C_LOAD_TOPO_FIN = 36564
S_UPDATE_SERVANT_INFO = 36577
S_EQUIP_ITEM_SET = 36614
C_RQ_SKILL_POLISHING_UNLOCK_OPTION = 36629
S_GAMBLE_CHANGE_BET_ITEM = 36632
S_UPDATE_PARTY_MEMBER_QUEST_DATA = 36663
S_END_PRODUCE = 36664
S_SUCCESS_COUNTER = 36703
S_LOCKON_ARROW = 36715
S_PLAYER_STAT_UPDATE = 36729
C_GACHA_CANCEL = 36776
C_TRADE_BROKER_REGISTER_ITEM = 36801
C_SET_POS = 36843
S_ARTISAN_SKILL_LIST = 36875
C_GIVE_UP_GUILD_WAR = 36877
S_FIN_ROUND_PVE_ROUND = 36879
C_CUSTOM_USER_CUSTOMIZING = 36894
S_MASSTIGE_STATUS = 36913
S_REPLY_GUILD_LIST = 36948
S_DEAD_LOCATION = 36955
S_ENCHANT_BOOSTER_DROP_ITEM = 36964
S_VIEW_VM_SETTING_WINDOW = 37018
S_CANCEL_SELECT_CHANNEL = 37039
S_LOAD_CHAT_SETTING = 37046
S_GUILD_APPLY_LIST = 37048
C_ADMIN_ADD_CUSTOM_BOOKMARK = 37112
C_BATTLE_FIELD_HELP = 37116
C_REQUEST_SERVANT_LEVEL_UP = 37133
S_FEARMOVE_END = 37160
C_REQUEST_NONDB_MYTHICITEM_TOOLTIP = 37165
C_REQUEST_CANCEL_GUILD_QUEST = 37169
S_START_ACTION_SCRIPT = 37200
S_TIMEOVER_CONTRACT = 37327
S_START_USER_PROJECTILE = 37355
C_DUNGEON_WORK_ENTER = 37382
C_REQUEST_SHARE_QUEST = 37394
S_CREATE_USER = 37404
S_QUEST_VILLAGER_INFO = 37442
C_ADMIN_REQUEST_CUSTOM_BOOKMARK = 37491
S_DUNGEON_RANK_RECORD_LIST = 37495
S_SKILL_LEARN_LIST = 37514
C_REQUEST_DESPAWN_SERVANT = 37516
S_EMITTER = 37525
C_CHECK_TO_RAISE_GUILD_WAR = 37526
S_CHANGE_EP_POINT = 37542
C_RQ_ADD_ITEM_TO_DECOMPOSITION_CONTRACT = 37544
C_START_MYTHICCRAFT = 37563
S_PLAYTIME = 37577
S_SOCIAL_LEARN_RESULT = 37586
S_VOTE_DISMISS_PARTY = 37588
C_REQUEST_START_GUILD_QUEST = 37694
S_GUILD_STORE_SELL_LIST = 37760
C_POLITICS_POINT_STORE_BUY_DEL_BASKET = 37788
S_REPLY_SET_GUILD_WANTED_WRITING = 37825
S_REQUEST_CITY_WAR_MAP_INFO = 37831
C_MERGE_ITEM_EXECUTE = 37860
S_MOUNT_VEHICLE_EX = 37878
S_COMPLETE_LOOP_QUEST = 37880
C_WATCHED_MOVIES = 37881
C_UPDATE_CONTENTS_PLAYTIME = 37890
C_PLAY_TIME = 37911
S_START_COOLTIME_SKILL = 37943
S_BATTLE_FIELD_USER_KILL_EVENT = 37979
C_REQUEST_OTHERS_CARD_DATA_WITH_GAMEID = 38024
S_LOGIN = 38052
S_ACTIVATE_BATTLE_FIELD_CHAT_BAN = 38085
C_PUT_INTO_PRISON = 38104
S_OPEN_CHANGE_CHARACTER_NAME_POPUP = 38112
S_RANK_MESSAGE = 38150
C_CHECK_USERNAME = 38172
C_LORD_TAX_SET = 38174
S_SHOW_HP = 38176
S_LOGIN_ACCOUNT_INFO = 38205
S_ONGOING_FIELD_EVENT_LIST = 38207
S_CHECK_CHANGE_GUILDNAME = 38233
S_OPEN_VM_SETTING_WINDOW = 38276
C_CHECK_CHANGE_GUILDNAME = 38312
C_REQUEST_INCREASE_CARD_PRESET = 38316
C_TRADE_BROKER_HISTORY_ITEM_LIST_PAGE = 38317
C_LEAVE_PRIVATE_CHANNEL = 38353
S_CHANGE_POCKET_NAME = 38359
S_RECV_PARCEL = 38364
S_ADD_CRYSTAL_COMBINE_MATERIAL = 38392
S_USER_REPORT = 38405
C_MEDAL_STORE_BUY_DEL_BASKET = 38406
S_BATTLE_FIELD_STRONGHOLD_STATE = 38475
S_PARCEL_REPORT = 38477
S_WORLD_QUEST_VILLAGER_INFO = 38482
S_CREST_INFO = 38506
C_REQUEST_WRITE_BOARD = 38533
S_GMEVENT_OX_RESURRECT_RESULT = 38573
S_SKILL_LIST = 38581
C_SHOW_PETMANAGER = 38640
S_FIX_VEHICLE_COMPLETE = 38647
C_START_COMBO_INSTANT_SKILL = 38651
S_GUILD_STORE_BASKET = 38739
S_ENCHANT_BOOSTER_SUCCESS = 38741
C_ADD_MATERIAL_AWAKEN = 38783
S_GUARD_PK_POLICY = 38813
S_DIRECTION_WEAKNESS_END = 38820
C_TOGGLE_TASK_INFO_WINDOW = 38833
S_REQUEST_CITY_WAR_MAP_INFO_DETAIL = 38839
S_RESPONSE_GAMESTAT_PONG = 38842
S_END_RESTORE_CUSTOMIZING_PARTS_SHAPE = 38894
C_LORD_GUARD_INFO = 38897
S_GUILD_MONEY_INFO_CHANGED = 38929
S_CHANGE_PARTY_MANAGER = 38965
S_NPC_PART_BREAK_ACTIVE = 39001
C_REQUEST_SET_GUILD_WANTED_WRITING = 39002
C_DELETE_SERVANT = 39009
C_POLITICS_POINT_STORE_BUY_ADD_BASKET = 39022
C_ADMIN_GMEVENT_USER_KICK = 39025
S_GRANT_SKILL = 39074
S_ADMIN_VIP_TEST = 39132
C_ACCEPT_CONTRACT = 39167
S_REQUEST_JOIN_GUILD_NOTICE = 39173
S_VISIT_NEW_TEL_CAMP = 39253
C_REQUEST_RENEW_ALL_PARTS_ITEM = 39325
S_DUNGEON_GUIDE_OFF = 39340
S_BATTLE_FIELD_JACKPOT_EVENT_START = 39353
C_BATTLE_FIELD_POINT_STORE_BUY_ADD_BASKET = 39357
S_RESULT_EQUIPMENT_INHERITANCE = 39371
S_CHANGE_LOOT_ITEM_AMOUNT = 39410
S_REQUEST_SERVANT_AUTO_POTION_INFO = 39443
C_DECOMPOSE_REGISTER_ITEM = 39502
S_REWRITE_ITEM_STRING = 39508
M_PONG = 39509
C_VIEW_INTER_PARTY_MATCH_DUNGEON_LIST = 39517
C_CREST_APPLY_LIST = 39524
C_LEAVE_TELEPORTTERRITORY = 39542
C_USER_AIM_TO = 39559
S_GUILD_QUEST_LIST = 39563
S_BATTLE_FIELD_END_OCCUPATION = 39574
S_NEW_GOLD_RACE_INFO = 39626
C_TRADE_BROKER_DEAL_CONFIRM = 39631
S_UPDATE_STYLE_SHOP_MARK_PRODUCT = 39670
S_PLAY_TIME = 39689
S_RESPONSE_SERVER_ADMINTOOL_AWESOMIUM_URL = 39727
S_START_COOLTIME_ITEM = 39750
S_HANCOIN_AMOUNT = 39754
S_LEAVE_CITY_WAR = 39756
S_PETITION_CHAT_BEGIN = 39762
S_TERRITORY_STEP_ENTER = 39766
C_BAN_FROM_GROUP_DUEL = 39781
C_PET_EQUIP = 39794
C_ADMIN_REQUEST_USERACTION = 39823
S_REMOVE_SOUND_BYNAME = 39850
S_NPC_OCCUPIER_INFO = 39868
S_DEFAULT_ANIM_CHANGE = 39889
S_WHISPER = 39892
C_START_SKILL_BY_VEHICLE_EX = 39929
S_GET_USER_GUILD_LOGO = 39958
C_NOTIFY_LOCATION_IN_DASH = 39987
S_WEAK_POINT = 40007
S_REPLY_REQUEST_CONTRACT = 40008
S_INIT_BASE_POINT_BATTLE_FIELD = 40013
C_USE_PREMIUM_SLOT = 40033
C_UPDATE_GUILD_TITLE = 40047
C_CHANGE_ITEM_COLORING_POTION = 40084
S_LORD_CANDIDATE_LIST = 40086
S_PET_INCUBATOR_INFO_CHANGE = 40089
S_VILLAGE_LIST_TO_TELEPORT = 40113
C_SKILL_LEARN_LIST = 40116
S_GUILD_ANNOUNCE = 40173
S_PARTY_LOOTING_METHOD = 40177
S_GET_EVENT_DETAIL = 40186
C_REQUEST_RESET_VIP_STORE = 40208
S_PLAYER_CHANGE_EP = 40215
S_DARK_RIFT_AVAILABLE_QUEST_USER_COUNT = 40226
S_OPEN_GUILD_WAR_WINDOW = 40321
S_PETITION_CHAT_GM_MESSAGE = 40341
C_REQUEST_USABLE_CHARACTER_NAME = 40352
C_REQUEST_RESET_EPPERK = 40362
S_DESPAWN_BONFIRE = 40438
C_REQUEST_COOLTIME_TO_JOIN_GUILD = 40441
S_FLOATING_CASTLE_PARTS_STORE_BASKET = 40465
S_REQUEST_WRITE_BOARD_RESULT = 40498
C_CANCEL_TEMPER = 40502
C_ENCHANT_BOOSTER_DROP_ITEM = 40514
C_RQ_SKILL_POLISHING_LIST = 40574
C_SET_SERVANT_SEQUENCE = 40627
S_BATTLE_FIELD_SCORE = 40631
S_CREATURE_LIFE = 40634
S_CANNON_BATTLE_FIELD_STRONGHOLD_INFO = 40639
C_VIEW_INTER_PARTY_MATCH_BATTLEFIELD_LIST = 40680
C_DEL_FROM_TEMPER_MATERIAL = 40698
S_CANNON_BATTLE_FIELD_RESULT = 40725
C_REQUEST_MENTO_REWARD = 40743
C_UPDATE_GUILD_LOGO = 40764
S_CHANGE_LOOKS_SERVANT = 40782
S_PK_DECLARE = 40789
S_CONFIRM_SERVANT_AUTO_POTION_INFO = 40791
C_UNEQUIP_SERVANT_ITEM = 40827
C_JOIN_GROUP_DUEL = 40845
C_MYTHICCRAFT_UNREGISTER_TARGET_ITEM = 40859
S_REQUEST_RENEW_ALL_PARTS_ITEM = 40880
S_GACHA_START = 40883
S_OPEN_EXPAND_INVEN_WINDOW = 40885
S_MYTHICCRAFT_UNREGISTER_TARGET_ITEM = 40909
S_LIST_CHANNEL = 40940
S_ITEM_UNIDENTIFY_RESULT = 40960
S_DESPAWN_COLLECTION = 40968
S_FIN_INTER_PARTY_MATCH = 40999
S_FIELD_EVENT_RANK_LIST = 41017
C_EXTRACT_REGISTER_ITEM = 41035
S_ENTER_DUNGEON_POP_UP_REOPEN = 41039
S_SET_AWESOMIUM_WEB_URL = 41062
C_ADMIN_KILL_NPC = 41081
S_ARRIVE_AT_JUMPGEAR_DESTINATION = 41105
C_CHANGE_MY_STATE = 41149
C_GUILD_STORE_BUY_ADD_BASKET = 41150
S_PARTY_MARKER = 41174
C_GET_GUILD_QUEST_WEEKLY_REWARD = 41240
S_SHOW_NPC_TO_MAP = 41280
S_DUNGEON_VISIBLE_BG = 41367
S_START_INVERSE_CAPTURE = 41395
C_REQUEST_MEGAPHONE = 41400
S_FISHING_BITE = 41460
S_REQUEST_REACTION_POS_TICK = 41462
C_GUARD_PK_POLICY = 41467
S_SPAWN_DROPITEM = 41472
S_BATTLE_FIELD_CHANGE_NPC_HP_EVENT = 41523
S_CHANGE_PARTY_MEMBER_AUTHORITY = 41531
S_BAN_PARTY = 41573
C_LOAD_EP_INFO = 41579
S_PREPARE_CHANGE_USER_APPEARANCE = 41602
S_SHOW_NAME_PLATE_ICON = 41633
S_SHOW_CREST_LEARN = 41647
S_CANCEL_RETURN_TO_LOBBY = 41650
S_CHECK_EVENT_SYSTEM_REWARD = 41657
S_PRODUCE_CRITICAL = 41660
S_NAME_PREEMPTION_EVENT_INFO = 41687
S_PARTY_INFO = 41694
S_PETITION_INFO = 41706
C_CHANGE_CHANNEL_PASSWORD = 41731
S_SHOW_CANDIDATE_LIST = 41732
C_TRADE_BROKER_WAITING_ITEM_LIST_PAGE = 41805
S_DEL_CRYSTAL_COMBINE_MATERIAL = 41807
S_DUEL_START = 41812
S_TRADE_BROKER_CALC_NOTIFY = 41831
C_LORD_RANK_INFO = 41832
S_BATTLE_FIELD_STATE = 41878
C_DEL_ITEM = 41883
S_LORD_TAX_SET = 41944
C_ADMIN_GM_MAPTELEPORT = 41945
C_MOUNT_VEHICLE_EX = 42017
S_LEAVE_PARTY = 42018
S_COUPON_LIST = 42047
S_QA_SET_ADMIN_LEVEL = 42062
S_INGAMESHOP_PRODUCT_SUBPROD = 42093
S_RESPONSE_ACCESSORY_COST_INFO = 42095
C_GET_USER_LIST = 42106
C_BATTLE_FIELD_POINT_STORE_BUY_DEL_BASKET = 42114
C_ACCEPT_GUILD_WAR = 42146
S_LORD_VOTE_CANDIDATE_LIST = 42173
S_LIST_PARCEL_EX = 42183
C_SECOND_PASSWORD_REGISTER = 42186
S_BATTLE_FIELD_STRONGHOLD_EVENT = 42202
S_SEND_VIP_SYSTEM_INFO = 42204
C_ITEM_COLORING_ADD_ITEM = 42206
S_INGAME_CHANGE_USER_APPEARANCE_START = 42235
S_INIT_ROUND_PVE_BATTLE_FIELD = 42351
S_NPC_LOCATION = 42370
C_UPDATE_SKILL_SCRIPT = 42400
C_GAMBLE_STOP = 42419
C_ADD_TRADE_BAG = 42431
C_DUNGEON_WORK_POINT_STORE_BUY_ADD_BASKET = 42435
C_CHAT_REPORT = 42480
C_WRITE_BOARD = 42488
S_BEGIN_THROUGH_ARBITER_CONTRACT = 42515
C_REQUEST_INGAMESTORE_PRODUCT_LIST = 42615
S_NPC_TARGET_USER = 42673
C_PREVIEW_ITEM = 42675
C_START_DECOMPOSE = 42680
S_ARENA_FIGHT_ABNORMALITY_END = 42691
S_FIN_KUMAS_BOSS_BATTLE_FIELD = 42692
C_GROUP_DUEL_BETTING = 42701
C_START_ENCHANT = 42708
C_WAREHOUSE_AUTO_SORT = 42714
S_FREE_FIGHT_BATTLE_FIELD_MY_WARPOINT_INFO = 42719
S_INCREASE_SERVANT_STORAGE_COUNT = 42778
S_ADD_BLOCKED_USER = 42798
S_CHANGE_RELATION = 42809
S_PLAYTIME_EVENT_REWARD_DATA = 42812
S_FIELD_EVENT_PROGRESS_TIMER = 42827
C_CHANGE_GUILDGROUP = 42864
S_LIST_PARCEL = 42865
C_BATTLE_FIELD_REWARD = 42913
C_CHANGE_FRIEND_MEMO = 42918
C_VIEW_BATTLEFIELD_STORE = 42920
S_REGISTER_REPAIR_ITEM = 42959
C_CAST_FISHING_ROD = 42978
S_TRADE_BROKER_INPUT_PRICE = 43016
C_ADMIN_LOBBY = 43052
S_RECEIVE_TOKEN_TARGET_ITEM = 43065
S_MERGE_PARTY_TO_RAID = 43095
S_SURVEY_QUESTION = 43118
S_CHANGE_EP_EXP_DAILY_LIMIT = 43125
S_BATTLE_FIELD_HELP = 43142
S_FIELD_POINT_REWARD_INFO_LIST = 43239
S_REPLY_CLIENT_UI_SETTING = 43246
S_CANCEL_CONTRACT = 43265
S_DESTROY_GUILD_TOWER = 43294
C_STORE_BUY_ADD_BASKET = 43342
C_REQUEST_SPAWN_SERVANT = 43374
S_EXIT = 43395
S_DONE_TEL_CAMP = 43397
S_RESULT_LEARN_GUILD_PERK = 43406
C_RECV_PARCEL_ALL = 43431
S_OBTAIN_TOKEN_ITEM = 43439
S_EVENT_GUIDE = 43489
S_SEND_QUEST_ITEM_INFO = 43493
S_LOOT_DROPITEM = 43494
C_REQUEST_ABILITY_TRANSFER = 43541
C_REQUEST_VIP_SYSTEM_INFO = 43584
S_RESPONSE_USE_PREMIUM_SLOT = 43622
S_COMBATLOG_START = 43637
S_PARTY_MEMBER_QUEST_DATA = 43662
C_VOTE_RESET_ALL_DUNGEON = 43664
S_MOVE_DISTANCE_DELTA = 43700
C_SHOW_TRADE_ITEM = 43730
S_DELETE_SERVANT = 43818
C_MYTHICCRAFT_REGISTER_TARGET_ITEM = 43833
S_MYTHICCRAFT_UNREGISTER_MATERIAL_ITEM = 43855
C_REQUEST_CHANGE_CHARACTER_NAME = 43864
C_TRADE_BROKER_REGISTERED_ITEM_LIST = 43868
C_RETURN_TO_LOBBY = 43873
S_OPEN_AWESOMIUM_WEB_URL = 43951
C_DELETE_TELEPORT_TO_POS_LIST = 43970
C_UNBIND_ITEM = 44012
S_DARK_RIFT_CLEAR_MAP_MARKER_WORLD_NOTI = 44020
C_CREATE_USER = 44034
C_REQUEST_PING = 44043
S_DELETE_ALL_PRODUCT = 44068
S_QUEST_BALLOON = 44095
S_REQUEST_PET_CONSUME_EXP_ITEM = 44103
S_DECOMPOSE_REGISTERED_ITEM = 44105
S_CURR_FLY_MOVE_INFO = 44117
C_SECOND_PASSWORD_AUTH = 44151
C_VIEW_PARTY_INVITE = 44160
C_EXTRACT_UNREGISTER_ITEM = 44165
C_REQUEST_INGAMESTORE_PRODUCT_DETAIL = 44202
S_LOAD_EP_INFO = 44240
S_CHECK_TO_RAISE_GUILD_WAR = 44250
C_CHANGE_CHARACTER = 44261
C_CHANGE_POCKET_NAME = 44284
S_CAMERA_SHAKE = 44286
S_SPAWN_PROJECTILE = 44291
S_LORD_GUARD_INFO = 44321
S_REQUEST_CITY_WAR_MAP_INFO_END = 44344
S_RETURN_PARCEL = 44391
S_FIN_WORLD_OF_TANK_BATTLE_FIELD = 44395
C_CONFIRM_UPDATE_NOTIFICATION = 44410
C_SWAP_PARTY = 44414
S_MEDAL_STORE_BASKET = 44426
C_ADMIN_WARNING_MESSAGE = 44465
C_REQUEST_ACCESSORY_COST_INFO = 44466
S_DUNGEON_RANK_END_POINT = 44490
S_INIT_WORLD_OF_TANK_BATTLE_FIELD = 44494
C_TRADE_BROKER_HIGHEST_ITEM_LEVEL = 44506
C_REQUEST_RET_VILLAGE_INFO = 44524
C_UNREGIST_CUSTOMIZING_PARTS_SHAPE_ITEM = 44546
C_TRADE_BROKER_CLOSE = 44559
S_ARENA_FIGHTER_CHANGE_HP = 44563
C_TRY_ITEM_BIDDING = 44576
C_ASK_HANCOIN_AMOUNT = 44589
S_FRIEND_LIST = 44662
S_STAGE_START = 44680
S_DUNGEON_WORK_UPDATE = 44691
S_GHOST = 44703
S_INIT_SEREN_GUIDE = 44708
C_LEAVE_GROUP_DUEL = 44714
C_APPLY_GUILD = 44724
S_SHOW_TEMPER_WINDOW = 44740
C_GROUP_DUEL_RECORD = 44752
S_LOAD_ACHIEVEMENT_LIST = 44783
S_RESULT_CHANGE_FRIEND_MEMO = 44791
S_ADMIN_DEFAULT_BOOKMARK_LIST = 44792
C_RESET_EP_PERK = 44795
S_READY_PULL = 44838
S_DUNGEON_WORK_UPDATE_MEDAL_COUNT = 44850
C_RQ_SKILL_POLISHING_EXP_INFO = 44856
S_BATTLE_FIELD_POINT_STORE_SELL_LIST = 44867
S_ACTIVATE_CARD_COMBINE_LIST = 44885
S_GMEVENT_OX_REPE_QUIZ_OPEN = 44916
S_INGAME_CHANGE_USER_APPEARANCE_CANCEL = 44953
S_FAIL_CHARM_STATUS = 44999
C_REPLY_THROUGH_ARBITER_CONTRACT = 45009
S_PREPARE_WORKOBJECT = 45013
C_LORD_REGISTER_INFO = 45022
C_END_CUSTOMIZING_PARTS_SHAPE = 45024
S_CHANGE_SERVANT_ENERGY = 45029
C_DELIVERY_STORE_ADD_BASKET = 45048
C_PAY_WAREHOUSE_COMMISION = 45069
S_END_USER_PROJECTILE = 45076
C_SET_SEND_PARCEL_MONEY = 45159
C_CURRENT_CHANNEL = 45165
C_REQUEST_SERVANT_EVOLUTION = 45172
S_NPC_STATUS = 45245
S_START_CLIENT_CUSTOM_SKILL = 45256
S_RP_DEL_ITEM_FROM_DECOMPOSITION_CONTRACT = 45299
C_REMOVE_GUILDGROUP = 45335
S_CITY_WAR_SEASON_HISTROY = 45383
C_REQUEST_MYTHICCRAFT = 45486
S_DARK_RIFT_JOIN_LIST = 45562
C_REQUEST_EVENT_MATCHING_TELEPORT = 45579
C_REQUEST_UPDATE_ANNOUNCE = 45585
S_REMOVE_BLOCKED_USER = 45633
S_SHORTCUT_CHANGE = 45640
S_SYSTEM_REWARD_MESSAGE = 45698
S_REQUEST_DESPAWN_SERVANT = 45800
C_REQUEST_USER_PAPERDOLL_INFO = 45827
C_SET_TARGET_INFO = 45830
S_DUEL_TAG = 45868
S_INVITE_COMPENSATION_GUIDE = 45872
S_ADD_TO_TEMPER_MATERIAL_EX = 45892
C_REQUEST_CLIENT_UI_SETTING = 45926
C_BATTLE_FIELD_CANCEL_OCCUPATION = 45937
C_INVITE_USER_TO_GUILD = 45938
C_RIDE_PEGASUS = 45948
S_MOVE_SHUTTLE = 45951
S_BATTLE_FIELD_USER_OCCUPIABLE_LEAVE = 45955
S_DUNGEON_CHANGE_NPC_ANIM = 45956
S_FISHING_STOP = 45982
C_SERVER_TIME = 45983
C_ACCEPT_GUILD_APPLY = 46036
S_COMBATLOG_ADD_VALUE = 46037
S_DESPAWN_PROJECTILE = 46044
C_CHECK_EVENT_SYSTEM_REWARD = 46083
S_TOGGLE_TASK_INFO_WINDOW = 46093
C_TOGGLE_GROUP_DUEL_READY = 46104
C_REQUEST_GUILD_WAR_TRACKING_INFO = 46117
S_DUNGEON_WORK_RESULT = 46129
S_UPDATE_CONTENTS_ON_OFF = 46138
S_FESTIVAL_LIST = 46154
S_UNICAST_TRANSFORM_DATA = 46156
C_REMOVE_BLOCKED_USER = 46166
S_GACHA_END = 46178
C_REQUEST_ACHIEVEMENT_LIST = 46203
C_LORD_CANDIDATE_LIST = 46213
C_OPPOSITE_DECLARE_GUILD_WAR = 46269
C_REQUEST_OTHERS_ACTIVATE_CARD_COMBINE_LIST_DATA_WITH_GAMEID = 46275
C_REQUEST_USER_PAPERDOLL_INFO_WITH_GAMEID = 46276
C_REQUEST_VIP_STORE_ITEM_LIST = 46292
C_CHANGE_CARD_PRESET = 46321
C_CHECK_TO_OPPOSITE_DECLARE_GUILD_WAR = 46322
S_PK_READY = 46323
S_USER_MOVETYPE = 46350
S_CHECK_USERNAME = 46351
C_UNREGISTER_VM_SELL_ITEM = 46357
S_FAIL_ENCHANT = 46382
C_ADMIN_GM_SKILL = 46410
C_INVITE_FRIEND_CODE = 46446
S_DESPAWN_USER = 46452
S_CANCEL_DELETE_USER = 46463
C_SEND_PARCEL = 46472
S_GMEVENT_OFF_GUIDE_MESSAGE = 46484
S_REQUEST_SERVANT_INFO_LIST = 46502
S_EACH_SKILL_RESULT = 46508
C_REQUEST_GUILD_MEMBER_LIST = 46520
S_USER_SITUATION = 46529
C_ADMIN = 46553
S_BATTLE_FIELD_ENTRANCE_INFO = 46592
C_CHAT = 46598
S_PARTY_NOTIFY_MY_POSITION = 46607
S_UPDATE_GUILD_TOWER_INFO = 46624
S_ABNORMALITY_EXTRA = 46638
C_REQUEST_OTHERS_CARD_DATA = 46644
S_NOTIFY_DISCONNECT_BY_LEVEL_LIMIT = 46652
S_DELETE_NPC_FROM_MAP = 46688
S_QUEST_INFO = 46697
S_BONFIRE_STATUS = 46723
S_OPEN_EPPERK_RESET_POPUP = 46763
C_MOVE_SLOT_IN_GROUP_DUEL = 46766
S_FIX_SPIRIT_PROGRESS = 46798
C_TRADE_BROKER_BUY_IT_NOW = 46800
S_REQUEST_INGAMESTORE_SALE_PRODUCTLIST = 46812
S_ITEM_TRANSFORM_DATA = 46867
C_REQUEST_BOSS_GAGE_INFO = 46899
S_UPDATE_BIDDING_COUNT = 46914
C_DUNGEON_UI_OPENED = 46919
S_STR_EVALUATE_LIST = 46926
S_NPC_INTERACTION_COMBO_INFO = 46951
C_CANCEL_PREPARE_CHANGE_USER_APPEARANCE = 46975
S_GUILD_ACCOUNT_LIMIT_INFO_CHANGED = 47000
C_CRYSTAL_COMBINE_EXECUTE = 47027
C_DEL_INTER_PARTY_MATCH_POOL = 47059
C_EDIT_PRIVATE_CHANNEL = 47063
C_REGISTER_REPAIR_ITEM = 47082
S_TRADE_BROKER_HIGHEST_ITEM_LEVEL = 47102
C_CHANGE_SERVANT_NAME = 47156
C_RECOMMEND_USER_GUILD = 47161
S_DUNGEON_CLEAR_COUNT_LIST = 47169
S_ADMIN_GET_USER_INFO_LIST_BY_DISTANCE = 47199
S_OPEN_GUARD_INFO_WINDOW = 47220
S_END_CHANGE_USER_APPEARANCE = 47230
C_ARRIVE_AT_JUMPGEAR_DESTINATION = 47231
S_RESET_GUILD_PERK = 47234
C_STOP_VM = 47244
C_GAMBLE_TRY = 47279
S_SOCIAL_CANCEL = 47295
S_REMAIN_PLAY_TIME = 47314
C_CHANGE_PARTY_MANAGER = 47345
S_DIALOG = 47388
S_REQUEST_SERVANT_LEVEL_UP = 47412
S_END_THROUGH_ARBITER_CONTRACT = 47453
C_COLLECTION_PICKEND = 47456
S_PETITION_CHAT_END = 47467
S_UNMOUNT_CARD = 47520
S_DUNGEON_RANK_SEASON_LIST = 47549
C_TRADE_BROKER_SOLD_ITEM_LIST = 47558
S_ENABLE_DISABLE_SELLABLE_ITEM_LIST = 47560
C_GMEVENT_MOVE_TO_STADIUM = 47564
S_DUNGEON_EVENT_MESSAGE = 47566
S_INGAMESHOP_PRODUCT_TAG = 47569
S_TEMPER_MATERIALS = 47579
S_BONFIRE_CHARM_ADDED = 47588
S_BIND_ITEM_END = 47600
S_BANISH_GUILD_MEMBER = 47632
C_COMMIT_VM_TRADE = 47649
S_F2P_PremiumUser_Permission = 47711
C_PET_LEVEL_UP_ITEM_ADD_TO_LIST = 47767
C_REQUEST_SELL_LIST = 47777
S_NPCGUILD_LIST = 47824
S_REMOVE_GUILD_MEMBER = 47828
S_USER_EXTERNAL_CHANGE = 47857
C_REQUEST_GUILD_FLAG_IMAGE_DATA = 47859
S_EVENT_INFO = 47878
S_REPLY_GUILD_WANTED_WRITING_LIST = 47891
S_RESTORE_CUSTOMIZING_PARTS_SHAPE = 47905
C_RENAME_TELEPORT_TO_POS_LIST = 47922
S_PREMIUM_COMPOSE_START = 47946
S_DARK_RIFT_CHANGE_AREA_WORLD_NOTI = 47968
S_GUILD_TOWER_INFO = 47970
S_INSTANT_THROW = 47997
S_REQUEST_INVITE_GUILD_TAG = 47999
S_START_FIX_SPIRIT = 48040
C_REQUEST_CITY_WAR_MAP_INFO = 48049
C_CHECK_TO_READY_PARTY = 48110
S_ARENA_FIGHT_ABNORMALITY_BEGIN = 48128
C_PLAYER_FLYING_LOCATION = 48132
S_REQUEST_INGAMESTORE_PRODUCT_DETAIL = 48153
S_CHECK_TO_DECLARE_GUILD_WAR = 48179
S_UPDATE_ACHIEVEMENT_PROGRESS = 48203
S_OPEN_BOARD = 48241
C_REQUEST_GUILD_LIST_PAGE = 48270
C_START_DRIVE_AIRSHIP = 48283
S_DUNGEON_TIMER = 48322
S_ADMIN_GET_USERINFO_INVEN = 48325
C_COMBATLOG_USER_INFO_RESET = 48348
C_EXPAND_INVEN_POCKET = 48370
S_END_DARKRIFT_USER_HP = 48372
S_USER_PVE_RANKING = 48393
S_SNOW_EVENT_BATTLE_FIELD_SPAWN_USER = 48459
C_DEACTIVATE_CARD_COMBINE_LIST = 48460
C_BROADCAST_CLIMBING = 48503
S_DECREASE_COOLTIME_SKILL = 48517
S_INSTANT_CATCH = 48519
C_START_GUILD_SKILL = 48613
S_NOTIFY_BATTLE_FIELD_CHAT_BAN = 48635
C_ADMIN_REMOVE_NPC = 48641
S_CHANGE_FREE_FIGHT_BATTLE_FIELD_RANKING = 48646
S_START_CHANGE_USER_APPEARANCE = 48650
C_ADMIN_VANISH_PET = 48653
C_EDIT_FRIEND_GROUP = 48659
S_NOCTAN_VARIATION_INFO = 48667
S_GMEVENT_RECV_REWARD = 48699
C_REQUEST_CHANGE_LOOKS_SERVANT = 48715
C_PUT_WARE_ITEM = 48741
C_ITEMSYNTHESIZER_REQUEST_CANCEL = 48776
C_CHECK_EXTRACT = 48793
C_SHOW_TRADE_LOG = 48808
C_TELEPORT_DARK_RIFT = 48823
C_CONFIRM_EVENT_SYSTEM = 48828
C_REQUEST_SERVANT_COMPOSE = 48857
S_PLAYER_CHANGE_PROF = 48877
S_GAMBLE_BEGIN = 48878
S_STRONGHOLD_OCCUPATION_BATTLE_FIELD_BOARD = 48887
C_ADD_ITEM_TO_VM_SELL_BASKET = 48900
C_START_TARGETED_SKILL = 48935
C_GET_USER_GUILD_LOGO = 48941
C_STYLE_SHOP_BUY_REPUTATION_ITEM = 48982
C_ADMIN_CHAT_BAN = 48984
C_REQUEST_ITEM_COLORING_VALUE = 49005
S_ITEMSYNTHESIZER_MATERIAL = 49015
C_CANCEL_SKILL = 49047
S_REQUEST_GUILD_FLAG_IMAGE_DATA = 49053
S_ATTENDANCE_EVENT_REWARD_COUNT = 49077
C_FLOATING_CASTLE_PARTS_STORE_BUY_DEL_BASKET = 49101
S_ROUND_PVE_BATTLE_FIELD_BOARD = 49127
S_RACE_CHANGE_RESTRICTION = 49137
S_DESPAWN_SHUTTLE = 49138
C_WHISPER = 49153
C_SPAWN_BUILD_OBJECT = 49211
S_ENABLE_CHARM_STATUS = 49215
C_POINT_STORE_BUY_ADD_BASKET = 49219
C_PET_ORB_ATTACH = 49282
S_INIT_SNOW_EVENT_BATTLE_FIELD = 49314
S_ABNORMALITY_DAMAGE_ABSORB = 49356
S_DESPAWN_DOOR = 49372
S_INTEREST_INFO = 49375
S_REGISTER_EVOLUTION_ITEM = 49412
S_DUNGEON_CONSOLE_EVENT = 49423
S_PET_STOP_ALERT = 49438
S_OPEN_CITY_WAR_SEASON_HISTORY = 49442
S_NOTIFY_GUILD_QUEST_URGENT = 49507
S_RESULT_USABLE_CHARACTER_NAME = 49545
C_ROLLBACK_QUEST = 49548
S_CANCEL_PARTY_MATCH_POOL = 49551
S_UPDATE_VM_SELLBUY_WINDOW = 49581
S_POINT_STORE_SELL_LIST = 49582
C_STORE_BUY_DEL_BASKET = 49629
S_ADD_AWAKEN_ENCHANT_DATA = 49631
S_REQUEST_CONTRACT = 49646
C_START_PRODUCE = 49669
S_RESET_SKILL = 49687
S_BATTLE_FIELD_MAP_ALARM = 49694
C_ADD_ITEM_TO_VM_BUY_BASKET = 49707
S_UNREGISTER_ENCHANT_ITEM = 49726
S_INGAMESHOP_CATEGORY_BEGIN = 49740
S_WELCOME_PET_OWNER = 49779
S_END_STACK_ATTENDANCE_EVENT_INFO = 49809
C_ADMIN_REMOVE_CUSTOM_BOOKMARK = 49815
C_ENTER_DUNGEON = 49931
C_DECOMPOSE_UNREGISTER_ITEM = 49943
S_PURCHASE_PROD = 49989
S_CITY_WAR_INFO_HISTROY = 49991
S_GUILD_LOG = 50015
C_LIST_PARCEL = 50033
S_VERSION_INFO = 50037
C_GROUP_DUEL_ADD_BETTING_ITEM = 50040
S_INSTANT_MOVE = 50081
S_ARENA_OPTIMIZATION = 50094
C_EQUIPMENT_ENCHANT_SCROLL_USE = 50101
S_SKILL_PERIOD = 50104
C_EQUIP_SERVANT_ITEM = 50111
S_LORD_OPEN_CANDIDATE_WINDOW = 50119
S_VIEW_PARTY_INVITE = 50140
S_PETITION_CREATE = 50237
C_FLOATING_CASTLE_PARTS_STORE_BUY_ADD_BASKET = 50264
S_REQUEST_SERVANT_COMPOSE = 50288
S_COMPLETE_QUEST = 50333
C_GAMBLE_CANCEL = 50395
S_SAVE_CLIENT_UI_SETTING = 50403
S_CANNOT_EQUIP_SAMEKIND = 50450
C_START_CUSTOMIZING_PARTS_SHAPE = 50460
S_REQUEST_SPAWN_SERVANT = 50495
S_BROADCAST_FLOATING_CASTLE_INFO = 50502
S_SHOW_GAGE = 50508
S_DARK_RIFT_SYNC_TIME = 50529
C_REQUEST_ABNORMALITY_TOOLTIP_VALUE = 50537
C_BATTLE_FIELD_START_OCCUPATION = 50566
S_COMBATLOG_COMBAT_ENGAGED_MONSTER_LIST = 50593
S_USER_CHANGE_NAME = 50621
S_BROCAST_GUILD_FLAG = 50676
S_CREATE_CHARACTER_RESTRICTION = 50685
C_KICK_CHANNEL_MEMBER = 50706
C_CHECK_EVENT_MATCHING_LIST_CHECKBOX = 50721
S_REGISTER_CARD = 50799
S_REQUEST_FLOATING_CASTLE_PARTS_COOL_TIME = 50822
S_PARTY_MEMBER_CHARM_DEL = 50840
S_TRADE_MESSAGE = 50912
S_CHANGE_MODE = 50930
S_PREMIUM_COMPOSE_RESULT = 50958
S_EVENT_QUEST_SUMMARY = 50960
S_CUSTOMIZING_PARTS_SHAPE_ITEM_LIST = 50981
C_LORD_CANDIDATE_PLEDGE = 51021
S_BETTING_INFO = 51075
C_REQUEST_CONTRACT = 51144
C_REQUEST_DEMOLISH_GUILD_TOWER = 51160
S_BATTLE_FIELD_START_OCCUPATION = 51201
S_START_STACK_ATTENDANCE_EVENT_INFO = 51235
C_NOTIFY_LOCATION_IN_ACTION = 51244
C_LORD_CHANGE_POLICY = 51257
S_CHANGE_SERVANT_NAME = 51269
S_PLAYER_RESET_EP = 51300
S_FEARMOVE_STAGE = 51359
C_SUGGEST_DARK_RIFT_PARTY_MATCHING = 51364
S_PREMIUM_SLOT_DATALIST = 51379
S_FIELD_EVENT_COMBO = 51407
S_ASK_BANNING_PARTY_MEMBER = 51464
S_CANNON_BATTLE_FIELD_CRASH_DOOR = 51489
S_BETTING_START = 51534
S_REQUEST_DUNGEON_MATCHING_UI = 51570
C_PROMOTION_RESET = 51588
S_CREST_CHANGE_FAIL = 51597
S_ITEM_IDENTIFY_RESULT = 51614
S_TASK_INFO_GUARD = 51648
S_CONFIRM_SERVANT_AUTO_FEED_INFO = 51677
S_DEL_TRADE_BAG = 51684
C_LEAVE_PARTY = 51705
C_REQUEST_STACK_ATTENDANCE_EVENT_REWARD = 51718
C_REQUEST_LATEST_UPDATE_NOTIFICATION = 51814
C_REGISTER_EVOLUTION_ITEM = 51825
S_DARK_RIFT_DEFENCE_OBJECT_INIT = 51828
C_JOIN_PRIVATE_CHANNEL = 51863
S_SHOW_ITEM_TOOLTIP = 51906
S_INVEN_USERDATA = 51936
S_ENTER_CITY_WAR = 51946
S_RESULT_OPEN_DUAL_OPTION = 51951
C_ADMIN_GET_USER_INFO_BY_DBID = 51956
C_RQ_COMMIT_DECOMPOSITION_CONTRACT = 51989
S_VIEW_WARE = 51990
S_FINDNAME = 52008
S_CHECK_TO_READY_PARTY_FIN = 52012
S_CHECK_EXTRACT = 52016
C_PET_UNEQUIP = 52017
S_PARTY_MEMBER_ABNORMAL_DEL = 52064
S_BUY_INGAMESTORE_MONEYPRODUCT = 52139
S_DELIVERY_STORE_BASKET = 52143
S_TRADE_BROKER_DEAL_INFO_UPDATE = 52150
C_REQUEST_QUEST_BACKUP_ITEM = 52162
C_LEAVE_GUILD = 52194
C_VOTE_HISTORY = 52222
S_RECV_PARCEL_EX = 52251
S_DUNGEON_WORK_ENTER = 52278
S_BATTLE_FIELD_NPC_KILL_EVENT = 52308
C_OP_COMMAND = 52330
S_USER_APPEARANCE_CHANGE = 52354
S_START_FISHING_MINIGAME = 52357
S_USER_ITEMLEVEL_INFO = 52375
S_SET_WORKOBJECT = 52376
S_REGISTER_COMBINE_ITEM = 52379
S_MOUNT_CARD = 52388
C_SOCIAL = 52441
C_DELETE_FRIEND_GROUP = 52449
C_REGISTER_COMBINE_ITEM = 52452
S_CREST_MESSAGE = 52456
S_PLAY_SOUND_BYNAME = 52461
C_ENCHANT_BOOSTER_START = 52499
S_SPAWN_SHUTTLE = 52563
C_POINT_STORE_BUY_DEL_BASKET = 52570
S_IS_NOT_LORD = 52582
C_POLITICS_POINT_STORE_COMMIT = 52625
C_PROMOTION_INFO = 52628
C_ADMIN_CHECK_USERNAME = 52714
S_ADMIN_GET_USERINFO_WAREHOUSE = 52793
S_TRADE_BROKER_SUGGEST_DEAL = 52796
S_DECO_UI_INFO = 52811
S_STORE_COMMIT = 52865
C_REPLY_INTER_PARTY_MAKE = 52899
S_RESULT_CHANGE_DUAL_OPTION_IDX = 52904
S_CHANGE_SERVANT_CONDITIONAL_SKILL = 52993
S_VEHICLE_EX_RELATION = 53013
S_UPDATE_GUILD_ANNOUNCE = 53102
S_ASK_INTER_PARTY_MAKE = 53123
S_REWARDNPC_SPAWN_ALARM = 53132
S_PREVIEW_ITEM = 53165
S_BATTLE_FIELD_CANCEL_OCCUPATION = 53226
S_BAN_PARTY_MEMBER = 53232
C_PET_INCUBATOR_GET = 53238
S_DEFEND_SUCCESS = 53273
S_OTHER_USER_APPLY_PARTY = 53299
S_DELETE_COUPON = 53438
S_TEMPER_RESULT = 53484
C_CANCEL_PENDING = 53487
C_VIEW_DUNGEONWORK_STORE = 53501
C_UNMOUNT_CARD = 53533
C_REQUEST_UPDATE_INTRODUCE = 53545
S_PROMOTION_PROCESS = 53587
C_CHECK_TO_READY_PARTY_ANSWER = 53595
S_DESPAWN_DROPITEM = 53608
S_CRYSTAL_COMBINE_RESULT = 53618
S_USER_LOCATION = 53622
C_START_FISHING_MINIGAME = 53661
C_NOTIFY_SPIRIT_LOCATION_IN_ACTION = 53673
S_MEDAL_STORE_SELL_LIST = 53674
S_PLAY_MOVIE = 53678
C_COMMIT_FACE_BONE_DATA = 53681
C_DUNGEON_WORK_POINT_STORE_COMMIT = 53702
S_UNEQUIP_ITEM = 53719
S_START_LEVEL_COMPENSATION = 53734
C_REGISTER_PARTY_INFO = 53747
C_REQUEST_SERVANT_AUTO_FEED_INFO = 53758
C_DUNGEON_WORK_POINT_STORE_BUY_DEL_BASKET = 53763
S_RESULT_ITEM_COLORING = 53765
S_ADMIN_DELETE_QUEST = 53781
C_UPDATE_GUILD_FLAG = 53792
S_ADD_TRADE_BAG = 53805
S_CREATURE_ROTATE = 53819
C_UPDATE_MY_DESCRIPTION = 53840
S_BATTLE_FIELD_ADD_SCORE = 53855
S_TRADE_BROKER_REQUEST_DEAL_RESULT = 53869
C_LOGIN_WORLD = 53883
C_CREST_DISAPPLY_ALL = 53885
C_PET_REPAIR = 53901
S_PLAYER_CUSTOM_ITEM_SLOT = 53907
C_PDH_QUERY = 53946
S_TRADE_BROKER_REGISTERED_ITEM_LIST = 53948
S_LOCKON_YOU = 53974
S_ARENA_FIGHT_ABNORMALITY_REFRESH = 54048
S_COMPLETE_EVENT_MATCHING_QUEST = 54050
S_AVAILABLE_EVENT_MATCHING_LIST = 54059
S_STEER_DEBUG_COMMAND = 54090
S_EMPTY_GUILD_WINDOW = 54117
C_EVENT_MATCHING_DUNGEON_DETAIL_INFO = 54135
S_USER_PVP_RANKING = 54136
S_BOSS_GAGE_PRIORITY = 54182
S_SPAWN_STATUE = 54206
S_CANCEL_EXIT = 54211
S_CHANGE_CARD_PRESET = 54247
S_INTERACTION_RESULT = 54260
C_TELEPORT_TO_VILLAGE = 54262
S_DELIVERY_STORE_ITEM = 54282
C_REQUEST_BATTLE_FIELD_PARTY_MARKER_CLEAR = 54353
S_BATTLE_FIELD_PARTY_MARKER = 54403
S_UNREGISTER_REPAIR_ITEM = 54437
S_CURRENT_ELECTION_STATE = 54456
S_END_CHAT_BAN = 54536
S_FREENAMED_STATUS = 54586
S_BATTLE_FIELD_USER_LOAD_INFO = 54613
C_STORE_SELL_ADD_BASKET = 54641
C_BUY_INGAMESTORE_TCATPRODUCT = 54702
S_STICK_TO_USER_END = 54706
C_REQUEST_PARTY_MATCH_INFO_PAGE = 54719
S_REPLY_INVITE_GUILD_LIST = 54760
S_STAGE_RESULT = 54768
S_RESULT_GROUP_DUEL_MSG = 54798
C_START_VM_BUY = 54800
S_ADMIN_GM_SKILL = 54846
C_CANCEL_FIX_SPIRIT = 54850
C_GMEVENT_OX_REPE_QUIZ_ANSWER = 54862
S_FREE_FIGHT_BATTLE_FIELD_BOARD = 54883
S_INVEN_CHANGEDSLOT = 54903
S_NPC_AI_EVENT = 54904
S_PET_DURABILITY_CHANGE = 54963
S_MINIGAME_RANK_END_POINT = 54964
C_COMMIT_INGAME_CHANGE_USER_APPEARANCE = 54993
S_RESET_EP_PERK = 55000
S_UNREGISTER_EVOLUTION_ITEM = 55005
S_TRADE_BROKER_BOUGHT_ITEM_LIST = 55035
S_COUPON_NOTIFY = 55039
S_OPEN_CREST_WINDOW = 55051
S_GATE_ATTACK_ALARM = 55061
S_SECOND_PASSWORD_REGISTER_RESULT = 55075
C_LEARN_EP_PERK = 55096
S_SPAWN_NPC = 55123
S_ENCHANT_BOOSTER_STATUS = 55126
S_MATERIAL_CHANGE = 55130
S_EQUIP_ITEM = 55146
S_AWAKEN_RESULT = 55205
S_CONTRACT_PET_LEVEL_UP_ITEM_LIST_UPDATE = 55233
C_PREMIUM_COMPOSE_DEL_ITEM = 55238
S_DELETE_GUILD_TOWER_MY_GUILD = 55271
S_PETITION_CHECK_CREATABLE = 55273
S_UNBIND_ITEM_RESULT = 55285
S_DESPAWN_WORKOBJECT = 55288
C_REQUEST_ONGOING_FIELD_EVENT_LIST = 55310
C_SHOW_QUEST_INFO_DIALOG = 55330
S_MY_PARTY_MATCH_INFO = 55357
S_ROUND_PVP_BATTLE_FIELD_BOARD = 55405
S_USER_WEAPON_APPEARANCE_CHANGE = 55483
S_PARTY_MEMBER_STAT_UPDATE = 55508
C_REQUEST_BATTLE_FIELD_PARTY_MARKER = 55521
S_POST_PROCESS_MATERIAL = 55617
C_REQUEST_GAMESTAT_PING = 55623
S_REQUEST_SECOND_PASSWORD_REGISTER = 55645
C_ACCEPT_FRIEND = 55654
S_EVENT_MATCHING_BATTLEFIELD_DETAIL_INFO = 55659
S_CONTROL_DOOR = 55706
S_RESULT_BIDDING_DICE_THROW = 55718
S_ABNORMALITY_TOOLTIP_VALUE = 55789
S_LOADING_SCREEN_CONTROL_INFO = 55792
C_RQ_START_SOCIAL_ON_PROGRESS_DECOMPOSITION = 55801
S_CANNOT_USE_CHAT_CHANNEL = 55806
S_DUNGEON_CHANGE_NPC_CYLINDER = 55822
S_EVENT_MATCHING_DUNGEON_DETAIL_INFO = 55930
C_STORE_SELL_DEL_BASKET = 56021
C_TELEPORT_TO_POS = 56060
S_RP_SKILL_POLISHING_UNLOCK_OPTION = 56065
S_REQUEST_COOLTIME_TO_JOIN_GUILD = 56097
C_REQUEST_CLIENT_CHAT_OPTION_SETTING = 56116
C_UNMOUNT_VEHICLE_EX = 56119
S_KUMAS_BATTLE_FIELD_RESULT = 56131
S_DISTRIBUTOR_DATA = 56132
S_VISIT_NEW_SECTION = 56134
C_GET_WARE_ITEM = 56149
S_START_CUSTOMIZING_PARTS_SHAPE = 56156
S_ABNORMALITY_FAIL = 56167
S_CLEAR_QUEST_INFO = 56189
C_ROUND_PVE_SKILL_SELECT = 56197
C_REQUEST_OPEN_DUAL_OPTION = 56219
S_GROUP_DUEL_RECORD = 56220
S_SHOW_AWESOMIUMWEB_SHOP = 56270
S_CREST_APPLY = 56289
S_SYNC_PEGASUS_TIME = 56307
S_IS_LORD = 56322
S_FRIEND_GROUP_LIST = 56330
S_TELEPORT_TO_CAMP = 56341
C_SETTLE_UP_SELL_VM = 56346
C_REQUEST_NAME_PREEMPTION = 56353
C_SHOW_AWESOMIUMWEB_SHOP = 56356
S_CREST_ASK_DISAPPLY_ALL = 56364
S_ABNORMALITY_BEGIN = 56368
C_LORD_CHANGE_GREETINGS = 56376
S_DESPAWN_NPC = 56387
C_BATTLE_FIELD_MAP_ALARM = 56392
S_PUT_INTO_PRISON = 56413
C_PONG = 56429
C_REQUEST_GUILD_WAR_PENALTY_INFO = 56466
S_NOTIFY_TO_FRIENDS_WALK_INTO_SAME_AREA = 56473
C_PET_INCUBATOR_TAKEALL = 56524
S_ITEMSYNTHESIZER_RESULT = 56550
C_CHANGE_GROUP_DUEL_SETTING = 56576
S_INIT_KUMAS_BOSS_BATTLE_FIELD = 56578
C_REIGN_INFO = 56580
S_START_PEGASUS = 56597
S_SPAWN_DOOR = 56605
C_RECEIVE_COLLECTION_BOOK_REWARD = 56630
S_START_FIX_VEHICLE = 56647
S_REPLY_NONDB_ITEM_INFO = 56679
S_LOGOUT_PARTY_MEMBER = 56709
S_VIEW_GUILD_WAR = 56722
S_PREMIUM_COMPOSE_RESET = 56750
S_END_FIX_SPIRIT = 56771
S_RECEIVE_COLLECTION_BOOK_REWARD = 56785
S_REMOVE_EFFECT = 56812
S_RETURN_TO_LOBBY = 56827
S_LORD_POLICY_SET = 56853
C_REQUEST_CHANGE_DUAL_OPTION_IDX = 56889
S_DUNGEON_RANK_RECORDER = 56900
C_TRADE_BROKER_CALC_SOLD_ITEM = 56902
S_DARK_RIFT_REWARD_RESULT = 56904
S_RELEASE_FROM_PRISON = 56912
S_LOAD_HINT = 56916
C_COMMIT_ACCESSORY_TRANSFORM = 56924
S_BUY_VIP_STORE_ITEM_SUCCESS = 56959
C_UNREGISTER_EVOLUTION_ITEM = 56974
S_VOTE_RESET_ALL_DUNGEON = 56979
C_REQUEST_DEMOLIST_GUILD_TOWER_POPUP = 56993
S_GMEVENT_OX_REPE_QUIZ_RESULT = 57001
S_EQUIP_SERVANT_ITEM = 57039
S_ITEM_EXPLOSION_RESULT = 57153
C_REGISTER_VM_BUY_ITEM = 57171
S_FIELD_EVENT_ON_ENTER = 57180
S_TRADE_BROKER_DEAL_SUGGESTED = 57191
C_CHANGE_LOOKS_SERVANT = 57238
S_KNOCK_BACK = 57239
C_MYTHICCRAFT_UNREGISTER_MATERIAL_ITEM = 57263
C_REQUEST_SERVER_ADMINTOOL_AWESOMIUM_URL = 57273
C_CHECK_RTT = 57295
C_PET_INCUBATOR_PUT = 57343
C_ANSWER_BANNING_PARTY_MEMBER = 57381
S_PREPARE_RETURN_TO_LOBBY = 57392
C_PETITION_CREATE = 57396
S_NPC_PARTIAL_DESTRUCT = 57414
S_NOTIFY_VM_STATUS = 57432
C_ADD_FRIEND = 57444
S_WATCHED_MOVIES = 57447
C_UNREGISTER_REPAIR_ITEM = 57450
C_ADMIN_GM_TELEPORT = 57455
S_PVP_LEADER_BOARD_INFO = 57486
C_BOT_CANDIDATE_INFO = 57520
S_CHANGE_USER_NAME_RESULT = 57558
C_RECEIVE_FREE_STYLE_SHOP_ITEMS = 57572
C_ENTER_SCENARIO_DUNGEON = 57597
S_TOTAL_GUILD_WAR_DATA = 57665
C_USE_COUPON = 57710
S_LOAD_CLIENT_USER_SETTING = 57730
C_VEHICLE_EX_ARROW_HIT = 57736
S_SET_ITEM_BIDDING_FLAG = 57747
C_SAVE_CLIENT_CHAT_OPTION_SETTING = 57754
S_DUNGEON_WORK_POINT_STORE_SELL_LIST = 57780
S_CANCEL_VOTE_DISMISS_PARTY = 57833
S_MINIGAME_START = 57850
S_RESULT_RENAME_GUILD = 57864
C_USE_SERVANT_FEED_ITEM = 57869
S_RESULT_BATTLE_FIELD_CHAT_BAN = 57898
S_STOP_VM = 57900
C_ADMIN_GMEVENT_OX_QUIZ_NEXT_REPE_QUIZ = 57924
S_PLAYER_VEHICLE_EX_STAT_UPDATE = 57928
S_VIEW_BATTLE_FIELD_RANKING = 57931
S_SPAWN_PET = 57939
S_USER_AIM = 57950
C_APPLY_TITLE = 57974
S_GUILD_NAME = 57980
S_INGAMESHOP_PRODUCT_ITEMID = 57984
S_INGAMESHOP_PRODUCT_END = 58010
S_DUNGEON_ADDITIONAL_WORK_UI = 58054
C_DISMISS_PARTY = 58056
S_TERRITORY_STEP_LEAVE = 58111
S_PETITION_CHECK_SURVEYABLE = 58175
S_SEND_PARCEL = 58224
C_SAVE_CLIENT_UI_SETTING = 58259
S_ACCEPT_CONTRACT = 58262
S_SELECT_EVENT_MATCHING = 58321
C_TRADE_BROKER_DEAL_PRICE_UPDATE = 58346
C_REQUEST_COUPON_DATA = 58362
S_SHOW_DARKRIFT_USER_HP = 58413
S_GUILD_WARE_HISTORY = 58429
S_DELETE_USER = 58451
S_NOTIFY_GUILD_WAR_STATUS_CHANGE = 58483
C_RQ_SKILL_POLISHING_UPGRADE_LEVEL = 58494
S_PET_ATTACKED = 58501
S_TRADE_BROKER_WAITING_ITEM_LIST = 58504
S_FIN_SNOW_EVENT_BATTLE_FIELD = 58510
C_SIMPLE_TIP_DONT_REPEAT = 58564
S_SPAWN_GAMBLE_BOX = 58624
S_PLAYER_CHANGE_UNION_SKILL_COUNT = 58626
C_GET_IN_SHUTTLE = 58628
S_ADMIN_GMEVENT_STATUS = 58629
C_SELECT_CHANNEL = 58632
S_DELETE_QUEST = 58661
S_INVEN = 58667
C_USE_RIGHT_ITEM = 58668
C_REQUEST_REPUTATION_STORE_TELEPORT = 58683
S_COUPON_DATA = 58749
S_REQUEST_ABILITY_TRANSFER = 58755
C_REQUEST_STACK_ATTENDANCE_EVENT_INFO_UPDATE = 58810
S_ANSWER_INTERACTIVE = 58832
S_USER_EFFECT = 58838
S_SET_GUILD_JOIN_CONDITION = 58841
C_GET_EVENT_DETAIL = 58847
S_END_GUILD_WAR = 58857
S_SPAWN_BUILD_OBJECT = 58864
C_CANCEL_FIX_VEHICLE = 58928
S_ROUND_PVE_CLOSE_SKILL_UI = 58932
S_REQUEST_SERVANT_AUTO_FEED_INFO = 58956
S_REGISTER_SERVANT_RESULT = 59019
S_VILLAGER_POPUP_DIALOG = 59024
S_BOSS_BATTLE_INFO = 59026
C_RELEASE_FROM_PRISON = 59028
C_CHECK_TO_DECLARE_GUILD_WAR = 59030
C_REQUEST_GUILD_WANTED_WRITING_LIST_PAGE = 59091
C_UNREGISTER_COMBINE_ITEM = 59094
C_AWESOMIUM_WEB_COUNTING = 59109
S_SNOW_EVENT_BATTLE_FIELD_BOARD = 59195
S_ROUND_RESULT = 59200
C_END_MOVIE = 59225
S_DELETE_FRIEND = 59239
S_END_STYLE_SHOP_MARK_PRODUCT = 59264
S_CHANGE_VOICE_USE_QAC = 59292
C_REQUEST_PERF = 59344
S_MINIGAME_WAIT = 59356
C_TRADE_BROKER_BOUGHT_ITEM_LIST = 59374
C_LOGIN_ARBITER = 59378
S_OPEN_VM_SELLBUY_WINDOW = 59380
C_DUEL_CANCEL = 59384
S_ADMIN_CHECK_USERNAME = 59435
S_LORD_CANDIDATE_PLEDGE = 59438
C_DESTROY_GUILD = 59449
S_REGISTER_ENCHANT_ITEM = 59460
C_COMBINE_ITEM = 59490
S_UPDATE_KUMAS_BATTLE_FIELD_TREASURE_INFO = 59565
S_CHANGE_NAME_STRING = 59592
S_PARTY_MEMBER_CHARM_ADD = 59630
S_SKILL_CHASE_EFFECT_TARGET = 59641
C_REQUEST_ROUND_PVE_SKILL_LIST = 59646
C_GACHA_TRY = 59663
C_PARTY_MARKER = 59726
S_BROCAST_UPDATE_GUILD_FLAG = 59727
S_NPC_SITUATION = 59736
S_RESET_CHARM_STATUS = 59740
S_PARTY_MEMBER_ABNORMAL_ADD = 59741
C_CANCEL_REVIVE = 59779
S_INSTANT_DASH = 59838
S_FIX_SPIRIT_COMPLETE = 59859
S_DUNGEON_EVENT_GAGE = 59871
S_SOCIAL_FORGET = 59881
C_CHANGE_MODE = 59904
S_START_FISHING_CHARGE = 59905
S_FIN_STRONGHOLD_OCCUPATION_BATTLE_FIELD = 59929
S_DUNGEON_RECORD_INFO = 59933
S_CONFIRM_INVITE_CODE_BUTTON = 59981
C_PRESS_SKILL = 60094
S_VOTE_TO_DUNGEON_MENTO = 60131
C_RESPONSE_SPAWN_DROPITEM = 60189
C_UNREGISTER_ENCHANT_ITEM = 60193
C_TRANSFER_VEHICLE_EX = 60203
C_MEDAL_STORE_COMMIT = 60208
S_DELETE_PARCEL = 60276
S_GUILD_WAR_PENALTY_INFO = 60311
C_ADD_TELEPORT_TO_POS_LIST = 60336
S_APPLY_TITLE = 60353
C_REQUEST_GUILD_INFO_BEFORE_APPLY_GUILD = 60365
S_REMOVE_GUILD_GROUP = 60426
S_WORK_WORKOBJECT = 60452
S_ASK_EXPAND_INVEN_SIZE = 60490
S_CHANGE_GUILD_CHIEF = 60558
S_START_CHAT_BAN = 60595
S_GACHA_CANCEL = 60597
S_REQUEST_CHANGE_PARTY_MATCH_RULE = 60612
C_CHANGE_PARTY_MEMBER_AUTHORITY = 60626
C_COMPLETE_DAILY_EVENT = 60636
S_ROUND_PVE_SKILL_INVOKE = 60645
C_START_CLIMBING = 60665
S_ENCHANT_BOOSTER_REGISTER_ITEM = 60706
C_VIEW_BATTLE_FIELD_RESULT = 60737
S_ASK_BIDDING_RARE_ITEM = 60742
S_USER_CHANGE_FACE_CUSTOM = 60776
C_GET_GUILD_HISTORY = 60780
C_DELETE_USER = 60781
C_GROUP_DUEL_CHANGE_REPRESENT = 60810
C_NPCGUILD_LIST = 60827
S_DESPAWN_EVENT_SEED = 60846
S_GET_AOI_INFO = 60875
S_PLAY_SOUND = 60940
S_REQUEST_SECOND_PASSWORD_AUTH = 60983
S_ADD_AWAKEN_CHANGE_DATA = 61009
C_DEL_TRADE_BAG = 61046
S_KUMAS_BATTLE_FIELD_BOARD = 61077
C_PET_LEVEL_UP_ITEM_REMOVE_FROM_LIST = 61102
C_ADD_FRIEND_GROUP = 61130
C_UPDATE_FRIEND_INFO = 61161
S_PLAY_ANIMATION = 61199
C_REQUEST_GUILD_LIST = 61210
S_KUMAS_BOSS_BATTLE_FIELD_BOARD = 61213
S_ARENA_START_FIGHT = 61225
C_PLAY_EXECUTE_TEMPER = 61229
C_START_FIX_VEHICLE = 61239
C_ENCHANTER_USE = 61280
S_ADMIN_CUSTOM_BOOKMARK_LIST = 61301
S_FAIL_GUILD_QUEST = 61381
C_VIEW_GUILD_WAR = 61404
S_CANCEL_VOTE_RESET_ALL_DUNGEON = 61420
C_REQUEST_USABLE_GUILD_NAME = 61423
C_STYLE_SHOP_BUY_TCAT_ITEM = 61438
S_HOLD_ABNORMALITY_ADD = 61457
S_SKILL_TARGETING_AREA = 61571
S_CANT_FLY_ANYMORE = 61600
C_MAIN_MENU_COMMAND = 61620
S_NOTIFY_QUEST_RESTART = 61626
S_CANCEL_QUEST_SHARE = 61711
S_GROUND_EFFECT = 61727
S_DUNGEON_LOOK_AT_NPC = 61730
C_TRY_LOOT_DROPITEM = 61764
C_CHANGE_LOOKS_PREMIUM_TRY = 61765
S_LOAD_TELEPORT_TO_POS_LIST = 61772
C_SETTLE_UP_BUY_VM = 61818
S_GET_USER_LIST = 61825
S_VEHICLE_EX_ARROW = 61853
S_BATTLE_FIELD_PARTY_MARKER_CLEAR = 61869
C_CONFIRM_INVITE_CODE = 61881
S_ADD_INTER_PARTY_MATCH_POOL = 61922
S_RESULT_ENCHANT = 61957
S_USE_RIGHT_ITEM = 61981
S_CAN_CREATE_USER = 62024
C_APPLY_PARTY = 62025
S_GET_WARE_ITEM = 62061
S_DUNGEON_CAMERA_SET = 62065
S_USER_ITEM_EQUIP_CHANGER = 62067
C_PREPARE_WORKOBJECT = 62071
S_COMMIT_ACCESSORY_TRANSFORM_RESULT = 62096
S_ANNOUNCE_MESSAGE = 62112
S_CITY_WAR_NPC_KILL = 62123
C_RQ_DEL_ITEM_FROM_DECOMPOSITION_CONTRACT = 62139
S_PLAYER_CHANGE_EXP = 62166
S_AVAILABLE_SOCIAL_LIST = 62174
S_PARTY_MEMBER_ABNORMAL_CLEAR = 62175
S_CAN_LOCKON_TARGET = 62193
S_PLAYER_CHANGE_NOCTAN_COUNT = 62220
C_MERGE_PARTY_TO_RAID = 62241
S_USER_DEATH = 62277
C_RAISE_GUILD_WAR = 62309
C_REQUEST_GUILD_INFO = 62316
C_DELIVERY_STORE_DEL_BASKET = 62338
S_GUILD_EMBLEM = 62353
S_VIP_STORE_ITEM_LIST = 62364
S_REPLY_CLIENT_CHAT_OPTION_SETTING = 62369
C_SET_ITEM_STRING = 62389
C_EVENT_MATCHING_BATTLEFIELD_DETAIL_INFO = 62394
C_TELEPORT_TO_CAMP = 62414
S_USER_BLOCK_LIST = 62427
S_PK_DECLARE_COUNT = 62484
C_DELETE_PARCEL = 62497
C_CHANGE_USER_NAME = 62500
S_DEBUG_REMOTE_PROJECTILE_POS = 62589
C_REPLY_TELEPORT_NEAR_TOWN = 62602
S_PARTY_MEMBER_INTERVAL_POS_UPDATE = 62607
C_CLEAR_SEND_PARCEL = 62613
C_NOTIMELINE_SKILL = 62661
C_REQUEST_FIELD_POINT_REWARD = 62719
C_COLLECTION_PICKSTART = 62729
S_PET_INFO_CHANGE = 62749
C_REQUEST_SEREN_GUIDE = 62750
S_ADD_GUILD_MEMBER = 62766
S_USE_JUMPGEAR = 62768
C_BIND_ITEM_EXECUTE = 62791
S_BROADCAST_CLIMBING = 62819
S_PARTY_MEMBER_LIST = 62850
S_FACIAL_ATTACHMENT_BROADCAST = 62869
S_DUNGEON_RANK_MESSAGE = 62888
S_SHARE_USER_PING = 62893
C_ADMIN_SPAWN_NPC = 62899
C_REQUEST_IMAGE_DATA = 62901
S_COUNTDOWN_GROUP_DUEL = 62905
S_NOTIFY_BATTLE_FIELD_NPC_DESPAWN = 62911
S_UPDATE_GUILD_FLAG = 62965
C_RQ_UPDATE_ITEM_TO_DECOMPOSITION_CONTRACT = 62966
S_VIEW_BATTLE_FIELD_RANKING_SERVER_LIST = 62990
S_RESULT_INGAME_CHANGE_USER_APPEARANCE = 62996
S_RIGHT_ITEM_LIST = 63008
S_CUSTOM_STYLE_SYSTEM_MESSAGE = 63043
S_SPAWN_DARK_RIFT_CLOUD = 63079
S_TRADE_BROKER_CALC_BOUGHT_ITEM = 63163
C_REQUEST_FLOATING_CASTLE_PARTS_COOL_TIME = 63188
S_ROUND_PVE_BATTLE_FIELD_RESULT = 63244
S_GUILD_INFO = 63245
C_UNREGISTER_VM_BUY_ITEM = 63246
S_REQUEST_NAME_PREEMPTION = 63247
S_ADMIN_GET_USERINFO_QUEST = 63258
S_FIELD_EVENT_PROGRESS_INFO = 63293
S_COMPLETED_MISSION_INFO = 63306
C_GROUP_DUEL_DEL_BETTING_ITEM = 63310
S_MY_DESCRIPTION = 63379
C_EQUIP_ITEM = 63418
S_COLLECTION_PICKSTART = 63428
S_ITEM_CUSTOM_STRING = 63449
S_NEED_WAREHOUSE_COMMISION = 63453
S_DUNGEON_VEHICLE_REPAIRABLE = 63460
C_GET_ATTENDANCE_REWARD = 63470
C_RETURN_USER_GIFT = 63482
C_REQUEST_GUILD_WANTED_WRITING_LIST = 63526
C_SET_INVEN_POCKET_GET_FILTER = 63554
S_PET_INFO_CLEAR = 63556
S_TRADE_BROKER_CALC_SOLD_ITEM = 63560
C_PETITION_CHECK_SURVEYABLE = 63570
S_COMBATLOG_USER_INFO = 63575
C_NPC_CONTACT = 63625
S_HOLD_ABNORMALITY_REMOVE = 63633
S_CANNON_BATTLE_FIELD_BOARD = 63690
S_SHOW_PARTY_MATCH_INFO = 63698
C_LORD_CALC_TAX = 63708
C_CAN_CREATE_USER = 63724
C_SAVE_CLIENT_ACCOUNT_SETTING = 63769
S_CHAT = 63817
S_GUILD_LEVEL_INFO_CHANGED = 63840
S_VIEW_BATTLE_FIELD_RESULT = 63843
C_END_STYLE_SHOP = 63888
S_BOSS_GAGE_STACK_INFO = 63948
S_SAVE_CLIENT_CHAT_OPTION_SETTING = 63951
C_PET_USE_ORB = 63952
S_XIGNCODE_SECURITY_DATA = 63954
S_VIEW_INTER_PARTY_MATCH_DUNGOEN_LIST = 64057
S_GMEVENT_OX_QUIZ_RESULT = 64090
C_CANCEL_CHANGE_USER_APPEARANCE = 64098
C_DELIVERY_STORE_COMMIT = 64133
C_DELETE_SERVANT_ABILITY = 64148
S_BATTLE_FIELD_USER_KILL_MESSAGE = 64159
C_REQUEST_INVITE_GUILD_LIST_PAGE = 64160
C_DECOMPOSITION_ITEM = 64248
S_SELECT_USER = 64295
S_CHECK_TO_READY_PARTY = 64343
C_ITEMSYNTHESIZER_REQUEST_MATERIAL = 64348
S_GUILD_APPLY_COUNT = 64380
C_SAVE_CHAT_SETTING = 64406
C_PETITION_CHECK_CREATABLE = 64422
S_PLAYER_AUTOPILOT = 64457
S_SUGGEST_DARK_RIFT_PARTY_MATCHING = 64494
C_CANCEL_LOCKON_TARGET = 64507
C_STR_EVALUATE_LIST = 64524
S_FISHING_CATCH_FAIL = 64528
S_LOAD_SKILL_SCRIPT_LIST = 64589
S_USER_LEVELUP = 64629
S_START_COOLTIME_SERVANT_SKILL = 64635
C_CONFIRM_SERVANT_AUTO_POTION_INFO = 64664
C_PREMIUM_COMPOSE_RESET = 64688
S_BYE_PET = 64725
S_UPDATE_EVENT_MATCHING_BONUS_INFO = 64727
S_TUTORIAL_PLAY_FINISHED = 64733
S_DUEL_TIME = 64738
S_RP_UPDATE_ITEM_TO_DECOMPOSITION_CONTRACT = 64766
S_BROADCAST_FLOATING_CASTLE_NAMEPLATE = 64774
C_STORE_COMMIT = 64799
C_SHOW_NAME_PLATE_ICON = 64807
C_ADD_CRYSTAL_COMBINE_MATERIAL = 64808
S_UPDATE_GUILD_GROUP = 64824
S_LOGIN_ARBITER = 64838
S_BATTLE_FIELD_USER_ASSIST_EVENT = 64898
S_ACCOUNT_PACKAGE_LIST = 64928
C_MOVE_INVEN_POS = 64971
S_REMOVE_CHARM_STATUS = 65000
S_SPAWN_ME = 65024
S_CHANGE_GUILDNAME = 65037
S_UPDATE_EVENT_SYSTEM = 65056
C_XIGNCODE_SECURITY_DATA = 65058
S_JOIN_PRIVATE_CHANNEL = 65095
C_LORD_VOTE = 65103
S_SET_SEND_PARCEL_ITEM = 65108
S_GET_ATTENDANCE_REWARD = 65145
S_RETURN_USER_REWARD_END = 65148
S_RENAME_ITEMSTRING_START = 65172
C_VOTE_DISMISS_PARTY = 65181
S_BOSS_GAGE_INFO = 65264
S_HUNTING_ZONE_EVENT_LIST = 65283
S_SHOW_DEAD_UI = 65311
C_FLOATING_CASTLE_PARTS_STORE_COMMIT = 65327
C_CHANGE_EQUIP_PRESET = 65371
C_RECEIVE_PLAYTIME_EVENT_REWARD = 65377
S_ELEMENT_POINT = 65386
C_ADMIN_GMEVENT_USER_SUMMON = 65411
S_MUTE = 65455
C_PK_DECLARE = 65485
S_REQUEST_CHANGE_LOOKS_SERVANT = 65505
S_BIND_ITEM_BEGIN = 65527