C_REQUEST_SERVER_ADMINTOOL_AWESOMIUM_URL = 32936
C_REQUEST_EVENT_MATCHING_TELEPORT 51187
S_TRADE_BROKER_BOUGHT_ITEM_LIST 51281
C_TRADE_BROKER_BOUGHT_ITEM_LIST 51161

S_CANT_FLY_ANYMORE 47759

C_GET_WARE_ITEM 34026
C_PUT_WARE_ITEM 46092


C_SELECT_CHANNEL 30764
S_CANCEL_SELECT_CHANNEL 30098
S_FATIGABILITY_POINT 35442
S_PREPARE_SELECT_CHANNEL 21805

C_REQUEST_SPAWN_SERVANT 61640
C_START_SERVANT_ACTIVE_SKILL 50800
S_UPDATE_SERVANT_INFO = 62137

C_REQUEST_RECV_DAILY_TOKEN 30353
C_REQUEST_START_GUILD_QUEST 33648
C_REQUEST_FINISH_GUILD_QUEST 42988
C_REQUEST_ONGOING_FIELD_EVENT_LIST 39026
C_REQUEST_FIELD_POINT_REWARD 59341
S_UPDATE_GUILD_QUEST_STATUS 46566
S_FIELD_EVENT_PROGRESS_INFO 31273

C_STORE_COMMIT = 49159
C_STORE_SELL_ADD_BASKET = 38893
C_CAST_FISHING_ROD = 63748 
C_END_FISHING_MINIGAME = 46726
C_RQ_ADD_ITEM_TO_DECOMPOSITION_CONTRACT = 62488
C_START_FISHING_MINIGAME = 21410
C_STOP_FISHING = 39654 
S_FISHING_BITE 33353
S_FISHING_CATCH = 39186 
S_START_FISHING_MINIGAME = 53955
S_RP_ADD_ITEM_TO_DECOMPOSITION_CONTRACT = 28862
S_CAST_FISHING_ROD = 63691 
S_STORE_BASKET = 50565
S_STOP_FISHING 60196
S_START_FISHING_CHARGE 24346


C_ACCEPT_CONTRACT 56452
C_ACCEPT_FRIEND 24489
C_ACCEPT_GUILD_APPLY 45611
C_ACTIVATE_CARD_COMBINE_LIST 31642
C_ADD_CRYSTAL_COMBINE_MATERIAL 60228
C_ADD_FRIEND 49436
C_ADD_FRIEND_GROUP 58423
C_ADD_INTER_PARTY_MATCH_POOL 46573
C_ADD_ITEM_TO_VM_BUY_BASKET 49973
C_ADD_ITEM_TO_VM_SELL_BASKET 51029
C_ADD_TELEPORT_TO_POS_LIST 48784
C_ADD_TRADE_BAG 62361
C_ADMIN 29772
C_ADMIN_ADD_CUSTOM_BOOKMARK 58634
C_ADMIN_CHAT_BAN 54952
C_ADMIN_CHECK_USERNAME 53779
C_ADMIN_GET_DUNGEON_USER_LIST 29484
C_ADMIN_GET_USER_INFO_BY_DBID 48297
C_ADMIN_GET_USER_INFO_LIST_BY_DISTANCE 48689
C_ADMIN_GMEVENT_NOTICE 27766
C_ADMIN_GMEVENT_OFF 33508
C_ADMIN_GMEVENT_OX_QUIZ_NEXT_QUIZ 31169
C_ADMIN_GMEVENT_OX_QUIZ_NEXT_REPE_QUIZ 23371
C_ADMIN_GMEVENT_STATUS 47367
C_ADMIN_GMEVENT_USER_KICK 37488
C_ADMIN_GMEVENT_USER_SUMMON 25783
C_ADMIN_GM_MAPTELEPORT 34633
C_ADMIN_GM_SKILL 42082
C_ADMIN_GM_TELEPORT 60638
C_ADMIN_HOLD_CHARACTER 36042
C_ADMIN_KILL_NPC 53134
C_ADMIN_LOBBY 63019
C_ADMIN_REMOVE_CUSTOM_BOOKMARK 42732
C_ADMIN_REMOVE_NPC 57442
C_ADMIN_REQUEST_CUSTOM_BOOKMARK 48687
C_ADMIN_REQUEST_DEFAULT_BOOKMARK 60204
C_ADMIN_REQUEST_USERACTION 25326
C_ADMIN_REQUEST_USERINFO 48374
C_ADMIN_SPAWN_NPC 24483
C_ADMIN_VANISH_PET 47560
C_ADMIN_WARNING_MESSAGE 44556
C_ANSWER_BANNING_PARTY_MEMBER 25128
C_ANS_QUEST_SHARE 57439
C_APPLY_GUILD 29124
C_APPLY_INVEN_POCKET_SORT 62576
C_APPLY_PARTY 21816
C_APPLY_TITLE 31139
C_ARRIVE_AT_JUMPGEAR_DESTINATION 54802
C_ASK_HANCOIN_AMOUNT 26492
C_ASK_INTERACTIVE 61961
C_AVAILABLE_EVENT_MATCHING_LIST 64309
C_AWESOMIUM_WEB_COUNTING 49342
C_BANISH_GUILD_MEMBER 38725
C_BAN_FROM_GROUP_DUEL 30408
C_BAN_PARTY_MEMBER 40711
C_BATTLE_FIELD_BOARD_REQUEST 22906
C_BATTLE_FIELD_CANCEL_OCCUPATION 30551
C_BATTLE_FIELD_HELP 54017
C_BATTLE_FIELD_MAP_ALARM 30412
C_BATTLE_FIELD_POINT_STORE_BUY_ADD_BASKET 64950
C_BATTLE_FIELD_POINT_STORE_BUY_DEL_BASKET 29757
C_BATTLE_FIELD_POINT_STORE_COMMIT 35345
C_BATTLE_FIELD_REWARD 20495
C_BATTLE_FIELD_START_OCCUPATION 59510
C_BETTING_TRY 28855
C_BIND_ITEM_BEGIN_PROGRESS 48215
C_BIND_ITEM_EXECUTE 27882
C_BLOCK_USER 21669
C_BOARD_ITEM_LIST 46606
C_BROADCAST_CLIMBING 51366
C_BUY_INGAMESTORE_MONEYPRODUCT 30009
C_BUY_INGAMESTORE_TCATPRODUCT 62220
C_BUY_VILLAGER_BUFF 60909
C_CANCEL_CHANGE_USER_APPEARANCE 43370
C_CANCEL_CONTRACT 54523
C_CANCEL_DELETE_USER 44889
C_CANCEL_DUNGEON_RETRY 34817
C_CANCEL_EXIT 31623
C_CANCEL_FIX_VEHICLE 39315
C_CANCEL_LOCKON_TARGET 47697
C_CANCEL_PENDING 42018
C_CANCEL_PREPARE_CHANGE_USER_APPEARANCE 58056
C_CANCEL_QUEST 41406
C_CANCEL_RETURN_TO_LOBBY 37627
C_CANCEL_REVIVE 31929
C_CANCEL_SELECT_CHANNEL 23068
C_CANCEL_SKILL 65468
C_CAN_CREATE_USER 22893
C_CAN_LOCKON_TARGET 57451
C_CAST_FISHING_ROD 63748
C_CHANGE_CARD_PRESET 46528
C_CHANGE_CHANNEL_PASSWORD 64429
C_CHANGE_CHARACTER 23198
C_CHANGE_EQUIP_PRESET 52694
C_CHANGE_FRIEND_MEMO 56394
C_CHANGE_GROUP_DUEL_SETTING 54494
C_CHANGE_GUILDGROUP 39502
C_CHANGE_GUILDNAME 52342
C_CHANGE_GUILD_CHIEF 23857
C_CHANGE_ITEM_COLORING_POTION 63598
C_CHANGE_ITEM_PASSIVE_LIST 34222
C_CHANGE_LOOKS_PREMIUM_TRY 49210
C_CHANGE_LOOKS_SERVANT 25315
C_CHANGE_MY_PROFILE 51449
C_CHANGE_MY_STATE 47279
C_CHANGE_PARTY_MANAGER 28903
C_CHANGE_PARTY_MEMBER_AUTHORITY 53802
C_CHANGE_POCKET_NAME 26177
C_CHANGE_SERVANT_CONDITIONAL_SKILL 22750
C_CHANGE_SERVANT_NAME 35541
C_CHANGE_USER_LOBBY_SLOT_ID 45578
C_CHANGE_USER_NAME 54092
C_CHANGE_VM_MODE 57593
C_CHAT 26482
C_CHAT_REPORT 34196
C_CHECK_CHANGE_GUILDNAME 57732
C_CHECK_EVENT_MATCHING_LIST_CHECKBOX 34072
C_CHECK_EVENT_SYSTEM_REWARD 53252
C_CHECK_RTT 45477
C_CHECK_TO_DECLARE_GUILD_WAR 29404
C_CHECK_TO_OPPOSITE_DECLARE_GUILD_WAR 60688
C_CHECK_TO_READY_PARTY 47386
C_CHECK_TO_READY_PARTY_ANSWER 45090
C_CHECK_USERNAME 26872
C_CHECK_VERSION 19900
C_CITY_WAR_INFO_HISTROY 21032
C_CITY_WAR_SEASON_HISTROY 21207
C_CLEAR_SEND_PARCEL 52683
C_CLOSE_SEND_PARCEL 64174
C_CLOSE_VM 34990
C_COLLECTION_PICKEND 22114
C_COLLECTION_PICKSTART 45478
C_COMBINE_ITEM 47772
C_COMMIT_ACCESSORY_TRANSFORM 63591
C_COMMIT_CHANGE_USER_APPEARANCE 39541
C_COMMIT_FACE_BONE_DATA 24208
C_COMMIT_INGAME_CHANGE_USER_APPEARANCE 52174
C_COMMIT_VM_TRADE 31636
C_COMPLETE_DAILY_EVENT 49212
C_COMPLETE_EXTRA_EVENT 42577
C_COMPLETE_QUEST 46559
C_CONFIRM_EVENT_SYSTEM 23612
C_CONFIRM_INVITE_CODE 43246
C_CONFIRM_SERVANT_AUTO_FEED_INFO 43235
C_CONFIRM_SERVANT_AUTO_POTION_INFO 30354
C_CONFIRM_UPDATE_NOTIFICATION 55928
C_CREATE_GROUP_DUEL 61336
C_CREATE_GUILDGROUP 62190
C_CREATE_PRIVATE_CHANNEL 47072
C_CREATE_USER 24508
C_CREST_APPLY 54846
C_CREST_APPLY_LIST 36794
C_CREST_DISAPPLY_ALL 26334
C_CRYSTAL_COMBINE_EXECUTE 30662
C_CURRENT_CHANNEL 49229
C_CUSTOM_USER_CUSTOMIZING 50134
C_DEACTIVATE_CARD_COMBINE_LIST 37511
C_DECLARE_GUILD_WAR 46712
C_DECOMPOSE_REGISTER_ITEM 33251
C_DECOMPOSE_UNREGISTER_ITEM 37352
C_DELETE_COUPON 44734
C_DELETE_FRIEND 57893
C_DELETE_FRIEND_GROUP 57239
C_DELETE_PARCEL 21631
C_DELETE_SERVANT 54163
C_DELETE_SERVANT_ABILITY 37364
C_DELETE_TELEPORT_TO_POS_LIST 56324
C_DELETE_USER 29937
C_DELIVERY_STORE_ADD_BASKET 20429
C_DELIVERY_STORE_COMMIT 56087
C_DELIVERY_STORE_DEL_BASKET 52113
C_DEL_CRYSTAL_COMBINE_MATERIAL 39946
C_DEL_INTER_PARTY_MATCH_POOL 52936
C_DEL_ITEM 44718
C_DESPAWN_BUILD_OBJECT 51480
C_DESTROY_GUILD 27634
C_DIALOG 27536
C_DIALOG_EVENT 49159
C_DISMISS_PARTY 44069
C_DISTRIBUTOR_ANSWER 34430
C_DUEL_CANCEL 61541
C_DUNGEON_CLEAR_COUNT_LIST 49472
C_DUNGEON_COOL_TIME_LIST 50158
C_DUNGEON_RANK_RECORD_LIST 28719
C_DUNGEON_RANK_SEASON_LIST 23201
C_DUNGEON_SUMMON_PARTY 20002
C_DUNGEON_UI_OPENED 43830
C_DUNGEON_WORK_ENTER 50857
C_DUNGEON_WORK_LEAVE 30398
C_DUNGEON_WORK_POINT_STORE_BUY_ADD_BASKET 46605
C_DUNGEON_WORK_POINT_STORE_BUY_DEL_BASKET 52680
C_DUNGEON_WORK_POINT_STORE_COMMIT 65428
C_DUNGEON_WORK_RETRY 23169
C_EDIT_BLOCKED_USER_MEMO 23875
C_EDIT_FRIEND_GROUP 57653
C_EDIT_PRIVATE_CHANNEL 57135
C_ENCHANTER_USE 23892
C_END_CLIMBING 61735
C_END_CUSTOMIZING_PARTS_SHAPE 64047
C_END_FISHING_MINIGAME 46726
C_END_ITEM_BIDDING 35421
C_END_MOVIE 36233
C_END_RESTORE_CUSTOMIZING_PARTS_SHAPE 39947
C_ENTER_BATTLE_FIELD 20271
C_ENTER_DUNGEON 33297
C_ENTER_SCENARIO_DUNGEON 22204
C_ENTER_TELEPORTTERRITORY 36889
C_EQUIPMENT_ENCHANT_SCROLL_USE 57978
C_EQUIP_SERVANT_ITEM 22517
C_EVENT_GUIDE 32237
C_EVENT_MATCHING_BATTLEFIELD_DETAIL_INFO 60406
C_EVENT_MATCHING_DUNGEON_DETAIL_INFO 38984
C_EXIT 33809
C_EXPAND_INVEN_POCKET 29880
C_EXTEND_PARTY 26159
C_FACIAL_ATTACHMENT 40218
C_FIELD_EVENT_BAN 63483
C_FINDNAME 24900
C_FLOATING_CASTLE_PARTS_STORE_BUY_ADD_BASKET 38116
C_FLOATING_CASTLE_PARTS_STORE_BUY_DEL_BASKET 54520
C_FLOATING_CASTLE_PARTS_STORE_COMMIT 28659
C_GACHA_CANCEL 25015
C_GACHA_TRY 62191
C_GAMBLE_CANCEL 36378
C_GAMBLE_CHANGE_BET_ITEM 27281
C_GAMBLE_GO 64128
C_GAMBLE_STOP 43824
C_GAMBLE_TRY 49433
C_GET_ATTENDANCE_REWARD 52470
C_GET_EVENT_DETAIL 22214
C_GET_EVENT_SYSTEM_REWARD 30794
C_GET_GUILD_HISTORY 63962
C_GET_GUILD_QUEST_WEEKLY_REWARD 55827
C_GET_GUILD_WARE_HISTORY 40923
C_GET_IN_SHUTTLE 29206
C_GET_OUT_SHUTTLE 55167
C_GET_USER_GUILD_LOGO 26444
C_GET_USER_LIST 23253
C_GET_WARE_ITEM 34026
C_GIVE_UP_GUILD_WAR 46458
C_GMEVENT_LEAVE_EVENT 49168
C_GMEVENT_MOVE_TO_STADIUM 42897
C_GMEVENT_OX_REPE_QUIZ_ANSWER 62826
C_GROUP_DUEL_ADD_BETTING_ITEM 26679
C_GROUP_DUEL_BETTING 50262
C_GROUP_DUEL_BETTING_MONEY 47225
C_GROUP_DUEL_CHANGE_REPRESENT 52299
C_GROUP_DUEL_DEL_BETTING_ITEM 20304
C_GROUP_DUEL_RECORD 49487
C_GUARD_PK_POLICY 36460
C_GUILD_APPLY_LIST 53419
C_GUILD_APPLY_LIST_PAGE 32507
C_GUILD_STORE_BUY_ADD_BASKET 44014
C_GUILD_STORE_BUY_DEL_BASKET 34939
C_GUILD_STORE_COMMIT 24266
C_HARDWARE_INFO 26733
C_HIT_USER_PROJECTILE 34021
C_INGAME_CHANGE_USER_APPEARANCE_CANCEL 29624
C_INGAME_CHANGE_USER_APPEARANCE_TRY 61338
C_INVALID_BUILD_VERSION 49615
C_INVITE_FRIEND_CODE 23080
C_INVITE_USER_TO_GUILD 40128
C_ITEMSYNTHESIZER_REQUEST_CANCEL 20288
C_ITEMSYNTHESIZER_REQUEST_MATERIAL 44940
C_ITEMSYNTHESIZER_REQUEST_START 45153
C_ITEM_COLORING_ADD_ITEM 22219
C_ITEM_COLORING_REMOVE_ITEM 63757
C_ITEM_COLORING_SET_COLOR 49446
C_JOIN_GROUP_DUEL 61109
C_JOIN_PRIVATE_CHANNEL 46744
C_KICK_CHANNEL_MEMBER 51797
C_LEARN_EP_PERK 33013
C_LEAVE_GROUP_DUEL 29622
C_LEAVE_GUILD 64511
C_LEAVE_PARTY 46485
C_LEAVE_PRIVATE_CHANNEL 60478
C_LEAVE_TELEPORTTERRITORY 63191
C_LIST_CHANNEL 26483
C_LIST_PARCEL 25755
C_LOAD_EP_INFO 21036
C_LOAD_TOPO_FIN 45261
C_LOGIN_ARBITER 43965
C_LORD_CALC_TAX 42522
C_LORD_CANDIDATE_LIST 50908
C_LORD_CANDIDATE_PLEDGE 62363
C_LORD_CHANGE_GREETINGS 62734
C_LORD_CHANGE_POLICY 40626
C_LORD_GUARD_INFO 51058
C_LORD_RANK_INFO 54069
C_LORD_REGISTER 28438
C_LORD_REGISTER_INFO 23633
C_LORD_TAX_SET 65223
C_LORD_VOTE 57755
C_LORD_VOTE_CANDIDATE_LIST 34269
C_MAIN_MENU_COMMAND_EXEC 52919
C_MEDAL_STORE_BUY_ADD_BASKET 23460
C_MEDAL_STORE_BUY_DEL_BASKET 44721
C_MEDAL_STORE_COMMIT 45446
C_MEET_BOSS_INFO 51386
C_MERGE_ITEM 49183
C_MERGE_ITEM_EXECUTE 47398
C_MERGE_PARTY_TO_RAID 41885
C_MOUNT_CARD 62823
C_MOUNT_VEHICLE_EX 58868
C_MOVE_ITEM 53300
C_MOVE_SLOT_IN_GROUP_DUEL 22008
C_MOVE_WARE_POS 53373
C_MYTHICCRAFT_REGISTER_MATERIAL_ITEM 53104
C_MYTHICCRAFT_REGISTER_TARGET_ITEM 33581
C_MYTHICCRAFT_UNREGISTER_MATERIAL_ITEM 64888
C_MYTHICCRAFT_UNREGISTER_TARGET_ITEM 55831
C_NOTIFY_LOCATION_IN_ACTION 42014
C_NOTIFY_LOCATION_IN_DASH 30034
C_NOTIFY_LOCATION_IN_REACTION 31348
C_NOTIFY_SPIRIT_LOCATION_IN_ACTION 25432
C_NOTIMELINE_SKILL 48744
C_NPCGUILD_LIST 32596
C_NPC_CONTACT 33602
C_OPEN_GUILD_WAR_WINDOW 52727
C_OPPOSITE_DECLARE_GUILD_WAR 48826
C_OP_COMMAND 35773
C_PARCEL_REPORT 39080
C_PARTY_APPLICATION_DENIED 46681
C_PARTY_LOOTING_METHOD 28952
C_PARTY_LOOTING_METHOD_VOTE 50290
C_PARTY_MARKER 59668
C_PARTY_MATCH_WINDOW_CLOSED 24245
C_PAY_WAREHOUSE_COMMISION 52082
C_PETITION_CANCEL 49683
C_PETITION_CHAT_USER_MESSAGE 47228
C_PETITION_CHECK_CREATABLE 25442
C_PETITION_CHECK_SURVEYABLE 38106
C_PETITION_COMPLETE_CONFIRM 20101
C_PETITION_CREATE 51624
C_PETITION_FEEDBACK 51219
C_PET_EQUIP 44643
C_PET_INCUBATOR_GET 61639
C_PET_INCUBATOR_PUT 47401
C_PET_INCUBATOR_START 24801
C_PET_INCUBATOR_TAKEALL 27312
C_PET_LEVEL_UP_ITEM_ADD_TO_LIST 26351
C_PET_LEVEL_UP_ITEM_REMOVE_FROM_LIST 39810
C_PET_ORB_ATTACH 32891
C_PET_ORB_DELETE 32276
C_PET_REPAIR 26813
C_PET_UNEQUIP 58323
C_PLAYER_FLYING_LOCATION 25019
C_PLAYER_LOCATION 57534
C_PLAY_TIME 55781
C_POINT_STORE_BUY_ADD_BASKET 30467
C_POINT_STORE_BUY_DEL_BASKET 51885
C_POINT_STORE_COMMIT 20941
C_POLITICS_POINT_STORE_BUY_ADD_BASKET 53335
C_POLITICS_POINT_STORE_BUY_DEL_BASKET 38612
C_POLITICS_POINT_STORE_COMMIT 38745
C_PONG 37328
C_PRECONFIRM_INVITE_CODE 61008
C_PREMIUM_COMPOSE_ADD_ITEM 20669
C_PREMIUM_COMPOSE_CANCEL 36809
C_PREMIUM_COMPOSE_DEL_ITEM 44578
C_PREMIUM_COMPOSE_RESET 40465
C_PREMIUM_COMPOSE_TRY 26802
C_PREPARE_WORKOBJECT 62597
C_PRESS_SKILL 33120
C_PREVIEW_ITEM 42264
C_PROMOTION_CANCEL 31074
C_PROMOTION_INFO 38438
C_PROMOTION_RESET 48246
C_PROMOTION_START 62334
C_PURCHASE_PROD 23632
C_PUT_INTO_PRISON 63063
C_PUT_WARE_ITEM 46092
C_QUERY_COIN 23451
C_RECEIVE_COLLECTION_BOOK_REWARD 36096
C_RECEIVE_FREE_STYLE_SHOP_ITEMS 29631
C_RECEIVE_PLAYTIME_EVENT_REWARD 65251
C_RECOMMEND_GUILD 50164
C_RECOMMEND_USER_GUILD 51608
C_RECV_PARCEL 30271
C_RECV_PARCEL_ALL 41617
C_RECV_PARCEL_EX 50259
C_REGISTER_COMBINE_ITEM 30947
C_REGISTER_ENCHANT_ITEM 63863
C_REGISTER_EVOLUTION_ITEM 45308
C_REGISTER_PARTY_INFO 61564
C_REGISTER_REPAIR_ITEM 58571
C_REGISTER_VM_BUY_ITEM 42769
C_REGISTER_VM_SELL_ITEM 49242
C_REGIST_CUSTOMIZING_PARTS_SHAPE_ITEM 57093
C_REIGN_INFO 47685
C_REJECT_CONTRACT 37599
C_REJECT_INVITE_USER_TO_GUILD 45196
C_RELEASE_FROM_PRISON 59937
C_REMOVE_BLOCKED_USER 64815
C_REMOVE_COLORING_POTION 60311
C_REMOVE_GUILDGROUP 40254
C_REMOVE_ITEM_FROM_VM_BUY_BASKET 25145
C_REMOVE_ITEM_FROM_VM_SELL_BASKET 28847
C_RENAME_TELEPORT_TO_POS_LIST 62069
C_REPLY_INTER_PARTY_MAKE 64571
C_REPLY_TELEPORT 64723
C_REPLY_TELEPORT_NEAR_TOWN 55950
C_REPLY_TELEPORT_WALK_THROUGH 56280
C_REPLY_THROUGH_ARBITER_CONTRACT 44052
C_REQUEST_ABILITY_TRANSFER 59152
C_REQUEST_ACCESSORY_COST_INFO 62127
C_REQUEST_ACHIEVEMENT_LIST 32181
C_REQUEST_ARENA_BETTING_INFO 52313
C_REQUEST_BATTLE_FIELD_CHAT_BAN 58747
C_REQUEST_BATTLE_FIELD_PARTY_MARKER 31050
C_REQUEST_BATTLE_FIELD_PARTY_MARKER_CLEAR 59756
C_REQUEST_BOSS_GAGE_INFO 46766
C_REQUEST_BUY_VIP_STORE_ITEM 36174
C_REQUEST_CANCEL_GUILD_QUEST 63592
C_REQUEST_CANDIDATE_LIST 25655
C_REQUEST_CHANGE_CHARACTER_NAME 62162
C_REQUEST_CHANGE_DUAL_OPTION_IDX 55349
C_REQUEST_CHANGE_LOOKS_SERVANT 52925
C_REQUEST_CHANGE_PARTY_MATCH_RULE 50741
C_REQUEST_CITY_WAR_MAP_INFO 39892
C_REQUEST_CLIENT_CHAT_OPTION_SETTING 23842
C_REQUEST_CLIENT_UI_SETTING 35834
C_REQUEST_CONTRACT 37203
C_REQUEST_COOLTIME_TO_JOIN_GUILD 59482
C_REQUEST_COUPON_DATA 28402
C_REQUEST_COUPON_LIST 25106
C_REQUEST_DEMOLISH_GUILD_TOWER 31689
C_REQUEST_DEMOLIST_GUILD_TOWER_POPUP 56765
C_REQUEST_DESPAWN_SERVANT 63524
C_REQUEST_DICE_THROW 31856
C_REQUEST_DUNGEON_WORK_LIST 57572
C_REQUEST_ENCHANT 31290
C_REQUEST_ENTER_VIP_DUNGEON 26203
C_REQUEST_EQUIPMENT_INHERITANCE 65045
C_REQUEST_EVENT_MATCHING_TELEPORT 51187
C_REQUEST_EVOLUTION 47899
C_REQUEST_FIELD_POINT_REWARD 39026
C_REQUEST_FINISH_GUILD_QUEST 42988
C_REQUEST_FLOATING_CASTLE_PARTS_COOL_TIME 33897
C_REQUEST_FLY_MOVE_INFO 42684
C_REQUEST_GAMESTAT_PING 51024
C_REQUEST_GUILD_FLAG_IMAGE_DATA 39213
C_REQUEST_GUILD_INCENTIVE 29500
C_REQUEST_GUILD_INFO 59380
C_REQUEST_GUILD_INFO_BEFORE_APPLY_GUILD 34575
C_REQUEST_GUILD_LEVEL_RANKING 29038
C_REQUEST_GUILD_LIST 61056
C_REQUEST_GUILD_LIST_PAGE 36946
C_REQUEST_GUILD_LIST_SORT 44987
C_REQUEST_GUILD_PERK_LIST 24675
C_REQUEST_GUILD_WANTED_WRITING_LIST 65521
C_REQUEST_GUILD_WANTED_WRITING_LIST_PAGE 41698
C_REQUEST_GUILD_WAR_PENALTY_INFO 32356
C_REQUEST_IMAGE_DATA 29745
C_REQUEST_INCREASE_CARD_PRESET 63606
C_REQUEST_INGAMESTORE_PRODUCT_DETAIL 62865
C_REQUEST_INGAMESTORE_PRODUCT_LIST 52900
C_REQUEST_INVITE_GUILD_LIST 58480
C_REQUEST_INVITE_GUILD_LIST_PAGE 33004
C_REQUEST_ITEM_COLORING_VALUE 22413
C_REQUEST_LATEST_UPDATE_NOTIFICATION 22335
C_REQUEST_LEARN_GUILD_PERK 53569
C_REQUEST_MEGAPHONE 20012
C_REQUEST_MENTO_REWARD 27247
C_REQUEST_MYTHICCRAFT 33145
C_REQUEST_MY_ACTIVATE_CARD_COMBINE_LIST_DATA 35717
C_REQUEST_MY_PARTY_MATCH_INFO 22901
C_REQUEST_NAME_PREEMPTION 39177
C_REQUEST_NONDB_ITEM_INFO 30307
C_REQUEST_NONDB_MYTHICITEM_TOOLTIP 31754
C_REQUEST_ONGOING_FIELD_EVENT_LIST 59341
C_REQUEST_OPEN_DUAL_OPTION 57574
C_REQUEST_OPEN_DUAL_OPTION_MATERIAL_INFO 57957
C_REQUEST_OTHERS_ACTIVATE_CARD_COMBINE_LIST_DATA_WITH_GAMEID 32665
C_REQUEST_OTHERS_CARD_DATA 28343
C_REQUEST_OTHERS_CARD_DATA_WITH_GAMEID 60139
C_REQUEST_PARTY_INFO 52737
C_REQUEST_PARTY_MATCH_INFO 30712
C_REQUEST_PARTY_MATCH_INFO_PAGE 34973
C_REQUEST_PARTY_MATCH_LINK 50115
C_REQUEST_PET_CONSUME_EXP_ITEM 20876
C_REQUEST_PLAYTIME 32997
C_REQUEST_PRIVATE_CHANNEL_INFO 45215
C_REQUEST_PVE_RANKING 36545
C_REQUEST_PVP_RANKING 24241
C_REQUEST_QUEST_BACKUP_ITEM 23398
C_REQUEST_RECV_DAILY_TOKEN 30353
C_REQUEST_RENAME_GUILD 27884
C_REQUEST_RENEW_ALL_PARTS_ITEM 56245
C_REQUEST_REPAIR_ITEM 49380
C_REQUEST_REPUTATION_STORE_TELEPORT 59154
C_REQUEST_RESET_EPPERK 20717
C_REQUEST_RESET_VIP_STORE 60988
C_REQUEST_RET_VILLAGE_INFO 41843
C_REQUEST_RIGHT_ITEM_LIST 35411
C_REQUEST_ROUND_PVE_SKILL_LIST 22223
C_REQUEST_SELL_LIST 62261
C_REQUEST_SEREN_GUIDE 62904
C_REQUEST_SERVANT_AUTO_FEED_INFO 47086
C_REQUEST_SERVANT_AUTO_POTION_INFO 41387
C_REQUEST_SERVANT_COMPOSE 25932
C_REQUEST_SERVANT_EVOLUTION 37609
C_REQUEST_SERVANT_INFO_LIST 50813
C_REQUEST_SERVANT_LEVEL_UP 34778
C_REQUEST_SERVER_ADMINTOOL_AWESOMIUM_URL 32936
C_REQUEST_SET_GUILD_WANTED_WRITING 31211
C_REQUEST_SHARE_QUEST 46322
C_REQUEST_SPAWN_SERVANT 61640
C_REQUEST_STACK_ATTENDANCE_EVENT_INFO_UPDATE 50093
C_REQUEST_STACK_ATTENDANCE_EVENT_REWARD 30841
C_REQUEST_START_GUILD_QUEST 33648
C_REQUEST_TOKEN_TARGET_ITEM 63461
C_REQUEST_UPDATE_ANNOUNCE 40349
C_REQUEST_UPDATE_INTRODUCE 50144
C_REQUEST_USABLE_CHARACTER_NAME 21151
C_REQUEST_USABLE_GUILD_NAME 25561
C_REQUEST_USER_ITEMLEVEL_INFO 36110
C_REQUEST_USER_PAPERDOLL_INFO 61111
C_REQUEST_USER_PAPERDOLL_INFO_WITH_GAMEID 21804
C_REQUEST_VIP_STORE_ITEM_LIST 27874
C_REQUEST_VIP_SYSTEM_INFO 52452
C_REQUEST_WRITE_BOARD 59489
C_RESET_ALL_DUNGEON 50039
C_RESPONSE_SPAWN_DROPITEM 30123
C_RETURN_PARCEL 48008
C_RETURN_TO_LOBBY 30953
C_RETURN_USER_GIFT 56896
C_REUQUEST_JOINED_CHANNEL_LIST 21190
C_REVIVE_NOW 53028
C_REWRITE_ITEM_STRING 20566
C_RIDE_PEGASUS 38802
C_ROLLBACK_QUEST 54866
C_ROUND_PVE_SKILL_SELECT 37990
C_RQ_ADD_ITEM_TO_DECOMPOSITION_CONTRACT 62488
C_RQ_COMMIT_DECOMPOSITION_CONTRACT 43852
C_RQ_DEL_ITEM_FROM_DECOMPOSITION_CONTRACT 45063
C_RQ_SKILL_POLISHING_CHANGE_OPTION 33208
C_RQ_SKILL_POLISHING_EXP_INFO 38988
C_RQ_SKILL_POLISHING_LIST 29882
C_RQ_SKILL_POLISHING_UNLOCK_OPTION 56620
C_RQ_SKILL_POLISHING_UPGRADE_LEVEL 62819
C_RQ_START_SOCIAL_ON_PROGRESS_DECOMPOSITION 57556
C_RQ_UPDATE_ITEM_TO_DECOMPOSITION_CONTRACT 59762
C_SAVE_CLIENT_ACCOUNT_SETTING 56200
C_SAVE_CLIENT_CHAT_OPTION_SETTING 23670
C_SAVE_CLIENT_UI_SETTING 57879
C_SAVE_CLIENT_USER_SETTING 46043
C_SECOND_PASSWORD_AUTH 41168
C_SECOND_PASSWORD_REGISTER 38698
C_SELECT_CHANNEL 30764
C_SELECT_EVENT_MATCHING 63290
C_SELECT_USER 43865
C_SEND_PARCEL 58411
C_SEND_UI_LOG 31255
C_SERVANT_ABILITY 31395
C_SERVER_TIME 31563
C_SETTLE_UP_BUY_VM 58651
C_SETTLE_UP_SELL_VM 33329
C_SET_GUILDGROUP_AUTHORITY 58870
C_SET_GUILD_JOIN_CONDITION 31679
C_SET_INVEN_POCKET_GET_FILTER 46499
C_SET_ITEM_STRING 43928
C_SET_RECIPE_BOOKMARK 48642
C_SET_SEND_PARCEL_ITEM 46096
C_SET_SEND_PARCEL_MONEY 29410
C_SET_SEND_PARCEL_TYPE 49301
C_SET_SERVANT_SEQUENCE 34318
C_SET_TARGET_INFO 39047
C_SET_VISIBLE_RANGE 52945
C_SHARE_USER_PING 28640
C_SHOW_AWESOMIUMWEB_SHOP 51560
C_SHOW_GUILD_QUEST_LIST 20628
C_SHOW_ITEMLIST 63984
C_SHOW_ITEM_TOOLTIP_EX 32733
C_SHOW_NAME_PLATE_ICON 38647
C_SHOW_PARCEL_MESSAGE 60517
C_SHOW_PETMANAGER 48146
C_SHOW_QUEST_INFO_DIALOG 46356
C_SHOW_STYLE 26196
C_SHOW_TRADE_ITEM 45942
C_SHOW_TRADE_LOG 44922
C_SIMPLE_TIP_DONT_REPEAT 48800
C_SIMPLE_TIP_REPEAT_CHECK 37894
C_SKILL_LEARN_LIST 44844
C_SKILL_LEARN_REQUEST 53069
C_SOCIAL 28288
C_SPAWN_BUILD_OBJECT 46847
C_START_CLIMBING 20032
C_START_COMBO_INSTANT_SKILL 25698
C_START_COMMANDER_SKILL 44517
C_START_DECOMPOSE 38390
C_START_ENCHANT 26614
C_START_EVOLUTION 23815
C_START_FISHING_MINIGAME 21410
C_START_FIX_SPIRIT 55411
C_START_FIX_VEHICLE 52072
C_START_GUILD_SKILL 62833
C_START_INSTANCE_SKILL 39156
C_START_INSTANCE_SKILL_EX 40981
C_START_MYTHICCRAFT 50000
C_START_PRODUCE 59213
C_START_REPAIR_ITEM 49153
C_START_SERVANT_ACTIVE_SKILL 50800
C_START_SKILL 27097
C_START_SKILL_BY_VEHICLE_EX 38947
C_START_TARGETED_SKILL 36061
C_START_VM_BUY 60424
C_START_VM_SELL 43631
C_STOP_FISHING 39654
C_STOP_VM 43478
C_STORE_BUY_ADD_BASKET 50229
C_STORE_BUY_DEL_BASKET 44616
C_STORE_COMMIT 30177
C_STORE_SELL_ADD_BASKET 38893
C_STORE_SELL_DEL_BASKET 34230
C_STR_EVALUATE_LIST 55435
C_STYLE_SHOP_BUY_REPUTATION_ITEM 63190
C_STYLE_SHOP_BUY_TCAT_ITEM 49213
C_SUGGEST_DARK_RIFT_PARTY_MATCHING 50557
C_SURVEY_ANSWER 44097
C_SWAP_PARTY 38377
C_TELEPORT_DARK_RIFT 51966
C_TELEPORT_TO_CAMP 34369
C_TELEPORT_TO_POS 38311
C_TELEPORT_TO_VILLAGE 33035
C_TEL_CAMP 33070
C_TOGGLE_GROUP_DUEL_READY 38746
C_TOGGLE_GROUP_DUEL_SLOT 47698
C_TOGGLE_TASK_INFO_WINDOW 40642
C_TRADE_BAG_CLOSE 53473
C_TRADE_BAG_DONE 33986
C_TRADE_BROKER_BOUGHT_ITEM_LIST 51761
C_TRADE_BROKER_BUY_IT_NOW 47695
C_TRADE_BROKER_CALC_BOUGHT_ITEM 35920
C_TRADE_BROKER_CALC_SOLD_ITEM 49346
C_TRADE_BROKER_CLOSE 51650
C_TRADE_BROKER_DEAL_CONFIRM 32319
C_TRADE_BROKER_DEAL_PRICE_UPDATE 20679
C_TRADE_BROKER_HIGHEST_ITEM_LEVEL 35801
C_TRADE_BROKER_HISTORY_ITEM_LIST_NEW 59128
C_TRADE_BROKER_HISTORY_ITEM_LIST_PAGE 29753
C_TRADE_BROKER_HISTORY_ITEM_LIST_SORT 22110
C_TRADE_BROKER_INPUT_PRICE 23835
C_TRADE_BROKER_REGISTERED_ITEM_LIST 35182
C_TRADE_BROKER_REGISTER_ITEM 45402
C_TRADE_BROKER_REJECT_SUGGEST 27140
C_TRADE_BROKER_SOLD_ITEM_LIST 54591
C_TRADE_BROKER_SUGGEST_DEAL 22350
C_TRADE_BROKER_UNREGISTER_ITEM 28792
C_TRADE_BROKER_WAITING_ITEM_LIST_NEW 63225
C_TRADE_BROKER_WAITING_ITEM_LIST_PAGE 36454
C_TRADE_BROKER_WAITING_ITEM_LIST_SORT 44932
C_TRANSFER_VEHICLE_EX 48070
C_TRY_ITEM_BIDDING 46923
C_TRY_LOOT_DROPITEM 59647
C_TRY_NPC_INTERACTION 50236
C_TRY_TELEPORT_FIELD_EVENT 23971
C_UNBIND_ITEM 29120
C_UNEQUIP_ITEM 54068
C_UNEQUIP_SERVANT_ITEM 31862
C_UNLOCK_POCKET 48804
C_UNMOUNT_CARD 44173
C_UNMOUNT_VEHICLE 57993
C_UNREGISTER_COMBINE_ITEM 59492
C_UNREGISTER_ENCHANT_ITEM 35112
C_UNREGISTER_EVOLUTION_ITEM 50374
C_UNREGISTER_PARTY_INFO 20653
C_UNREGISTER_REPAIR_ITEM 50408
C_UNREGISTER_VM_BUY_ITEM 35755
C_UNREGISTER_VM_SELL_ITEM 47478
C_UNREGIST_CUSTOMIZING_PARTS_SHAPE_ITEM 27242
C_UPDATE_AFK_STATUS 49233
C_UPDATE_CONTENTS_PLAYTIME 57910
C_UPDATE_FRIEND_INFO 54693
C_UPDATE_GUILD_FLAG 62271
C_UPDATE_GUILD_LOGO 61184
C_UPDATE_MY_DESCRIPTION 55397
C_UPDATE_REACTION_POS 37595
C_UPDATE_SKILL_SCRIPT 45526
C_USER_AIM 53547
C_USER_AIM_TO 28768
C_USER_REPORT 44169
C_USE_COUPON 32172
C_USE_ITEM 60114
C_USE_JUMPGEAR 21579
C_USE_PREMIUM_SLOT 27335
C_USE_RIGHT_ITEM 22523
C_USE_SERVANT_FEED_ITEM 43773
C_VEHICLEEX_LOCATION 40065
C_VEHICLE_EX_ARROW_HIT 28902
C_VIEW_BATTLEFIELD_STORE 53558
C_VIEW_BATTLE_FIELD_RESULT 64993
C_VIEW_DUNGEONWORK_STORE 52101
C_VIEW_GUILD_WAR 40578
C_VIEW_INTER_PARTY_MATCH_BATTLEFIELD_LIST 34141
C_VIEW_INTER_PARTY_MATCH_DUNGEON_LIST 41321
C_VIEW_PARTY_INVITE 59629
C_VIEW_WARE 57701
C_VISIT_NEW_SECTION 49394
C_VOTE_DISMISS_PARTY 62807
C_VOTE_HISTORY 46507
C_VOTE_RESET_ALL_DUNGEON 48124
C_WAREHOUSE_AUTO_SORT 48817
C_WATCHED_MOVIES 46844
C_WHISPER 23741
C_WITHDRAW_GUILD_WAR 62336
C_WRITE_BOARD 26126
I_CLOSE_SERVER_CONNECTION 22
I_GFX_ADMIN_COMMAND 18
I_GFX_COMMAND 17
I_INPUT_COMMAND 19
I_MOVE_KEY 20
I_SKILL_KEY 21
I_SPAWN_BARRACK_CHARACTER 1
I_TELEPORT 0
S_ABNORMALITY_BEGIN 25946
S_ABNORMALITY_DAMAGE_ABSORB 28780
S_ABNORMALITY_END 25360
S_ABNORMALITY_EXTRA 34942
S_ABNORMALITY_FAIL 53218
S_ABNORMALITY_REFRESH 24200
S_ABNORMALITY_RESIST 54681
S_ABNORMALITY_SCALE_UP 65243
S_ACCEPT_CONTRACT 27557
S_ACCOMPLISH_ACHIEVEMENT 46595
S_ACCOUNT_BENEFIT_LIST 33306
S_ACCOUNT_PACKAGE_LIST 57174
S_ACTION_END 22515
S_ACTION_STAGE 57561
S_ACTIVATE_BATTLE_FIELD_CHAT_BAN 21746
S_ACTIVATE_CARD_COMBINE_LIST 52196
S_ACTIVATE_CARD_COMBINE_LIST_DATA 26756
S_ADD_AWAKEN_CHANGE_DATA 36607
S_ADD_AWAKEN_ENCHANT_DATA 20377
S_ADD_BLOCKED_USER 41779
S_ADD_CRYSTAL_COMBINE_MATERIAL 45540
S_ADD_FRIEND 32895
S_ADD_GUILD_GROUP 59544
S_ADD_GUILD_MEMBER 51673
S_ADD_INTER_PARTY_MATCH_POOL 64756
S_ADD_NEW_EVENT_MATCHING_QUEST 31775
S_ADD_TRADE_BAG 59966
S_ADMIN_CHECK_USERNAME 60811
S_ADMIN_CUSTOM_BOOKMARK_LIST 51681
S_ADMIN_DEFAULT_BOOKMARK_LIST 51341
S_ADMIN_DELETE_QUEST 33518
S_ADMIN_GET_DUNGEON_USER_LIST 53204
S_ADMIN_GET_USERINFO_INVEN 41020
S_ADMIN_GET_USERINFO_SKILL 21634
S_ADMIN_GET_USERINFO_WAREHOUSE 60736
S_ADMIN_GET_USER_INFO_BY_DBID 55758
S_ADMIN_GET_USER_INFO_LIST_BY_DISTANCE 28663
S_ADMIN_GMEVENT_STATUS 43908
S_ADMIN_GM_SKILL 42383
S_ADMIN_HOLD_CHARACTER 32920
S_ADMIN_NOTICE 33874
S_ADMIN_PRIVILEGE 50797
S_ADMIN_VIP_TEST 28161
S_ADMIN_WARNING_MESSAGE 57193
S_AERO 34878
S_AIR_REACTION_END 58461
S_ANNOUNCE_MESSAGE 21952
S_ANNOUNCE_UPDATE_NOTIFICATION 65286
S_ANSWER_INTERACTIVE 51651
S_APPLY_TITLE 46191
S_ARENA_END_FIGHT 35093
S_ARENA_FIGHTER_CHANGE_HP 62940
S_ARENA_FIGHT_ABNORMALITY_BEGIN 41569
S_ARENA_FIGHT_ABNORMALITY_END 25968
S_ARENA_FIGHT_ABNORMALITY_REFRESH 20551
S_ARENA_OPTIMIZATION 25099
S_ARENA_RESULT 58162
S_ARENA_START_FIGHT 60679
S_ARRIVE_AT_JUMPGEAR_DESTINATION 58189
S_ARTISAN_RECIPE_LIST 34035
S_ARTISAN_SKILL_LIST 25468
S_ASK_BANNING_PARTY_MEMBER 60102
S_ASK_BIDDING_RARE_ITEM 25582
S_ASK_CODE_HASH 32239
S_ASK_INTER_PARTY_MAKE 32210
S_ASK_QUEST_SHARE 55890
S_ASK_TELEPORT 42529
S_ATTENDANCE_EVENT_REWARD_COUNT 60737
S_AVAILABLE_EVENT_MATCHING_LIST 48671
S_AVAILABLE_SOCIAL_LIST 45310
S_AWAKEN_RESULT 33856
S_BAN_PARTY 43087
S_BAN_PARTY_MEMBER 21646
S_BASE_POINT_BATTLE_FIELD_NODEPOINT_INFO 33385
S_BATTLE_FIELD_ADD_SCORE 58303
S_BATTLE_FIELD_CANCEL_OCCUPATION 50859
S_BATTLE_FIELD_CHANGE_NPC_HP_EVENT 37394
S_BATTLE_FIELD_CHAT_BAN_INFO 42126
S_BATTLE_FIELD_END_OCCUPATION 42128
S_BATTLE_FIELD_ENTRANCE_INFO 27872
S_BATTLE_FIELD_HELP 45667
S_BATTLE_FIELD_JACKPOT_EVENT_START 32246
S_BATTLE_FIELD_MAP_ALARM 57900
S_BATTLE_FIELD_NODEPOINT_GAUGE_INFO 55002
S_BATTLE_FIELD_NPC_KILL_EVENT 20287
S_BATTLE_FIELD_PARTY_MARKER 41186
S_BATTLE_FIELD_PARTY_MARKER_CLEAR 59181
S_BATTLE_FIELD_POINT_STORE_BASKET 41733
S_BATTLE_FIELD_POINT_STORE_SELL_LIST 20555
S_BATTLE_FIELD_RESULT 37495
S_BATTLE_FIELD_SCORE 53954
S_BATTLE_FIELD_START_OCCUPATION 51960
S_BATTLE_FIELD_STATE 23927
S_BATTLE_FIELD_STRONGHOLD_EVENT 47936
S_BATTLE_FIELD_STRONGHOLD_NONE_STATE 45661
S_BATTLE_FIELD_STRONGHOLD_STATE 49074
S_BATTLE_FIELD_TEAM_MEMBERS_POS_INFO 65477
S_BATTLE_FIELD_USER_ASSIST_EVENT 56483
S_BATTLE_FIELD_USER_KILL_EVENT 64115
S_BATTLE_FIELD_USER_KILL_MESSAGE 62831
S_BATTLE_FIELD_USER_LOAD_INFO 63970
S_BATTLE_FIELD_USER_OCCUPIABLE_ENTER 43352
S_BATTLE_FIELD_USER_OCCUPIABLE_LEAVE 25317
S_BEGIN_THROUGH_ARBITER_CONTRACT 21635
S_BETTING_INFO 20447
S_BETTING_START 35562
S_BOARD_ITEM_LIST 62799
S_BONFIRE_CHARM_ADDED 36530
S_BONFIRE_CHARM_BURNED 57365
S_BONFIRE_STATUS 43548
S_BOSS_BATTLE_INFO 50919
S_BOSS_GAGE_INFO 59726
S_BOSS_GAGE_PRIORITY 46382
S_BOSS_GAGE_STACK_INFO 43268
S_BREAK_SHIELD 32142
S_BREAK_SHIELD_END 46718
S_BROADCAST_CLIMBING 41096
S_BROADCAST_FLOATING_CASTLE_INFO 45377
S_BROADCAST_FLOATING_CASTLE_NAMEPLATE 23724
S_BROCAST_GUILD_FLAG 40719
S_BROCAST_UPDATE_GUILD_FLAG 62034
S_BUY_INGAMESTORE_MONEYPRODUCT 51330
S_BUY_VIP_STORE_ITEM_SUCCESS 24103
S_BYE_PET 20743
S_CAMERA_SHAKE 20614
S_CANCEL_CONTRACT 52361
S_CANCEL_DELETE_USER 47080
S_CANCEL_EXIT 61591
S_CANCEL_PARTY_LOOTING_METHOD_VOTE 53933
S_CANCEL_PARTY_MATCH_POOL 42865
S_CANCEL_PARTY_MEMBER_BAN 63222
S_CANCEL_PREPARE_CHANGE_USER_APPEARANCE 64460
S_CANCEL_QUEST_SHARE 57642
S_CANCEL_RETURN_TO_LOBBY 26944
S_CANCEL_SELECT_CHANNEL 39098
S_CANCEL_VOTE_DISMISS_PARTY 23803
S_CANCEL_VOTE_RESET_ALL_DUNGEON 56543
S_CANNON_BATTLE_FIELD_BOARD 57012
S_CANNON_BATTLE_FIELD_CRASH_DOOR 56640
S_CANNON_BATTLE_FIELD_GUARDTOWER_STATUS 61834
S_CANNON_BATTLE_FIELD_STRONGHOLD_INFO 34239
S_CANNOT_EQUIP_SAMEKIND 48881
S_CANNOT_START_SKILL 38037
S_CANNOT_USE_CHAT_CHANNEL 42641
S_CANT_FLY_ANYMORE 47759
S_CAN_CREATE_USER 62562
S_CAN_DUNGEON_RETRY 54454
S_CAN_LOCKON_TARGET 36872
S_CARD_COLLECTION_BOOK_LEVEL_UP 51951
S_CARD_DATA 41259
S_CARD_DATA_RESET 20207
S_CAST_FISHING_ROD 24346
S_CHANGE_CARD_PRESET 20289
S_CHANGE_CHARACTER 55681
S_CHANGE_CITY_WAR_STATE 39719
S_CHANGE_DESTPOS_PROJECTILE 58395
S_CHANGE_EP_EXP_DAILY_LIMIT 45815
S_CHANGE_EP_POINT 40705
S_CHANGE_EVENT_MATCHING_STATE 39292
S_CHANGE_FREE_FIGHT_BATTLE_FIELD_RANKING 64899
S_CHANGE_FRIEND_PROFILE 59146
S_CHANGE_FRIEND_STATE 23438
S_CHANGE_GUILDNAME 53139
S_CHANGE_GUILD_CHIEF 22131
S_CHANGE_ITEM_PASSIVE_LIST 51832
S_CHANGE_LOOKS_PREMIUM_RESULT 30952
S_CHANGE_LOOKS_PREMIUM_START 57922
S_CHANGE_LOOKS_SERVANT 27052
S_CHANGE_LOOT_ITEM_AMOUNT 42107
S_CHANGE_MODE 21507
S_CHANGE_NAME_STRING 32070
S_CHANGE_PARTY_MANAGER 45426
S_CHANGE_PARTY_MEMBER_AUTHORITY 21194
S_CHANGE_PK_INFO 41986
S_CHANGE_POCKET_NAME 39186
S_CHANGE_RELATION 63289
S_CHANGE_SERVANT_CONDITIONAL_SKILL 26770
S_CHANGE_SERVANT_ENERGY 41930
S_CHANGE_SERVANT_NAME 27567
S_CHANGE_USER_NAME_RESULT 27164
S_CHANGE_VOICE_USE_QAC 29076
S_CHAPTERHOUSE_QUEST_LIST 60472
S_CHAT 39793
S_CHAT_REPORT 25404
S_CHECK_CHANGE_GUILDNAME 52265
S_CHECK_EVENT_SYSTEM_REWARD 62537
S_CHECK_NEW_GUILDNAME 24080
S_CHECK_TO_DECLARE_GUILD_WAR 45535
S_CHECK_TO_OPPOSITE_DECLARE_GUILD_WAR 37464
S_CHECK_TO_READY_PARTY 30651
S_CHECK_TO_READY_PARTY_FIN 32762
S_CHECK_USERNAME 32770
S_CHECK_VERSION 19901
S_CITYWAR_WARNING_UNDERATTACK 54646
S_CITY_WAR_INFO_HISTROY 51056
S_CITY_WAR_NPC_INFO 27495
S_CITY_WAR_NPC_KILL 51213
S_CITY_WAR_SEASON_HISTROY 53474
S_CLEAR_ALL_HOLDED_ABNORMALITY 33935
S_CLEAR_QUEST_INFO 28786
S_CLEAR_WORLD_QUEST_VILLAGER_INFO 30399
S_CLIENT_COMMAND 20168
S_CLOSE_VM_SETTING_WINDOW 38494
S_COLLECTION_PICKEND 59260
S_COLLECTION_PICKSTART 47518
S_COMBO_START 58063
S_COMMAND_HELP 20998
S_COMMIT_ACCESSORY_TRANSFORM_RESULT 49701
S_COMPLETED_MISSION_INFO 47051
S_COMPLETE_CHRONOSCROLL_USE 51206
S_COMPLETE_EVENT_MATCHING_QUEST 24673
S_COMPLETE_LOOP_QUEST 32302
S_COMPLETE_QUEST 52577
S_COMPLETE_VOTE 41291
S_CONFIRM_INVITE_CODE 43048
S_CONFIRM_INVITE_CODE_BUTTON 20143
S_CONFIRM_SERVANT_AUTO_FEED_INFO 63708
S_CONFIRM_SERVANT_AUTO_POTION_INFO 53761
S_CONNECT_SKILL_ARROW 39539
S_CONTENTS_TIMER 41341
S_CONTRACT_PET_LEVEL_UP_ITEM_LIST_UPDATE 59276
S_CONTROL_DOOR 63914
S_COUNTDOWN_GROUP_DUEL 26439
S_COUPON_DATA 23153
S_COUPON_LIST 56499
S_COUPON_NOTIFY 53942
S_CREATE_CHARACTER_RESTRICTION 32009
S_CREATE_GUILD_RESULT 37638
S_CREATE_USER 34198
S_CREATURE_CHANGE_HP 35511
S_CREATURE_LIFE 36393
S_CREATURE_ROTATE 21523
S_CREST_APPLY 28593
S_CREST_ASK_DISAPPLY_ALL 49537
S_CREST_CHANGE_FAIL 24859
S_CREST_INFO 50501
S_CREST_MESSAGE 52940
S_CREST_UPGRADE_INFO 45440
S_CRYSTAL_COMBINE_RESULT 34059
S_CURRENT_CHANNEL 20065
S_CURRENT_ELECTION_STATE 64629
S_CURR_FLY_MOVE_INFO 33825
S_CUSTOMIZING_PARTS_SHAPE_ITEM_LIST 27993
S_CUSTOM_MESSAGE 28820
S_CUSTOM_STYLE_SYSTEM_MESSAGE 36240
S_DAILY_QUEST_COMPLETE_COUNT 41140
S_DARK_RIFT_ALL_DESPAWN_WORLD_NOTI 59781
S_DARK_RIFT_AVAILABLE_QUEST_USER_COUNT 54636
S_DARK_RIFT_CHANGE_AREA_WORLD_NOTI 45774
S_DARK_RIFT_CLEAR_MAP_MARKER_WORLD_NOTI 40188
S_DARK_RIFT_DEFENCE_OBJECT_CHANGE_HP 60463
S_DARK_RIFT_DEFENCE_OBJECT_INIT 42739
S_DARK_RIFT_DESPAWN_WORLD_NOTI 35957
S_DARK_RIFT_DESTORY_OBJECT 53944
S_DARK_RIFT_JOIN_LIST 63441
S_DARK_RIFT_MAIN_DEFENCE_CHANGE_HP 36210
S_DARK_RIFT_PROGRESS_STEP_WORLD_NOTI 37536
S_DARK_RIFT_QUEST_INFO 45988
S_DARK_RIFT_REWARD_RESULT 26107
S_DARK_RIFT_SPAWN_WORLD_NOTI 40246
S_DARK_RIFT_SYNC_TIME 34735
S_DEACTIVATE_CARD_COMBINE_LIST 27431
S_DEAD_LOCATION 32041
S_DECOMPOSE_REGISTERED_ITEM 65444
S_DECO_UI_INFO 36643
S_DECREASE_COOLTIME_SKILL 56440
S_DEFAULT_ANIM_CHANGE 38352
S_DEFEND_SUCCESS 31209
S_DELETE_ALL_PRODUCT 61113
S_DELETE_AWAKEN_CHANGE_DATA 46432
S_DELETE_AWAKEN_ENCHANT_DATA 34725
S_DELETE_FRIEND 63237
S_DELETE_GUILD_TOWER_MY_GUILD 53261
S_DELETE_NPC_FROM_MAP 62638
S_DELETE_PARCEL 61932
S_DELETE_QUEST 51939
S_DELETE_SERVANT 60684
S_DELETE_USER 41120
S_DELIVERY_STORE_BASKET 42369
S_DELIVERY_STORE_ITEM 42517
S_DEL_CRYSTAL_COMBINE_MATERIAL 37569
S_DEL_INTER_PARTY_MATCH_POOL 24299
S_DEL_TRADE_BAG 57533
S_DESPAWN_BONFIRE 37921
S_DESPAWN_BUILD_OBJECT 54290
S_DESPAWN_COLLECTION 64147
S_DESPAWN_DOOR 62359
S_DESPAWN_DROPITEM 34955
S_DESPAWN_EVENT_SEED 26627
S_DESPAWN_GAMBLE_BOX 43784
S_DESPAWN_NPC 41793
S_DESPAWN_PET 39675
S_DESPAWN_PROJECTILE 38239
S_DESPAWN_SHUTTLE 44824
S_DESPAWN_STATUE 34200
S_DESPAWN_USER 42985
S_DESPAWN_WORKOBJECT 24181
S_DESTROY_GUILD 63607
S_DESTROY_GUILD_TOWER 26052
S_DIALOG 39794
S_DIALOG_CLOSE 39521
S_DIALOG_EVENT 37545
S_DIRECTION_WEAKNESS_BEGIN 44361
S_DIRECTION_WEAKNESS_END 65264
S_DISTRIBUTOR_DATA 34897
S_DONE_TEL_CAMP 43816
S_DUEL_END 51177
S_DUEL_START 57175
S_DUEL_TAG 54426
S_DUEL_TIME 65165
S_DUNGEON_ADDITIONAL_WORK_UI 51419
S_DUNGEON_CAMERA_SET 36453
S_DUNGEON_CHANGE_NPC_ANIM 62511
S_DUNGEON_CHANGE_NPC_ANIMSET 34301
S_DUNGEON_CHANGE_NPC_CYLINDER 27429
S_DUNGEON_CLEAR 33778
S_DUNGEON_CLEAR_COUNT_LIST 52254
S_DUNGEON_CONSOLE_EVENT 45984
S_DUNGEON_COOL_TIME_LIST 61475
S_DUNGEON_EVENT_GAGE 61840
S_DUNGEON_EVENT_MESSAGE 55290
S_DUNGEON_GUIDE_OFF 65303
S_DUNGEON_GUIDE_ON 31100
S_DUNGEON_JACKPOT_EVENT_START 37719
S_DUNGEON_LOOK_AT_NPC 29320
S_DUNGEON_NEWBIE 64720
S_DUNGEON_RANK_END_POINT 40540
S_DUNGEON_RANK_END_TIME 31680
S_DUNGEON_RANK_MESSAGE 54902
S_DUNGEON_RANK_RECORD_LIST 36986
S_DUNGEON_RANK_SEASON_LIST 57165
S_DUNGEON_RECORD_INFO 61206
S_DUNGEON_STATUS 56785
S_DUNGEON_SUMMON_PARTY 35359
S_DUNGEON_TIMER 34949
S_DUNGEON_UI_HIGHLIGHT 20761
S_DUNGEON_VEHICLE_REPAIRABLE 47134
S_DUNGEON_VISIBLE_BG 28610
S_DUNGEON_WORK_ENTER 48260
S_DUNGEON_WORK_LIST 55391
S_DUNGEON_WORK_POINT_STORE_BASKET 54506
S_DUNGEON_WORK_POINT_STORE_SELL_LIST 27825
S_DUNGEON_WORK_RESULT 21589
S_DUNGEON_WORK_UPDATE 61522
S_DUNGEON_WORK_UPDATE_MEDAL_COUNT 26680
S_EACH_SKILL_RESULT 52148
S_EMITTER 34938
S_EMITTER_SET_Z 25408
S_EMPTY_GUILD_WINDOW 49802
S_ENABLE_DISABLE_SELLABLE_ITEM_LIST 51238
S_ENCHANT_BOOSTER_DROP_ITEM 55611
S_ENCHANT_BOOSTER_REGISTER_ITEM 56715
S_ENCHANT_BOOSTER_STATUS 42794
S_ENCHANT_BOOSTER_SUCCESS 33159
S_ENCHANT_SCROLL_RESULT 24413
S_END_CHANGE_USER_APPEARANCE 52799
S_END_CHAT_BAN 65119
S_END_CUSTOMIZING_PARTS_SHAPE 62525
S_END_DARKRIFT_USER_HP 45867
S_END_DRIVE_AIRSHIP 45900
S_END_FIX_SPIRIT 51223
S_END_FIX_VEHICLE 32491
S_END_LEVEL_COMPENSATION 31101
S_END_PEGASUS 21877
S_END_PRODUCE 23567
S_END_PRODUCT_SALE_INFO 51902
S_END_RESTORE_CUSTOMIZING_PARTS_SHAPE 65141
S_END_STACK_ATTENDANCE_EVENT_INFO 46187
S_END_STYLE_SHOP_MARK_PRODUCT 32037
S_END_THROUGH_ARBITER_CONTRACT 35846
S_END_USER_PROJECTILE 28882
S_ENEMY_BATTLE_FIELD_COMMANDER_CHANGED 34406
S_ENTER_CITY_WAR 21707
S_ENTER_DUNGEON_POP_UP_REOPEN 22751
S_EP_SYSTEM_DAILY_EVENT_EXP_ON_OFF 52052
S_EQUIP_SERVANT_ITEM 32361
S_EVENT_DIALOG 63129
S_EVENT_GUIDE 47439
S_EVENT_INFO 21264
S_EVENT_MATCHING_BATTLEFIELD_DETAIL_INFO 58717
S_EVENT_MATCHING_DUNGEON_DETAIL_INFO 43955
S_EVENT_QUEST_SUMMARY 25242
S_EXIT 23569
S_F2P_PremiumUser_Permission 25390
S_FACIAL_ATTACHMENT_BROADCAST 48319
S_FAIL_ENCHANT 52178
S_FAIL_GUILD_QUEST 55656
S_FAIL_LOOT_NON_OWNERSHIP 32750
S_FATIGABILITY_POINT 35442
S_FEARMOVE_END 63912
S_FEARMOVE_STAGE 36977
S_FESTIVAL_LIST 28600
S_FEUDAL_LORD_FLAG_INFO 60654
S_FIELD_EVENT_CHANNEL_FULL_GUIDE 59611
S_FIELD_EVENT_GUIDE 64584
S_FIELD_EVENT_ON_ENTER 63570
S_FIELD_EVENT_ON_LEAVE 54527
S_FIELD_EVENT_PROGRESS_INFO 56234
S_FIELD_EVENT_PROGRESS_TIMER 26952
S_FIELD_EVENT_RANK_LIST 28955
S_FIELD_POINT_INFO 53679
S_FIELD_POINT_REWARD_INFO_LIST 60077
S_FINDNAME 55097
S_FINISH_GUILD_QUEST 41180
S_FIN_BASE_POINT_BATTLE_FIELD 44790
S_FIN_CANNON_BATTLE_FIELD 40090
S_FIN_FREE_FIGHT_BATTLE_FIELD 50988
S_FIN_INTER_PARTY_MATCH 53249
S_FIN_KUMAS_BATTLE_FIELD 61737
S_FIN_KUMAS_BOSS_BATTLE_FIELD 59238
S_FIN_ROUND_PVE_BATTLE_FIELD 60815
S_FIN_ROUND_PVE_ROUND 52609
S_FIN_ROUND_PVP_BATTLE_FIELD 33473
S_FIN_SNOW_EVENT_BATTLE_FIELD 49409
S_FIN_STRONGHOLD_OCCUPATION_BATTLE_FIELD 31696
S_FIN_WORLD_OF_TANK_BATTLE_FIELD 23494
S_FISHING_BITE 33353
S_FISHING_CATCH 56568
S_FISHING_CATCH_FAIL 27512
S_FISHING_STOP 60196
S_FIX_SPIRIT_COMPLETE 42615
S_FIX_SPIRIT_PROGRESS 64846
S_FIX_VEHICLE_COMPLETE 55967
S_FIX_VEHICLE_PROGRESS 51277
S_FLOATING_CASTLE_PARTS_STORE_BASKET 42665
S_FLOATING_CASTLE_PARTS_STORE_SELL_LIST 23708
S_FONT_SWAP_INFO 43906
S_FREENAMED_STATUS 35984
S_FREE_FIGHT_BATTLE_FIELD_BOARD 54451
S_FREE_FIGHT_BATTLE_FIELD_MY_WARPOINT_INFO 20164
S_FRIEND_GROUP_LIST 26377
S_FRIEND_LIST 57764
S_GACHA_END 52602
S_GACHA_START 31504
S_GAMBLE_BEGIN 62441
S_GAMBLE_CHANGE_BET_ITEM 59249
S_GAMBLE_END 60049
S_GAMBLE_RESULT 35257
S_GATE_ATTACK_ALARM 25053
S_GET_ATTENDANCE_REWARD 39407
S_GET_EVENT_DETAIL 56908
S_GET_IN_SHUTTLE 29629
S_GET_OUT_SHUTTLE 52719
S_GET_USER_GUILD_LOGO 33773
S_GET_USER_LIST 57644
S_GET_WARE_ITEM 60847
S_GMEVENT_CONFIRM_LEAVE_EVENT 39721
S_GMEVENT_END_EVENT 49288
S_GMEVENT_ENTER_EVENT 54685
S_GMEVENT_GUIDE_MESSAGE 33303
S_GMEVENT_OFF_GUIDE_MESSAGE 21231
S_GMEVENT_OX_QUIZ_OPEN 49649
S_GMEVENT_OX_QUIZ_RESULT 38665
S_GMEVENT_OX_QUIZ_USER_STATUS 28951
S_GMEVENT_OX_REPE_QUIZ_OPEN 22157
S_GMEVENT_OX_REPE_QUIZ_RESULT 62000
S_GMEVENT_OX_RESURRECT_RESULT 49728
S_GMEVENT_RECV_REWARD 23377
S_GMEVENT_START_EVENT 32015
S_GMEVENT_WRITE_EVENTBOARD 62111
S_GRANT_SKILL 29802
S_GROUP_DUEL_CURRENT_BETTING_ITEM 62592
S_GROUP_DUEL_FIN 38060
S_GROUP_DUEL_INIT 61526
S_GROUP_DUEL_RECORD 32826
S_GROUP_NPC_LOCATION 21440
S_GUARDTOWER_ATTACK_ALARM 50873
S_GUARD_PK_POLICY 24985
S_GUILD_ACCOUNT_LIMIT_INFO_CHANGED 51873
S_GUILD_ANNOUNCE 36164
S_GUILD_APPLY_COUNT 37055
S_GUILD_APPLY_LIST 53133
S_GUILD_EMBLEM 60460
S_GUILD_HISTORY 32426
S_GUILD_INFO 28571
S_GUILD_LEVEL_INFO_CHANGED 34170
S_GUILD_LEVEL_RANKING_LIST 43609
S_GUILD_MEMBER_LIST 49112
S_GUILD_MONEY_INFO_CHANGED 52715
S_GUILD_NAME 41449
S_GUILD_PERK_LIST 28165
S_GUILD_POINT_INFO_CHANGED 39980
S_GUILD_QUEST_LIST 29110
S_GUILD_STORE_BASKET 47215
S_GUILD_STORE_SELL_LIST 48859
S_GUILD_TOWER_INFO 31468
S_GUILD_WARE_HISTORY 32860
S_GUILD_WAR_PENALTY_INFO 45913
S_HANCOIN_AMOUNT 25788
S_HIDE_HP 40969
S_HIT_COMBO 60116
S_HOLD_ABNORMALITY_ADD 31674
S_HOLD_ABNORMALITY_REMOVE 38432
S_HUDDLE_ADDING 25608
S_HUNTING_ZONE_EVENT_LIST 51792
S_IMAGE_DATA 46307
S_INCREASE_CARD_PRESET 44473
S_INCREASE_SERVANT_STORAGE_COUNT 48218
S_INGAMESHOP_CATEGORY_BEGIN 52905
S_INGAMESHOP_CATEGORY_DATA 37971
S_INGAMESHOP_CATEGORY_END 57791
S_INGAMESHOP_PRODUCT_BEGIN 52810
S_INGAMESHOP_PRODUCT_DATA 33282
S_INGAMESHOP_PRODUCT_END 34608
S_INGAMESHOP_PRODUCT_ITEMID 60875
S_INGAMESHOP_PRODUCT_SUBPROD 41864
S_INGAMESHOP_PRODUCT_TAG 21127
S_INGAME_CHANGE_USER_APPEARANCE_CANCEL 64641
S_INGAME_CHANGE_USER_APPEARANCE_START 64953
S_INIT_BASE_POINT_BATTLE_FIELD 48231
S_INIT_CANNON_BATTLE_FIELD 28806
S_INIT_FREE_FIGHT_BATTLE_FIELD 21478
S_INIT_KUMAS_BATTLE_FIELD 22650
S_INIT_KUMAS_BOSS_BATTLE_FIELD 37455
S_INIT_KUMAS_BOSS_INFO 55754
S_INIT_ROUND_PVE_BATTLE_FIELD 23707
S_INIT_ROUND_PVP_BATTLE_FIELD 52569
S_INIT_SEREN_GUIDE 20035
S_INIT_SNOW_EVENT_BATTLE_FIELD 64021
S_INIT_STRONGHOLD_OCCUPATION_BATTLE_FIELD 65240
S_INIT_WORLD_OF_TANK_BATTLE_FIELD 32303
S_INSTANCE_ARROW 65148
S_INSTANT_CATCH 30591
S_INSTANT_DASH 61092
S_INSTANT_MOVE 23382
S_INSTANT_PULL 53782
S_INSTANT_THROW 63650
S_INTERACTION_RESULT 42208
S_INTEREST_INFO 23013
S_INVALID_BUILD_VERSION 21926
S_INVEN_CHANGEDSLOT 52242
S_INVEN_USERDATA 28328
S_INVITE_CODE_EXPIRE_TIME 60389
S_INVITE_COMPENSATION_GUIDE 33420
S_INVITE_FRIEND_CODE 32332
S_IS_LORD 25070
S_IS_NOT_LORD 54066
S_ITEMLIST 48453
S_ITEMSYNTHESIZER_MATERIAL 42709
S_ITEMSYNTHESIZER_RESULT 32327
S_ITEM_COLORING_BAG 63322
S_ITEM_CUSTOM_STRING 35954
S_ITEM_DECOMPOSE 29188
S_ITEM_EXPLOSION_RESULT 49882
S_ITEM_TRANSFORM_DATA 28896
S_JOIN_PRIVATE_CHANNEL 26708
S_KUMAS_BATTLE_FIELD_BOARD 36100
S_KUMAS_BATTLE_FIELD_LOOT_ITEM 23663
S_KUMAS_BATTLE_FIELD_RESULT 42704
S_KUMAS_BOSS_BATTLE_FIELD_BOARD 52009
S_KUMAS_BOSS_BATTLE_FIELD_RESULT 56600
S_KUMAS_BOSS_CHANGE_INFO 50489
S_LEARN_EP_PERK 24852
S_LEAVE_CITY_WAR 50788
S_LEAVE_GUILD 60373
S_LEAVE_PARTY 54309
S_LEAVE_PARTY_MEMBER 28517
S_LEAVE_PRIVATE_CHANNEL 40361
S_LIST_CHANNEL 35261
S_LIST_PARCEL 53546
S_LIST_PARCEL_EX 63979
S_LOADING_SCREEN_CONTROL_INFO 21272
S_LOAD_ACHIEVEMENT_LIST 21223
S_LOAD_CLIENT_ACCOUNT_SETTING 28971
S_LOAD_CLIENT_USER_SETTING 33584
S_LOAD_DUNGEON_SOUND_HINT 56788
S_LOAD_EP_INFO 27178
S_LOAD_HINT 29685
S_LOAD_SKILL_SCRIPT_LIST 44618
S_LOAD_TELEPORT_TO_POS_LIST 61373
S_LOAD_TOPO 52537
S_LOCKON_ARROW 44332
S_LOCKON_YOU 44530
S_LOGIN 60482
S_LOGIN_ACCOUNT_INFO 64357
S_LOGIN_ARBITER 35642
S_LOGOUT_PARTY_MEMBER 31289
S_LOOT_DROPITEM 47705
S_LORD_CANDIDATE_LIST 23517
S_LORD_CANDIDATE_PLEDGE 21681
S_LORD_GUARD_INFO 30733
S_LORD_OPEN_CANDIDATE_WINDOW 45023
S_LORD_OPEN_REGISTER_WINDOW 56937
S_LORD_OPEN_VOTE_WINDOW 64689
S_LORD_POLICY_SET 39207
S_LORD_RANK_INFO 57353
S_LORD_REGISTER_INFO 52723
S_LORD_TAX_SET 61258
S_LORD_VOTE_CANDIDATE_LIST 49847
S_MAIN_MENU_COMMAND 29559
S_MASSTIGE_STATUS 21977
S_MATERIAL_CHANGE 62665
S_MATERIAL_PARAM_CHANGE 26081
S_MEDAL_STORE_BASKET 49136
S_MEDAL_STORE_SELL_LIST 26892
S_MERGE_PARTY_TO_RAID 45495
S_MINIGAME_END 60788
S_MINIGAME_FAIL 50672
S_MINIGAME_RANK_END_POINT 22213
S_MINIGAME_START 48645
S_MINIGAME_WAIT 63136
S_MODIFY_INTER_PARTY_MATCH_POOL 48255
S_MOUNT_CARD 30030
S_MOUNT_VEHICLE 34017
S_MOUNT_VEHICLE_EX 20632
S_MOVE_DISTANCE_DELTA 43787
S_MOVE_SHUTTLE 42374
S_MUTE 60445
S_MYTHICCRAFT_REGISTER_MATERIAL_ITEM 26690
S_MYTHICCRAFT_REGISTER_TARGET_ITEM 30830
S_MYTHICCRAFT_UNREGISTER_MATERIAL_ITEM 37281
S_MYTHICCRAFT_UNREGISTER_TARGET_ITEM 28873
S_MY_DESCRIPTION 62458
S_MY_PARTY_MATCH_INFO 38423
S_NAME_PREEMPTION_EVENT_INFO 55641
S_NEED_WAREHOUSE_COMMISION 31060
S_NEW_GOLD_RACE_INFO 31999
S_NOCTAN_VARIATION_INFO 47717
S_NOTIFY_ACTIVE_BUILD_TERRITORY_STATE 58185
S_NOTIFY_BATTLE_FIELD_CHAT_BAN 65530
S_NOTIFY_BATTLE_FIELD_NPC_DESPAWN 26485
S_NOTIFY_BATTLE_FIELD_NPC_SPAWN 24137
S_NOTIFY_DISCONNECT_BY_LEVEL_LIMIT 29219
S_NOTIFY_GUILD_QUEST_URGENT 26688
S_NOTIFY_GUILD_WAR_INFO 31554
S_NOTIFY_GUILD_WAR_STATUS_CHANGE 33915
S_NOTIFY_QUEST_RESTART 29680
S_NOTIFY_TO_FRIENDS_WALK_INTO_SAME_AREA 47587
S_NOTIFY_USER_SKILL_POLISHING_LEVEL_UP 57877
S_NOTIFY_VM_STATUS 48308
S_NPCGUILD_LIST 58238
S_NPC_AI_EVENT 40843
S_NPC_CHANGE_MESH 50915
S_NPC_INTERACTION_COMBO_INFO 36276
S_NPC_LOCATION 46297
S_NPC_MENU_SELECT 41628
S_NPC_OCCUPIER_INFO 52899
S_NPC_PARTIAL_DESTRUCT 54457
S_NPC_PART_BLINK 53170
S_NPC_PART_BREAK_ACTIVE 46084
S_NPC_RESPAWN_PLAN_ALARM 45173
S_NPC_SCALE 38699
S_NPC_SITUATION 35371
S_NPC_STATUS 46400
S_NPC_TARGET_USER 25358
S_NPC_TRANSLATIONZ 20499
S_OBTAIN_TOKEN_ITEM 37865
S_ONGOING_FIELD_EVENT_LIST 27196
S_ONGOING_LEVEL_EVENT_LIST 38285
S_OPEN_AWESOMIUM_WEB_URL 53363
S_OPEN_BOARD 33184
S_OPEN_CHANGE_CHARACTER_NAME_POPUP 27607
S_OPEN_CITY_WAR_SEASON_HISTORY 42476
S_OPEN_DUAL_OPTION_MATERIAL_INFO 59540
S_OPEN_EPPERK_RESET_POPUP 42861
S_OPEN_EXPAND_INVEN_WINDOW 65015
S_OPEN_FLOATING_CASTLE_STORE 36867
S_OPEN_GUARD_INFO_WINDOW 22446
S_OPEN_GUILD_FLAG_WINDOW 35030
S_OPEN_GUILD_LOGO_WINDOW 28157
S_OPEN_GUILD_WAR_WINDOW 34692
S_OPEN_RENAME_GUILD_POPUP 42583
S_OPEN_VM_SELLBUY_WINDOW 41143
S_OPEN_VM_SETTING_WINDOW 46161
S_OP_COMMAND 30538
S_OTHER_USER_APPLY_PARTY 20171
S_PARCEL_READ_RECV_STATUS 51431
S_PARCEL_REPORT 41256
S_PARTY_INFO 62082
S_PARTY_LOOTING_METHOD 61488
S_PARTY_LOOTING_METHOD_VOTE 38218
S_PARTY_MARKER 60648
S_PARTY_MATCH_LINK 47992
S_PARTY_MEMBER_ABNORMAL_ADD 55590
S_PARTY_MEMBER_ABNORMAL_CLEAR 49178
S_PARTY_MEMBER_ABNORMAL_DEL 42154
S_PARTY_MEMBER_ABNORMAL_REFRESH 28901
S_PARTY_MEMBER_BUFF_UPDATE 28246
S_PARTY_MEMBER_CHANGE_HP 43677
S_PARTY_MEMBER_CHANGE_MP 37144
S_PARTY_MEMBER_CHANGE_STAMINA 39626
S_PARTY_MEMBER_INFO 22511
S_PARTY_MEMBER_INTERVAL_POS_UPDATE 64948
S_PARTY_MEMBER_LIST 35696
S_PARTY_MEMBER_QUEST_DATA 50060
S_PARTY_MEMBER_STAT_UPDATE 30834
S_PARTY_NOTIFY_MY_POSITION 39686
S_PENDING_TRANSFORM_DATA 58512
S_PETITION_CANCEL 62928
S_PETITION_CHAT_BEGIN 57927
S_PETITION_CHAT_END 40703
S_PETITION_CHAT_GM_MESSAGE 25613
S_PETITION_CHECK_CREATABLE 49414
S_PETITION_CHECK_SURVEYABLE 45444
S_PETITION_COMPLETE 23636
S_PETITION_CREATE 53229
S_PETITION_FORCE_CREATE 27770
S_PETITION_INFO 21997
S_PET_ATTACKED 28107
S_PET_DURABILITY_CHANGE 61811
S_PET_INCUBATOR_INFO_CHANGE 45030
S_PET_INCUBATOR_PROGRESS 46359
S_PET_INCUBATOR_SHOW 28515
S_PET_INFO_CHANGE 65204
S_PET_INFO_CLEAR 48707
S_PET_MANAGER_SHOW 28886
S_PET_STOP_ALERT 20768
S_PING 25747
S_PK_END 58514
S_PK_START 27945
S_PK_TAG 36473
S_PLAYER_AUTOPILOT 52248
S_PLAYER_CHANGE_ACTPOINT 58743
S_PLAYER_CHANGE_ALL_PROF 45260
S_PLAYER_CHANGE_DRAIN 61966
S_PLAYER_CHANGE_EP 39564
S_PLAYER_CHANGE_EXP 30779
S_PLAYER_CHANGE_FLIGHT_ENERGY 63244
S_PLAYER_CHANGE_MP 23213
S_PLAYER_CHANGE_NOCTAN_COUNT 33565
S_PLAYER_CHANGE_PROF 20967
S_PLAYER_CHANGE_STAMINA 32212
S_PLAYER_LACK_OF_ACTPOINT 27233
S_PLAYER_RESET_EP 22985
S_PLAYER_STAT_UPDATE 37458
S_PLAYER_VEHICLE_EX_STAT_UPDATE 41581
S_PLAYTIME 27478
S_PLAYTIME_EVENT_END 55901
S_PLAYTIME_EVENT_REWARD_DATA 40672
S_PLAY_ANIMATION 49941
S_PLAY_EFFECT 54048
S_PLAY_EVENT_SOUND 45682
S_PLAY_MAGNETIC 34505
S_PLAY_MOVIE 57041
S_PLAY_SOUND 43252
S_PLAY_SOUND_BYNAME 47476
S_PLAY_TIME 60355
S_POINT_STORE_BASKET 32677
S_POINT_STORE_SELL_LIST 26373
S_POLITICS_POINT_STORE_BASKET 52800
S_POLITICS_POINT_STORE_SELL_LIST 56250
S_POSITION_SWAP 29314
S_POST_PROCESS 57837
S_POST_PROCESS_MATERIAL 23715
S_PRECONFIRM_INVITE_CODE 38843
S_PREMIUM_COMPOSE_ADD_ITEM 63709
S_PREMIUM_COMPOSE_DEL_ITEM 45999
S_PREMIUM_COMPOSE_RESET 55072
S_PREMIUM_COMPOSE_RESULT 51019
S_PREMIUM_COMPOSE_START 45469
S_PREMIUM_COMPOSE_UI_INFO 27741
S_PREMIUM_SLOT_DATALIST 46367
S_PREMIUM_SLOT_OFF 26031
S_PREPARE_CHANGE_USER_APPEARANCE 58774
S_PREPARE_DONE_WORKOBJECT 64356
S_PREPARE_EXIT 53000
S_PREPARE_INGAME_CHANGE_USER_APPEARANCE 62670
S_PREPARE_RETURN_TO_LOBBY 51379
S_PREPARE_SELECT_CHANNEL 21805
S_PREPARE_WORKOBJECT 47983
S_PREVIEW_ITEM 53447
S_PRIVATE_CHANNEL_NOTICE 51438
S_PRIVATE_CHAT 59613
S_PRODUCE_CRITICAL 40315
S_PROMOTION_INFO 33381
S_PROMOTION_PROCESS 54205
S_PROMOTION_SUCCESS 40871
S_PROTECT 37835
S_PURCHASE_PROD 24869
S_PUSHED_BY_SHIELD 53799
S_PVE_LEADER_BOARD_INFO 28482
S_PVE_RANKING_LIST 63455
S_PVP_LEADER_BOARD_INFO 24332
S_PVP_RANKING_LIST 63339
S_QA_SET_ADMIN_LEVEL 32277
S_QUEST_BALLOON 57298
S_QUEST_INFO 27515
S_QUEST_VILLAGER_INFO 56668
S_RACE_CHANGE_RESTRICTION 45107
S_RANK_MESSAGE 26699
S_RANK_POINT_STATUS 26326
S_READY_PULL 48846
S_RECEIVE_COLLECTION_BOOK_REWARD 23796
S_RECEIVE_TOKEN_TARGET_ITEM 42200
S_RECV_PARCEL 22790
S_RECV_PARCEL_ALL 62718
S_RECV_PARCEL_EX 56535
S_REGISTER_CARD 64276
S_REGISTER_COMBINE_ITEM 22712
S_REGISTER_ENCHANT_ITEM 51603
S_REGISTER_EVOLUTION_ITEM 59106
S_REGISTER_REPAIR_ITEM 52826
S_REGISTER_SERVANT_RESULT 28075
S_REIGN_INFO 48888
S_REJECT_CONTRACT 23884
S_REMAIN_PLAY_TIME 60603
S_REMOVE_BLOCKED_USER 31335
S_REMOVE_EFFECT 49004
S_REMOVE_EVENT_MATCHING_QUEST 46888
S_REMOVE_GUILD_GROUP 62049
S_REMOVE_GUILD_MEMBER 21345
S_REMOVE_SOUND_BYNAME 55297
S_RENAME_ITEMSTRING_START 31090
S_REPLY_CLIENT_CHAT_OPTION_SETTING 22263
S_REPLY_CLIENT_UI_SETTING 40008
S_REPLY_GUILD_LIST 49421
S_REPLY_GUILD_WANTED_WRITING_LIST 35863
S_REPLY_INVITE_GUILD_LIST 23128
S_REPLY_NONDB_ITEM_INFO 37848
S_REPLY_REQUEST_CONTRACT 31302
S_REPLY_RET_VILLAGE_INFO 44667
S_REPLY_SET_GUILD_WANTED_WRITING 62809
S_REQUEST_ABILITY_TRANSFER 44704
S_REQUEST_CHANGE_LOOKS_SERVANT 55426
S_REQUEST_CHANGE_PARTY_MATCH_RULE 47353
S_REQUEST_CITY_WAR_MAP_INFO 37284
S_REQUEST_CITY_WAR_MAP_INFO_DETAIL 36892
S_REQUEST_CITY_WAR_MAP_INFO_END 33690
S_REQUEST_CONTRACT 55514
S_REQUEST_COOLTIME_TO_JOIN_GUILD 36465
S_REQUEST_DEMOLIST_GUILD_TOWER_POPUP 40334
S_REQUEST_DESPAWN_SERVANT 28513
S_REQUEST_DUNGEON_MATCHING_UI 43831
S_REQUEST_FLOATING_CASTLE_PARTS_COOL_TIME 58374
S_REQUEST_GUILD_FLAG_IMAGE_DATA 45876
S_REQUEST_GUILD_INFO_BEFORE_APPLY_GUILD 41167
S_REQUEST_INGAMESTORE_PRODUCT_DETAIL 22619
S_REQUEST_INGAMESTORE_SALE_PRODUCTLIST 26549
S_REQUEST_INVITE_GUILD_TAG 26920
S_REQUEST_JOINED_CHANNEL_LIST 36679
S_REQUEST_JOIN_GUILD_NOTICE 23907
S_REQUEST_NAME_PREEMPTION 28226
S_REQUEST_PET_CONSUME_EXP_ITEM 21124
S_REQUEST_PRIVATE_CHANNEL_INFO 58890
S_REQUEST_REACTION_POS_TICK 34313
S_REQUEST_RENEW_ALL_PARTS_ITEM 51972
S_REQUEST_SECOND_PASSWORD_AUTH 59829
S_REQUEST_SECOND_PASSWORD_REGISTER 20239
S_REQUEST_SERVANT_AUTO_FEED_INFO 60691
S_REQUEST_SERVANT_AUTO_POTION_INFO 51093
S_REQUEST_SERVANT_COMPOSE 49559
S_REQUEST_SERVANT_EVOLUTION 21031
S_REQUEST_SERVANT_INFO_LIST 29656
S_REQUEST_SERVANT_LEVEL_UP 34486
S_REQUEST_SPAWN_SERVANT 58223
S_REQUEST_STYLE_SHOP_MARK_PRODUCTLIST 58988
S_REQUEST_UPDATE_CUSTOM_USER_CUSTOMIZING 51372
S_REQUEST_WRITE_BOARD_RESULT 47922
S_RESET_ALL_PRODUCT_MARK_EVENT 35118
S_RESET_EP_PERK 34986
S_RESET_GUILD_PERK 28202
S_RESET_SKILL 62566
S_RESPONSE_ACCESSORY_COST_INFO 36984
S_RESPONSE_GAMESTAT_PONG 63319
S_RESPONSE_SERVER_ADMINTOOL_AWESOMIUM_URL 32787
S_RESPONSE_USE_PREMIUM_SLOT 22876
S_RESULT_BATTLE_FIELD_CHAT_BAN 42736
S_RESULT_BIDDING_DICE_THROW 32018
S_RESULT_CHANGE_CHARACTER_NAME 50937
S_RESULT_CHANGE_DUAL_OPTION_IDX 37062
S_RESULT_CHANGE_FRIEND_MEMO 46434
S_RESULT_CHANGE_MY_PROFILE 50341
S_RESULT_COMBINE_ITEM 39269
S_RESULT_ENCHANT 54738
S_RESULT_EQUIPMENT_INHERITANCE 40786
S_RESULT_EVENT_SEED 25940
S_RESULT_EVOLUTION 26785
S_RESULT_GROUP_DUEL_MSG 59281
S_RESULT_ITEM_BIDDING 36795
S_RESULT_ITEM_COLORING 40936
S_RESULT_LEARN_GUILD_PERK 47672
S_RESULT_MATERIAL_AWAKEN 25784
S_RESULT_MYTHICCRAFT 50945
S_RESULT_OPEN_DUAL_OPTION 43562
S_RESULT_RENAME_GUILD 55779
S_RESULT_REPAIR_ITEM 53617
S_RESULT_SEREN_GUIDE 21955
S_RESULT_USABLE_CHARACTER_NAME 64042
S_RESULT_USABLE_GUILD_NAME 39158
S_RETURN_PARCEL 27238
S_RETURN_TO_LOBBY 29298
S_RETURN_USER 54258
S_RETURN_USER_REWARD_END 48968
S_REWARDNPC_SPAWN_ALARM 36307
S_REWRITE_ITEM_STRING 38995
S_RIGHT_ITEM_LIST 55804
S_ROUND_PVE_BATTLE_FIELD_BOARD 53744
S_ROUND_PVE_CLOSE_SKILL_UI 22640
S_ROUND_PVE_OPEN_SKILL_UI 64817
S_ROUND_PVE_SCORE 54789
S_ROUND_PVP_BATTLE_FIELD_BOARD 48931
S_ROUND_RESULT 38440
S_ROUND_START 35078
S_RP_ADD_ITEM_TO_DECOMPOSITION_CONTRACT 28862
S_RP_COMMIT_DECOMPOSITION_CONTRACT 22303
S_RP_DEL_ITEM_FROM_DECOMPOSITION_CONTRACT 42758
S_RP_SKILL_POLISHING_CHANGE_OPTION 44212
S_RP_SKILL_POLISHING_EXP_INFO 48381
S_RP_SKILL_POLISHING_LIST 47205
S_RP_SKILL_POLISHING_UNLOCK_OPTION 62205
S_RP_SKILL_POLISHING_UPGRADE_LEVEL 28186
S_RP_START_SOCIAL_ON_PROGRESS_DECOMPOSITION 29310
S_RP_UPDATE_ITEM_TO_DECOMPOSITION_CONTRACT 20529
S_SAVE_CLIENT_UI_SETTING 53662
S_SCENARIO_DUNGEON_UI 22607
S_SECOND_PASSWORD_AUTH_RESULT 27609
S_SECOND_PASSWORD_REGISTER_RESULT 35699
S_SELECT_CHANNEL 64123
S_SELECT_EVENT_MATCHING 26730
S_SELECT_USER 39669
S_SEND_CHANGE_REPUTATION_EXP 25878
S_SEND_CHANGE_REPUTATION_POINT 31273
S_SEND_PARCEL 63777
S_SEND_PARCEL_TAX 28125
S_SEND_QUEST_ITEM_INFO 47794
S_SEND_ROUND_PVE_SKILL_LIST 39251
S_SEND_USER_PLAY_TIME 49751
S_SEND_VIP_SYSTEM_INFO 56746
S_SERVANT_ABILITY 21428
S_SERVER_TIME 57424
S_SET_AWESOMIUM_WEB_URL 20511
S_SET_FLY_MOVE_INFO 52860
S_SET_GUILD_JOIN_CONDITION 31141
S_SET_ITEM_BIDDING_FLAG 64599
S_SET_ITEM_STRING 28614
S_SET_KUMAS_BATTLE_FIELD_TREASURE_SCORE 24338
S_SET_NEW_TERA_USER 24482
S_SET_POS 38618
S_SET_RECIPE_BOOKMARK 25328
S_SET_SEND_PARCEL_ITEM 38805
S_SET_SEND_PARCEL_MONEY 56268
S_SET_VISIBLE 54481
S_SET_WORKOBJECT 27484
S_SHARE_USER_PING 56002
S_SHORTCUT_CHANGE 28762
S_SHOW_ARTISAN_MENU 36787
S_SHOW_AWESOMIUMWEB_SHOP 58210
S_SHOW_CANDIDATE_LIST 56426
S_SHOW_CHANGE_CHARACTER_UI 26443
S_SHOW_CREST_LEARN 30527
S_SHOW_DARKRIFT_USER_HP 61659
S_SHOW_DEAD_CITY_WAR_UI 35731
S_SHOW_DEAD_UI 58540
S_SHOW_DUNGEON_RETRY_UI 38900
S_SHOW_GAGE 29067
S_SHOW_GUILD_QUEST_LIST 24868
S_SHOW_HP 40973
S_SHOW_ITEM_TOOLTIP 22082
S_SHOW_NAME_PLATE_ICON 32616
S_SHOW_NPC_TO_MAP 29593
S_SHOW_PARCEL_MESSAGE 46288
S_SHOW_PARTY_MATCH_INFO 40806
S_SHOW_PEGASUS_MAP 41934
S_SHOW_REVIVE_UI 55016
S_SHOW_TEMPER_WINDOW 48371
S_SHOW_TRADE_ITEM 60894
S_SHOW_TRADE_LOG 39927
S_SHOW_USER_EP_INFO 47264
S_SIMPLE_TIP_REPEAT_CHECK 42996
S_SKILL_ATTENTION_TARGET 37548
S_SKILL_CATEGORY 40493
S_SKILL_CHASE_EFFECT_TARGET 28233
S_SKILL_FORGET 33611
S_SKILL_LEARN_LIST 54419
S_SKILL_LEARN_RESULT 22859
S_SKILL_LIST 48270
S_SKILL_PERIOD 27599
S_SKILL_TARGETING_AREA 26783
S_SNOW_EVENT_BATTLE_FIELD_BOARD 23152
S_SNOW_EVENT_BATTLE_FIELD_SPAWN_USER 63556
S_SOCIAL 50005
S_SOCIAL_CANCEL 61655
S_SOCIAL_FORGET 43938
S_SOCIAL_LEARN_RESULT 40643
S_SPAWN_BONFIRE 35683
S_SPAWN_BUILD_OBJECT 20846
S_SPAWN_COLLECTION 33296
S_SPAWN_DOOR 30927
S_SPAWN_DROPITEM 39243
S_SPAWN_EVENT_SEED 23701
S_SPAWN_GAMBLE_BOX 27604
S_SPAWN_ME 48697
S_SPAWN_NPC 22586
S_SPAWN_PET 40567
S_SPAWN_PROJECTILE 33675
S_SPAWN_REMOTE_PROJECTILE 62770
S_SPAWN_SHUTTLE 30169
S_SPAWN_STATUE 63256
S_SPAWN_USER 55137
S_SPAWN_WORKOBJECT 29010
S_STAGE_RESULT 57659
S_START_ACTION_SCRIPT 56424
S_START_CHANGE_USER_APPEARANCE 59704
S_START_CHAT_BAN 38589
S_START_CHAT_BAN_INFINITY 45357
S_START_CLIENT_CUSTOM_SKILL 48017
S_START_CLIMBING 56608
S_START_COMMANDER_SKILL 47905
S_START_COOLTIME_ITEM 27691
S_START_COOLTIME_SERVANT_SKILL 63853
S_START_COOLTIME_SKILL 20254
S_START_DRIVE_AIRSHIP 46302
S_START_FISHING_CHARGE 63691
S_START_FISHING_MINIGAME 53955
S_START_FIX_SPIRIT 43336
S_START_FIX_VEHICLE 45639
S_START_GUILD_QUEST 43877
S_START_GUILD_WAR 29370
S_START_INVERSE_CAPTURE 40572
S_START_LEVEL_COMPENSATION 44259
S_START_PEGASUS 24031
S_START_PRODUCE 39210
S_START_ROUND_PVE_ROUND 51646
S_START_STACK_ATTENDANCE_EVENT_INFO 47650
S_START_USER_PROJECTILE 23551
S_START_VM_BUY 50213
S_START_VM_SELL 39333
S_STEER_DEBUG_COMMAND 36883
S_STICK_TO_USER_END 45559
S_STICK_TO_USER_START 36565
S_STOP_VM 20894
S_STORE_BASKET 50565
S_STORE_SELL_LIST 38504
S_STRONGHOLD_OCCUPATION_BATTLE_FIELD_BOARD 58308
S_STRONGHOLD_OCCUPATION_BATTLE_FIELD_STRONGHOLD_INFO 48200
S_STR_EVALUATE_LIST 43347
S_STYLE_SHOP_BUY_TCAT_ITEM 28568
S_SUCCESS_COUNTER 44398
S_SUCCESS_STYLE_SHOP_BUY_REPUTATION_ITEM 27074
S_SUGGEST_DARK_RIFT_PARTY_MATCHING 39486
S_SURVEY_QUESTION 59241
S_SWITCH_INFO 45893
S_SYNC_PEGASUS_TIME 62477
S_SYSTEM_MESSAGE 63233
S_SYSTEM_MESSAGE_CUSTOM 44988
S_SYSTEM_MESSAGE_LOOT_ITEM 44044
S_SYSTEM_MESSAGE_LOOT_SPECIAL_ITEM 61860
S_SYSTEM_REWARD_MESSAGE 28907
S_SYS_PARTY_INFO 60033
S_TARGET_INFO 46268
S_TASK_INFO_GUARD 36581
S_TAX_INFO 46269
S_TELEPORT_TO_CAMP 36139
S_TEMPER_MATERIALS 42614
S_TEMPER_RESULT 36170
S_TERRITORY_STEP_ENTER 25347
S_TERRITORY_STEP_LEAVE 29141
S_TERRITORY_STEP_PROGRESS 30530
S_TIMEOVER_CONTRACT 39289
S_TOGGLE_TASK_INFO_WINDOW 42067
S_TOKEN_POINT_STATUS 37507
S_TOTAL_GUILD_WAR_DATA 64644
S_TRADE_ACCEPT 36754
S_TRADE_BAG_CLOSE 64564
S_TRADE_BAG_DONE 34156
S_TRADE_BOX 50817
S_TRADE_BROKER_BOUGHT_ITEM_LIST 20444
S_TRADE_BROKER_BUY_IT_NOW 25765
S_TRADE_BROKER_CALC_NOTIFY 25885
S_TRADE_BROKER_DEAL_INFO_UPDATE 23970
S_TRADE_BROKER_DEAL_SUGGESTED 46163
S_TRADE_BROKER_HIGHEST_ITEM_LEVEL 43602
S_TRADE_BROKER_HISTORY_ITEM_LIST 25781
S_TRADE_BROKER_INPUT_PRICE 21054
S_TRADE_BROKER_REGISTERED_ITEM_LIST 23427
S_TRADE_BROKER_REQUEST_DEAL_RESULT 24453
S_TRADE_BROKER_SOLD_ITEM_LIST 59411
S_TRADE_BROKER_SUGGEST_DEAL 65362
S_TRADE_BROKER_WAITING_ITEM_LIST 34129
S_TRADE_MESSAGE 43611
S_TRANSFER_KUMAS_BATTLE_FIELD_TREASURE 61614
S_TUTORIAL_PLAY_FINISHED 47931
S_UNEQUIP_SERVANT_ITEM 32435
S_UNICAST_FLOATING_CASTLE_INFO 37245
S_UNICAST_FLOATING_CASTLE_NAMEPLATE 29482
S_UNICAST_TRANSFORM_DATA 45843
S_UNKNOWN_9203 63295
S_UNMOUNT_CARD 56135
S_UNMOUNT_VEHICLE 37067
S_UNMOUNT_VEHICLE_EX 47659
S_UNREGISTER_COMBINE_ITEM 63551
S_UNREGISTER_ENCHANT_ITEM 23489
S_UNREGISTER_EVOLUTION_ITEM 62700
S_UNREGISTER_REPAIR_ITEM 49372
S_UPDATE_ACHIEVEMENT_PROGRESS 59898
S_UPDATE_BIDDING_COUNT 50109
S_UPDATE_CONTENTS_ON_OFF 32800
S_UPDATE_EVENT_MATCHING_BONUS_INFO 61930
S_UPDATE_EVENT_SEED_STATE 28667
S_UPDATE_EVENT_SYSTEM 51281
S_UPDATE_EXP_LEVEL 10034
S_UPDATE_FRIENDSHIP_GAGE 64143
S_UPDATE_FRIEND_INFO 55088
S_UPDATE_GAMBLE_BOX_STATE 53980
S_UPDATE_GUILD_ANNOUNCE 49411
S_UPDATE_GUILD_FLAG 32927
S_UPDATE_GUILD_GROUP 62101
S_UPDATE_GUILD_MEMBER 47895
S_UPDATE_GUILD_QUEST_STATUS 46566
S_UPDATE_GUILD_TOWER_INFO 39996
S_UPDATE_KUMAS_BATTLE_FIELD_TREASURE_INFO 25973
S_UPDATE_KUMAS_BOSS_POS 25146
S_UPDATE_LICENSE 10032
S_UPDATE_NPCGUILD 41093
S_UPDATE_PARTY_MEMBER_QUEST_DATA 35221
S_UPDATE_PROF_BUG 10037
S_UPDATE_PROF_ENERGY 10038
S_UPDATE_PROF_HERB 10039
S_UPDATE_PROF_MINERAL 10036
S_UPDATE_QUEST 26955
S_UPDATE_SERVANT_INFO 62137
S_UPDATE_STACK_ATTENDANCE_EVENT_INFO 53106
S_UPDATE_STACK_ATTENDANCE_EVENT_RESET_TIME 33606
S_UPDATE_STYLE_SHOP_MARK_PRODUCT 52013
S_UPDATE_USER_AWAKEN_GRADE 45925
S_UPDATE_USER_PKDECLARECOUNT 10041
S_UPDATE_USER_PKDECLARECOUNT2 10189
S_UPDATE_USER_PKPOINT 10043
S_UPDATE_VM_SELLBUY_WINDOW 23105
S_UPDATE_VM_SETTING_WINDOW 60122
S_UPDATE_VM_STATUS 48803
S_USER_AIM 20460
S_USER_AIM_TO 31675
S_USER_APPEARANCE_CHANGE 53657
S_USER_BLOCK_LIST 54661
S_USER_CHANGE_FACE_CUSTOM 23242
S_USER_CHANGE_NAME 33309
S_USER_DEATH 55318
S_USER_EFFECT 35237
S_USER_EXTERNAL_CHANGE 64760
S_USER_FLYING_LOCATION 34389
S_USER_ITEMLEVEL_INFO 23822
S_USER_ITEM_EQUIP_CHANGER 26891
S_USER_LEVELUP 52956
S_USER_LOCATION 61037
S_USER_LOCATION_IN_ACTION 37893
S_USER_MOVETYPE 23443
S_USER_PAPERDOLL_INFO 23668
S_USER_PVE_RANKING 47309
S_USER_PVP_RANKING 63009
S_USER_REPORT 53560
S_USER_SITUATION 30083
S_USER_STATUS 27977
S_USER_WEAPON_APPEARANCE_CHANGE 44580
S_USE_CHRONOSCROLL_RESULT 32651
S_USE_COUPON 47853
S_USE_JUMPGEAR 43444
S_USE_RIGHT_ITEM 49531
S_VEHICLE_EX_ARROW 38708
S_VERSION_INFO 23619
S_VIEW_BATTLE_FIELD_RESULT 41822
S_VIEW_GUILD_WAR 26023
S_VIEW_INTER_PARTY_MATCH_BATTLEFIELD_LIST 28622
S_VIEW_INTER_PARTY_MATCH_DUNGOEN_LIST 46226
S_VIEW_PARTY_INVITE 55772
S_VIEW_VM_SETTING_WINDOW 48947
S_VIEW_WARE 23036
S_VIEW_WARE_EX 26217
S_VILLAGER_BUFF_INFO 52464
S_VILLAGER_POPUP_DIALOG 30654
S_VILLAGE_LIST_TO_TELEPORT 37344
S_VIP_STORE_ITEM_LIST 52825
S_VISITED_SECTION_LIST 23771
S_VISIT_NEW_SECTION 40698
S_VISIT_NEW_TEL_CAMP 32572
S_VM_BUY_BASKET_INFO 27775
S_VM_SELL_BASKET_INFO 33358
S_VOID_GUARD_INFO 55817
S_VOTE_DISMISS_PARTY 33568
S_VOTE_HISTORY 39179
S_VOTE_RESET_ALL_DUNGEON 49946
S_VOTE_TO_DUNGEON_MENTO 63164
S_WAITING_LIST 50224
S_WATCHED_MOVIES 54303
S_WEAK_POINT 37983
S_WELCOME_PET_OWNER 53699
S_WHISPER 52605
S_WORK_WORKOBJECT 56180
S_WORLD_OF_TANK_BATTLE_FIELD_BOARD 31010
S_WORLD_OF_TANK_BATTLE_FIELD_RESULT 46426
S_WORLD_QUEST_VILLAGER_INFO 47932