C_REQUEST_RECV_DAILY_TOKEN 30353
C_START_SERVANT_ACTIVE_SKILL 50800
S_TRADE_BROKER_BOUGHT_ITEM_LIST 51281
S_CANT_FLY_ANYMORE 47759
C_GET_WARE_ITEM 34026
C_PUT_WARE_ITEM 46092
S_FIELD_EVENT_PROGRESS_INFO 31273
S_PREPARE_SELECT_CHANNEL 21805
C_SELECT_CHANNEL 30764
S_CANCEL_SELECT_CHANNEL 30098
S_FATIGABILITY_POINT 35442
C_REQUEST_EVENT_MATCHING_TELEPORT 51187
C_REQUEST_SPAWN_SERVANT 61640
C_REQUEST_START_GUILD_QUEST 33648
C_REQUEST_ONGOING_FIELD_EVENT_LIST 36460
C_REQUEST_FIELD_POINT_REWARD 39026
C_REQUEST_SERVER_ADMINTOOL_AWESOMIUM_URL = 32936
S_UPDATE_SERVANT_INFO = 62137
S_UPDATE_GUILD_QUEST_STATUS 46566
C_REQUEST_FINISH_GUILD_QUEST 42988

S_CAST_FISHING_ROD = 63691 
C_CAST_FISHING_ROD = 63748 
C_END_FISHING_MINIGAME = 46726
C_RQ_ADD_ITEM_TO_DECOMPOSITION_CONTRACT = 62488
S_RP_ADD_ITEM_TO_DECOMPOSITION_CONTRACT = 28862
C_START_FISHING_MINIGAME = 21410
C_STOP_FISHING = 39654 
S_FISHING_BITE 33353
S_FISHING_CATCH = 39186 
S_START_FISHING_MINIGAME = 53955
C_STORE_COMMIT = 49159
C_STORE_SELL_ADD_BASKET = 38893
S_STORE_BASKET = 50565


C_ADD_FRIEND 49436 
C_ADD_TELEPORT_TO_POS_LIST 48784 
C_ADMIN 29772 
C_APPLY_PARTY 21816 
C_ASK_INTERACTIVE 61961 
C_BAN_PARTY_MEMBER 40711 
C_BIND_ITEM_BEGIN_PROGRESS 48215 
C_BIND_ITEM_EXECUTE 27882 
C_BLOCK_USER 21669 
C_CANCEL_CHANGE_USER_APPEARANCE 43370 
C_CANCEL_CONTRACT 54523 
C_CANCEL_SKILL 65468 
C_CAN_LOCKON_TARGET 57451 
C_CHANGE_PARTY_MANAGER 28903 
C_CHANGE_PARTY_MEMBER_AUTHORITY 53802 
C_CHAT 26482 
C_CHECK_VERSION 19900 
C_COMMIT_CHANGE_USER_APPEARANCE 39541 
C_COMPLETE_DAILY_EVENT 49212 
C_COMPLETE_EXTRA_EVENT 42577 
C_CONFIRM_UPDATE_NOTIFICATION 55928 
C_CREST_APPLY 54846 
C_CREST_APPLY_LIST 36794 
C_DELETE_FRIEND 57893 
C_DELETE_TELEPORT_TO_POS_LIST 56324 
C_DEL_ITEM 44718 
C_DIALOG 27536 
C_DISMISS_PARTY 44069 
C_EDIT_BLOCKED_USER_MEMO 23875 
C_END_CLIMBING 61735 
C_END_MOVIE 36233 
C_GACHA_TRY 62191 
C_GET_IN_SHUTTLE 29206 
C_GET_OUT_SHUTTLE 55167 
C_GET_USER_LIST 23253 
C_HIT_USER_PROJECTILE 34021 
C_INVITE_USER_TO_GUILD 40128 
C_ITEM_COLORING_SET_COLOR 49446 
C_LEAVE_PARTY 46485 
C_LEAVE_PRIVATE_CHANNEL 60478 
C_LOAD_TOPO_FIN 45261 
C_LOGIN_ARBITER 43965 
C_MERGE_ITEM 49183 
C_MERGE_ITEM_EXECUTE 47398 
C_NOTIFY_LOCATION_IN_ACTION 42014 
C_NOTIFY_LOCATION_IN_DASH 30034 
C_NOTIMELINE_SKILL 48744 
C_NPC_CONTACT 33602 
C_OP_COMMAND 35773 
C_PARTY_APPLICATION_DENIED 46681 
C_PARTY_MARKER 59668 
C_PARTY_MATCH_WINDOW_CLOSED 24245 
C_PLAYER_FLYING_LOCATION 25019 
C_PLAYER_LOCATION 57534 
C_PRESS_SKILL 33120 
C_REGISTER_ENCHANT_ITEM 63863 
C_REGISTER_EVOLUTION_ITEM 45308 
C_REGISTER_PARTY_INFO 61564 
C_REMOVE_BLOCKED_USER 64815 
C_REPLY_THROUGH_ARBITER_CONTRACT 44052 
C_REQUEST_CANDIDATE_LIST 25655 
C_REQUEST_CONTRACT 37203 
C_REQUEST_ENCHANT 31290 
C_REQUEST_EVOLUTION 47899 
C_REQUEST_GAMESTAT_PING 51024 
C_REQUEST_NONDB_ITEM_INFO 30307 
C_REQUEST_PARTY_INFO 52737 
C_REQUEST_PARTY_MATCH_INFO 30712 
C_REQUEST_PARTY_MATCH_INFO_PAGE 34973 
C_REQUEST_PARTY_MATCH_LINK 50115 
C_REQUEST_PRIVATE_CHANNEL_INFO 45215 
C_REQUEST_USER_PAPERDOLL_INFO 61111 
C_REQUEST_USER_PAPERDOLL_INFO_WITH_GAMEID 21804 
C_RESET_ALL_DUNGEON 50039 
C_RETURN_TO_LOBBY 30953 
C_REVIVE_NOW 53028 
C_RQ_COMMIT_DECOMPOSITION_CONTRACT 43852 
C_RQ_START_SOCIAL_ON_PROGRESS_DECOMPOSITION 57556 
C_SAVE_CLIENT_ACCOUNT_SETTING 56200 
C_SAVE_CLIENT_USER_SETTING 46043 
C_SECOND_PASSWORD_AUTH 41168 
C_SELECT_USER 43865 
C_SET_VISIBLE_RANGE 52945 
C_SHOW_ITEMLIST 63984 
C_SHOW_ITEM_TOOLTIP_EX 32733 
C_SOCIAL 28288 
C_START_COMBO_INSTANT_SKILL 25698 
C_START_ENCHANT 26614 
C_START_EVOLUTION 23815 
C_START_INSTANCE_SKILL 39156 
C_START_INSTANCE_SKILL_EX 40981 
C_START_PRODUCE 59213 
C_START_SKILL 27097 
C_START_TARGETED_SKILL 36061 
C_TELEPORT_TO_POS 38311 
C_TELEPORT_TO_VILLAGE 33035 
C_TRADE_BROKER_BUY_IT_NOW 47695 
C_TRADE_BROKER_DEAL_CONFIRM 32319 
C_TRADE_BROKER_REJECT_SUGGEST 27140 
C_TRADE_BROKER_SUGGEST_DEAL 22350 
C_TRADE_BROKER_WAITING_ITEM_LIST_NEW 63225 
C_TRADE_BROKER_WAITING_ITEM_LIST_PAGE 36454 
C_TRY_LOOT_DROPITEM 59647 
C_UNMOUNT_VEHICLE 57993 
C_UNREGISTER_ENCHANT_ITEM 35112 
C_UNREGISTER_EVOLUTION_ITEM 50374 
C_UNREGISTER_PARTY_INFO 20653 
C_UPDATE_REACTION_POS 37595 
C_USE_ITEM 60114 
C_USE_PREMIUM_SLOT 27335 
C_VIEW_WARE 57701 
C_VISIT_NEW_SECTION 49394 
C_WHISPER 23741 
S_ABNORMALITY_BEGIN 25946 
S_ABNORMALITY_DAMAGE_ABSORB 28780 
S_ABNORMALITY_END 25360 
S_ABNORMALITY_FAIL 53218 
S_ABNORMALITY_REFRESH 24200 
S_ABNORMALITY_RESIST 54681 
S_ABNORMALITY_SCALE_UP 65243 
S_ACCEPT_CONTRACT 27557 
S_ACCOMPLISH_ACHIEVEMENT 46595 
S_ACCOUNT_PACKAGE_LIST 57174 
S_ACTION_END 22515 
S_ACTION_STAGE 57561 
S_ADD_BLOCKED_USER 41779 
S_ADD_INTER_PARTY_MATCH_POOL 64756 
S_ADMIN_HOLD_CHARACTER 32920 
S_AERO 34878 
S_AIR_REACTION_END 58461 
S_ANNOUNCE_UPDATE_NOTIFICATION 65286 
S_ANSWER_INTERACTIVE 51651 
S_APPLY_TITLE 46191 
S_ASK_BIDDING_RARE_ITEM 25582 
S_ASK_TELEPORT 42529 
S_AVAILABLE_EVENT_MATCHING_LIST 48671 
S_AVAILABLE_SOCIAL_LIST 45310 
S_BAN_PARTY 43087 
S_BAN_PARTY_MEMBER 21646 
S_BATTLE_FIELD_ENTRANCE_INFO 27872 
S_BATTLE_FIELD_POINT_STORE_SELL_LIST 20555 
S_BEGIN_THROUGH_ARBITER_CONTRACT 21635 
S_BOSS_GAGE_INFO 59726 
S_BROADCAST_FLOATING_CASTLE_INFO 45377 
S_BROADCAST_FLOATING_CASTLE_NAMEPLATE 23724 
S_CANCEL_CONTRACT 52361 
S_CANNOT_START_SKILL 38037 
S_CAN_LOCKON_TARGET 36872 
S_CHANGE_DESTPOS_PROJECTILE 58395 
S_CHANGE_EP_EXP_DAILY_LIMIT 45815 
S_CHANGE_EP_POINT 40705 
S_CHANGE_EVENT_MATCHING_STATE 39292 
S_CHANGE_FRIEND_STATE 23438 
S_CHANGE_GUILD_CHIEF 22131 
S_CHANGE_PARTY_MANAGER 45426 
S_CHANGE_VOICE_USE_QAC 29076 
S_CHAT 39793 
S_CHECK_TO_READY_PARTY 30651 
S_CHECK_TO_READY_PARTY_FIN 32762 
S_CHECK_VERSION 19901 
S_CLEAR_ALL_HOLDED_ABNORMALITY 33935 
S_COLLECTION_PICKEND 59260 
S_COLLECTION_PICKSTART 47518 
S_COMPLETE_EVENT_MATCHING_QUEST 24673 
S_CONNECT_SKILL_ARROW 39539 
S_CREATURE_CHANGE_HP 35511 
S_CREATURE_LIFE 36393 
S_CREATURE_ROTATE 21523 
S_CREST_APPLY 28593 
S_CREST_INFO 50501 
S_CREST_MESSAGE 52940 
S_CURRENT_CHANNEL 20065 
S_CUSTOM_STYLE_SYSTEM_MESSAGE 36240 
S_DEAD_LOCATION 32041 
S_DECREASE_COOLTIME_SKILL 56440 
S_DEFEND_SUCCESS 31209 
S_DELETE_FRIEND 63237 
S_DESPAWN_BONFIRE 37921 
S_DESPAWN_BUILD_OBJECT 54290 
S_DESPAWN_COLLECTION 64147 
S_DESPAWN_DROPITEM 34955 
S_DESPAWN_EVENT_SEED 26627 
S_DESPAWN_NPC 41793 
S_DESPAWN_PROJECTILE 38239 
S_DESPAWN_SHUTTLE 44824 
S_DESPAWN_USER 42985 
S_DESTROY_GUILD_TOWER 26052 
S_DIALOG 39794 
S_DUNGEON_CAMERA_SET 36453 
S_DUNGEON_CLEAR_COUNT_LIST 52254 
S_DUNGEON_COOL_TIME_LIST 61475 
S_DUNGEON_EVENT_MESSAGE 55290 
S_EACH_SKILL_RESULT 52148 
S_ENABLE_DISABLE_SELLABLE_ITEM_LIST 51238 
S_END_CHANGE_USER_APPEARANCE 52799 
S_END_PRODUCE 23567 
S_END_USER_PROJECTILE 28882 
S_EP_SYSTEM_DAILY_EVENT_EXP_ON_OFF 52052 
S_EXIT 23569 
S_F2P_PremiumUser_Permission 25390 
S_FACIAL_ATTACHMENT_BROADCAST 48319 
S_FEARMOVE_END 63912 
S_FEARMOVE_STAGE 36977 
S_FIELD_EVENT_ON_ENTER 63570 
S_FIELD_EVENT_ON_LEAVE 54527 
S_FIELD_POINT_INFO 53679 
S_FIN_INTER_PARTY_MATCH 53249 
S_FIX_VEHICLE_PROGRESS 51277 
S_FONT_SWAP_INFO 43906 
S_FRIEND_LIST 57764 
S_GACHA_END 52602 
S_GACHA_START 31504 
S_GET_IN_SHUTTLE 29629 
S_GET_OUT_SHUTTLE 52719 
S_GET_USER_GUILD_LOGO 33773 
S_GET_USER_LIST 57644 
S_GMEVENT_GUIDE_MESSAGE 33303 
S_GMEVENT_OX_QUIZ_OPEN 49649 
S_GMEVENT_OX_QUIZ_RESULT 38665 
S_GMEVENT_RECV_REWARD 23377 
S_GRANT_SKILL 29802 
S_GROUP_NPC_LOCATION 21440 
S_GUILD_MEMBER_LIST 49112 
S_GUILD_NAME 41449 
S_GUILD_STORE_SELL_LIST 48859 
S_GUILD_TOWER_INFO 31468 
S_HIT_COMBO 60116 
S_HOLD_ABNORMALITY_ADD 31674 
S_IMAGE_DATA 46307 
S_INSTANCE_ARROW 65148 
S_INSTANT_DASH 61092 
S_INSTANT_MOVE 23382 
S_INVEN_CHANGEDSLOT 52242 
S_INVEN_USERDATA 28328 
S_ITEMLIST 48453 
S_ITEM_COLORING_BAG 63322 
S_ITEM_CUSTOM_STRING 35954 
S_ITEM_EXPLOSION_RESULT 49882 
S_JOIN_PRIVATE_CHANNEL 26708 
S_LEARN_EP_PERK 24852 
S_LEAVE_GUILD 60373 
S_LEAVE_PARTY 54309 
S_LEAVE_PARTY_MEMBER 28517 
S_LEAVE_PRIVATE_CHANNEL 40361 
S_LOADING_SCREEN_CONTROL_INFO 21272 
S_LOAD_ACHIEVEMENT_LIST 21223 
S_LOAD_CLIENT_ACCOUNT_SETTING 28971 
S_LOAD_CLIENT_USER_SETTING 33584 
S_LOAD_DUNGEON_SOUND_HINT 56788 
S_LOAD_EP_INFO 27178 
S_LOAD_TELEPORT_TO_POS_LIST 61373 
S_LOAD_TOPO 52537 
S_LOCKON_YOU 44530 
S_LOGIN 60482 
S_LOGIN_ACCOUNT_INFO 64357 
S_LOGOUT_PARTY_MEMBER 31289 
S_MOUNT_VEHICLE 34017 
S_MOUNT_VEHICLE_EX 20632 
S_MOVE_SHUTTLE 42374 
S_MUTE 60445 
S_NOCTAN_VARIATION_INFO 47717 
S_NOTIFY_GUILD_QUEST_URGENT 26688 
S_NOTIFY_TO_FRIENDS_WALK_INTO_SAME_AREA 47587 
S_NPCGUILD_LIST 58238 
S_NPC_CHANGE_MESH 50915 
S_NPC_LOCATION 46297 
S_NPC_MENU_SELECT 41628 
S_NPC_OCCUPIER_INFO 52899 
S_NPC_STATUS 46400 
S_NPC_TARGET_USER 25358 
S_OPEN_AWESOMIUM_WEB_URL 53363 
S_OTHER_USER_APPLY_PARTY 20171 
S_PARTY_INFO 62082 
S_PARTY_MARKER 60648 
S_PARTY_MATCH_LINK 47992 
S_PARTY_MEMBER_ABNORMAL_ADD 55590 
S_PARTY_MEMBER_ABNORMAL_CLEAR 49178 
S_PARTY_MEMBER_ABNORMAL_DEL 42154 
S_PARTY_MEMBER_ABNORMAL_REFRESH 28901 
S_PARTY_MEMBER_BUFF_UPDATE 28246 
S_PARTY_MEMBER_CHANGE_HP 43677 
S_PARTY_MEMBER_CHANGE_MP 37144 
S_PARTY_MEMBER_INFO 22511 
S_PARTY_MEMBER_INTERVAL_POS_UPDATE 64948 
S_PARTY_MEMBER_LIST 35696 
S_PARTY_MEMBER_QUEST_DATA 50060 
S_PARTY_MEMBER_STAT_UPDATE 30834 
S_PLAYER_CHANGE_ALL_PROF 45260 
S_PLAYER_CHANGE_EP 39564 
S_PLAYER_CHANGE_EXP 30779 
S_PLAYER_CHANGE_FLIGHT_ENERGY 63244 
S_PLAYER_CHANGE_MP 23213 
S_PLAYER_CHANGE_PROF 20967 
S_PLAYER_CHANGE_STAMINA 32212 
S_PLAYER_RESET_EP 22985 
S_PLAYER_STAT_UPDATE 37458 
S_PLAY_ANIMATION 49941 
S_PLAY_EFFECT 54048 
S_PLAY_MOVIE 57041 
S_PLAY_SOUND 43252 
S_POINT_STORE_SELL_LIST 26373 
S_PREMIUM_SLOT_DATALIST 46367 
S_PREMIUM_SLOT_OFF 26031 
S_PREPARE_EXIT 53000 
S_PREPARE_RETURN_TO_LOBBY 51379 
S_PREVIEW_ITEM 53447 
S_PRIVATE_CHANNEL_NOTICE 51438 
S_PRIVATE_CHAT 59613 
S_PRODUCE_CRITICAL 40315 
S_QUEST_BALLOON 57298 
S_QUEST_INFO 27515 
S_QUEST_VILLAGER_INFO 56668 
S_REGISTER_ENCHANT_ITEM 51603 
S_REGISTER_EVOLUTION_ITEM 59106 
S_REJECT_CONTRACT 23884 
S_REMOVE_BLOCKED_USER 31335 
S_REMOVE_EFFECT 49004 
S_REPLY_CLIENT_CHAT_OPTION_SETTING 22263 
S_REPLY_NONDB_ITEM_INFO 37848 
S_REPLY_REQUEST_CONTRACT 31302 
S_REQUEST_CITY_WAR_MAP_INFO 37284 
S_REQUEST_CITY_WAR_MAP_INFO_DETAIL 36892 
S_REQUEST_CITY_WAR_MAP_INFO_END 33690 
S_REQUEST_CONTRACT 55514 
S_REQUEST_DESPAWN_SERVANT 28513 
S_REQUEST_PRIVATE_CHANNEL_INFO 58890 
S_REQUEST_REACTION_POS_TICK 34313 
S_REQUEST_SECOND_PASSWORD_AUTH 59829 
S_REQUEST_SERVANT_INFO_LIST 29656 
S_REQUEST_SPAWN_SERVANT 58223 
S_REQUEST_STYLE_SHOP_MARK_PRODUCTLIST 58988 
S_RESET_EP_PERK 34986 
S_RESPONSE_GAMESTAT_PONG 63319 
S_RESULT_BIDDING_DICE_THROW 32018 
S_RESULT_EVENT_SEED 25940 
S_RESULT_ITEM_BIDDING 36795 
S_RETURN_TO_LOBBY 29298 
S_RP_SKILL_POLISHING_LIST 47205 
S_SHORTCUT_CHANGE 28762 
S_SHOW_AWESOMIUMWEB_SHOP 58210 
S_SHOW_CANDIDATE_LIST 56426 
S_SHOW_HP 40973 
S_SHOW_ITEM_TOOLTIP 22082 
S_SHOW_PARTY_MATCH_INFO 40806 
S_SHOW_PEGASUS_MAP 41934 
S_SHOW_USER_EP_INFO 47264 
S_SKILL_ATTENTION_TARGET 37548 
S_SKILL_CATEGORY 40493 
S_SKILL_LIST 48270 
S_SOCIAL 50005 
S_SPAWN_BONFIRE 35683 
S_SPAWN_BUILD_OBJECT 20846 
S_SPAWN_COLLECTION 33296 
S_SPAWN_DOOR 30927 
S_SPAWN_DROPITEM 39243 
S_SPAWN_EVENT_SEED 23701 
S_SPAWN_ME 48697 
S_SPAWN_NPC 22586 
S_SPAWN_PROJECTILE 33675 
S_SPAWN_SHUTTLE 30169 
S_SPAWN_USER 55137 
S_SPAWN_WORKOBJECT 29010 
S_START_ACTION_SCRIPT 56424 
S_START_CHANGE_USER_APPEARANCE 59704 
S_START_CLIENT_CUSTOM_SKILL 48017 
S_START_CLIMBING 56608 
S_START_COOLTIME_ITEM 27691 
S_START_COOLTIME_SKILL 20254 
S_START_INVERSE_CAPTURE 40572 
S_START_PRODUCE 39210 
S_START_USER_PROJECTILE 23551 
S_STICK_TO_USER_END 45559 
S_STICK_TO_USER_START 36565 
S_STORE_SELL_LIST 38504 
S_SUCCESS_COUNTER 44398 
S_SYSTEM_MESSAGE 63233 
S_SYSTEM_MESSAGE_LOOT_ITEM 44044 
S_SYSTEM_MESSAGE_LOOT_SPECIAL_ITEM 61860 
S_TARGET_INFO 46268 
S_TELEPORT_TO_CAMP 36139 
S_TRADE_BROKER_DEAL_INFO_UPDATE 23970 
S_TRADE_BROKER_DEAL_SUGGESTED 46163 
S_TRADE_BROKER_HISTORY_ITEM_LIST 25781 
S_TRADE_BROKER_REQUEST_DEAL_RESULT 24453 
S_TRADE_BROKER_SUGGEST_DEAL 65362 
S_TRADE_BROKER_WAITING_ITEM_LIST 34129 
S_UNICAST_FLOATING_CASTLE_INFO 37245 
S_UNICAST_FLOATING_CASTLE_NAMEPLATE 29482 
S_UNICAST_TRANSFORM_DATA 45843 
S_UNMOUNT_VEHICLE 37067 
S_UNMOUNT_VEHICLE_EX 47659 
S_UPDATE_ACHIEVEMENT_PROGRESS 59898 
S_UPDATE_EVENT_SEED_STATE 28667 
S_UPDATE_FRIEND_INFO 55088 
S_UPDATE_NPCGUILD 41093 
S_USER_APPEARANCE_CHANGE 53657 
S_USER_BLOCK_LIST 54661 
S_USER_CHANGE_FACE_CUSTOM 23242 
S_USER_CHANGE_NAME 33309 
S_USER_DEATH 55318 
S_USER_EFFECT 35237 
S_USER_EXTERNAL_CHANGE 64760 
S_USER_LEVELUP 52956 
S_USER_LOCATION 61037 
S_USER_LOCATION_IN_ACTION 37893 
S_USER_MOVETYPE 23443 
S_USER_PAPERDOLL_INFO 23668 
S_USER_SITUATION 30083 
S_USER_STATUS 27977 
S_USER_WEAPON_APPEARANCE_CHANGE 44580 
S_VIEW_PARTY_INVITE 55772 
S_VIEW_WARE_EX 26217 
S_VILLAGE_LIST_TO_TELEPORT 37344 
S_VISIT_NEW_SECTION 40698 
S_VOTE_RESET_ALL_DUNGEON 49946 
S_WEAK_POINT 37983 
S_WHISPER 52605