C_REQUEST_RECV_DAILY_TOKEN = 24646
S_TRADE_BROKER_BOUGHT_ITEM_LIST = 55781
C_TRADE_BROKER_BOUGHT_ITEM_LIST = 34359
C_TRADE_BROKER_CALC_BOUGHT_ITEM 29991
S_CANT_FLY_ANYMORE = 45625
C_REQUEST_SERVER_ADMINTOOL_AWESOMIUM_URL = 52569
C_REJECT_CONTRACT 41358
C_REQUEST_EVENT_MATCHING_TELEPORT 57284

C_START_SERVANT_ACTIVE_SKILL = 23870
C_REQUEST_SPAWN_SERVANT 64154
S_UPDATE_SERVANT_INFO 36557

S_PREPARE_SELECT_CHANNEL = 29952
C_SELECT_CHANNEL = 25472 
S_CANCEL_SELECT_CHANNEL = 27683 
S_CURRENT_CHANNEL 55732

C_GET_WARE_ITEM = 56273 
S_FATIGABILITY_POINT = 42629 

C_CAST_FISHING_ROD = 23647 
C_PUT_WARE_ITEM = 27766
C_END_FISHING_MINIGAME = 64923 
C_RQ_ADD_ITEM_TO_DECOMPOSITION_CONTRACT = 35219 
S_RP_ADD_ITEM_TO_DECOMPOSITION_CONTRACT = 43573
C_START_FISHING_MINIGAME = 58121 
C_STOP_FISHING = 45220 
S_FISHING_BITE = 45937 
S_FISHING_CATCH = 32054 
S_START_FISHING_MINIGAME = 50837 
C_STORE_COMMIT = 59268 
C_STORE_SELL_ADD_BASKET = 36513 
S_STORE_BASKET 31965

C_REQUEST_FIELD_POINT_REWARD 24163
C_REQUEST_ONGOING_FIELD_EVENT_LIST 52882
C_REQUEST_START_GUILD_QUEST 34608
C_REQUEST_FINISH_GUILD_QUEST 39665
S_FIELD_EVENT_PROGRESS_INFO 25553
S_SHOW_GUILD_QUEST_LIST 31300
S_UPDATE_GUILD_QUEST_STATUS 44699
S_GUILD_QUEST_LIST 55743


C_ADD_FRIEND 44063
C_ADD_TELEPORT_TO_POS_LIST 44490
C_ADMIN 46976
C_APPLY_PARTY 41791
C_ASK_INTERACTIVE 40070
C_BAN_PARTY_MEMBER 34468
C_BIND_ITEM_BEGIN_PROGRESS 27073
C_BIND_ITEM_EXECUTE 53665
C_BLOCK_USER 32223
C_CAN_LOCKON_TARGET 56764
C_CANCEL_CHANGE_USER_APPEARANCE 60674
C_CANCEL_CONTRACT 38484
C_CANCEL_SKILL 37542
C_CAST_FISHING_ROD = 23647
C_CHANGE_PARTY_MANAGER 35595
C_CHANGE_PARTY_MEMBER_AUTHORITY 54269
C_CHANNEL_SELECT 25472
C_CHAT 46041
C_CHECK_VERSION 19900
C_COMMIT_CHANGE_USER_APPEARANCE 22901
C_COMPLETE_DAILY_EVENT 42303
C_COMPLETE_EXTRA_EVENT 22988
C_CONFIRM_UPDATE_NOTIFICATION 60532
C_CREST_APPLY 37151
C_CREST_APPLY_LIST 62997
C_DEL_ITEM 59506
C_DELETE_FRIEND 27901
C_DELETE_TELEPORT_TO_POS_LIST 65139
C_DELIVERY_STORE_ADD_BASKET = 63593
C_DELIVERY_STORE_COMMIT = 33254
C_DIALOG 51188
C_DISMISS_PARTY 33926
C_EDIT_BLOCKED_USER_MEMO 64198
C_END_CLIMBING 27359
C_END_FISHING_MINIGAME = 64923
C_END_MOVIE 52690
C_GACHA_TRY 40657
C_GET_IN_SHUTTLE 47229
C_GET_OUT_SHUTTLE 32350
C_GET_USER_LIST 43523
C_HIT_USER_PROJECTILE 24911
C_INVITE_USER_TO_GUILD 62378
C_ITEM_COLORING_SET_COLOR 50451
C_LEAVE_PARTY 27976
C_LEAVE_PRIVATE_CHANNEL 55777
C_LOAD_TOPO_FIN 28096
C_LOGIN_ARBITER 28387
C_MEDAL_STORE_BUY_ADD_BASKET = 28226
C_MEDAL_STORE_COMMIT = 59305
C_MERGE_ITEM 27490
C_MERGE_ITEM_EXECUTE 47292
C_NOTIFY_LOCATION_IN_ACTION 49265
C_NOTIFY_LOCATION_IN_DASH 37936
C_NOTIMELINE_SKILL 63317
C_NPC_CONTACT 43535
C_OP_COMMAND 56864
C_PARTY_APPLICATION_DENIED 42470
C_PARTY_MARKER 61199
C_PARTY_MATCH_WINDOW_CLOSED 27630
C_PLAYER_FLYING_LOCATION 36958
C_PLAYER_LOCATION 47993
C_PONG 34430
C_PRESS_SKILL 36486
C_REGISTER_ENCHANT_ITEM 55897
C_REGISTER_EVOLUTION_ITEM 33462
C_REGISTER_PARTY_INFO 48831
C_REMOVE_BLOCKED_USER 50740
C_REPLY_THROUGH_ARBITER_CONTRACT 37679
C_REQUEST_CANDIDATE_LIST 30505
C_REQUEST_CONTRACT 63285
C_REQUEST_ENCHANT 23721
C_REQUEST_EVOLUTION 57502
C_REQUEST_GAMESTAT_PING 53450
C_REQUEST_NONDB_ITEM_INFO 25460
C_REQUEST_PARTY_INFO 59795
C_REQUEST_PARTY_MATCH_INFO 52771
C_REQUEST_PARTY_MATCH_INFO_PAGE 36286
C_REQUEST_PARTY_MATCH_LINK 26997
C_REQUEST_PRIVATE_CHANNEL_INFO 23068
C_REQUEST_USER_PAPERDOLL_INFO 57100
C_REQUEST_USER_PAPERDOLL_INFO_WITH_GAMEID 32639
C_RESET_ALL_DUNGEON 21304
C_RETURN_TO_LOBBY 20740
C_REVIVE_NOW 26443
C_RQ_COMMIT_DECOMPOSITION_CONTRACT 20229
C_RQ_START_SOCIAL_ON_PROGRESS_DECOMPOSITION 25844
C_SAVE_CLIENT_ACCOUNT_SETTING 50792
C_SAVE_CLIENT_USER_SETTING 47172
C_SECOND_PASSWORD_AUTH 53599
C_SELECT_USER 43831
C_SET_VISIBLE_RANGE 33788
C_SHOW_ITEM_TOOLTIP_EX 24038
C_SHOW_ITEMLIST 50760
C_SOCIAL 53051
C_START_COMBO_INSTANT_SKILL 34626
C_START_ENCHANT 26560
C_START_EVOLUTION 57974
C_START_FISHING_MINIGAME = 58121
C_START_INSTANCE_SKILL 31405
C_START_INSTANCE_SKILL_EX 32070
C_START_PRODUCE 58806
C_START_SKILL 21189
C_START_TARGETED_SKILL 54485
C_STORE_BUY_ADD_BASKET = 44383
C_STORE_COMMIT = 59268
C_STORE_SELL_ADD_BASKET = 36513
C_TELEPORT_TO_POS 30336
C_TELEPORT_TO_VILLAGE 30933
C_TRADE_BROKER_BUY_IT_NOW 35570
C_TRADE_BROKER_DEAL_CONFIRM 50852
C_TRADE_BROKER_HISTORY_ITEM_LIST_NEW 30330
C_TRADE_BROKER_HISTORY_ITEM_LIST_PAGE 22406
C_TRADE_BROKER_HISTORY_ITEM_LIST_SORT 34936
C_TRADE_BROKER_REJECT_SUGGEST 43466
C_TRADE_BROKER_SUGGEST_DEAL 33381
C_TRADE_BROKER_WAITING_ITEM_LIST_NEW 63137
C_TRADE_BROKER_WAITING_ITEM_LIST_PAGE 22659
C_TRY_LOOT_DROPITEM 44868
C_UNMOUNT_VEHICLE 30176
C_UNREGISTER_ENCHANT_ITEM 22197
C_UNREGISTER_EVOLUTION_ITEM 41330
C_UNREGISTER_PARTY_INFO 63620
C_UPDATE_REACTION_POS 62490
C_USE_ITEM 28378
C_USE_PREMIUM_SLOT 36622
C_VIEW_WARE 29940
C_VISIT_NEW_SECTION 21214
C_WHISPER 52657
S_ABNORMALITY_BEGIN 28166
S_ABNORMALITY_DAMAGE_ABSORB 43457
S_ABNORMALITY_END 62801
S_ABNORMALITY_FAIL 58276
S_ABNORMALITY_REFRESH 64386
S_ABNORMALITY_RESIST 37446
S_ABNORMALITY_SCALE_UP 50950
S_ACCEPT_CONTRACT 53219
S_ACCOMPLISH_ACHIEVEMENT 38094
S_ACCOUNT_PACKAGE_LIST 62590
S_ACTION_END 44885
S_ACTION_STAGE 63425
S_ADD_BLOCKED_USER 43024
S_ADD_INTER_PARTY_MATCH_POOL 20815
S_ADMIN_HOLD_CHARACTER 20006
S_AERO 56159
S_AIR_REACTION_END 22492
S_ANNOUNCE_UPDATE_NOTIFICATION 35741
S_ANSWER_INTERACTIVE 44895
S_APPLY_TITLE 29798
S_ASK_BIDDING_RARE_ITEM 59175
S_ASK_TELEPORT 34348
S_AVAILABLE_EVENT_MATCHING_LIST 29115
S_AVAILABLE_SOCIAL_LIST 20070
S_BAN_PARTY 64239
S_BAN_PARTY_MEMBER 61182
S_BATTLE_FIELD_ENTRANCE_INFO 51399
S_BATTLE_FIELD_POINT_STORE_SELL_LIST 62014
S_BEGIN_THROUGH_ARBITER_CONTRACT 60609
S_BOSS_GAGE_INFO 48563
S_BROADCAST_FLOATING_CASTLE_INFO 28649
S_BROADCAST_FLOATING_CASTLE_NAMEPLATE 60391
S_CAN_LOCKON_TARGET 48763
S_CANCEL_CONTRACT 36679
S_CANNOT_START_SKILL 45546
S_CHANGE_DESTPOS_PROJECTILE 56927
S_CHANGE_EP_EXP_DAILY_LIMIT 64333
S_CHANGE_EP_POINT 55406
S_CHANGE_EVENT_MATCHING_STATE 30699
S_CHANGE_FRIEND_STATE 64434
S_CHANGE_GUILD_CHIEF 34583
S_CHANGE_PARTY_MANAGER 33858
S_CHANGE_VOICE_USE_QAC 64800
S_CHAT 25835
S_CHECK_TO_READY_PARTY 22172
S_CHECK_TO_READY_PARTY_FIN 23179
S_CHECK_VERSION 19901
S_CLEAR_ALL_HOLDED_ABNORMALITY 24628
S_COLLECTION_PICKEND 35851
S_COLLECTION_PICKSTART 56112
S_COMPLETE_EVENT_MATCHING_QUEST 20124
S_CONNECT_SKILL_ARROW 42822
S_CREATURE_CHANGE_HP 43141
S_CREATURE_LIFE 45163
S_CREATURE_ROTATE 27541
S_CREST_APPLY 48713
S_CREST_INFO 63212
S_CREST_MESSAGE 48997
S_CURRENT_CHANNEL 55732
S_CUSTOM_STYLE_SYSTEM_MESSAGE 20834
S_DEAD_LOCATION 33715
S_DECREASE_COOLTIME_SKILL 30931
S_DEFEND_SUCCESS 27246
S_DELETE_FRIEND 35388
S_DELIVERY_STORE_BASKET = 23546
S_DELIVERY_STORE_ITEM = 56463
S_DESPAWN_BONFIRE 44015
S_DESPAWN_BUILD_OBJECT 40846
S_DESPAWN_COLLECTION 29355
S_DESPAWN_DROPITEM 25863
S_DESPAWN_EVENT_SEED 52779
S_DESPAWN_NPC 55233
S_DESPAWN_PROJECTILE 61953
S_DESPAWN_SHUTTLE 32322
S_DESPAWN_USER 33271
S_DESTROY_GUILD_TOWER 62649
S_DIALOG 28702
S_DUNGEON_CAMERA_SET 49289
S_DUNGEON_CLEAR_COUNT_LIST 47001
S_DUNGEON_COOL_TIME_LIST 58944
S_DUNGEON_EVENT_MESSAGE 57588
S_EACH_SKILL_RESULT 44575
S_ENABLE_DISABLE_SELLABLE_ITEM_LIST 55348
S_END_CHANGE_USER_APPEARANCE 63373
S_END_PRODUCE 63264
S_END_USER_PROJECTILE 58914
S_EP_SYSTEM_DAILY_EVENT_EXP_ON_OFF 40361
S_EXIT 21097
S_F2P_PremiumUser_Permission 20716
S_FACIAL_ATTACHMENT_BROADCAST 41116
S_FEARMOVE_END 33169
S_FEARMOVE_STAGE 28074
S_FIELD_EVENT_ON_ENTER 41356
S_FIELD_EVENT_ON_LEAVE 29074
S_FIELD_POINT_INFO 30135
S_FIN_INTER_PARTY_MATCH 65311
S_FISHING_BITE = 45937
S_FIX_VEHICLE_PROGRESS 50807
S_FONT_SWAP_INFO 50617
S_FRIEND_LIST 53693
S_GACHA_END 35628
S_GACHA_START 58151
S_GET_IN_SHUTTLE 32620
S_GET_OUT_SHUTTLE 32015
S_GET_USER_GUILD_LOGO 45925
S_GET_USER_LIST 54837
S_GMEVENT_GUIDE_MESSAGE 58745
S_GMEVENT_OX_QUIZ_OPEN 59937
S_GMEVENT_OX_QUIZ_RESULT 35707
S_GMEVENT_RECV_REWARD 37681
S_GRANT_SKILL 47190
S_GROUP_NPC_LOCATION 62396
S_GUILD_MEMBER_LIST 37822
S_GUILD_NAME 34758
S_GUILD_STORE_SELL_LIST 38711
S_GUILD_TOWER_INFO 20748
S_HIT_COMBO 32880
S_HOLD_ABNORMALITY_ADD 56872
S_IMAGE_DATA 46556
S_INSTANCE_ARROW 28734
S_INSTANT_DASH 21025
S_INSTANT_MOVE 60321
S_INVEN_CHANGEDSLOT 35410
S_INVEN_USERDATA 38650
S_ITEM_COLORING_BAG 21393
S_ITEM_CUSTOM_STRING 30887
S_ITEM_EXPLOSION_RESULT 42112
S_ITEMLIST 36277
S_JOIN_PRIVATE_CHANNEL 48435
S_LEARN_EP_PERK 28223
S_LEAVE_GUILD 23350
S_LEAVE_PARTY 37339
S_LEAVE_PARTY_MEMBER 29393
S_LEAVE_PRIVATE_CHANNEL 38756
S_LOAD_ACHIEVEMENT_LIST 21093
S_LOAD_CLIENT_ACCOUNT_SETTING 62074
S_LOAD_CLIENT_USER_SETTING 60755
S_LOAD_DUNGEON_SOUND_HINT 57610
S_LOAD_EP_INFO 59501
S_LOAD_TELEPORT_TO_POS_LIST 39107
S_LOAD_TOPO 65037
S_LOADING_SCREEN_CONTROL_INFO 62236
S_LOCKON_YOU 64700
S_LOGIN 28589
S_LOGIN_ACCOUNT_INFO 65277
S_LOGIN_ARBITER 48211
S_LOGOUT_PARTY_MEMBER 41482
S_MEDAL_STORE_BASKET = 44730
S_MEDAL_STORE_SELL_LIST = 40944
S_MOUNT_VEHICLE 49725
S_MOUNT_VEHICLE_EX 25425
S_MOVE_SHUTTLE 28338
S_MUTE 21001
S_NOCTAN_VARIATION_INFO 22266
S_NOTIFY_GUILD_QUEST_URGENT 30760
S_NOTIFY_TO_FRIENDS_WALK_INTO_SAME_AREA 30313
S_NPC_CHANGE_MESH 27730
S_NPC_LOCATION 25594
S_NPC_MENU_SELECT 32637
S_NPC_OCCUPIER_INFO 51364
S_NPC_STATUS 24076
S_NPC_TARGET_USER 63624
S_NPCGUILD_LIST 40031
S_OPEN_AWESOMIUM_WEB_URL 26058
S_OTHER_USER_APPLY_PARTY 58281
S_PARTY_INFO 47161
S_PARTY_MARKER 33150
S_PARTY_MATCH_LINK 42671
S_PARTY_MEMBER_ABNORMAL_ADD 49381
S_PARTY_MEMBER_ABNORMAL_CLEAR 61276
S_PARTY_MEMBER_ABNORMAL_DEL 36127
S_PARTY_MEMBER_ABNORMAL_REFRESH 64674
S_PARTY_MEMBER_BUFF_UPDATE 30812
S_PARTY_MEMBER_CHANGE_HP 25886
S_PARTY_MEMBER_CHANGE_MP 24739
S_PARTY_MEMBER_INFO 29542
S_PARTY_MEMBER_INTERVAL_POS_UPDATE 63033
S_PARTY_MEMBER_LIST 40920
S_PARTY_MEMBER_QUEST_DATA 51226
S_PARTY_MEMBER_STAT_UPDATE 31604
S_PING 37002
S_PLAY_ANIMATION 31579
S_PLAY_EFFECT 62638
S_PLAY_MOVIE 46370
S_PLAY_SOUND 62653
S_PLAYER_CHANGE_ALL_PROF 38152
S_PLAYER_CHANGE_EP 49528
S_PLAYER_CHANGE_EXP 31014
S_PLAYER_CHANGE_FLIGHT_ENERGY 57024
S_PLAYER_CHANGE_MP 29153
S_PLAYER_CHANGE_PROF 54986
S_PLAYER_CHANGE_STAMINA 58426
S_PLAYER_RESET_EP 25918
S_PLAYER_STAT_UPDATE 34786
S_POINT_STORE_SELL_LIST 45606
S_PREMIUM_SLOT_DATALIST 61772
S_PREMIUM_SLOT_OFF 27046
S_PREPARE_EXIT 40821
S_PREPARE_RETURN_TO_LOBBY 64651
S_PREVIEW_ITEM 27446
S_PRIVATE_CHANNEL_NOTICE 33463
S_PRIVATE_CHAT 41188
S_PRODUCE_CRITICAL 56192
S_QUEST_BALLOON 56951
S_QUEST_INFO 62861
S_QUEST_VILLAGER_INFO 39244
S_REGISTER_ENCHANT_ITEM 39996
S_REGISTER_EVOLUTION_ITEM 28177
S_REJECT_CONTRACT 22142
S_REMOVE_BLOCKED_USER 39614
S_REMOVE_EFFECT 45972
S_REPLY_CLIENT_CHAT_OPTION_SETTING 28793
S_REPLY_NONDB_ITEM_INFO 28718
S_REPLY_REQUEST_CONTRACT 59964
S_REQUEST_CITY_WAR_MAP_INFO 47412
S_REQUEST_CITY_WAR_MAP_INFO_DETAIL 21270
S_REQUEST_CITY_WAR_MAP_INFO_END 25746
S_REQUEST_CONTRACT 38859
S_REQUEST_DESPAWN_SERVANT 29050
S_REQUEST_PRIVATE_CHANNEL_INFO 50840
S_REQUEST_REACTION_POS_TICK 43850
S_REQUEST_SECOND_PASSWORD_AUTH 60671
S_REQUEST_SERVANT_INFO_LIST 49169
S_REQUEST_SPAWN_SERVANT 44545
S_REQUEST_STYLE_SHOP_MARK_PRODUCTLIST 32938
S_RESET_EP_PERK 65222
S_RESPONSE_GAMESTAT_PONG 27095
S_RESULT_BIDDING_DICE_THROW 38067
S_RESULT_EVENT_SEED 21083
S_RESULT_ITEM_BIDDING 58495
S_RETURN_TO_LOBBY 48875
S_RP_SKILL_POLISHING_LIST 56715
S_SHORTCUT_CHANGE 60701
S_SHOW_AWESOMIUMWEB_SHOP 23719
S_SHOW_CANDIDATE_LIST 38453
S_SHOW_HP 62299
S_SHOW_ITEM_TOOLTIP 49287
S_SHOW_PARTY_MATCH_INFO 40712
S_SHOW_PEGASUS_MAP 23855
S_SHOW_USER_EP_INFO 46782
S_SKILL_ATTENTION_TARGET 54541
S_SKILL_CATEGORY 26469
S_SKILL_LIST 58429
S_SOCIAL 30767
S_SPAWN_BONFIRE 49334
S_SPAWN_BUILD_OBJECT 31746
S_SPAWN_COLLECTION 24323
S_SPAWN_DOOR 41706
S_SPAWN_DROPITEM 61623
S_SPAWN_EVENT_SEED 21946
S_SPAWN_ME 28633
S_SPAWN_NPC 62631
S_SPAWN_PROJECTILE 35385
S_SPAWN_SHUTTLE 59603
S_SPAWN_USER 37073
S_SPAWN_WORKOBJECT 65008
S_START_ACTION_SCRIPT 53277
S_START_CHANGE_USER_APPEARANCE 36497
S_START_CLIENT_CUSTOM_SKILL 29013
S_START_CLIMBING 56893
S_START_COOLTIME_ITEM 42769
S_START_COOLTIME_SKILL 60478
S_START_FISHING_MINIGAME = 50837
S_START_INVERSE_CAPTURE 55964
S_START_PRODUCE 38873
S_START_USER_PROJECTILE 21850
S_STICK_TO_USER_END 54991
S_STICK_TO_USER_START 35154
S_STORE_BASKET = 31965
S_STORE_SELL_LIST 42145
S_SUCCESS_COUNTER 35703
S_SYSTEM_MESSAGE 51435
S_SYSTEM_MESSAGE_LOOT_ITEM 59873
S_SYSTEM_MESSAGE_LOOT_SPECIAL_ITEM 35970
S_TARGET_INFO 55842
S_TELEPORT_TO_CAMP 41431
S_TRADE_BROKER_DEAL_INFO_UPDATE 65375
S_TRADE_BROKER_DEAL_SUGGESTED 55393
S_TRADE_BROKER_HISTORY_ITEM_LIST 57748
S_TRADE_BROKER_REQUEST_DEAL_RESULT 39038
S_TRADE_BROKER_SUGGEST_DEAL 64084
S_TRADE_BROKER_WAITING_ITEM_LIST 20932
S_UNICAST_FLOATING_CASTLE_INFO 24213
S_UNICAST_FLOATING_CASTLE_NAMEPLATE 37846
S_UNICAST_TRANSFORM_DATA 52937
S_UNMOUNT_VEHICLE 63842
S_UNMOUNT_VEHICLE_EX 46110
S_UPDATE_ACHIEVEMENT_PROGRESS 23917
S_UPDATE_EVENT_SEED_STATE 59271
S_UPDATE_FRIEND_INFO 33371
S_UPDATE_NPCGUILD 48767
S_USER_APPEARANCE_CHANGE 21626
S_USER_BLOCK_LIST 38519
S_USER_CHANGE_FACE_CUSTOM 45408
S_USER_CHANGE_NAME 54164
S_USER_DEATH 57397
S_USER_EFFECT 29133
S_USER_EXTERNAL_CHANGE 64283
S_USER_LEVELUP 22805
S_USER_LOCATION 48169
S_USER_LOCATION_IN_ACTION 57273
S_USER_MOVETYPE 33103
S_USER_PAPERDOLL_INFO 21058
S_USER_SITUATION 62788
S_USER_STATUS 51745
S_USER_WEAPON_APPEARANCE_CHANGE 65068
S_VIEW_PARTY_INVITE 26186
S_VIEW_WARE_EX 23691
S_VILLAGE_LIST_TO_TELEPORT 58541
S_VISIT_NEW_SECTION 42032
S_VOTE_RESET_ALL_DUNGEON 41189
S_WEAK_POINT 57805
S_WHISPER 28141

C_ADD_FRIEND 44063
C_ADD_TELEPORT_TO_POS_LIST 44490
C_ADMIN 46976
C_APPLY_PARTY 41791
C_ASK_INTERACTIVE 40070
C_BAN_PARTY_MEMBER 34468
C_BIND_ITEM_BEGIN_PROGRESS 27073
C_BIND_ITEM_EXECUTE 53665
C_BLOCK_USER 32223
C_CANCEL_CHANGE_USER_APPEARANCE 60674
C_CANCEL_CONTRACT 38484
C_CANCEL_SKILL 37542
C_CAN_LOCKON_TARGET 56764
C_CHANGE_PARTY_MANAGER 35595
C_CHANGE_PARTY_MEMBER_AUTHORITY 54269
C_CHAT 46041
C_CHECK_VERSION 19900
C_COMMIT_CHANGE_USER_APPEARANCE 22901
C_COMPLETE_DAILY_EVENT 42303
C_COMPLETE_EXTRA_EVENT 22988
C_CONFIRM_UPDATE_NOTIFICATION 60532
C_CREST_APPLY 37151
C_CREST_APPLY_LIST 62997
C_DELETE_FRIEND 27901
C_DELETE_TELEPORT_TO_POS_LIST 65139
C_DEL_ITEM 59506
C_DIALOG 51188
C_DISMISS_PARTY 33926
C_EDIT_BLOCKED_USER_MEMO 64198
C_END_CLIMBING 27359
C_END_MOVIE 52690
C_GACHA_TRY 40657
C_GET_IN_SHUTTLE 47229
C_GET_OUT_SHUTTLE 32350
C_GET_USER_LIST 43523
C_HIT_USER_PROJECTILE 24911
C_INVITE_USER_TO_GUILD 62378
C_ITEM_COLORING_SET_COLOR 50451
C_LEAVE_PARTY 27976
C_LEAVE_PRIVATE_CHANNEL 55777
C_LOAD_TOPO_FIN 28096
C_LOGIN_ARBITER 28387
C_MERGE_ITEM 27490
C_MERGE_ITEM_EXECUTE 47292
C_NOTIFY_LOCATION_IN_ACTION 49265
C_NOTIFY_LOCATION_IN_DASH 37936
C_NOTIMELINE_SKILL 63317
C_NPC_CONTACT 43535
C_OP_COMMAND 56864
C_PARTY_APPLICATION_DENIED 42470
C_PARTY_MARKER 61199
C_PARTY_MATCH_WINDOW_CLOSED 27630
C_PLAYER_FLYING_LOCATION 36958
C_PLAYER_LOCATION 47993
C_PRESS_SKILL 36486
C_REGISTER_ENCHANT_ITEM 55897
C_REGISTER_EVOLUTION_ITEM 33462
C_REGISTER_PARTY_INFO 48831
C_REMOVE_BLOCKED_USER 50740
C_REPLY_THROUGH_ARBITER_CONTRACT 37679
C_REQUEST_CANDIDATE_LIST 30505
C_REQUEST_CONTRACT 63285
C_REQUEST_ENCHANT 23721
C_REQUEST_EVOLUTION 57502
C_REQUEST_GAMESTAT_PING 53450
C_REQUEST_NONDB_ITEM_INFO 25460
C_REQUEST_PARTY_INFO 59795
C_REQUEST_PARTY_MATCH_INFO 52771
C_REQUEST_PARTY_MATCH_INFO_PAGE 36286
C_REQUEST_PARTY_MATCH_LINK 26997
C_REQUEST_PRIVATE_CHANNEL_INFO 23068
C_REQUEST_USER_PAPERDOLL_INFO 57100
C_REQUEST_USER_PAPERDOLL_INFO_WITH_GAMEID 32639
C_RESET_ALL_DUNGEON 21304
C_RETURN_TO_LOBBY 20740
C_REVIVE_NOW 26443
C_RQ_COMMIT_DECOMPOSITION_CONTRACT 20229
C_RQ_START_SOCIAL_ON_PROGRESS_DECOMPOSITION 25844
C_SAVE_CLIENT_ACCOUNT_SETTING 50792
C_SAVE_CLIENT_USER_SETTING 47172
C_SECOND_PASSWORD_AUTH 53599
C_SELECT_USER 43831
C_SET_VISIBLE_RANGE 33788
C_SHOW_ITEMLIST 50760
C_SHOW_ITEM_TOOLTIP_EX 24038
C_SOCIAL 53051
C_START_COMBO_INSTANT_SKILL 34626
C_START_ENCHANT 26560
C_START_EVOLUTION 57974
C_START_INSTANCE_SKILL 31405
C_START_INSTANCE_SKILL_EX 32070
C_START_PRODUCE 58806
C_START_SKILL 21189
C_START_TARGETED_SKILL 54485
C_TELEPORT_TO_POS 30336
C_TELEPORT_TO_VILLAGE 30933
C_TRADE_BROKER_BUY_IT_NOW 35570
C_TRADE_BROKER_DEAL_CONFIRM 50852
C_TRADE_BROKER_REJECT_SUGGEST 43466
C_TRADE_BROKER_SUGGEST_DEAL 33381
C_TRADE_BROKER_WAITING_ITEM_LIST_NEW 63137
C_TRADE_BROKER_WAITING_ITEM_LIST_PAGE 22659
C_TRY_LOOT_DROPITEM 44868
C_UNMOUNT_VEHICLE 30176
C_UNREGISTER_ENCHANT_ITEM 22197
C_UNREGISTER_EVOLUTION_ITEM 41330
C_UNREGISTER_PARTY_INFO 63620
C_UPDATE_REACTION_POS 62490
C_USE_ITEM 28378
C_USE_PREMIUM_SLOT 36622
C_VIEW_WARE 29940
C_VISIT_NEW_SECTION 21214
C_WHISPER 52657
S_ABNORMALITY_BEGIN 28166
S_ABNORMALITY_DAMAGE_ABSORB 43457
S_ABNORMALITY_END 62801
S_ABNORMALITY_FAIL 58276
S_ABNORMALITY_REFRESH 64386
S_ABNORMALITY_RESIST 37446
S_ABNORMALITY_SCALE_UP 50950
S_ACCEPT_CONTRACT 53219
S_ACCOMPLISH_ACHIEVEMENT 38094
S_ACCOUNT_PACKAGE_LIST 62590
S_ACTION_END 44885
S_ACTION_STAGE 63425
S_ADD_BLOCKED_USER 43024
S_ADD_INTER_PARTY_MATCH_POOL 20815
S_ADMIN_HOLD_CHARACTER 20006
S_AERO 56159
S_AIR_REACTION_END 22492
S_ANNOUNCE_UPDATE_NOTIFICATION 35741
S_ANSWER_INTERACTIVE 44895
S_APPLY_TITLE 29798
S_ASK_BIDDING_RARE_ITEM 59175
S_ASK_TELEPORT 34348
S_AVAILABLE_EVENT_MATCHING_LIST 29115
S_AVAILABLE_SOCIAL_LIST 20070
S_BAN_PARTY 64239
S_BAN_PARTY_MEMBER 61182
S_BATTLE_FIELD_ENTRANCE_INFO 51399
S_BATTLE_FIELD_POINT_STORE_SELL_LIST 62014
S_BEGIN_THROUGH_ARBITER_CONTRACT 60609
S_BOSS_GAGE_INFO 48563
S_BROADCAST_FLOATING_CASTLE_INFO 28649
S_BROADCAST_FLOATING_CASTLE_NAMEPLATE 60391
S_CANCEL_CONTRACT 36679
S_CANNOT_START_SKILL 45546
S_CAN_LOCKON_TARGET 48763
S_CHANGE_DESTPOS_PROJECTILE 56927
S_CHANGE_EP_EXP_DAILY_LIMIT 64333
S_CHANGE_EP_POINT 55406
S_CHANGE_EVENT_MATCHING_STATE 30699
S_CHANGE_FRIEND_STATE 64434
S_CHANGE_GUILD_CHIEF 34583
S_CHANGE_PARTY_MANAGER 33858
S_CHANGE_VOICE_USE_QAC 64800
S_CHAT 25835
S_CHECK_TO_READY_PARTY 22172
S_CHECK_TO_READY_PARTY_FIN 23179
S_CHECK_VERSION 19901
S_CLEAR_ALL_HOLDED_ABNORMALITY 24628
S_COLLECTION_PICKEND 35851
S_COLLECTION_PICKSTART 56112
S_COMPLETE_EVENT_MATCHING_QUEST 20124
S_CONNECT_SKILL_ARROW 42822
S_CREATURE_CHANGE_HP 43141
S_CREATURE_LIFE 45163
S_CREATURE_ROTATE 27541
S_CREST_APPLY 48713
S_CREST_INFO 63212
S_CREST_MESSAGE 48997
S_CURRENT_CHANNEL 55732
S_CUSTOM_STYLE_SYSTEM_MESSAGE 20834
S_DEAD_LOCATION 33715
S_DECREASE_COOLTIME_SKILL 30931
S_DEFEND_SUCCESS 27246
S_DELETE_FRIEND 35388
S_DESPAWN_BONFIRE 44015
S_DESPAWN_BUILD_OBJECT 40846
S_DESPAWN_COLLECTION 29355
S_DESPAWN_DROPITEM 25863
S_DESPAWN_EVENT_SEED 52779
S_DESPAWN_NPC 55233
S_DESPAWN_PROJECTILE 61953
S_DESPAWN_SHUTTLE 32322
S_DESPAWN_USER 33271
S_DESTROY_GUILD_TOWER 62649
S_DIALOG 28702
S_DUNGEON_CAMERA_SET 49289
S_DUNGEON_CLEAR_COUNT_LIST 47001
S_DUNGEON_COOL_TIME_LIST 58944
S_DUNGEON_EVENT_MESSAGE 57588
S_EACH_SKILL_RESULT 44575
S_ENABLE_DISABLE_SELLABLE_ITEM_LIST 55348
S_END_CHANGE_USER_APPEARANCE 63373
S_END_PRODUCE 63264
S_END_USER_PROJECTILE 58914
S_EP_SYSTEM_DAILY_EVENT_EXP_ON_OFF 40361
S_EXIT 21097
S_F2P_PremiumUser_Permission 20716
S_FACIAL_ATTACHMENT_BROADCAST 41116
S_FEARMOVE_END 33169
S_FEARMOVE_STAGE 28074
S_FIELD_EVENT_ON_ENTER 41356
S_FIELD_EVENT_ON_LEAVE 29074
S_FIELD_POINT_INFO 30135
S_FIN_INTER_PARTY_MATCH 65311
S_FIX_VEHICLE_PROGRESS 50807
S_FONT_SWAP_INFO 50617
S_FRIEND_LIST 53693
S_GACHA_END 35628
S_GACHA_START 58151
S_GET_IN_SHUTTLE 32620
S_GET_OUT_SHUTTLE 32015
S_GET_USER_GUILD_LOGO 45925
S_GET_USER_LIST 54837
S_GMEVENT_GUIDE_MESSAGE 58745
S_GMEVENT_OX_QUIZ_OPEN 59937
S_GMEVENT_OX_QUIZ_RESULT 35707
S_GMEVENT_RECV_REWARD 37681
S_GRANT_SKILL 47190
S_GROUP_NPC_LOCATION 62396
S_GUILD_MEMBER_LIST 37822
S_GUILD_NAME 34758
S_GUILD_STORE_SELL_LIST 38711
S_GUILD_TOWER_INFO 20748
S_HIT_COMBO 32880
S_HOLD_ABNORMALITY_ADD 56872
S_IMAGE_DATA 46556
S_INSTANCE_ARROW 28734
S_INSTANT_DASH 21025
S_INSTANT_MOVE 60321
S_INVEN_CHANGEDSLOT 35410
S_INVEN_USERDATA 38650
S_ITEMLIST 36277
S_ITEM_COLORING_BAG 21393
S_ITEM_CUSTOM_STRING 30887
S_ITEM_EXPLOSION_RESULT 42112
S_JOIN_PRIVATE_CHANNEL 48435
S_LEARN_EP_PERK 28223
S_LEAVE_GUILD 23350
S_LEAVE_PARTY 37339
S_LEAVE_PARTY_MEMBER 29393
S_LEAVE_PRIVATE_CHANNEL 38756
S_LOADING_SCREEN_CONTROL_INFO 62236
S_LOAD_ACHIEVEMENT_LIST 21093
S_LOAD_CLIENT_ACCOUNT_SETTING 62074
S_LOAD_CLIENT_USER_SETTING 60755
S_LOAD_DUNGEON_SOUND_HINT 57610
S_LOAD_EP_INFO 59501
S_LOAD_TELEPORT_TO_POS_LIST 39107
S_LOAD_TOPO 65037
S_LOCKON_YOU 64700
S_LOGIN 28589
S_LOGIN_ACCOUNT_INFO 65277
S_LOGOUT_PARTY_MEMBER 41482
S_MOUNT_VEHICLE 49725
S_MOUNT_VEHICLE_EX 25425
S_MOVE_SHUTTLE 28338
S_MUTE 21001
S_NOCTAN_VARIATION_INFO 22266
S_NOTIFY_GUILD_QUEST_URGENT 30760
S_NOTIFY_TO_FRIENDS_WALK_INTO_SAME_AREA 30313
S_NPCGUILD_LIST 40031
S_NPC_CHANGE_MESH 27730
S_NPC_LOCATION 25594
S_NPC_MENU_SELECT 32637
S_NPC_OCCUPIER_INFO 51364
S_NPC_STATUS 24076
S_NPC_TARGET_USER 63624
S_OPEN_AWESOMIUM_WEB_URL 26058
S_OTHER_USER_APPLY_PARTY 58281
S_PARTY_INFO 47161
S_PARTY_MARKER 33150
S_PARTY_MATCH_LINK 42671
S_PARTY_MEMBER_ABNORMAL_ADD 49381
S_PARTY_MEMBER_ABNORMAL_CLEAR 61276
S_PARTY_MEMBER_ABNORMAL_DEL 36127
S_PARTY_MEMBER_ABNORMAL_REFRESH 64674
S_PARTY_MEMBER_BUFF_UPDATE 30812
S_PARTY_MEMBER_CHANGE_HP 25886
S_PARTY_MEMBER_CHANGE_MP 24739
S_PARTY_MEMBER_INFO 29542
S_PARTY_MEMBER_INTERVAL_POS_UPDATE 63033
S_PARTY_MEMBER_LIST 40920
S_PARTY_MEMBER_QUEST_DATA 51226
S_PARTY_MEMBER_STAT_UPDATE 31604
S_PLAYER_CHANGE_ALL_PROF 38152
S_PLAYER_CHANGE_EP 49528
S_PLAYER_CHANGE_EXP 31014
S_PLAYER_CHANGE_FLIGHT_ENERGY 57024
S_PLAYER_CHANGE_MP 29153
S_PLAYER_CHANGE_PROF 54986
S_PLAYER_CHANGE_STAMINA 58426
S_PLAYER_RESET_EP 25918
S_PLAYER_STAT_UPDATE 34786
S_PLAY_ANIMATION 31579
S_PLAY_EFFECT 62638
S_PLAY_MOVIE 46370
S_PLAY_SOUND 62653
S_POINT_STORE_SELL_LIST 45606
S_PREMIUM_SLOT_DATALIST 61772
S_PREMIUM_SLOT_OFF 27046
S_PREPARE_EXIT 40821
S_PREPARE_RETURN_TO_LOBBY 64651
S_PREVIEW_ITEM 27446
S_PRIVATE_CHANNEL_NOTICE 33463
S_PRIVATE_CHAT 41188
S_PRODUCE_CRITICAL 56192
S_QUEST_BALLOON 56951
S_QUEST_INFO 62861
S_QUEST_VILLAGER_INFO 39244
S_REGISTER_ENCHANT_ITEM 39996
S_REGISTER_EVOLUTION_ITEM 28177
S_REJECT_CONTRACT 22142
S_REMOVE_BLOCKED_USER 39614
S_REMOVE_EFFECT 45972
S_REPLY_CLIENT_CHAT_OPTION_SETTING 28793
S_REPLY_NONDB_ITEM_INFO 28718
S_REPLY_REQUEST_CONTRACT 59964
S_REQUEST_CITY_WAR_MAP_INFO 47412
S_REQUEST_CITY_WAR_MAP_INFO_DETAIL 21270
S_REQUEST_CITY_WAR_MAP_INFO_END 25746
S_REQUEST_CONTRACT 38859
S_REQUEST_DESPAWN_SERVANT 29050
S_REQUEST_PRIVATE_CHANNEL_INFO 50840
S_REQUEST_REACTION_POS_TICK 43850
S_REQUEST_SECOND_PASSWORD_AUTH 60671
S_REQUEST_SERVANT_INFO_LIST 49169
S_REQUEST_SPAWN_SERVANT 44545
S_REQUEST_STYLE_SHOP_MARK_PRODUCTLIST 32938
S_RESET_EP_PERK 65222
S_RESPONSE_GAMESTAT_PONG 27095
S_RESULT_BIDDING_DICE_THROW 38067
S_RESULT_EVENT_SEED 21083
S_RESULT_ITEM_BIDDING 58495
S_RETURN_TO_LOBBY 48875
S_RP_SKILL_POLISHING_LIST 56715
S_SHORTCUT_CHANGE 60701
S_SHOW_AWESOMIUMWEB_SHOP 23719
S_SHOW_CANDIDATE_LIST 38453
S_SHOW_HP 62299
S_SHOW_ITEM_TOOLTIP 49287
S_SHOW_PARTY_MATCH_INFO 40712
S_SHOW_PEGASUS_MAP 23855
S_SHOW_USER_EP_INFO 46782
S_SKILL_ATTENTION_TARGET 54541
S_SKILL_CATEGORY 26469
S_SKILL_LIST 58429
S_SOCIAL 30767
S_SPAWN_BONFIRE 49334
S_SPAWN_BUILD_OBJECT 31746
S_SPAWN_COLLECTION 24323
S_SPAWN_DOOR 41706
S_SPAWN_DROPITEM 61623
S_SPAWN_EVENT_SEED 21946
S_SPAWN_ME 28633
S_SPAWN_NPC 62631
S_SPAWN_PROJECTILE 35385
S_SPAWN_SHUTTLE 59603
S_SPAWN_USER 37073
S_SPAWN_WORKOBJECT 65008
S_START_ACTION_SCRIPT 53277
S_START_CHANGE_USER_APPEARANCE 36497
S_START_CLIENT_CUSTOM_SKILL 29013
S_START_CLIMBING 56893
S_START_COOLTIME_ITEM 42769
S_START_COOLTIME_SKILL 60478
S_START_INVERSE_CAPTURE 55964
S_START_PRODUCE 38873
S_START_USER_PROJECTILE 21850
S_STICK_TO_USER_END 54991
S_STICK_TO_USER_START 35154
S_STORE_SELL_LIST 42145
S_SUCCESS_COUNTER 35703
S_SYSTEM_MESSAGE 51435
S_SYSTEM_MESSAGE_LOOT_ITEM 59873
S_SYSTEM_MESSAGE_LOOT_SPECIAL_ITEM 35970
S_TARGET_INFO 55842
S_TELEPORT_TO_CAMP 41431
S_TRADE_BROKER_DEAL_INFO_UPDATE 65375
S_TRADE_BROKER_DEAL_SUGGESTED 55393
S_TRADE_BROKER_HISTORY_ITEM_LIST 57748
S_TRADE_BROKER_REQUEST_DEAL_RESULT 39038
S_TRADE_BROKER_SUGGEST_DEAL 64084
S_TRADE_BROKER_WAITING_ITEM_LIST 20932
S_UNICAST_FLOATING_CASTLE_INFO 24213
S_UNICAST_FLOATING_CASTLE_NAMEPLATE 37846
S_UNICAST_TRANSFORM_DATA 52937
S_UNMOUNT_VEHICLE 63842
S_UNMOUNT_VEHICLE_EX 46110
S_UPDATE_ACHIEVEMENT_PROGRESS 23917
S_UPDATE_EVENT_SEED_STATE 59271
S_UPDATE_FRIEND_INFO 33371
S_UPDATE_NPCGUILD 48767
S_USER_APPEARANCE_CHANGE 21626
S_USER_BLOCK_LIST 38519
S_USER_CHANGE_FACE_CUSTOM 45408
S_USER_CHANGE_NAME 54164
S_USER_DEATH 57397
S_USER_EFFECT 29133
S_USER_EXTERNAL_CHANGE 64283
S_USER_LEVELUP 22805
S_USER_LOCATION 48169
S_USER_LOCATION_IN_ACTION 57273
S_USER_MOVETYPE 33103
S_USER_PAPERDOLL_INFO 21058
S_USER_SITUATION 62788
S_USER_STATUS 51745
S_USER_WEAPON_APPEARANCE_CHANGE 65068
S_VIEW_PARTY_INVITE 26186
S_VIEW_WARE_EX 23691
S_VILLAGE_LIST_TO_TELEPORT 58541
S_VISIT_NEW_SECTION 42032
S_VOTE_RESET_ALL_DUNGEON 41189
S_WEAK_POINT 57805
S_WHISPER 28141