C_ADD_FRIEND = 58532
C_ADMIN = 29036
C_APPLY_PARTY = 61820
C_ASK_INTERACTIVE = 41138
C_BAN_PARTY_MEMBER = 60812
C_BIND_ITEM_BEGIN_PROGRESS = 59142
C_BIND_ITEM_EXECUTE = 38499
C_BLOCK_USER = 46110
C_CANCEL_CHANGE_USER_APPEARANCE = 59756
C_CANCEL_CONTRACT = 55537
C_CANCEL_SKILL = 52034
C_CAN_LOCKON_TARGET = 50565
C_CHANGE_PARTY_MANAGER = 20295
C_CHANGE_PARTY_MEMBER_AUTHORITY = 41087
C_CHAT = 54175
C_CHECK_VERSION = 19900
C_COMMIT_CHANGE_USER_APPEARANCE = 33406
C_COMPLETE_DAILY_EVENT = 55743
C_COMPLETE_EXTRA_EVENT = 45583
C_CONFIRM_UPDATE_NOTIFICATION = 30571
C_CREST_APPLY = 55557
C_CREST_APPLY_LIST = 20581
C_DELETE_FRIEND = 26155
C_DEL_ITEM = 47480
C_DIALOG = 31957
C_DISMISS_PARTY = 43796
C_END_CLIMBING = 61767
C_END_MOVIE = 47558
C_GACHA_CANCEL = 64117
C_GACHA_TRY = 22693
C_GET_IN_SHUTTLE = 53806
C_GET_OUT_SHUTTLE = 55725
C_GET_USER_LIST = 23470
C_HIT_USER_PROJECTILE = 52748
C_INVITE_USER_TO_GUILD = 43340
C_ITEM_COLORING_SET_COLOR = 27375
C_LEAVE_PARTY = 36688
C_LEAVE_PRIVATE_CHANNEL = 20086
C_LOAD_TOPO_FIN = 34777
C_LOGIN_ARBITER = 23044
C_MERGE_ITEM = 28984
C_MERGE_ITEM_EXECUTE = 33448
C_NOTIFY_LOCATION_IN_ACTION = 37035
C_NOTIFY_LOCATION_IN_DASH = 21467
C_NOTIMELINE_SKILL = 35404
C_NPC_CONTACT = 35183
C_OP_COMMAND = 39273
C_PARTY_APPLICATION_DENIED = 54625
C_PARTY_MARKER = 57197
C_PARTY_MATCH_WINDOW_CLOSED = 60726
C_PLAYER_FLYING_LOCATION = 63843
C_PLAYER_LOCATION = 54864
C_PRESS_SKILL = 60666
C_PUT_WARE_ITEM = 57700
C_REGISTER_ENCHANT_ITEM = 61289
C_REGISTER_EVOLUTION_ITEM = 30180
C_REGISTER_PARTY_INFO = 49413
C_REMOVE_BLOCKED_USER = 59628
C_REPLY_THROUGH_ARBITER_CONTRACT = 26749
C_REQUEST_ABNORMALITY_TOOLTIP_VALUE = 30935
C_REQUEST_CANDIDATE_LIST = 47610
C_REQUEST_CONTRACT = 33855
C_REQUEST_ENCHANT = 25930
C_REQUEST_EVOLUTION = 41600
C_REQUEST_GAMESTAT_PING = 53946
C_REQUEST_NONDB_ITEM_INFO = 58885
C_REQUEST_PARTY_INFO = 21307
C_REQUEST_PARTY_MATCH_INFO = 62750
C_REQUEST_PARTY_MATCH_INFO_PAGE = 61782
C_REQUEST_PARTY_MATCH_LINK = 57689
C_REQUEST_PRIVATE_CHANNEL_INFO = 42613
C_REQUEST_USER_PAPERDOLL_INFO = 49588
C_REQUEST_USER_PAPERDOLL_INFO_WITH_GAMEID = 52784
C_RESET_ALL_DUNGEON = 23621
C_RETURN_TO_LOBBY = 64419
C_REVIVE_NOW = 53007
C_RQ_COMMIT_DECOMPOSITION_CONTRACT = 61794
C_RQ_SKILL_POLISHING_CHANGE_OPTION = 46215
C_RQ_START_SOCIAL_ON_PROGRESS_DECOMPOSITION = 45566
C_SAVE_CLIENT_ACCOUNT_SETTING = 27781
C_SAVE_CLIENT_USER_SETTING = 56233
C_SECOND_PASSWORD_AUTH = 23469
C_SELECT_USER = 31364
C_SET_VISIBLE_RANGE = 24479
C_SHOW_ITEMLIST = 62704
C_SHOW_ITEM_TOOLTIP_EX = 28005
C_SKILL_LEARN_LIST = 26341
C_SKILL_LEARN_REQUEST = 36843
C_SOCIAL = 21150
C_START_COMBO_INSTANT_SKILL = 20628
C_START_ENCHANT = 37978
C_START_EVOLUTION = 57103
C_START_INSTANCE_SKILL = 51228
C_START_INSTANCE_SKILL_EX = 23644
C_START_PRODUCE = 32613
C_START_SKILL = 59394
C_START_TARGETED_SKILL = 20471
C_TRADE_BROKER_DEAL_CONFIRM = 25271
C_TRADE_BROKER_REJECT_SUGGEST = 21254
C_TRY_LOOT_DROPITEM = 46878
C_UNMOUNT_VEHICLE = 26806
C_UNREGISTER_ENCHANT_ITEM = 38697
C_UNREGISTER_EVOLUTION_ITEM = 30430
C_UNREGISTER_PARTY_INFO = 34094
C_UPDATE_FRIEND_INFO = 46428
C_UPDATE_REACTION_POS = 43886
C_USE_ITEM = 22773
C_USE_PREMIUM_SLOT = 21813
C_VIEW_WARE = 43383
C_VISIT_NEW_SECTION = 48638
C_WHISPER = 23354
S_ABNORMALITY_BEGIN = 40918
S_ABNORMALITY_DAMAGE_ABSORB = 26701
S_ABNORMALITY_END = 23668
S_ABNORMALITY_FAIL = 56695
S_ABNORMALITY_REFRESH = 26342
S_ABNORMALITY_RESIST = 29433
S_ABNORMALITY_SCALE_UP = 56883
S_ABNORMALITY_TOOLTIP_VALUE = 54254
S_ACCEPT_CONTRACT = 41529
S_ACCOMPLISH_ACHIEVEMENT = 63744
S_ACCOUNT_PACKAGE_LIST = 58191
S_ACTION_END = 24713
S_ACTION_STAGE = 30669
S_ADMIN_HOLD_CHARACTER = 41887
S_AERO = 44547
S_AIR_REACTION_END = 24214
S_ANNOUNCE_UPDATE_NOTIFICATION = 46057
S_ANSWER_INTERACTIVE = 52098
S_APPLY_TITLE = 22202
S_ASK_BIDDING_RARE_ITEM = 55473
S_ASK_TELEPORT = 62356
S_AVAILABLE_EVENT_MATCHING_LIST = 40166
S_AVAILABLE_SOCIAL_LIST = 64059
S_BAN_PARTY = 51021
S_BAN_PARTY_MEMBER = 54164
S_BATTLE_FIELD_ENTRANCE_INFO = 35724
S_BATTLE_FIELD_POINT_STORE_SELL_LIST = 28533
S_BEGIN_THROUGH_ARBITER_CONTRACT = 59897
S_BOSS_GAGE_INFO = 61987
S_CANCEL_CONTRACT = 45220
S_CANNOT_START_SKILL = 64400
S_CAN_LOCKON_TARGET = 55925
S_CHANGE_DESTPOS_PROJECTILE = 56302
S_CHANGE_EP_EXP_DAILY_LIMIT = 30094
S_CHANGE_EP_POINT = 47577
S_CHANGE_FRIEND_STATE = 42870
S_CHANGE_GUILD_CHIEF = 49345
S_CHANGE_PARTY_MANAGER = 49271
S_CHANGE_VOICE_USE_QAC = 28572
S_CHAT = 22764
S_CHECK_TO_READY_PARTY = 54166
S_CHECK_TO_READY_PARTY_FIN = 52872
S_CHECK_VERSION = 19901
S_CLEAR_ALL_HOLDED_ABNORMALITY = 62607
S_COLLECTION_PICKEND = 42778
S_COLLECTION_PICKSTART = 26452
S_COMPLETE_EVENT_MATCHING_QUEST = 27648
S_CONNECT_SKILL_ARROW = 29470
S_CREATURE_CHANGE_HP = 56318
S_CREATURE_LIFE = 31274
S_CREATURE_ROTATE = 34396
S_CREST_APPLY = 62266
S_CREST_INFO = 40380
S_CREST_MESSAGE = 62032
S_CURRENT_CHANNEL = 64943
S_CUSTOM_STYLE_SYSTEM_MESSAGE = 47364
S_DEAD_LOCATION = 29522
S_DECREASE_COOLTIME_SKILL = 51695
S_DEFEND_SUCCESS = 24189
S_DELETE_FRIEND = 23195
S_DESPAWN_BONFIRE = 45648
S_DESPAWN_BUILD_OBJECT = 41355
S_DESPAWN_COLLECTION = 55750
S_DESPAWN_DROPITEM = 64981
S_DESPAWN_EVENT_SEED = 47406
S_DESPAWN_NPC = 56052
S_DESPAWN_PROJECTILE = 64629
S_DESPAWN_SHUTTLE = 48385
S_DESPAWN_USER = 52802
S_DIALOG = 23333
S_DUNGEON_CAMERA_SET = 37907
S_DUNGEON_CLEAR_COUNT_LIST = 42270
S_DUNGEON_COOL_TIME_LIST = 24477
S_DUNGEON_EVENT_MESSAGE = 21296
S_EACH_SKILL_RESULT = 22495
S_ENABLE_DISABLE_SELLABLE_ITEM_LIST = 37685
S_END_CHANGE_USER_APPEARANCE = 40400
S_END_PRODUCE = 59931
S_END_USER_PROJECTILE = 51418
S_EP_SYSTEM_DAILY_EVENT_EXP_ON_OFF = 33016
S_EXIT = 38363
S_F2P_PremiumUser_Permission = 33522
S_FACIAL_ATTACHMENT_BROADCAST = 57215
S_FATIGABILITY_POINT = 56084
S_FEARMOVE_END = 57644
S_FEARMOVE_STAGE = 53463
S_FIELD_EVENT_ON_ENTER = 38252
S_FIELD_EVENT_ON_LEAVE = 30098
S_FIELD_EVENT_PROGRESS_INFO = 48291
S_FIELD_POINT_INFO = 55386
S_FIN_INTER_PARTY_MATCH = 38381
S_FIX_VEHICLE_PROGRESS = 34801
S_FONT_SWAP_INFO = 60845
S_FRIEND_LIST = 36869
S_GACHA_END = 26844
S_GACHA_START = 35355
S_GET_IN_SHUTTLE = 31201
S_GET_OUT_SHUTTLE = 57993
S_GET_USER_GUILD_LOGO = 22392
S_GET_USER_LIST = 40770
S_GMEVENT_GUIDE_MESSAGE = 23827
S_GMEVENT_OX_QUIZ_OPEN = 53171
S_GMEVENT_OX_QUIZ_RESULT = 60781
S_GMEVENT_RECV_REWARD = 64029
S_GRANT_SKILL = 50811
S_GROUP_NPC_LOCATION = 44534
S_GUILD_MEMBER_LIST = 33948
S_GUILD_NAME = 61805
S_GUILD_STORE_SELL_LIST = 30163
S_GUILD_TOWER_INFO = 34358
S_HIT_COMBO = 32903
S_HOLD_ABNORMALITY_ADD = 43932
S_IMAGE_DATA = 54776
S_INSTANCE_ARROW = 29009
S_INSTANT_DASH = 48093
S_INSTANT_MOVE = 58536
S_INVEN_CHANGEDSLOT = 51246
S_INVEN_USERDATA = 55815
S_ITEMLIST = 31571
S_ITEM_COLORING_BAG = 54383
S_ITEM_CUSTOM_STRING = 36261
S_ITEM_EXPLOSION_RESULT = 38611
S_JOIN_PRIVATE_CHANNEL = 59301
S_LEARN_EP_PERK = 43290
S_LEAVE_GUILD = 44538
S_LEAVE_PARTY = 38272
S_LEAVE_PARTY_MEMBER = 40026
S_LEAVE_PRIVATE_CHANNEL = 29139
S_LOADING_SCREEN_CONTROL_INFO = 20121
S_LOAD_ACHIEVEMENT_LIST = 30240
S_LOAD_CLIENT_ACCOUNT_SETTING = 54830
S_LOAD_CLIENT_USER_SETTING = 60895
S_LOAD_DUNGEON_SOUND_HINT = 40018
S_LOAD_EP_INFO = 44011
S_LOAD_TOPO = 40664
S_LOCKON_YOU = 21777
S_LOGIN = 34128
S_LOGIN_ACCOUNT_INFO = 44134
S_LOGOUT_PARTY_MEMBER = 37103
S_MOUNT_VEHICLE = 59396
S_MOUNT_VEHICLE_EX = 24489
S_MOVE_SHUTTLE = 46454
S_MUTE = 27888
S_NOCTAN_VARIATION_INFO = 22131
S_NOTIFY_GUILD_QUEST_URGENT = 32351
S_NOTIFY_TO_FRIENDS_WALK_INTO_SAME_AREA = 54315
S_NPCGUILD_LIST = 32224
S_NPC_CHANGE_MESH = 44101
S_NPC_LOCATION = 29724
S_NPC_MENU_SELECT = 54036
S_NPC_OCCUPIER_INFO = 43250
S_NPC_STATUS = 51237
S_NPC_TARGET_USER = 59825
S_OPEN_AWESOMIUM_WEB_URL = 39417
S_OTHER_USER_APPLY_PARTY = 35244
S_PARTY_INFO = 42877
S_PARTY_MARKER = 56594
S_PARTY_MATCH_LINK = 44021
S_PARTY_MEMBER_ABNORMAL_ADD = 29502
S_PARTY_MEMBER_ABNORMAL_CLEAR = 54724
S_PARTY_MEMBER_ABNORMAL_DEL = 46986
S_PARTY_MEMBER_ABNORMAL_REFRESH = 33454
S_PARTY_MEMBER_BUFF_UPDATE = 57488
S_PARTY_MEMBER_CHANGE_HP = 44813
S_PARTY_MEMBER_CHANGE_MP = 26165
S_PARTY_MEMBER_CHANGE_STAMINA = 33436
S_PARTY_MEMBER_INFO = 34022
S_PARTY_MEMBER_INTERVAL_POS_UPDATE = 63311
S_PARTY_MEMBER_LIST = 35758
S_PARTY_MEMBER_QUEST_DATA = 37111
S_PARTY_MEMBER_STAT_UPDATE = 32747
S_PLAYER_CHANGE_ACTPOINT = 52124
S_PLAYER_CHANGE_ALL_PROF = 62944
S_PLAYER_CHANGE_EP = 61233
S_PLAYER_CHANGE_EXP = 53552
S_PLAYER_CHANGE_FLIGHT_ENERGY = 41843
S_PLAYER_CHANGE_MP = 34878
S_PLAYER_CHANGE_PROF = 30790
S_PLAYER_CHANGE_STAMINA = 40249
S_PLAYER_RESET_EP = 31746
S_PLAYER_STAT_UPDATE = 31329
S_PLAY_ANIMATION = 24353
S_PLAY_EFFECT = 33779
S_PLAY_EVENT_SOUND = 63122
S_PLAY_MOVIE = 32348
S_PLAY_SOUND = 47314
S_PLAY_SOUND_BYNAME = 20045
S_POINT_STORE_SELL_LIST = 32567
S_POST_PROCESS = 49803
S_PREMIUM_SLOT_DATALIST = 33104
S_PREMIUM_SLOT_OFF = 27188
S_PREPARE_EXIT = 28052
S_PREPARE_RETURN_TO_LOBBY = 45629
S_PRIVATE_CHANNEL_NOTICE = 32314
S_PRIVATE_CHAT = 48461
S_PRODUCE_CRITICAL = 33006
S_QUEST_BALLOON = 65477
S_QUEST_VILLAGER_INFO = 42424
S_REGISTER_ENCHANT_ITEM = 24236
S_REGISTER_EVOLUTION_ITEM = 52625
S_REJECT_CONTRACT = 26863
S_REMOVE_EFFECT = 59296
S_REPLY_CLIENT_CHAT_OPTION_SETTING = 38359
S_REPLY_NONDB_ITEM_INFO = 57618
S_REPLY_REQUEST_CONTRACT = 25917
S_REQUEST_CONTRACT = 20503
S_REQUEST_DESPAWN_SERVANT = 42049
S_REQUEST_PRIVATE_CHANNEL_INFO = 50582
S_REQUEST_REACTION_POS_TICK = 52673
S_REQUEST_SECOND_PASSWORD_AUTH = 47202
S_REQUEST_SERVANT_INFO_LIST = 54848
S_REQUEST_SPAWN_SERVANT = 42438
S_RESET_EP_PERK = 23972
S_RESPONSE_GAMESTAT_PONG = 45920
S_RESULT_BIDDING_DICE_THROW = 65029
S_RESULT_EVENT_SEED = 31236
S_RESULT_ITEM_BIDDING = 41578
S_RETURN_TO_LOBBY = 35384
S_RP_SKILL_POLISHING_LIST = 22229
S_SELECT_USER = 32395
S_SHORTCUT_CHANGE = 60657
S_SHOW_AWESOMIUMWEB_SHOP = 26193
S_SHOW_CANDIDATE_LIST = 58651
S_SHOW_HP = 61902
S_SHOW_ITEM_TOOLTIP = 34031
S_SHOW_PARTY_MATCH_INFO = 63594
S_SHOW_PEGASUS_MAP = 25896
S_SHOW_USER_EP_INFO = 36569
S_SKILL_ATTENTION_TARGET = 32669
S_SKILL_CATEGORY = 31520
S_SKILL_LEARN_LIST = 39825
S_SKILL_LEARN_RESULT = 47877
S_SKILL_LIST = 48127
S_SOCIAL = 44061
S_SPAWN_BONFIRE = 21745
S_SPAWN_BUILD_OBJECT = 61267
S_SPAWN_COLLECTION = 61316
S_SPAWN_DOOR = 32691
S_SPAWN_DROPITEM = 50090
S_SPAWN_EVENT_SEED = 26505
S_SPAWN_ME = 25335
S_SPAWN_NPC = 23445
S_SPAWN_PROJECTILE = 47310
S_SPAWN_SHUTTLE = 26592
S_SPAWN_USER = 39768
S_SPAWN_WORKOBJECT = 58485
S_START_ACTION_SCRIPT = 40122
S_START_CHANGE_USER_APPEARANCE = 51430
S_START_CLIENT_CUSTOM_SKILL = 58793
S_START_CLIMBING = 26814
S_START_COOLTIME_ITEM = 61800
S_START_COOLTIME_SKILL = 43168
S_START_INVERSE_CAPTURE = 31579
S_START_PRODUCE = 59869
S_START_USER_PROJECTILE = 20801
S_STEER_DEBUG_COMMAND = 62326
S_STICK_TO_USER_END = 37711
S_STICK_TO_USER_START = 37583
S_STORE_SELL_LIST = 60284
S_SUCCESS_COUNTER = 43952
S_SYSTEM_MESSAGE = 33144
S_SYSTEM_MESSAGE_LOOT_ITEM = 54088
S_SYSTEM_MESSAGE_LOOT_SPECIAL_ITEM = 45375
S_TARGET_INFO = 51187
S_TBA_SELECT_USER = 49273
S_TELEPORT_TO_CAMP = 50018
S_TIMEOVER_CONTRACT = 36649
S_TRADE_BROKER_DEAL_INFO_UPDATE = 60112
S_TRADE_BROKER_DEAL_SUGGESTED = 37805
S_TRADE_BROKER_REQUEST_DEAL_RESULT = 36603
S_UNICAST_TRANSFORM_DATA = 40537
S_UNMOUNT_VEHICLE = 38827
S_UNMOUNT_VEHICLE_EX = 43947
S_UPDATE_ACHIEVEMENT_PROGRESS = 55564
S_UPDATE_EVENT_SEED_STATE = 33918
S_UPDATE_FRIEND_INFO = 33683
S_UPDATE_GUILD_QUEST_STATUS = 36125
S_UPDATE_NPCGUILD = 20593
S_USER_APPEARANCE_CHANGE = 49713
S_USER_BLOCK_LIST = 59568
S_USER_CHANGE_FACE_CUSTOM = 32070
S_USER_CHANGE_NAME = 39572
S_USER_DEATH = 36211
S_USER_EFFECT = 59688
S_USER_EXTERNAL_CHANGE = 31534
S_USER_LEVELUP = 42171
S_USER_LOCATION = 47051
S_USER_LOCATION_IN_ACTION = 64408
S_USER_MOVETYPE = 49637
S_USER_PAPERDOLL_INFO = 28688
S_USER_SITUATION = 37441
S_USER_STATUS = 56093
S_USER_WEAPON_APPEARANCE_CHANGE = 26562
S_VIEW_PARTY_INVITE = 27458
S_VIEW_WARE_EX = 48726
S_VISIT_NEW_SECTION = 63941
S_VOTE_RESET_ALL_DUNGEON = 32336
S_WEAK_POINT = 50957
S_WHISPER = 37407
TTB_S_CHANGE_HERO = 51376
TTB_S_LOAD_EP_PAGE = 54143
C_REQUEST_SERVER_ADMINTOOL_AWESOMIUM_URL 35801
S_GUILD_POINT_INFO_CHANGED 50754
S_CANT_FLY_ANYMORE 50635
S_PREPARE_SELECT_CHANNEL 51737
S_GUILD_INFO 59571
S_GUILD_LEVEL_INFO_CHANGED 63851
S_GUILD_LEVEL_RANKING_LIST 57248
S_GUILD_MEMBER_LIST 58625
S_GUILD_MONEY_INFO_CHANGED 58587
S_GUILD_NAME 63297
S_GUILD_PERK_LIST 59900
S_GUILD_POINT_INFO_CHANGED 50754
S_GUILD_STORE_BASKET 55224
S_GUILD_STORE_SELL_LIST 44159
S_GUILD_TOWER_INFO 27774
S_GUILD_WARE_HISTORY 39344
S_GUILD_WAR_PENALTY_INFO 22503
S_CHANGE_EVENT_MATCHING_STATE 34732
S_FIELD_EVENT_ON_ENTER 31521
S_AVAILABLE_EVENT_MATCHING_LIST 33037
C_RETURN_TO_LOBBY 23257
S_COMPLETE_EVENT_MATCHING_QUEST 33216
S_FIELD_EVENT_PROGRESS_INFO 22827
S_UPDATE_GUILD_QUEST_STATUS 37029
C_REQUEST_FINISH_GUILD_QUEST 43460
C_REQUEST_START_GUILD_QUEST 27327
S_FIELD_POINT_INFO 55386
S_NOTIFY_GUILD_QUEST_URGENT 37051
C_GET_GUILD_QUEST_WEEKLY_REWARD 45234
C_REQUEST_GUILD_INFO 29393
C_COMPLETE_DAILY_EVENT 34732
C_COMPLETE_EXTRA_EVENT 56359
C_REQUEST_FIELD_POINT_REWARD 55608
C_REQUEST_ONGOING_FIELD_EVENT_LIST 58346
C_REQUEST_RECV_DAILY_TOKEN 36659
S_CANCEL_SELECT_CHANNEL 58773
C_GET_WARE_ITEM 58579
S_GUILD_QUEST_LIST 44336
S_REQUEST_GUILD_CHANGE_RANK 27712
S_RESULT_ENCHANT 27224
S_TRADE_BROKER_REGISTERED_ITEM_LIST 26340
C_REQUEST_EVENT_MATCHING_TELEPORT 49982
C_SELECT_CHANNEL 61163
S_PREPARE_SELECT_CHANNEL 33712
S_CANCEL_SELECT_CHANNEL 31381
S_PVP_LEADER_BOARD_INFO 45118
S_PVE_LEADER_BOARD_INFO 35531
C_DUNGEON_CLEAR_COUNT_LIST 34435
S_REGISTER_CARD 60660 
CU_START_FUSION 53692
CU_CLEAR_CARDS_MENU 45563
CU_ADD_CARD_TO_FUSION_MENU 54921
C_SET_TARGET_INFO 63612
S_CARD_DATA 36253
C_CHANGE_CARD_EFFECT_UNCHECK 58294
C_CHANGE_CARD_EFFECT_CHECK 35029
S_CHANGE_CARD_EFFECT_UNCHECK 48550
S_CHANGE_CARD_EFFECT_CHECK 28226
S_CHANGE_CARD_PRESET 29768
C_CHANGE_CARD_PRESET 34365
C_STATUS_FL 36133
S_LOAD_TOPO_FIN 51996
C_ACCEPT_CONTRACT 64303
C_CHANGE_GUILD_CHIEF 36737
