S_FATIGABILITY_POINT = 24897 
S_CURRENT_CHANNEL = 62984
C_CAST_FISHING_ROD = 38028 
C_END_FISHING_MINIGAME = 45614 
C_PUT_WARE_ITEM = 23779 
C_RQ_ADD_ITEM_TO_DECOMPOSITION_CONTRACT = 21698 
C_START_FISHING_MINIGAME = 51383 
C_STOP_FISHING = 40109 
C_STORE_COMMIT = 23897 
C_STORE_SELL_ADD_BASKET = 48533 
S_FISHING_BITE = 45229 
S_FISHING_CATCH = 38224 
S_CAST_FISHING_ROD = 42364 
S_RP_ADD_ITEM_TO_DECOMPOSITION_CONTRACT = 51053 
S_START_FISHING_MINIGAME = 64296 
S_STORE_BASKET = 34539
C_REQUEST_RECV_DAILY_TOKEN = 50710
S_CANT_FLY_ANYMORE = 60228 
C_SELECT_CHANNEL = 63359 
S_CANCEL_SELECT_CHANNEL = 40753 
S_PREPARE_SELECT_CHANNEL = 42246 
S_TRADE_BROKER_BOUGHT_ITEM_LIST = 33044
C_REQUEST_SERVER_ADMINTOOL_AWESOMIUM_URL = 40881


C_ACCEPT_CONTRACT 20624
C_ACCEPT_FRIEND 40487
C_ACCEPT_GUILD_APPLY 39812
C_ACTIVATE_CARD_COMBINE_LIST 20921
C_ADD_CRYSTAL_COMBINE_MATERIAL 63434
C_ADD_FRIEND 20571
C_ADD_FRIEND_GROUP 22665
C_ADD_INTER_PARTY_MATCH_POOL 47324
C_ADD_ITEM_TO_VM_BUY_BASKET 28673
C_ADD_ITEM_TO_VM_SELL_BASKET 51169
C_ADD_TELEPORT_TO_POS_LIST 65129
C_ADD_TRADE_BAG 39139
C_ADMIN 53643
C_ADMIN_ADD_CUSTOM_BOOKMARK 59583
C_ADMIN_CHAT_BAN 45950
C_ADMIN_CHECK_USERNAME 48670
C_ADMIN_GET_DUNGEON_USER_LIST 49901
C_ADMIN_GET_USER_INFO_BY_DBID 27668
C_ADMIN_GET_USER_INFO_LIST_BY_DISTANCE 59758
C_ADMIN_GMEVENT_NOTICE 30725
C_ADMIN_GMEVENT_OFF 56234
C_ADMIN_GMEVENT_OX_QUIZ_NEXT_QUIZ 23128
C_ADMIN_GMEVENT_OX_QUIZ_NEXT_REPE_QUIZ 21718
C_ADMIN_GMEVENT_STATUS 43609
C_ADMIN_GMEVENT_USER_KICK 63166
C_ADMIN_GMEVENT_USER_SUMMON 45727
C_ADMIN_GM_MAPTELEPORT 29859
C_ADMIN_GM_SKILL 59449
C_ADMIN_GM_TELEPORT 33242
C_ADMIN_HOLD_CHARACTER 44911
C_ADMIN_KILL_NPC 55802
C_ADMIN_LOBBY 57699
C_ADMIN_REMOVE_CUSTOM_BOOKMARK 44277
C_ADMIN_REMOVE_NPC 50846
C_ADMIN_REQUEST_CUSTOM_BOOKMARK 39693
C_ADMIN_REQUEST_DEFAULT_BOOKMARK 21370
C_ADMIN_REQUEST_USERACTION 51406
C_ADMIN_REQUEST_USERINFO 46339
C_ADMIN_SPAWN_NPC 42184
C_ADMIN_VANISH_PET 63459
C_ADMIN_WARNING_MESSAGE 27964
C_ANSWER_BANNING_PARTY_MEMBER 52348
C_ANS_QUEST_SHARE 21032
C_APPLY_GUILD 34750
C_APPLY_INVEN_POCKET_SORT 28774
C_APPLY_PARTY 22312
C_APPLY_TITLE 64000
C_ARRIVE_AT_JUMPGEAR_DESTINATION 47302
C_ASK_HANCOIN_AMOUNT 51095
C_ASK_INTERACTIVE 54609
C_AVAILABLE_EVENT_MATCHING_LIST 37567
C_AWESOMIUM_WEB_COUNTING 24726
C_BANISH_GUILD_MEMBER 56818
C_BAN_FROM_GROUP_DUEL 49638
C_BAN_PARTY_MEMBER 30124
C_BATTLE_FIELD_BOARD_REQUEST 63091
C_BATTLE_FIELD_CANCEL_OCCUPATION 33021
C_BATTLE_FIELD_HELP 62863
C_BATTLE_FIELD_MAP_ALARM 27016
C_BATTLE_FIELD_POINT_STORE_BUY_ADD_BASKET 56933
C_BATTLE_FIELD_POINT_STORE_BUY_DEL_BASKET 54372
C_BATTLE_FIELD_POINT_STORE_COMMIT 60596
C_BATTLE_FIELD_REWARD 51797
C_BATTLE_FIELD_START_OCCUPATION 33011
C_BETTING_TRY 57281
C_BIND_ITEM_BEGIN_PROGRESS 36745
C_BIND_ITEM_EXECUTE 39665
C_BLOCK_USER 27252
C_BOARD_ITEM_LIST 61768
C_BROADCAST_CLIMBING 37141
C_BUY_INGAMESTORE_MONEYPRODUCT 62660
C_BUY_INGAMESTORE_TCATPRODUCT 63503
C_BUY_VILLAGER_BUFF 20322
C_CANCEL_CHANGE_USER_APPEARANCE 63573
C_CANCEL_CONTRACT 22366
C_CANCEL_DELETE_USER 32825
C_CANCEL_DUNGEON_RETRY 44852
C_CANCEL_EXIT 43502
C_CANCEL_FIX_VEHICLE 46901
C_CANCEL_LOCKON_TARGET 46678
C_CANCEL_PENDING 64545
C_CANCEL_PREPARE_CHANGE_USER_APPEARANCE 33714
C_CANCEL_QUEST 42201
C_CANCEL_RETURN_TO_LOBBY 25978
C_CANCEL_REVIVE 28765
C_CANCEL_SELECT_CHANNEL 52035
C_CANCEL_SKILL 56491
C_CAN_CREATE_USER 23087
C_CAN_LOCKON_TARGET 32570
C_CAST_FISHING_ROD 38028
C_CHANGE_CARD_PRESET 29342
C_CHANGE_CHANNEL_PASSWORD 32063
C_CHANGE_CHARACTER 59284
C_CHANGE_EQUIP_PRESET 35251
C_CHANGE_FRIEND_MEMO 56037
C_CHANGE_GROUP_DUEL_SETTING 23909
C_CHANGE_GUILDGROUP 34088
C_CHANGE_GUILDNAME 49094
C_CHANGE_GUILD_CHIEF 49490
C_CHANGE_ITEM_COLORING_POTION 53179
C_CHANGE_ITEM_PASSIVE_LIST 29102
C_CHANGE_LOOKS_PREMIUM_TRY 24426
C_CHANGE_LOOKS_SERVANT 26845
C_CHANGE_MY_PROFILE 52806
C_CHANGE_MY_STATE 40563
C_CHANGE_PARTY_MANAGER 54499
C_CHANGE_PARTY_MEMBER_AUTHORITY 52181
C_CHANGE_POCKET_NAME 29278
C_CHANGE_SERVANT_CONDITIONAL_SKILL 29868
C_CHANGE_SERVANT_NAME 36122
C_CHANGE_USER_LOBBY_SLOT_ID 60031
C_CHANGE_USER_NAME 26918
C_CHANGE_VM_MODE 33665
C_CHAT 46535
C_CHAT_REPORT 41319
C_CHECK_CHANGE_GUILDNAME 60775
C_CHECK_EVENT_MATCHING_LIST_CHECKBOX 58281
C_CHECK_EVENT_SYSTEM_REWARD 54344
C_CHECK_TO_DECLARE_GUILD_WAR 36331
C_CHECK_TO_OPPOSITE_DECLARE_GUILD_WAR 52032
C_CHECK_TO_READY_PARTY 35762
C_CHECK_TO_READY_PARTY_ANSWER 48159
C_CHECK_USERNAME 58835
C_CHECK_VERSION 19900
C_CITY_WAR_INFO_HISTROY 38269
C_CITY_WAR_SEASON_HISTROY 57248
C_CLEAR_SEND_PARCEL 26693
C_CLOSE_SEND_PARCEL 43298
C_CLOSE_VM 52399
C_COLLECTION_PICKEND 42679
C_COLLECTION_PICKSTART 39826
C_COMBINE_ITEM 28589
C_COMMIT_ACCESSORY_TRANSFORM 37990
C_COMMIT_CHANGE_USER_APPEARANCE 27643
C_COMMIT_FACE_BONE_DATA 30896
C_COMMIT_INGAME_CHANGE_USER_APPEARANCE 37703
C_COMMIT_VM_TRADE 35180
C_COMPLETE_DAILY_EVENT 42449
C_COMPLETE_EXTRA_EVENT 28849
C_COMPLETE_QUEST 23717
C_CONFIRM_EVENT_SYSTEM 43253
C_CONFIRM_INVITE_CODE 56920
C_CONFIRM_SERVANT_AUTO_FEED_INFO 23627
C_CONFIRM_SERVANT_AUTO_POTION_INFO 58982
C_CONFIRM_UPDATE_NOTIFICATION 33872
C_CREATE_GROUP_DUEL 33495
C_CREATE_GUILDGROUP 39171
C_CREATE_PRIVATE_CHANNEL 47711
C_CREATE_USER 34682
C_CREST_APPLY 50465
C_CREST_APPLY_LIST 41168
C_CREST_DISAPPLY_ALL 54983
C_CRYSTAL_COMBINE_EXECUTE 33141
C_CURRENT_CHANNEL 38350
C_CUSTOM_USER_CUSTOMIZING 20976
C_DEACTIVATE_CARD_COMBINE_LIST 60291
C_DECLARE_GUILD_WAR 50725
C_DECOMPOSE_REGISTER_ITEM 25947
C_DECOMPOSE_UNREGISTER_ITEM 31612
C_DELETE_COUPON 20883
C_DELETE_FRIEND 50664
C_DELETE_FRIEND_GROUP 26745
C_DELETE_PARCEL 35195
C_DELETE_SERVANT 60066
C_DELETE_SERVANT_ABILITY 53548
C_DELETE_TELEPORT_TO_POS_LIST 48383
C_DELETE_USER 41719
C_DELIVERY_STORE_ADD_BASKET 60271
C_DELIVERY_STORE_COMMIT 64878
C_DELIVERY_STORE_DEL_BASKET 48501
C_DEL_CRYSTAL_COMBINE_MATERIAL 40283
C_DEL_INTER_PARTY_MATCH_POOL 35274
C_DEL_ITEM 34507
C_DESPAWN_BUILD_OBJECT 36094
C_DESTROY_GUILD 65438
C_DIALOG 29426
C_DIALOG_EVENT 23897
C_DISMISS_PARTY 58201
C_DISTRIBUTOR_ANSWER 23987
C_DUEL_CANCEL 38859
C_DUNGEON_CLEAR_COUNT_LIST 27019
C_DUNGEON_COOL_TIME_LIST 55156
C_DUNGEON_RANK_RECORD_LIST 47345
C_DUNGEON_RANK_SEASON_LIST 22103
C_DUNGEON_SUMMON_PARTY 28251
C_DUNGEON_UI_OPENED 53026
C_DUNGEON_WORK_ENTER 44659
C_DUNGEON_WORK_LEAVE 28317
C_DUNGEON_WORK_POINT_STORE_BUY_ADD_BASKET 30241
C_DUNGEON_WORK_POINT_STORE_BUY_DEL_BASKET 51359
C_DUNGEON_WORK_POINT_STORE_COMMIT 27971
C_DUNGEON_WORK_RETRY 22837
C_EDIT_BLOCKED_USER_MEMO 23702
C_EDIT_FRIEND_GROUP 23263
C_EDIT_PRIVATE_CHANNEL 31568
C_ENCHANTER_USE 63345
C_END_CLIMBING 33613
C_END_CUSTOMIZING_PARTS_SHAPE 63814
C_END_FISHING_MINIGAME 45614
C_END_ITEM_BIDDING 25078
C_END_MOVIE 46243
C_END_RESTORE_CUSTOMIZING_PARTS_SHAPE 64102
C_ENTER_BATTLE_FIELD 50319
C_ENTER_DUNGEON 37421
C_ENTER_SCENARIO_DUNGEON 62131
C_ENTER_TELEPORTTERRITORY 21875
C_EQUIPMENT_ENCHANT_SCROLL_USE 35439
C_EQUIP_SERVANT_ITEM 55465
C_EVENT_GUIDE 55032
C_EVENT_MATCHING_BATTLEFIELD_DETAIL_INFO 51062
C_EVENT_MATCHING_DUNGEON_DETAIL_INFO 62885
C_EXIT 55206
C_EXPAND_INVEN_POCKET 45071
C_EXTEND_PARTY 51146
C_FACIAL_ATTACHMENT 49277
C_FIELD_EVENT_BAN 59532
C_FINDNAME 25844
C_FLOATING_CASTLE_PARTS_STORE_BUY_ADD_BASKET 46239
C_FLOATING_CASTLE_PARTS_STORE_BUY_DEL_BASKET 37407
C_FLOATING_CASTLE_PARTS_STORE_COMMIT 31169
C_GACHA_CANCEL 59688
C_GACHA_TRY 62273
C_GAMBLE_CANCEL 52433
C_GAMBLE_CHANGE_BET_ITEM 49538
C_GAMBLE_GO 48874
C_GAMBLE_STOP 37799
C_GAMBLE_TRY 28399
C_GET_ATTENDANCE_REWARD 37488
C_GET_EVENT_DETAIL 62621
C_GET_EVENT_SYSTEM_REWARD 65090
C_GET_GUILD_HISTORY 24213
C_GET_GUILD_QUEST_WEEKLY_REWARD 62323
C_GET_GUILD_WARE_HISTORY 33823
C_GET_IN_SHUTTLE 23303
C_GET_OUT_SHUTTLE 27180
C_GET_USER_GUILD_LOGO 32544
C_GET_USER_LIST 21692
C_GET_WARE_ITEM 38463
C_GIVE_UP_GUILD_WAR 41522
C_GMEVENT_LEAVE_EVENT 30130
C_GMEVENT_MOVE_TO_STADIUM 59506
C_GMEVENT_OX_REPE_QUIZ_ANSWER 48768
C_GROUP_DUEL_ADD_BETTING_ITEM 42155
C_GROUP_DUEL_BETTING 48013
C_GROUP_DUEL_BETTING_MONEY 65069
C_GROUP_DUEL_CHANGE_REPRESENT 31056
C_GROUP_DUEL_DEL_BETTING_ITEM 46516
C_GROUP_DUEL_RECORD 27774
C_GUARD_PK_POLICY 50924
C_GUILD_APPLY_LIST 22581
C_GUILD_APPLY_LIST_PAGE 30456
C_GUILD_STORE_BUY_ADD_BASKET 51884
C_GUILD_STORE_BUY_DEL_BASKET 34659
C_GUILD_STORE_COMMIT 52019
C_HARDWARE_INFO 61903
C_HIT_USER_PROJECTILE 44748
C_INGAME_CHANGE_USER_APPEARANCE_CANCEL 58857
C_INGAME_CHANGE_USER_APPEARANCE_TRY 36583
C_INVALID_BUILD_VERSION 38711
C_INVITE_FRIEND_CODE 27596
C_INVITE_USER_TO_GUILD 37577
C_ITEMSYNTHESIZER_REQUEST_CANCEL 56606
C_ITEMSYNTHESIZER_REQUEST_MATERIAL 38052
C_ITEMSYNTHESIZER_REQUEST_START 43400
C_ITEM_COLORING_ADD_ITEM 49674
C_ITEM_COLORING_REMOVE_ITEM 62260
C_ITEM_COLORING_SET_COLOR 34999
C_JOIN_GROUP_DUEL 34669
C_JOIN_PRIVATE_CHANNEL 31951
C_KICK_CHANNEL_MEMBER 58958
C_LEARN_EP_PERK 39854
C_LEAVE_GROUP_DUEL 40377
C_LEAVE_GUILD 23009
C_LEAVE_PARTY 42171
C_LEAVE_PRIVATE_CHANNEL 23461
C_LEAVE_TELEPORTTERRITORY 64204
C_LIST_CHANNEL 53902
C_LIST_PARCEL 33617
C_LOAD_EP_INFO 50536
C_LOAD_TOPO_FIN 65484
C_LOGIN_ARBITER 22315
C_LORD_CALC_TAX 51713
C_LORD_CANDIDATE_LIST 40086
C_LORD_CANDIDATE_PLEDGE 53075
C_LORD_CHANGE_GREETINGS 61504
C_LORD_CHANGE_POLICY 49919
C_LORD_GUARD_INFO 28045
C_LORD_RANK_INFO 39752
C_LORD_REGISTER 26196
C_LORD_REGISTER_INFO 58451
C_LORD_TAX_SET 47180
C_LORD_VOTE 40085
C_LORD_VOTE_CANDIDATE_LIST 25632
C_MAIN_MENU_COMMAND_EXEC 37977
C_MEDAL_STORE_BUY_ADD_BASKET 47553
C_MEDAL_STORE_BUY_DEL_BASKET 48999
C_MEDAL_STORE_COMMIT 44802
C_MEET_BOSS_INFO 27937
C_MERGE_ITEM 24625
C_MERGE_ITEM_EXECUTE 44055
C_MERGE_PARTY_TO_RAID 24418
C_MOUNT_CARD 30789
C_MOUNT_VEHICLE_EX 43404
C_MOVE_ITEM 52908
C_MOVE_SLOT_IN_GROUP_DUEL 35583
C_MOVE_WARE_POS 41048
C_NOTIFY_LOCATION_IN_ACTION 40656
C_NOTIFY_LOCATION_IN_DASH 40511
C_NOTIFY_LOCATION_IN_REACTION 28051
C_NOTIFY_SPIRIT_LOCATION_IN_ACTION 57534
C_NOTIMELINE_SKILL 23988
C_NPCGUILD_LIST 31699
C_NPC_CONTACT 31825
C_OPEN_GUILD_WAR_WINDOW 55258
C_OPPOSITE_DECLARE_GUILD_WAR 30944
C_OP_COMMAND 38743
C_PARCEL_REPORT 41334
C_PARTY_APPLICATION_DENIED 36007
C_PARTY_LOOTING_METHOD 24630
C_PARTY_LOOTING_METHOD_VOTE 34264
C_PARTY_MARKER 28839
C_PARTY_MATCH_WINDOW_CLOSED 34591
C_PAY_WAREHOUSE_COMMISION 59527
C_PETITION_CANCEL 49702
C_PETITION_CHAT_USER_MESSAGE 27893
C_PETITION_CHECK_CREATABLE 56440
C_PETITION_CHECK_SURVEYABLE 62617
C_PETITION_COMPLETE_CONFIRM 28697
C_PETITION_CREATE 59445
C_PETITION_FEEDBACK 53941
C_PET_EQUIP 28239
C_PET_INCUBATOR_GET 62898
C_PET_INCUBATOR_PUT 30918
C_PET_INCUBATOR_START 20411
C_PET_INCUBATOR_TAKEALL 39544
C_PET_LEVEL_UP_ITEM_ADD_TO_LIST 64970
C_PET_LEVEL_UP_ITEM_REMOVE_FROM_LIST 50961
C_PET_ORB_ATTACH 24182
C_PET_ORB_DELETE 56501
C_PET_REPAIR 28004
C_PET_UNEQUIP 45511
C_PLAYER_FLYING_LOCATION 48654
C_PLAYER_LOCATION 36811
C_PLAY_TIME 60084
C_POINT_STORE_BUY_ADD_BASKET 29252
C_POINT_STORE_BUY_DEL_BASKET 30988
C_POINT_STORE_COMMIT 53253
C_POLITICS_POINT_STORE_BUY_ADD_BASKET 29261
C_POLITICS_POINT_STORE_BUY_DEL_BASKET 60074
C_POLITICS_POINT_STORE_COMMIT 25224
C_PONG 30899
C_PRECONFIRM_INVITE_CODE 34609
C_PREMIUM_COMPOSE_ADD_ITEM 62892
C_PREMIUM_COMPOSE_CANCEL 40052
C_PREMIUM_COMPOSE_DEL_ITEM 64331
C_PREMIUM_COMPOSE_RESET 47346
C_PREMIUM_COMPOSE_TRY 57745
C_PREPARE_WORKOBJECT 63525
C_PRESS_SKILL 53408
C_PREVIEW_ITEM 54965
C_PROMOTION_CANCEL 46846
C_PROMOTION_INFO 20541
C_PROMOTION_RESET 25464
C_PROMOTION_START 54031
C_PURCHASE_PROD 59084
C_PUT_INTO_PRISON 47620
C_PUT_WARE_ITEM 23779
C_QUERY_COIN 43201
C_RECEIVE_COLLECTION_BOOK_REWARD 27378
C_RECEIVE_FREE_STYLE_SHOP_ITEMS 26824
C_RECEIVE_PLAYTIME_EVENT_REWARD 27268
C_RECOMMEND_GUILD 33249
C_RECOMMEND_USER_GUILD 26478
C_RECV_PARCEL 48694
C_RECV_PARCEL_ALL 53900
C_RECV_PARCEL_EX 44469
C_REGISTER_COMBINE_ITEM 33909
C_REGISTER_ENCHANT_ITEM 41674
C_REGISTER_EVOLUTION_ITEM 24228
C_REGISTER_PARTY_INFO 53887
C_REGISTER_REPAIR_ITEM 49063
C_REGISTER_VM_BUY_ITEM 53683
C_REGISTER_VM_SELL_ITEM 27189
C_REGIST_CUSTOMIZING_PARTS_SHAPE_ITEM 21452
C_REIGN_INFO 49535
C_REJECT_CONTRACT 31367
C_REJECT_INVITE_USER_TO_GUILD 48890
C_RELEASE_FROM_PRISON 57008
C_REMOVE_BLOCKED_USER 53843
C_REMOVE_COLORING_POTION 55331
C_REMOVE_GUILDGROUP 64215
C_REMOVE_ITEM_FROM_VM_BUY_BASKET 44522
C_REMOVE_ITEM_FROM_VM_SELL_BASKET 51870
C_RENAME_TELEPORT_TO_POS_LIST 35117
C_REPLY_INTER_PARTY_MAKE 48642
C_REPLY_TELEPORT 41929
C_REPLY_TELEPORT_NEAR_TOWN 56802
C_REPLY_TELEPORT_WALK_THROUGH 33970
C_REPLY_THROUGH_ARBITER_CONTRACT 49766
C_REQUEST_ABILITY_TRANSFER 47155
C_REQUEST_ACCESSORY_COST_INFO 34275
C_REQUEST_ACHIEVEMENT_LIST 27292
C_REQUEST_ARENA_BETTING_INFO 58672
C_REQUEST_BATTLE_FIELD_CHAT_BAN 65174
C_REQUEST_BATTLE_FIELD_PARTY_MARKER 23001
C_REQUEST_BATTLE_FIELD_PARTY_MARKER_CLEAR 59126
C_REQUEST_BOSS_GAGE_INFO 26120
C_REQUEST_BUY_VIP_STORE_ITEM 40036
C_REQUEST_CANCEL_GUILD_QUEST 45619
C_REQUEST_CANDIDATE_LIST 34135
C_REQUEST_CHANGE_CHARACTER_NAME 33542
C_REQUEST_CHANGE_DUAL_OPTION_IDX 21355
C_REQUEST_CHANGE_LOOKS_SERVANT 45621
C_REQUEST_CHANGE_PARTY_MATCH_RULE 43759
C_REQUEST_CITY_WAR_MAP_INFO 30483
C_REQUEST_CLIENT_CHAT_OPTION_SETTING 48112
C_REQUEST_CLIENT_UI_SETTING 20560
C_REQUEST_CONTRACT 28079
C_REQUEST_COOLTIME_TO_JOIN_GUILD 21790
C_REQUEST_COUPON_DATA 56254
C_REQUEST_COUPON_LIST 54686
C_REQUEST_DEMOLISH_GUILD_TOWER 24856
C_REQUEST_DEMOLIST_GUILD_TOWER_POPUP 49741
C_REQUEST_DESPAWN_SERVANT 35874
C_REQUEST_DICE_THROW 33676
C_REQUEST_DUNGEON_WORK_LIST 63828
C_REQUEST_ENCHANT 21230
C_REQUEST_ENTER_VIP_DUNGEON 23937
C_REQUEST_EQUIPMENT_INHERITANCE 46188
C_REQUEST_EVENT_MATCHING_TELEPORT 56685
C_REQUEST_EVOLUTION 30877
C_REQUEST_FIELD_POINT_REWARD 35067
C_REQUEST_FINISH_GUILD_QUEST 56987
C_REQUEST_FLOATING_CASTLE_PARTS_COOL_TIME 26431
C_REQUEST_FLY_MOVE_INFO 37043
C_REQUEST_GAMESTAT_PING 50242
C_REQUEST_GUILD_FLAG_IMAGE_DATA 45178
C_REQUEST_GUILD_INCENTIVE 61076
C_REQUEST_GUILD_INFO 42081
C_REQUEST_GUILD_INFO_BEFORE_APPLY_GUILD 53298
C_REQUEST_GUILD_LEVEL_RANKING 45470
C_REQUEST_GUILD_LIST 40039
C_REQUEST_GUILD_LIST_PAGE 61088
C_REQUEST_GUILD_LIST_SORT 26254
C_REQUEST_GUILD_PERK_LIST 20181
C_REQUEST_GUILD_WANTED_WRITING_LIST 41657
C_REQUEST_GUILD_WANTED_WRITING_LIST_PAGE 23629
C_REQUEST_GUILD_WAR_PENALTY_INFO 29717
C_REQUEST_IMAGE_DATA 40061
C_REQUEST_INCREASE_CARD_PRESET 33565
C_REQUEST_INGAMESTORE_PRODUCT_DETAIL 35174
C_REQUEST_INGAMESTORE_PRODUCT_LIST 46945
C_REQUEST_INVITE_GUILD_LIST 27570
C_REQUEST_INVITE_GUILD_LIST_PAGE 43637
C_REQUEST_ITEM_COLORING_VALUE 38053
C_REQUEST_LATEST_UPDATE_NOTIFICATION 51922
C_REQUEST_LEARN_GUILD_PERK 23759
C_REQUEST_MEGAPHONE 62840
C_REQUEST_MENTO_REWARD 23319
C_REQUEST_MY_ACTIVATE_CARD_COMBINE_LIST_DATA 44425
C_REQUEST_MY_PARTY_MATCH_INFO 22561
C_REQUEST_NAME_PREEMPTION 38572
C_REQUEST_NONDB_ITEM_INFO 45073
C_REQUEST_ONGOING_FIELD_EVENT_LIST 21916
C_REQUEST_OPEN_DUAL_OPTION 30956
C_REQUEST_OPEN_DUAL_OPTION_MATERIAL_INFO 56843
C_REQUEST_OTHERS_ACTIVATE_CARD_COMBINE_LIST_DATA_WITH_GAMEID 58833
C_REQUEST_OTHERS_CARD_DATA 43561
C_REQUEST_OTHERS_CARD_DATA_WITH_GAMEID 52659
C_REQUEST_PARTY_INFO 54406
C_REQUEST_PARTY_MATCH_INFO 50469
C_REQUEST_PARTY_MATCH_INFO_PAGE 48091
C_REQUEST_PARTY_MATCH_LINK 47264
C_REQUEST_PET_CONSUME_EXP_ITEM 44448
C_REQUEST_PLAYTIME 42110
C_REQUEST_PRIVATE_CHANNEL_INFO 53799
C_REQUEST_PVE_RANKING 64339
C_REQUEST_PVP_RANKING 25159
C_REQUEST_QUEST_BACKUP_ITEM 31205
C_REQUEST_RECV_DAILY_TOKEN 50710
C_REQUEST_RENAME_GUILD 28425
C_REQUEST_RENEW_ALL_PARTS_ITEM 50300
C_REQUEST_REPAIR_ITEM 29977
C_REQUEST_REPUTATION_STORE_TELEPORT 63627
C_REQUEST_RESET_EPPERK 29973
C_REQUEST_RESET_VIP_STORE 35142
C_REQUEST_RET_VILLAGE_INFO 34327
C_REQUEST_RIGHT_ITEM_LIST 40778
C_REQUEST_ROUND_PVE_SKILL_LIST 54685
C_REQUEST_SELL_LIST 34258
C_REQUEST_SEREN_GUIDE 48305
C_REQUEST_SERVANT_AUTO_FEED_INFO 30019
C_REQUEST_SERVANT_AUTO_POTION_INFO 65280
C_REQUEST_SERVANT_COMPOSE 54552
C_REQUEST_SERVANT_EVOLUTION 30539
C_REQUEST_SERVANT_INFO_LIST 61714
C_REQUEST_SERVANT_LEVEL_UP 37413
C_REQUEST_SERVER_ADMINTOOL_AWESOMIUM_URL 40881
C_REQUEST_SET_GUILD_WANTED_WRITING 26660
C_REQUEST_SHARE_QUEST 30389
C_REQUEST_SPAWN_SERVANT 26141
C_REQUEST_STACK_ATTENDANCE_EVENT_INFO_UPDATE 24044
C_REQUEST_STACK_ATTENDANCE_EVENT_REWARD 25517
C_REQUEST_START_GUILD_QUEST 33533
C_REQUEST_TOKEN_TARGET_ITEM 48494
C_REQUEST_UPDATE_ANNOUNCE 58606
C_REQUEST_UPDATE_INTRODUCE 51893
C_REQUEST_USABLE_CHARACTER_NAME 28666
C_REQUEST_USABLE_GUILD_NAME 59106
C_REQUEST_USER_ITEMLEVEL_INFO 57326
C_REQUEST_USER_PAPERDOLL_INFO 51949
C_REQUEST_USER_PAPERDOLL_INFO_WITH_GAMEID 46005
C_REQUEST_VIP_STORE_ITEM_LIST 63896
C_REQUEST_VIP_SYSTEM_INFO 50632
C_REQUEST_WRITE_BOARD 36625
C_RESET_ALL_DUNGEON 48761
C_RESPONSE_SPAWN_DROPITEM 37352
C_RETURN_PARCEL 34475
C_RETURN_TO_LOBBY 53040
C_RETURN_USER_GIFT 64768
C_REUQUEST_JOINED_CHANNEL_LIST 30763
C_REVIVE_NOW 30098
C_REWRITE_ITEM_STRING 58665
C_RIDE_PEGASUS 31562
C_ROLLBACK_QUEST 64157
C_ROUND_PVE_SKILL_SELECT 36063
C_RQ_ADD_ITEM_TO_DECOMPOSITION_CONTRACT 21698
C_RQ_COMMIT_DECOMPOSITION_CONTRACT 47518
C_RQ_DEL_ITEM_FROM_DECOMPOSITION_CONTRACT 30258
C_RQ_SKILL_POLISHING_CHANGE_OPTION 45714
C_RQ_SKILL_POLISHING_EXP_INFO 34587
C_RQ_SKILL_POLISHING_LIST 51369
C_RQ_SKILL_POLISHING_UNLOCK_OPTION 47278
C_RQ_SKILL_POLISHING_UPGRADE_LEVEL 55861
C_RQ_START_SOCIAL_ON_PROGRESS_DECOMPOSITION 64651
C_RQ_UPDATE_ITEM_TO_DECOMPOSITION_CONTRACT 48387
C_SAVE_CLIENT_ACCOUNT_SETTING 61649
C_SAVE_CLIENT_CHAT_OPTION_SETTING 32433
C_SAVE_CLIENT_UI_SETTING 45962
C_SAVE_CLIENT_USER_SETTING 41811
C_SECOND_PASSWORD_AUTH 64918
C_SECOND_PASSWORD_REGISTER 40908
C_SELECT_CHANNEL 63359
C_SELECT_EVENT_MATCHING 35947
C_SELECT_USER 45703
C_SEND_PARCEL 35830
C_SEND_UI_LOG 56402
C_SERVANT_ABILITY 40762
C_SERVER_TIME 48559
C_SETTLE_UP_BUY_VM 36296
C_SETTLE_UP_SELL_VM 32365
C_SET_GUILDGROUP_AUTHORITY 27108
C_SET_GUILD_JOIN_CONDITION 27789
C_SET_INVEN_POCKET_GET_FILTER 31977
C_SET_ITEM_STRING 20553
C_SET_RECIPE_BOOKMARK 21748
C_SET_SEND_PARCEL_ITEM 44272
C_SET_SEND_PARCEL_MONEY 47320
C_SET_SEND_PARCEL_TYPE 47270
C_SET_SERVANT_SEQUENCE 48004
C_SET_TARGET_INFO 52220
C_SET_VISIBLE_RANGE 52366
C_SHARE_USER_PING 60604
C_SHOW_AWESOMIUMWEB_SHOP 34297
C_SHOW_GUILD_QUEST_LIST 24627
C_SHOW_ITEMLIST 49227
C_SHOW_ITEM_TOOLTIP_EX 58570
C_SHOW_NAME_PLATE_ICON 53202
C_SHOW_PARCEL_MESSAGE 40960
C_SHOW_PETMANAGER 54969
C_SHOW_QUEST_INFO_DIALOG 38051
C_SHOW_STYLE 38878
C_SHOW_TRADE_ITEM 56139
C_SHOW_TRADE_LOG 51660
C_SIMPLE_TIP_DONT_REPEAT 54346
C_SIMPLE_TIP_REPEAT_CHECK 45034
C_SKILL_LEARN_LIST 48446
C_SKILL_LEARN_REQUEST 49201
C_SOCIAL 65460
C_SPAWN_BUILD_OBJECT 59067
C_START_CLIMBING 55131
C_START_COMBO_INSTANT_SKILL 39578
C_START_COMMANDER_SKILL 21335
C_START_DECOMPOSE 54682
C_START_ENCHANT 50408
C_START_EVOLUTION 38669
C_START_FISHING_MINIGAME 51383
C_START_FIX_SPIRIT 37400
C_START_FIX_VEHICLE 47399
C_START_GUILD_SKILL 51791
C_START_INSTANCE_SKILL 20209
C_START_INSTANCE_SKILL_EX 33499
C_START_PRODUCE 41513
C_START_REPAIR_ITEM 25004
C_START_SERVANT_ACTIVE_SKILL 58719
C_START_SKILL 61699
C_START_SKILL_BY_VEHICLE_EX 25030
C_START_TARGETED_SKILL 24681
C_START_VM_BUY 28641
C_START_VM_SELL 26702
C_STOP_FISHING 40109
C_STOP_VM 42061
C_STORE_BUY_ADD_BASKET 30501
C_STORE_BUY_DEL_BASKET 64808
C_STORE_COMMIT 37312
C_STORE_SELL_ADD_BASKET 48533
C_STORE_SELL_DEL_BASKET 33137
C_STR_EVALUATE_LIST 39007
C_STYLE_SHOP_BUY_REPUTATION_ITEM 56083
C_STYLE_SHOP_BUY_TCAT_ITEM 38690
C_SUGGEST_DARK_RIFT_PARTY_MATCHING 54395
C_SURVEY_ANSWER 53454
C_SWAP_PARTY 44428
C_TELEPORT_DARK_RIFT 21695
C_TELEPORT_TO_CAMP 27649
C_TELEPORT_TO_POS 64517
C_TELEPORT_TO_VILLAGE 44885
C_TEL_CAMP 50640
C_TOGGLE_GROUP_DUEL_READY 25677
C_TOGGLE_GROUP_DUEL_SLOT 29712
C_TOGGLE_TASK_INFO_WINDOW 58560
C_TRADE_BAG_CLOSE 28647
C_TRADE_BAG_DONE 31179
C_TRADE_BROKER_BOUGHT_ITEM_LIST 65277
C_TRADE_BROKER_BUY_IT_NOW 55360
C_TRADE_BROKER_CALC_BOUGHT_ITEM 61141
C_TRADE_BROKER_CALC_SOLD_ITEM 54387
C_TRADE_BROKER_CLOSE 46465
C_TRADE_BROKER_DEAL_CONFIRM 56447
C_TRADE_BROKER_DEAL_PRICE_UPDATE 57813
C_TRADE_BROKER_HIGHEST_ITEM_LEVEL 57982
C_TRADE_BROKER_HISTORY_ITEM_LIST_NEW 37433
C_TRADE_BROKER_HISTORY_ITEM_LIST_PAGE 40722
C_TRADE_BROKER_HISTORY_ITEM_LIST_SORT 20447
C_TRADE_BROKER_INPUT_PRICE 38891
C_TRADE_BROKER_REGISTERED_ITEM_LIST 38651
C_TRADE_BROKER_REGISTER_ITEM 26889
C_TRADE_BROKER_REJECT_SUGGEST 31497
C_TRADE_BROKER_SOLD_ITEM_LIST 64742
C_TRADE_BROKER_SUGGEST_DEAL 54381
C_TRADE_BROKER_UNREGISTER_ITEM 43344
C_TRADE_BROKER_WAITING_ITEM_LIST_NEW 65022
C_TRADE_BROKER_WAITING_ITEM_LIST_PAGE 53157
C_TRADE_BROKER_WAITING_ITEM_LIST_SORT 39864
C_TRANSFER_VEHICLE_EX 23471
C_TRY_ITEM_BIDDING 21517
C_TRY_LOOT_DROPITEM 50499
C_TRY_NPC_INTERACTION 58399
C_TRY_TELEPORT_FIELD_EVENT 60506
C_UNBIND_ITEM 58795
C_UNEQUIP_ITEM 23390
C_UNEQUIP_SERVANT_ITEM 28955
C_UNLOCK_POCKET 52254
C_UNMOUNT_CARD 27162
C_UNMOUNT_VEHICLE 42446
C_UNREGISTER_COMBINE_ITEM 40412
C_UNREGISTER_ENCHANT_ITEM 42777
C_UNREGISTER_EVOLUTION_ITEM 61607
C_UNREGISTER_PARTY_INFO 36504
C_UNREGISTER_REPAIR_ITEM 53539
C_UNREGISTER_VM_BUY_ITEM 42242
C_UNREGISTER_VM_SELL_ITEM 41921
C_UNREGIST_CUSTOMIZING_PARTS_SHAPE_ITEM 29369
C_UPDATE_AFK_STATUS 41690
C_UPDATE_CONTENTS_PLAYTIME 35197
C_UPDATE_FRIEND_INFO 38308
C_UPDATE_GUILD_FLAG 26798
C_UPDATE_GUILD_LOGO 51645
C_UPDATE_MY_DESCRIPTION 44090
C_UPDATE_REACTION_POS 41703
C_UPDATE_SKILL_SCRIPT 60516
C_USER_AIM 53048
C_USER_AIM_TO 54373
C_USER_REPORT 50662
C_USE_COUPON 41285
C_USE_ITEM 38054
C_USE_JUMPGEAR 34048
C_USE_PREMIUM_SLOT 54740
C_USE_RIGHT_ITEM 40934
C_USE_SERVANT_FEED_ITEM 23804
C_VEHICLEEX_LOCATION 38570
C_VEHICLE_EX_ARROW_HIT 35452
C_VIEW_BATTLEFIELD_STORE 33723
C_VIEW_BATTLE_FIELD_RESULT 54653
C_VIEW_DUNGEONWORK_STORE 47826
C_VIEW_GUILD_WAR 36821
C_VIEW_INTER_PARTY_MATCH_BATTLEFIELD_LIST 61589
C_VIEW_INTER_PARTY_MATCH_DUNGEON_LIST 29512
C_VIEW_PARTY_INVITE 25675
C_VIEW_WARE 38089
C_VISIT_NEW_SECTION 40481
C_VOTE_DISMISS_PARTY 26499
C_VOTE_HISTORY 45685
C_VOTE_RESET_ALL_DUNGEON 21615
C_WAREHOUSE_AUTO_SORT 55467
C_WATCHED_MOVIES 65469
C_WHISPER 56648
C_WITHDRAW_GUILD_WAR 54024
C_WRITE_BOARD 38306
I_CLOSE_SERVER_CONNECTION 22
I_GFX_ADMIN_COMMAND 18
I_GFX_COMMAND 17
I_INPUT_COMMAND 19
I_MOVE_KEY 20
I_SKILL_KEY 21
I_SPAWN_BARRACK_CHARACTER 1
I_TELEPORT 0
S_ABNORMALITY_BEGIN 60952
S_ABNORMALITY_DAMAGE_ABSORB 43542
S_ABNORMALITY_END 30906
S_ABNORMALITY_EXTRA 24687
S_ABNORMALITY_FAIL 54716
S_ABNORMALITY_REFRESH 44591
S_ABNORMALITY_RESIST 42640
S_ABNORMALITY_SCALE_UP 46064
S_ACCEPT_CONTRACT 63878
S_ACCOMPLISH_ACHIEVEMENT 63725
S_ACCOUNT_BENEFIT_LIST 24661
S_ACCOUNT_PACKAGE_LIST 63014
S_ACTION_END 32145
S_ACTION_STAGE 36371
S_ACTIVATE_BATTLE_FIELD_CHAT_BAN 23292
S_ACTIVATE_CARD_COMBINE_LIST 54150
S_ACTIVATE_CARD_COMBINE_LIST_DATA 65256
S_ADD_AWAKEN_CHANGE_DATA 65258
S_ADD_AWAKEN_ENCHANT_DATA 30067
S_ADD_BLOCKED_USER 32606
S_ADD_CRYSTAL_COMBINE_MATERIAL 63862
S_ADD_FRIEND 51926
S_ADD_GUILD_GROUP 52637
S_ADD_GUILD_MEMBER 32122
S_ADD_INTER_PARTY_MATCH_POOL 25184
S_ADD_NEW_EVENT_MATCHING_QUEST 21017
S_ADD_TRADE_BAG 21702
S_ADMIN_CHECK_USERNAME 64082
S_ADMIN_CUSTOM_BOOKMARK_LIST 44990
S_ADMIN_DEFAULT_BOOKMARK_LIST 47859
S_ADMIN_DELETE_QUEST 41746
S_ADMIN_GET_DUNGEON_USER_LIST 24644
S_ADMIN_GET_USERINFO_INVEN 29544
S_ADMIN_GET_USERINFO_SKILL 55956
S_ADMIN_GET_USERINFO_WAREHOUSE 59601
S_ADMIN_GET_USER_INFO_BY_DBID 30735
S_ADMIN_GET_USER_INFO_LIST_BY_DISTANCE 61854
S_ADMIN_GMEVENT_STATUS 46095
S_ADMIN_GM_SKILL 21418
S_ADMIN_HOLD_CHARACTER 35644
S_ADMIN_NOTICE 44889
S_ADMIN_PRIVILEGE 38289
S_ADMIN_VIP_TEST 59509
S_ADMIN_WARNING_MESSAGE 63242
S_AERO 61636
S_AIR_REACTION_END 46373
S_ANNOUNCE_MESSAGE 25800
S_ANNOUNCE_UPDATE_NOTIFICATION 38408
S_ANSWER_INTERACTIVE 26780
S_APPLY_TITLE 23283
S_ARENA_END_FIGHT 59099
S_ARENA_FIGHTER_CHANGE_HP 54073
S_ARENA_FIGHT_ABNORMALITY_BEGIN 23598
S_ARENA_FIGHT_ABNORMALITY_END 59570
S_ARENA_FIGHT_ABNORMALITY_REFRESH 50844
S_ARENA_OPTIMIZATION 59360
S_ARENA_RESULT 59324
S_ARENA_START_FIGHT 28231
S_ARRIVE_AT_JUMPGEAR_DESTINATION 23824
S_ARTISAN_RECIPE_LIST 49835
S_ARTISAN_SKILL_LIST 62326
S_ASK_BANNING_PARTY_MEMBER 36457
S_ASK_BIDDING_RARE_ITEM 30237
S_ASK_CODE_HASH 24911
S_ASK_INTER_PARTY_MAKE 48520
S_ASK_QUEST_SHARE 33217
S_ASK_TELEPORT 42467
S_ATTENDANCE_EVENT_REWARD_COUNT 25897
S_AVAILABLE_EVENT_MATCHING_LIST 38321
S_AVAILABLE_SOCIAL_LIST 30730
S_AWAKEN_RESULT 61608
S_BAN_PARTY 48549
S_BAN_PARTY_MEMBER 44121
S_BASE_POINT_BATTLE_FIELD_NODEPOINT_INFO 39885
S_BATTLE_FIELD_ADD_SCORE 62512
S_BATTLE_FIELD_CANCEL_OCCUPATION 54087
S_BATTLE_FIELD_CHANGE_NPC_HP_EVENT 61260
S_BATTLE_FIELD_CHAT_BAN_INFO 41328
S_BATTLE_FIELD_END_OCCUPATION 49473
S_BATTLE_FIELD_ENTRANCE_INFO 25529
S_BATTLE_FIELD_HELP 30820
S_BATTLE_FIELD_JACKPOT_EVENT_START 32435
S_BATTLE_FIELD_MAP_ALARM 62844
S_BATTLE_FIELD_NODEPOINT_GAUGE_INFO 54948
S_BATTLE_FIELD_NPC_KILL_EVENT 55474
S_BATTLE_FIELD_PARTY_MARKER 22172
S_BATTLE_FIELD_PARTY_MARKER_CLEAR 36899
S_BATTLE_FIELD_POINT_STORE_BASKET 43134
S_BATTLE_FIELD_POINT_STORE_SELL_LIST 37566
S_BATTLE_FIELD_RESULT 36242
S_BATTLE_FIELD_SCORE 30712
S_BATTLE_FIELD_START_OCCUPATION 43496
S_BATTLE_FIELD_STATE 62970
S_BATTLE_FIELD_STRONGHOLD_EVENT 27415
S_BATTLE_FIELD_STRONGHOLD_NONE_STATE 33378
S_BATTLE_FIELD_STRONGHOLD_STATE 31870
S_BATTLE_FIELD_TEAM_MEMBERS_POS_INFO 49825
S_BATTLE_FIELD_USER_ASSIST_EVENT 28384
S_BATTLE_FIELD_USER_KILL_EVENT 41325
S_BATTLE_FIELD_USER_KILL_MESSAGE 50423
S_BATTLE_FIELD_USER_LOAD_INFO 51623
S_BATTLE_FIELD_USER_OCCUPIABLE_ENTER 62718
S_BATTLE_FIELD_USER_OCCUPIABLE_LEAVE 23928
S_BEGIN_THROUGH_ARBITER_CONTRACT 47586
S_BETTING_INFO 27593
S_BETTING_START 50819
S_BOARD_ITEM_LIST 61826
S_BONFIRE_CHARM_ADDED 28969
S_BONFIRE_CHARM_BURNED 23339
S_BONFIRE_STATUS 22799
S_BOSS_BATTLE_INFO 64870
S_BOSS_GAGE_INFO 43371
S_BOSS_GAGE_PRIORITY 26403
S_BOSS_GAGE_STACK_INFO 55153
S_BREAK_SHIELD 33916
S_BREAK_SHIELD_END 44733
S_BROADCAST_CLIMBING 32011
S_BROADCAST_FLOATING_CASTLE_INFO 53277
S_BROADCAST_FLOATING_CASTLE_NAMEPLATE 41127
S_BROCAST_GUILD_FLAG 57304
S_BROCAST_UPDATE_GUILD_FLAG 57932
S_BUY_INGAMESTORE_MONEYPRODUCT 48418
S_BUY_VIP_STORE_ITEM_SUCCESS 31011
S_BYE_PET 36559
S_CAMERA_SHAKE 48298
S_CANCEL_CONTRACT 52147
S_CANCEL_DELETE_USER 33948
S_CANCEL_EXIT 25198
S_CANCEL_PARTY_LOOTING_METHOD_VOTE 59876
S_CANCEL_PARTY_MATCH_POOL 26381
S_CANCEL_PARTY_MEMBER_BAN 59193
S_CANCEL_PREPARE_CHANGE_USER_APPEARANCE 51610
S_CANCEL_QUEST_SHARE 37136
S_CANCEL_RETURN_TO_LOBBY 64959
S_CANCEL_SELECT_CHANNEL 40753
S_CANCEL_VOTE_DISMISS_PARTY 34306
S_CANCEL_VOTE_RESET_ALL_DUNGEON 33064
S_CANNON_BATTLE_FIELD_BOARD 30611
S_CANNON_BATTLE_FIELD_CRASH_DOOR 26885
S_CANNON_BATTLE_FIELD_GUARDTOWER_STATUS 22689
S_CANNON_BATTLE_FIELD_STRONGHOLD_INFO 34946
S_CANNOT_EQUIP_SAMEKIND 62278
S_CANNOT_START_SKILL 41709
S_CANNOT_USE_CHAT_CHANNEL 60646
S_CANT_FLY_ANYMORE 60228
S_CAN_CREATE_USER 58850
S_CAN_DUNGEON_RETRY 40446
S_CAN_LOCKON_TARGET 60856
S_CARD_COLLECTION_BOOK_LEVEL_UP 56069
S_CARD_DATA 29858
S_CARD_DATA_RESET 41080
S_CAST_FISHING_ROD 42364
S_CHANGE_CARD_PRESET 53534
S_CHANGE_CHARACTER 46073
S_CHANGE_CITY_WAR_STATE 35092
S_CHANGE_DESTPOS_PROJECTILE 31485
S_CHANGE_EP_EXP_DAILY_LIMIT 28858
S_CHANGE_EP_POINT 24937
S_CHANGE_EVENT_MATCHING_STATE 35896
S_CHANGE_FREE_FIGHT_BATTLE_FIELD_RANKING 38469
S_CHANGE_FRIEND_PROFILE 31809
S_CHANGE_FRIEND_STATE 49663
S_CHANGE_GUILDNAME 44675
S_CHANGE_GUILD_CHIEF 60774
S_CHANGE_ITEM_PASSIVE_LIST 21512
S_CHANGE_LOOKS_PREMIUM_RESULT 39098
S_CHANGE_LOOKS_PREMIUM_START 41122
S_CHANGE_LOOKS_SERVANT 32102
S_CHANGE_LOOT_ITEM_AMOUNT 29723
S_CHANGE_MODE 29076
S_CHANGE_NAME_STRING 31842
S_CHANGE_PARTY_MANAGER 56352
S_CHANGE_PARTY_MEMBER_AUTHORITY 56068
S_CHANGE_PK_INFO 36547
S_CHANGE_POCKET_NAME 37476
S_CHANGE_RELATION 20481
S_CHANGE_SERVANT_CONDITIONAL_SKILL 26763
S_CHANGE_SERVANT_ENERGY 46046
S_CHANGE_SERVANT_NAME 22141
S_CHANGE_USER_NAME_RESULT 33332
S_CHANGE_VOICE_USE_QAC 35967
S_CHAPTERHOUSE_QUEST_LIST 39011
S_CHAT 57983
S_CHAT_REPORT 34069
S_CHECK_CHANGE_GUILDNAME 50116
S_CHECK_EVENT_SYSTEM_REWARD 22221
S_CHECK_NEW_GUILDNAME 46677
S_CHECK_TO_DECLARE_GUILD_WAR 30023
S_CHECK_TO_OPPOSITE_DECLARE_GUILD_WAR 60706
S_CHECK_TO_READY_PARTY 43240
S_CHECK_TO_READY_PARTY_FIN 54951
S_CHECK_USERNAME 30666
S_CHECK_VERSION 19901
S_CITYWAR_WARNING_UNDERATTACK 41877
S_CITY_WAR_INFO_HISTROY 26974
S_CITY_WAR_NPC_INFO 59320
S_CITY_WAR_NPC_KILL 61138
S_CITY_WAR_SEASON_HISTROY 36143
S_CLEAR_ALL_HOLDED_ABNORMALITY 47188
S_CLEAR_QUEST_INFO 49729
S_CLEAR_WORLD_QUEST_VILLAGER_INFO 62456
S_CLIENT_COMMAND 27428
S_CLOSE_VM_SETTING_WINDOW 32155
S_COLLECTION_PICKEND 29505
S_COLLECTION_PICKSTART 31820
S_COMBO_START 51047
S_COMMAND_HELP 60372
S_COMMIT_ACCESSORY_TRANSFORM_RESULT 60520
S_COMPLETED_MISSION_INFO 46892
S_COMPLETE_CHRONOSCROLL_USE 21710
S_COMPLETE_EVENT_MATCHING_QUEST 48985
S_COMPLETE_LOOP_QUEST 30538
S_COMPLETE_QUEST 40390
S_COMPLETE_VOTE 45088
S_CONFIRM_INVITE_CODE 26896
S_CONFIRM_INVITE_CODE_BUTTON 36587
S_CONFIRM_SERVANT_AUTO_FEED_INFO 49483
S_CONFIRM_SERVANT_AUTO_POTION_INFO 42675
S_CONNECT_SKILL_ARROW 55121
S_CONTENTS_TIMER 64032
S_CONTRACT_PET_LEVEL_UP_ITEM_LIST_UPDATE 42175
S_CONTROL_DOOR 34479
S_COUNTDOWN_GROUP_DUEL 54167
S_COUPON_DATA 48000
S_COUPON_LIST 56624
S_COUPON_NOTIFY 65407
S_CREATE_CHARACTER_RESTRICTION 62309
S_CREATE_GUILD_RESULT 48825
S_CREATE_USER 57755
S_CREATURE_CHANGE_HP 46673
S_CREATURE_LIFE 53302
S_CREATURE_ROTATE 49646
S_CREST_APPLY 33491
S_CREST_ASK_DISAPPLY_ALL 29368
S_CREST_CHANGE_FAIL 22634
S_CREST_INFO 27337
S_CREST_MESSAGE 61975
S_CREST_UPGRADE_INFO 20733
S_CRYSTAL_COMBINE_RESULT 48367
S_CURRENT_CHANNEL 62984
S_CURRENT_ELECTION_STATE 25690
S_CURR_FLY_MOVE_INFO 54693
S_CUSTOMIZING_PARTS_SHAPE_ITEM_LIST 20280
S_CUSTOM_MESSAGE 54588
S_CUSTOM_STYLE_SYSTEM_MESSAGE 41529
S_DAILY_QUEST_COMPLETE_COUNT 39489
S_DARK_RIFT_ALL_DESPAWN_WORLD_NOTI 53320
S_DARK_RIFT_AVAILABLE_QUEST_USER_COUNT 46228
S_DARK_RIFT_CHANGE_AREA_WORLD_NOTI 34657
S_DARK_RIFT_CLEAR_MAP_MARKER_WORLD_NOTI 46475
S_DARK_RIFT_DEFENCE_OBJECT_CHANGE_HP 32438
S_DARK_RIFT_DEFENCE_OBJECT_INIT 58964
S_DARK_RIFT_DESPAWN_WORLD_NOTI 44941
S_DARK_RIFT_DESTORY_OBJECT 54219
S_DARK_RIFT_JOIN_LIST 54859
S_DARK_RIFT_MAIN_DEFENCE_CHANGE_HP 56086
S_DARK_RIFT_PROGRESS_STEP_WORLD_NOTI 41939
S_DARK_RIFT_QUEST_INFO 42671
S_DARK_RIFT_REWARD_RESULT 60723
S_DARK_RIFT_SPAWN_WORLD_NOTI 33858
S_DARK_RIFT_SYNC_TIME 20613
S_DEACTIVATE_CARD_COMBINE_LIST 59120
S_DEAD_LOCATION 65059
S_DECOMPOSE_REGISTERED_ITEM 29706
S_DECO_UI_INFO 22371
S_DECREASE_COOLTIME_SKILL 21069
S_DEFAULT_ANIM_CHANGE 27508
S_DEFEND_SUCCESS 59173
S_DELETE_ALL_PRODUCT 51459
S_DELETE_AWAKEN_CHANGE_DATA 60811
S_DELETE_AWAKEN_ENCHANT_DATA 63011
S_DELETE_FRIEND 58780
S_DELETE_GUILD_TOWER_MY_GUILD 57896
S_DELETE_NPC_FROM_MAP 61533
S_DELETE_PARCEL 37471
S_DELETE_QUEST 30163
S_DELETE_SERVANT 46687
S_DELETE_USER 60302
S_DELIVERY_STORE_BASKET 53359
S_DELIVERY_STORE_ITEM 31131
S_DEL_CRYSTAL_COMBINE_MATERIAL 26852
S_DEL_INTER_PARTY_MATCH_POOL 25987
S_DEL_TRADE_BAG 31295
S_DESPAWN_BONFIRE 33919
S_DESPAWN_BUILD_OBJECT 30381
S_DESPAWN_COLLECTION 49519
S_DESPAWN_DOOR 64217
S_DESPAWN_DROPITEM 31519
S_DESPAWN_EVENT_SEED 49952
S_DESPAWN_GAMBLE_BOX 27280
S_DESPAWN_NPC 53501
S_DESPAWN_PET 57603
S_DESPAWN_PROJECTILE 42183
S_DESPAWN_SHUTTLE 24499
S_DESPAWN_STATUE 35728
S_DESPAWN_USER 29912
S_DESPAWN_WORKOBJECT 53135
S_DESTROY_GUILD 36888
S_DESTROY_GUILD_TOWER 30965
S_DIALOG 25126
S_DIALOG_CLOSE 54155
S_DIALOG_EVENT 24503
S_DIRECTION_WEAKNESS_BEGIN 41395
S_DIRECTION_WEAKNESS_END 20753
S_DISTRIBUTOR_DATA 22747
S_DONE_TEL_CAMP 58883
S_DUEL_END 61890
S_DUEL_START 20325
S_DUEL_TAG 30861
S_DUEL_TIME 23225
S_DUNGEON_ADDITIONAL_WORK_UI 49280
S_DUNGEON_CAMERA_SET 46304
S_DUNGEON_CHANGE_NPC_ANIM 20922
S_DUNGEON_CHANGE_NPC_ANIMSET 64345
S_DUNGEON_CHANGE_NPC_CYLINDER 52670
S_DUNGEON_CLEAR 58758
S_DUNGEON_CLEAR_COUNT_LIST 25258
S_DUNGEON_CONSOLE_EVENT 36793
S_DUNGEON_COOL_TIME_LIST 27653
S_DUNGEON_EVENT_GAGE 22104
S_DUNGEON_EVENT_MESSAGE 30072
S_DUNGEON_GUIDE_OFF 59662
S_DUNGEON_GUIDE_ON 36013
S_DUNGEON_JACKPOT_EVENT_START 39392
S_DUNGEON_LOOK_AT_NPC 48609
S_DUNGEON_NEWBIE 47820
S_DUNGEON_RANK_END_POINT 57564
S_DUNGEON_RANK_END_TIME 20289
S_DUNGEON_RANK_MESSAGE 29500
S_DUNGEON_RANK_RECORD_LIST 35106
S_DUNGEON_RANK_SEASON_LIST 21205
S_DUNGEON_RECORD_INFO 52985
S_DUNGEON_STATUS 52937
S_DUNGEON_SUMMON_PARTY 51530
S_DUNGEON_TIMER 35911
S_DUNGEON_UI_HIGHLIGHT 40091
S_DUNGEON_VEHICLE_REPAIRABLE 37087
S_DUNGEON_VISIBLE_BG 51754
S_DUNGEON_WORK_ENTER 24437
S_DUNGEON_WORK_LIST 24470
S_DUNGEON_WORK_POINT_STORE_BASKET 36045
S_DUNGEON_WORK_POINT_STORE_SELL_LIST 63313
S_DUNGEON_WORK_RESULT 55281
S_DUNGEON_WORK_UPDATE 34644
S_DUNGEON_WORK_UPDATE_MEDAL_COUNT 55394
S_EACH_SKILL_RESULT 23979
S_EMITTER 43048
S_EMITTER_SET_Z 56485
S_EMPTY_GUILD_WINDOW 55646
S_ENABLE_DISABLE_SELLABLE_ITEM_LIST 43340
S_ENCHANT_BOOSTER_DROP_ITEM 37840
S_ENCHANT_BOOSTER_REGISTER_ITEM 53230
S_ENCHANT_BOOSTER_STATUS 22988
S_ENCHANT_BOOSTER_SUCCESS 64766
S_ENCHANT_SCROLL_RESULT 20797
S_END_CHANGE_USER_APPEARANCE 59072
S_END_CHAT_BAN 56260
S_END_CUSTOMIZING_PARTS_SHAPE 57479
S_END_DARKRIFT_USER_HP 38144
S_END_DRIVE_AIRSHIP 61298
S_END_FIX_SPIRIT 43933
S_END_FIX_VEHICLE 41046
S_END_LEVEL_COMPENSATION 56356
S_END_PEGASUS 60438
S_END_PRODUCE 38961
S_END_PRODUCT_SALE_INFO 46159
S_END_RESTORE_CUSTOMIZING_PARTS_SHAPE 29000
S_END_STACK_ATTENDANCE_EVENT_INFO 25819
S_END_STYLE_SHOP_MARK_PRODUCT 53014
S_END_THROUGH_ARBITER_CONTRACT 38987
S_END_USER_PROJECTILE 64412
S_ENEMY_BATTLE_FIELD_COMMANDER_CHANGED 20346
S_ENTER_CITY_WAR 50707
S_ENTER_DUNGEON_POP_UP_REOPEN 25411
S_EP_SYSTEM_DAILY_EVENT_EXP_ON_OFF 41675
S_EQUIP_SERVANT_ITEM 47322
S_EVENT_DIALOG 23313
S_EVENT_GUIDE 26513
S_EVENT_INFO 54962
S_EVENT_MATCHING_BATTLEFIELD_DETAIL_INFO 54156
S_EVENT_MATCHING_DUNGEON_DETAIL_INFO 34676
S_EVENT_QUEST_SUMMARY 21436
S_EXIT 50174
S_F2P_PremiumUser_Permission 25934
S_FACIAL_ATTACHMENT_BROADCAST 58422
S_FAIL_ENCHANT 25292
S_FAIL_GUILD_QUEST 26308
S_FAIL_LOOT_NON_OWNERSHIP 37632
S_FATIGABILITY_POINT 24897
S_FEARMOVE_END 41483
S_FEARMOVE_STAGE 38913
S_FESTIVAL_LIST 63904
S_FEUDAL_LORD_FLAG_INFO 49859
S_FIELD_EVENT_CHANNEL_FULL_GUIDE 30720
S_FIELD_EVENT_GUIDE 23408
S_FIELD_EVENT_ON_ENTER 30817
S_FIELD_EVENT_ON_LEAVE 31246
S_FIELD_EVENT_PROGRESS_INFO 54401
S_FIELD_EVENT_PROGRESS_TIMER 31227
S_FIELD_EVENT_RANK_LIST 44088
S_FIELD_POINT_INFO 35491
S_FIELD_POINT_REWARD_INFO_LIST 32212
S_FINDNAME 35536
S_FINISH_GUILD_QUEST 48858
S_FIN_BASE_POINT_BATTLE_FIELD 43026
S_FIN_CANNON_BATTLE_FIELD 40432
S_FIN_FREE_FIGHT_BATTLE_FIELD 43627
S_FIN_INTER_PARTY_MATCH 55684
S_FIN_KUMAS_BATTLE_FIELD 39820
S_FIN_KUMAS_BOSS_BATTLE_FIELD 63990
S_FIN_ROUND_PVE_BATTLE_FIELD 49145
S_FIN_ROUND_PVE_ROUND 33486
S_FIN_ROUND_PVP_BATTLE_FIELD 47411
S_FIN_SNOW_EVENT_BATTLE_FIELD 55466
S_FIN_STRONGHOLD_OCCUPATION_BATTLE_FIELD 64789
S_FIN_WORLD_OF_TANK_BATTLE_FIELD 59061
S_FISHING_BITE 45229
S_FISHING_CATCH 38224
S_FISHING_CATCH_FAIL 28846
S_FISHING_STOP 33213
S_FIX_SPIRIT_COMPLETE 62009
S_FIX_SPIRIT_PROGRESS 32119
S_FIX_VEHICLE_COMPLETE 29672
S_FIX_VEHICLE_PROGRESS 42168
S_FLOATING_CASTLE_PARTS_STORE_BASKET 32083
S_FLOATING_CASTLE_PARTS_STORE_SELL_LIST 43563
S_FONT_SWAP_INFO 53838
S_FREENAMED_STATUS 48235
S_FREE_FIGHT_BATTLE_FIELD_BOARD 39917
S_FREE_FIGHT_BATTLE_FIELD_MY_WARPOINT_INFO 36947
S_FRIEND_GROUP_LIST 32468
S_FRIEND_LIST 49376
S_GACHA_END 62182
S_GACHA_START 42462
S_GAMBLE_BEGIN 34388
S_GAMBLE_CHANGE_BET_ITEM 49854
S_GAMBLE_END 44728
S_GAMBLE_RESULT 27269
S_GATE_ATTACK_ALARM 58753
S_GET_ATTENDANCE_REWARD 20559
S_GET_EVENT_DETAIL 20968
S_GET_IN_SHUTTLE 59723
S_GET_OUT_SHUTTLE 55509
S_GET_USER_GUILD_LOGO 40299
S_GET_USER_LIST 63017
S_GET_WARE_ITEM 39916
S_GMEVENT_CONFIRM_LEAVE_EVENT 32530
S_GMEVENT_END_EVENT 61849
S_GMEVENT_ENTER_EVENT 47383
S_GMEVENT_GUIDE_MESSAGE 20872
S_GMEVENT_OFF_GUIDE_MESSAGE 25585
S_GMEVENT_OX_QUIZ_OPEN 62090
S_GMEVENT_OX_QUIZ_RESULT 47356
S_GMEVENT_OX_QUIZ_USER_STATUS 36200
S_GMEVENT_OX_REPE_QUIZ_OPEN 35615
S_GMEVENT_OX_REPE_QUIZ_RESULT 20093
S_GMEVENT_OX_RESURRECT_RESULT 38944
S_GMEVENT_RECV_REWARD 33670
S_GMEVENT_START_EVENT 64775
S_GMEVENT_WRITE_EVENTBOARD 32288
S_GRANT_SKILL 26790
S_GROUP_DUEL_CURRENT_BETTING_ITEM 38951
S_GROUP_DUEL_FIN 58059
S_GROUP_DUEL_INIT 20103
S_GROUP_DUEL_RECORD 64543
S_GROUP_NPC_LOCATION 57766
S_GUARDTOWER_ATTACK_ALARM 21883
S_GUARD_PK_POLICY 52219
S_GUILD_ACCOUNT_LIMIT_INFO_CHANGED 31770
S_GUILD_ANNOUNCE 32876
S_GUILD_APPLY_COUNT 56250
S_GUILD_APPLY_LIST 60638
S_GUILD_EMBLEM 22586
S_GUILD_HISTORY 39625
S_GUILD_INFO 59989
S_GUILD_LEVEL_INFO_CHANGED 33776
S_GUILD_LEVEL_RANKING_LIST 25607
S_GUILD_MEMBER_LIST 47870
S_GUILD_MONEY_INFO_CHANGED 48035
S_GUILD_NAME 48490
S_GUILD_PERK_LIST 42838
S_GUILD_POINT_INFO_CHANGED 49977
S_GUILD_QUEST_LIST 57096
S_GUILD_STORE_BASKET 51600
S_GUILD_STORE_SELL_LIST 64592
S_GUILD_TOWER_INFO 51370
S_GUILD_WARE_HISTORY 46026
S_GUILD_WAR_PENALTY_INFO 35446
S_HANCOIN_AMOUNT 57477
S_HIDE_HP 46859
S_HIT_COMBO 45907
S_HOLD_ABNORMALITY_ADD 62147
S_HOLD_ABNORMALITY_REMOVE 26811
S_HUDDLE_ADDING 52810
S_HUNTING_ZONE_EVENT_LIST 36833
S_IMAGE_DATA 46782
S_INCREASE_CARD_PRESET 36166
S_INCREASE_SERVANT_STORAGE_COUNT 29677
S_INGAMESHOP_CATEGORY_BEGIN 50321
S_INGAMESHOP_CATEGORY_DATA 52341
S_INGAMESHOP_CATEGORY_END 35098
S_INGAMESHOP_PRODUCT_BEGIN 46312
S_INGAMESHOP_PRODUCT_DATA 30597
S_INGAMESHOP_PRODUCT_END 38696
S_INGAMESHOP_PRODUCT_ITEMID 30595
S_INGAMESHOP_PRODUCT_SUBPROD 26621
S_INGAMESHOP_PRODUCT_TAG 28348
S_INGAME_CHANGE_USER_APPEARANCE_CANCEL 51865
S_INGAME_CHANGE_USER_APPEARANCE_START 64375
S_INIT_BASE_POINT_BATTLE_FIELD 53180
S_INIT_CANNON_BATTLE_FIELD 34945
S_INIT_FREE_FIGHT_BATTLE_FIELD 60085
S_INIT_KUMAS_BATTLE_FIELD 51352
S_INIT_KUMAS_BOSS_BATTLE_FIELD 47605
S_INIT_KUMAS_BOSS_INFO 55041
S_INIT_ROUND_PVE_BATTLE_FIELD 47677
S_INIT_ROUND_PVP_BATTLE_FIELD 39341
S_INIT_SEREN_GUIDE 32562
S_INIT_SNOW_EVENT_BATTLE_FIELD 65291
S_INIT_STRONGHOLD_OCCUPATION_BATTLE_FIELD 53909
S_INIT_WORLD_OF_TANK_BATTLE_FIELD 49879
S_INSTANCE_ARROW 26727
S_INSTANT_CATCH 46507
S_INSTANT_DASH 57471
S_INSTANT_MOVE 54169
S_INSTANT_PULL 46450
S_INSTANT_THROW 61167
S_INTERACTION_RESULT 56439
S_INTEREST_INFO 44047
S_INVALID_BUILD_VERSION 48458
S_INVEN_CHANGEDSLOT 59713
S_INVEN_USERDATA 32947
S_INVITE_CODE_EXPIRE_TIME 32834
S_INVITE_COMPENSATION_GUIDE 60660
S_INVITE_FRIEND_CODE 35533
S_IS_LORD 30954
S_IS_NOT_LORD 48283
S_ITEMLIST 48947
S_ITEMSYNTHESIZER_MATERIAL 26063
S_ITEMSYNTHESIZER_RESULT 27281
S_ITEM_COLORING_BAG 46640
S_ITEM_CUSTOM_STRING 23065
S_ITEM_DECOMPOSE 28282
S_ITEM_EXPLOSION_RESULT 50508
S_ITEM_TRANSFORM_DATA 21152
S_JOIN_PRIVATE_CHANNEL 38700
S_KUMAS_BATTLE_FIELD_BOARD 38645
S_KUMAS_BATTLE_FIELD_LOOT_ITEM 51140
S_KUMAS_BATTLE_FIELD_RESULT 62230
S_KUMAS_BOSS_BATTLE_FIELD_BOARD 22101
S_KUMAS_BOSS_BATTLE_FIELD_RESULT 47318
S_KUMAS_BOSS_CHANGE_INFO 35735
S_LEARN_EP_PERK 52191
S_LEAVE_CITY_WAR 56930
S_LEAVE_GUILD 33534
S_LEAVE_PARTY 24246
S_LEAVE_PARTY_MEMBER 31376
S_LEAVE_PRIVATE_CHANNEL 23715
S_LIST_CHANNEL 32964
S_LIST_PARCEL 34067
S_LIST_PARCEL_EX 36154
S_LOADING_SCREEN_CONTROL_INFO 48100
S_LOAD_ACHIEVEMENT_LIST 49834
S_LOAD_CLIENT_ACCOUNT_SETTING 39607
S_LOAD_CLIENT_USER_SETTING 33497
S_LOAD_DUNGEON_SOUND_HINT 59102
S_LOAD_EP_INFO 34791
S_LOAD_HINT 23460
S_LOAD_SKILL_SCRIPT_LIST 45837
S_LOAD_TELEPORT_TO_POS_LIST 55397
S_LOAD_TOPO 51432
S_LOCKON_ARROW 34897
S_LOCKON_YOU 40059
S_LOGIN 20108
S_LOGIN_ACCOUNT_INFO 38360
S_LOGIN_ARBITER 27105
S_LOGOUT_PARTY_MEMBER 56863
S_LOOT_DROPITEM 21779
S_LORD_CANDIDATE_LIST 38193
S_LORD_CANDIDATE_PLEDGE 40530
S_LORD_GUARD_INFO 28790
S_LORD_OPEN_CANDIDATE_WINDOW 50213
S_LORD_OPEN_REGISTER_WINDOW 20870
S_LORD_OPEN_VOTE_WINDOW 21145
S_LORD_POLICY_SET 53636
S_LORD_RANK_INFO 52681
S_LORD_REGISTER_INFO 30882
S_LORD_TAX_SET 51584
S_LORD_VOTE_CANDIDATE_LIST 55686
S_MAIN_MENU_COMMAND 21645
S_MASSTIGE_STATUS 59679
S_MATERIAL_CHANGE 31232
S_MATERIAL_PARAM_CHANGE 31549
S_MEDAL_STORE_BASKET 59528
S_MEDAL_STORE_SELL_LIST 24617
S_MERGE_PARTY_TO_RAID 28951
S_MINIGAME_END 33340
S_MINIGAME_FAIL 36910
S_MINIGAME_RANK_END_POINT 65323
S_MINIGAME_START 44344
S_MINIGAME_WAIT 26769
S_MODIFY_INTER_PARTY_MATCH_POOL 38936
S_MOUNT_CARD 35269
S_MOUNT_VEHICLE 34957
S_MOUNT_VEHICLE_EX 39355
S_MOVE_DISTANCE_DELTA 59247
S_MOVE_SHUTTLE 64562
S_MUTE 32948
S_MY_DESCRIPTION 26598
S_MY_PARTY_MATCH_INFO 41388
S_NAME_PREEMPTION_EVENT_INFO 22484
S_NEED_WAREHOUSE_COMMISION 57779
S_NEW_GOLD_RACE_INFO 31787
S_NOCTAN_VARIATION_INFO 24751
S_NOTIFY_ACTIVE_BUILD_TERRITORY_STATE 48217
S_NOTIFY_BATTLE_FIELD_CHAT_BAN 62823
S_NOTIFY_BATTLE_FIELD_NPC_DESPAWN 49496
S_NOTIFY_BATTLE_FIELD_NPC_SPAWN 47888
S_NOTIFY_DISCONNECT_BY_LEVEL_LIMIT 23570
S_NOTIFY_GUILD_QUEST_URGENT 51689
S_NOTIFY_GUILD_WAR_INFO 45040
S_NOTIFY_GUILD_WAR_STATUS_CHANGE 20519
S_NOTIFY_QUEST_RESTART 59510
S_NOTIFY_TO_FRIENDS_WALK_INTO_SAME_AREA 55768
S_NOTIFY_USER_SKILL_POLISHING_LEVEL_UP 46739
S_NOTIFY_VM_STATUS 29760
S_NPCGUILD_LIST 40951
S_NPC_AI_EVENT 47748
S_NPC_CHANGE_MESH 59707
S_NPC_INTERACTION_COMBO_INFO 31544
S_NPC_LOCATION 29070
S_NPC_MENU_SELECT 38401
S_NPC_OCCUPIER_INFO 49167
S_NPC_PARTIAL_DESTRUCT 57171
S_NPC_PART_BLINK 35769
S_NPC_PART_BREAK_ACTIVE 58164
S_NPC_RESPAWN_PLAN_ALARM 25303
S_NPC_SCALE 56050
S_NPC_SITUATION 22695
S_NPC_STATUS 54006
S_NPC_TARGET_USER 31974
S_NPC_TRANSLATIONZ 42787
S_OBTAIN_TOKEN_ITEM 26555
S_ONGOING_FIELD_EVENT_LIST 36220
S_ONGOING_LEVEL_EVENT_LIST 48662
S_OPEN_AWESOMIUM_WEB_URL 64036
S_OPEN_BOARD 44862
S_OPEN_CHANGE_CHARACTER_NAME_POPUP 41934
S_OPEN_CITY_WAR_SEASON_HISTORY 50031
S_OPEN_DUAL_OPTION_MATERIAL_INFO 29480
S_OPEN_EPPERK_RESET_POPUP 39354
S_OPEN_EXPAND_INVEN_WINDOW 39732
S_OPEN_FLOATING_CASTLE_STORE 50468
S_OPEN_GUARD_INFO_WINDOW 51120
S_OPEN_GUILD_FLAG_WINDOW 34564
S_OPEN_GUILD_LOGO_WINDOW 42249
S_OPEN_GUILD_WAR_WINDOW 64093
S_OPEN_RENAME_GUILD_POPUP 54034
S_OPEN_VM_SELLBUY_WINDOW 61424
S_OPEN_VM_SETTING_WINDOW 25817
S_OP_COMMAND 35789
S_OTHER_USER_APPLY_PARTY 57569
S_PARCEL_READ_RECV_STATUS 21991
S_PARCEL_REPORT 56563
S_PARTY_INFO 56226
S_PARTY_LOOTING_METHOD 58912
S_PARTY_LOOTING_METHOD_VOTE 55603
S_PARTY_MARKER 55288
S_PARTY_MATCH_LINK 58024
S_PARTY_MEMBER_ABNORMAL_ADD 36385
S_PARTY_MEMBER_ABNORMAL_CLEAR 64190
S_PARTY_MEMBER_ABNORMAL_DEL 49610
S_PARTY_MEMBER_ABNORMAL_REFRESH 38551
S_PARTY_MEMBER_BUFF_UPDATE 26946
S_PARTY_MEMBER_CHANGE_HP 60630
S_PARTY_MEMBER_CHANGE_MP 51265
S_PARTY_MEMBER_CHANGE_STAMINA 61405
S_PARTY_MEMBER_INFO 30085
S_PARTY_MEMBER_INTERVAL_POS_UPDATE 31773
S_PARTY_MEMBER_LIST 44286
S_PARTY_MEMBER_QUEST_DATA 30633
S_PARTY_MEMBER_STAT_UPDATE 39584
S_PARTY_NOTIFY_MY_POSITION 24494
S_PENDING_TRANSFORM_DATA 29283
S_PETITION_CANCEL 38717
S_PETITION_CHAT_BEGIN 55308
S_PETITION_CHAT_END 36405
S_PETITION_CHAT_GM_MESSAGE 43498
S_PETITION_CHECK_CREATABLE 50233
S_PETITION_CHECK_SURVEYABLE 31609
S_PETITION_COMPLETE 56757
S_PETITION_CREATE 41698
S_PETITION_FORCE_CREATE 26709
S_PETITION_INFO 38475
S_PET_ATTACKED 48065
S_PET_DURABILITY_CHANGE 30083
S_PET_INCUBATOR_INFO_CHANGE 57556
S_PET_INCUBATOR_PROGRESS 37214
S_PET_INCUBATOR_SHOW 42560
S_PET_INFO_CHANGE 36855
S_PET_INFO_CLEAR 56981
S_PET_MANAGER_SHOW 29285
S_PET_STOP_ALERT 42661
S_PING 43684
S_PK_END 60492
S_PK_START 40867
S_PK_TAG 56380
S_PLAYER_AUTOPILOT 34755
S_PLAYER_CHANGE_ACTPOINT 53370
S_PLAYER_CHANGE_ALL_PROF 31046
S_PLAYER_CHANGE_DRAIN 39554
S_PLAYER_CHANGE_EP 28246
S_PLAYER_CHANGE_EXP 58925
S_PLAYER_CHANGE_FLIGHT_ENERGY 58811
S_PLAYER_CHANGE_MP 36657
S_PLAYER_CHANGE_NOCTAN_COUNT 43656
S_PLAYER_CHANGE_PROF 48667
S_PLAYER_CHANGE_STAMINA 29067
S_PLAYER_LACK_OF_ACTPOINT 63255
S_PLAYER_RESET_EP 52428
S_PLAYER_STAT_UPDATE 37145
S_PLAYER_VEHICLE_EX_STAT_UPDATE 20730
S_PLAYTIME 65084
S_PLAYTIME_EVENT_END 34022
S_PLAYTIME_EVENT_REWARD_DATA 46447
S_PLAY_ANIMATION 27673
S_PLAY_EFFECT 56399
S_PLAY_EVENT_SOUND 55018
S_PLAY_MAGNETIC 28643
S_PLAY_MOVIE 21279
S_PLAY_SOUND 20546
S_PLAY_SOUND_BYNAME 30990
S_PLAY_TIME 63979
S_POINT_STORE_BASKET 56160
S_POINT_STORE_SELL_LIST 41793
S_POLITICS_POINT_STORE_BASKET 44589
S_POLITICS_POINT_STORE_SELL_LIST 45748
S_POSITION_SWAP 51524
S_POST_PROCESS 61544
S_POST_PROCESS_MATERIAL 37017
S_PRECONFIRM_INVITE_CODE 29127
S_PREMIUM_COMPOSE_ADD_ITEM 26037
S_PREMIUM_COMPOSE_DEL_ITEM 54082
S_PREMIUM_COMPOSE_RESET 32559
S_PREMIUM_COMPOSE_RESULT 28803
S_PREMIUM_COMPOSE_START 55879
S_PREMIUM_COMPOSE_UI_INFO 43680
S_PREMIUM_SLOT_DATALIST 25536
S_PREMIUM_SLOT_OFF 61842
S_PREPARE_CHANGE_USER_APPEARANCE 38492
S_PREPARE_DONE_WORKOBJECT 56198
S_PREPARE_EXIT 51374
S_PREPARE_INGAME_CHANGE_USER_APPEARANCE 25943
S_PREPARE_RETURN_TO_LOBBY 35514
S_PREPARE_SELECT_CHANNEL 42246
S_PREPARE_WORKOBJECT 42060
S_PREVIEW_ITEM 64799
S_PRIVATE_CHANNEL_NOTICE 37685
S_PRIVATE_CHAT 28908
S_PRODUCE_CRITICAL 29747
S_PROMOTION_INFO 28118
S_PROMOTION_PROCESS 50346
S_PROMOTION_SUCCESS 46882
S_PROTECT 48465
S_PURCHASE_PROD 33216
S_PUSHED_BY_SHIELD 36750
S_PVE_LEADER_BOARD_INFO 56535
S_PVE_RANKING_LIST 48906
S_PVP_LEADER_BOARD_INFO 62716
S_PVP_RANKING_LIST 41539
S_QA_SET_ADMIN_LEVEL 33899
S_QUEST_BALLOON 20794
S_QUEST_INFO 33587
S_QUEST_VILLAGER_INFO 34736
S_RACE_CHANGE_RESTRICTION 37809
S_RANK_MESSAGE 62588
S_RANK_POINT_STATUS 46948
S_READY_PULL 48777
S_RECEIVE_COLLECTION_BOOK_REWARD 27775
S_RECEIVE_TOKEN_TARGET_ITEM 60336
S_RECV_PARCEL 56756
S_RECV_PARCEL_ALL 34363
S_RECV_PARCEL_EX 64523
S_REGISTER_CARD 24865
S_REGISTER_COMBINE_ITEM 37746
S_REGISTER_ENCHANT_ITEM 25131
S_REGISTER_EVOLUTION_ITEM 54276
S_REGISTER_REPAIR_ITEM 45947
S_REGISTER_SERVANT_RESULT 47053
S_REIGN_INFO 20990
S_REJECT_CONTRACT 64624
S_REMAIN_PLAY_TIME 26165
S_REMOVE_BLOCKED_USER 36239
S_REMOVE_EFFECT 56913
S_REMOVE_EVENT_MATCHING_QUEST 39036
S_REMOVE_GUILD_GROUP 63967
S_REMOVE_GUILD_MEMBER 39776
S_REMOVE_SOUND_BYNAME 29065
S_RENAME_ITEMSTRING_START 45311
S_REPLY_CLIENT_CHAT_OPTION_SETTING 26334
S_REPLY_CLIENT_UI_SETTING 37917
S_REPLY_GUILD_LIST 35268
S_REPLY_GUILD_WANTED_WRITING_LIST 52210
S_REPLY_INVITE_GUILD_LIST 63423
S_REPLY_NONDB_ITEM_INFO 62141
S_REPLY_REQUEST_CONTRACT 36360
S_REPLY_RET_VILLAGE_INFO 61591
S_REPLY_SET_GUILD_WANTED_WRITING 61217
S_REQUEST_ABILITY_TRANSFER 49939
S_REQUEST_CHANGE_LOOKS_SERVANT 51092
S_REQUEST_CHANGE_PARTY_MATCH_RULE 21558
S_REQUEST_CITY_WAR_MAP_INFO 46256
S_REQUEST_CITY_WAR_MAP_INFO_DETAIL 34290
S_REQUEST_CITY_WAR_MAP_INFO_END 34366
S_REQUEST_CONTRACT 41731
S_REQUEST_COOLTIME_TO_JOIN_GUILD 21319
S_REQUEST_DEMOLIST_GUILD_TOWER_POPUP 29846
S_REQUEST_DESPAWN_SERVANT 55966
S_REQUEST_DUNGEON_MATCHING_UI 53530
S_REQUEST_FLOATING_CASTLE_PARTS_COOL_TIME 31390
S_REQUEST_GUILD_FLAG_IMAGE_DATA 58822
S_REQUEST_GUILD_INFO_BEFORE_APPLY_GUILD 46128
S_REQUEST_INGAMESTORE_PRODUCT_DETAIL 62443
S_REQUEST_INGAMESTORE_SALE_PRODUCTLIST 38660
S_REQUEST_INVITE_GUILD_TAG 38675
S_REQUEST_JOINED_CHANNEL_LIST 33156
S_REQUEST_JOIN_GUILD_NOTICE 52926
S_REQUEST_NAME_PREEMPTION 33673
S_REQUEST_PET_CONSUME_EXP_ITEM 36546
S_REQUEST_PRIVATE_CHANNEL_INFO 46975
S_REQUEST_REACTION_POS_TICK 38621
S_REQUEST_RENEW_ALL_PARTS_ITEM 29382
S_REQUEST_SECOND_PASSWORD_AUTH 43948
S_REQUEST_SECOND_PASSWORD_REGISTER 47126
S_REQUEST_SERVANT_AUTO_FEED_INFO 50039
S_REQUEST_SERVANT_AUTO_POTION_INFO 54518
S_REQUEST_SERVANT_COMPOSE 65523
S_REQUEST_SERVANT_EVOLUTION 43221
S_REQUEST_SERVANT_INFO_LIST 36914
S_REQUEST_SERVANT_LEVEL_UP 60121
S_REQUEST_SPAWN_SERVANT 31570
S_REQUEST_STYLE_SHOP_MARK_PRODUCTLIST 20710
S_REQUEST_UPDATE_CUSTOM_USER_CUSTOMIZING 24320
S_REQUEST_WRITE_BOARD_RESULT 40271
S_RESET_ALL_PRODUCT_MARK_EVENT 32157
S_RESET_EP_PERK 53063
S_RESET_GUILD_PERK 60022
S_RESET_SKILL 27318
S_RESPONSE_ACCESSORY_COST_INFO 43588
S_RESPONSE_GAMESTAT_PONG 23765
S_RESPONSE_SERVER_ADMINTOOL_AWESOMIUM_URL 25054
S_RESPONSE_USE_PREMIUM_SLOT 41530
S_RESULT_BATTLE_FIELD_CHAT_BAN 57180
S_RESULT_BIDDING_DICE_THROW 34818
S_RESULT_CHANGE_CHARACTER_NAME 60319
S_RESULT_CHANGE_DUAL_OPTION_IDX 64553
S_RESULT_CHANGE_FRIEND_MEMO 48606
S_RESULT_CHANGE_MY_PROFILE 36432
S_RESULT_COMBINE_ITEM 59419
S_RESULT_ENCHANT 35175
S_RESULT_EQUIPMENT_INHERITANCE 28112
S_RESULT_EVENT_SEED 50034
S_RESULT_EVOLUTION 54291
S_RESULT_GROUP_DUEL_MSG 32728
S_RESULT_ITEM_BIDDING 29071
S_RESULT_ITEM_COLORING 28018
S_RESULT_LEARN_GUILD_PERK 22703
S_RESULT_MATERIAL_AWAKEN 31481
S_RESULT_OPEN_DUAL_OPTION 23114
S_RESULT_RENAME_GUILD 44299
S_RESULT_REPAIR_ITEM 47687
S_RESULT_SEREN_GUIDE 21564
S_RESULT_USABLE_CHARACTER_NAME 51488
S_RESULT_USABLE_GUILD_NAME 30729
S_RETURN_PARCEL 59771
S_RETURN_TO_LOBBY 42308
S_RETURN_USER 33414
S_RETURN_USER_REWARD_END 56112
S_REWARDNPC_SPAWN_ALARM 43103
S_REWRITE_ITEM_STRING 54560
S_RIGHT_ITEM_LIST 46262
S_ROUND_PVE_BATTLE_FIELD_BOARD 29849
S_ROUND_PVE_CLOSE_SKILL_UI 56619
S_ROUND_PVE_OPEN_SKILL_UI 56315
S_ROUND_PVE_SCORE 38898
S_ROUND_PVP_BATTLE_FIELD_BOARD 24646
S_ROUND_RESULT 54240
S_ROUND_START 40369
S_RP_ADD_ITEM_TO_DECOMPOSITION_CONTRACT 51053
S_RP_COMMIT_DECOMPOSITION_CONTRACT 33688
S_RP_DEL_ITEM_FROM_DECOMPOSITION_CONTRACT 60310
S_RP_SKILL_POLISHING_CHANGE_OPTION 49216
S_RP_SKILL_POLISHING_EXP_INFO 25749
S_RP_SKILL_POLISHING_LIST 34351
S_RP_SKILL_POLISHING_UNLOCK_OPTION 31112
S_RP_SKILL_POLISHING_UPGRADE_LEVEL 44763
S_RP_START_SOCIAL_ON_PROGRESS_DECOMPOSITION 28022
S_RP_UPDATE_ITEM_TO_DECOMPOSITION_CONTRACT 39551
S_SAVE_CLIENT_UI_SETTING 31971
S_SCENARIO_DUNGEON_UI 50995
S_SECOND_PASSWORD_AUTH_RESULT 41560
S_SECOND_PASSWORD_REGISTER_RESULT 42953
S_SELECT_CHANNEL 44440
S_SELECT_EVENT_MATCHING 35132
S_SELECT_USER 41900
S_SEND_CHANGE_REPUTATION_EXP 51389
S_SEND_CHANGE_REPUTATION_POINT 44592
S_SEND_PARCEL 57273
S_SEND_PARCEL_TAX 29711
S_SEND_QUEST_ITEM_INFO 28715
S_SEND_ROUND_PVE_SKILL_LIST 35380
S_SEND_USER_PLAY_TIME 59919
S_SEND_VIP_SYSTEM_INFO 60481
S_SERVANT_ABILITY 32176
S_SERVER_TIME 45059
S_SET_AWESOMIUM_WEB_URL 27714
S_SET_FLY_MOVE_INFO 60241
S_SET_GUILD_JOIN_CONDITION 59256
S_SET_ITEM_BIDDING_FLAG 44099
S_SET_ITEM_STRING 21092
S_SET_KUMAS_BATTLE_FIELD_TREASURE_SCORE 24017
S_SET_NEW_TERA_USER 49261
S_SET_POS 27484
S_SET_RECIPE_BOOKMARK 44127
S_SET_SEND_PARCEL_ITEM 54579
S_SET_SEND_PARCEL_MONEY 24234
S_SET_VISIBLE 37713
S_SET_WORKOBJECT 64476
S_SHARE_USER_PING 29239
S_SHORTCUT_CHANGE 64532
S_SHOW_ARTISAN_MENU 35386
S_SHOW_AWESOMIUMWEB_SHOP 55951
S_SHOW_CANDIDATE_LIST 36630
S_SHOW_CHANGE_CHARACTER_UI 32977
S_SHOW_CREST_LEARN 38738
S_SHOW_DARKRIFT_USER_HP 64447
S_SHOW_DEAD_CITY_WAR_UI 43957
S_SHOW_DEAD_UI 24316
S_SHOW_DUNGEON_RETRY_UI 59190
S_SHOW_GAGE 51114
S_SHOW_GUILD_QUEST_LIST 39038
S_SHOW_HP 58961
S_SHOW_ITEM_TOOLTIP 40312
S_SHOW_NAME_PLATE_ICON 29083
S_SHOW_NPC_TO_MAP 48062
S_SHOW_PARCEL_MESSAGE 31082
S_SHOW_PARTY_MATCH_INFO 43194
S_SHOW_PEGASUS_MAP 45288
S_SHOW_REVIVE_UI 22181
S_SHOW_TEMPER_WINDOW 29495
S_SHOW_TRADE_ITEM 32927
S_SHOW_TRADE_LOG 32828
S_SHOW_USER_EP_INFO 45646
S_SIMPLE_TIP_REPEAT_CHECK 40287
S_SKILL_ATTENTION_TARGET 40502
S_SKILL_CATEGORY 42557
S_SKILL_CHASE_EFFECT_TARGET 61791
S_SKILL_FORGET 37536
S_SKILL_LEARN_LIST 44049
S_SKILL_LEARN_RESULT 34770
S_SKILL_LIST 20070
S_SKILL_PERIOD 20017
S_SKILL_TARGETING_AREA 64007
S_SNOW_EVENT_BATTLE_FIELD_BOARD 50588
S_SNOW_EVENT_BATTLE_FIELD_SPAWN_USER 41175
S_SOCIAL 65159
S_SOCIAL_CANCEL 35476
S_SOCIAL_FORGET 33974
S_SOCIAL_LEARN_RESULT 21114
S_SPAWN_BONFIRE 32887
S_SPAWN_BUILD_OBJECT 57130
S_SPAWN_COLLECTION 23278
S_SPAWN_DOOR 53594
S_SPAWN_DROPITEM 64723
S_SPAWN_EVENT_SEED 46055
S_SPAWN_GAMBLE_BOX 44492
S_SPAWN_ME 36764
S_SPAWN_NPC 27329
S_SPAWN_PET 35508
S_SPAWN_PROJECTILE 62208
S_SPAWN_REMOTE_PROJECTILE 62172
S_SPAWN_SHUTTLE 54026
S_SPAWN_STATUE 30709
S_SPAWN_USER 25031
S_SPAWN_WORKOBJECT 52795
S_STAGE_RESULT 62167
S_START_ACTION_SCRIPT 57409
S_START_CHANGE_USER_APPEARANCE 22344
S_START_CHAT_BAN 27110
S_START_CHAT_BAN_INFINITY 37622
S_START_CLIENT_CUSTOM_SKILL 25847
S_START_CLIMBING 62948
S_START_COMMANDER_SKILL 47796
S_START_COOLTIME_ITEM 46265
S_START_COOLTIME_SERVANT_SKILL 23578
S_START_COOLTIME_SKILL 54251
S_START_DRIVE_AIRSHIP 57370
S_START_FISHING_CHARGE 57338
S_START_FISHING_MINIGAME 64296
S_START_FIX_SPIRIT 64595
S_START_FIX_VEHICLE 57566
S_START_GUILD_QUEST 46379
S_START_GUILD_WAR 27303
S_START_INVERSE_CAPTURE 53774
S_START_LEVEL_COMPENSATION 42233
S_START_PEGASUS 32484
S_START_PRODUCE 57262
S_START_ROUND_PVE_ROUND 44631
S_START_STACK_ATTENDANCE_EVENT_INFO 37239
S_START_USER_PROJECTILE 56780
S_START_VM_BUY 30320
S_START_VM_SELL 54392
S_STEER_DEBUG_COMMAND 55315
S_STICK_TO_USER_END 28631
S_STICK_TO_USER_START 37678
S_STOP_VM 42914
S_STORE_BASKET 34539
S_STORE_SELL_LIST 63164
S_STRONGHOLD_OCCUPATION_BATTLE_FIELD_BOARD 28527
S_STRONGHOLD_OCCUPATION_BATTLE_FIELD_STRONGHOLD_INFO 54705
S_STR_EVALUATE_LIST 37641
S_STYLE_SHOP_BUY_TCAT_ITEM 47158
S_SUCCESS_COUNTER 63951
S_SUCCESS_STYLE_SHOP_BUY_REPUTATION_ITEM 60735
S_SUGGEST_DARK_RIFT_PARTY_MATCHING 25277
S_SURVEY_QUESTION 22497
S_SWITCH_INFO 62678
S_SYNC_PEGASUS_TIME 37764
S_SYSTEM_MESSAGE 61543
S_SYSTEM_MESSAGE_CUSTOM 51472
S_SYSTEM_MESSAGE_LOOT_ITEM 52327
S_SYSTEM_MESSAGE_LOOT_SPECIAL_ITEM 50755
S_SYSTEM_REWARD_MESSAGE 31524
S_SYS_PARTY_INFO 23755
S_TARGET_INFO 49491
S_TASK_INFO_GUARD 54739
S_TAX_INFO 27647
S_TELEPORT_TO_CAMP 57486
S_TEMPER_MATERIALS 62123
S_TEMPER_RESULT 30468
S_TERRITORY_STEP_ENTER 32999
S_TERRITORY_STEP_LEAVE 37065
S_TERRITORY_STEP_PROGRESS 28738
S_TIMEOVER_CONTRACT 21699
S_TOGGLE_TASK_INFO_WINDOW 52516
S_TOKEN_POINT_STATUS 57422
S_TOTAL_GUILD_WAR_DATA 63854
S_TRADE_ACCEPT 43985
S_TRADE_BAG_CLOSE 41402
S_TRADE_BAG_DONE 35630
S_TRADE_BOX 20373
S_TRADE_BROKER_BOUGHT_ITEM_LIST 56811
S_TRADE_BROKER_BUY_IT_NOW 49267
S_TRADE_BROKER_CALC_NOTIFY 34377
S_TRADE_BROKER_DEAL_INFO_UPDATE 54835
S_TRADE_BROKER_DEAL_SUGGESTED 41532
S_TRADE_BROKER_HIGHEST_ITEM_LEVEL 33014
S_TRADE_BROKER_HISTORY_ITEM_LIST 37548
S_TRADE_BROKER_INPUT_PRICE 59861
S_TRADE_BROKER_REGISTERED_ITEM_LIST 27956
S_TRADE_BROKER_REQUEST_DEAL_RESULT 33940
S_TRADE_BROKER_SOLD_ITEM_LIST 42950
S_TRADE_BROKER_SUGGEST_DEAL 65017
S_TRADE_BROKER_WAITING_ITEM_LIST 21402
S_TRADE_MESSAGE 24137
S_TRANSFER_KUMAS_BATTLE_FIELD_TREASURE 26166
S_TUTORIAL_PLAY_FINISHED 25589
S_UNEQUIP_SERVANT_ITEM 45993
S_UNICAST_FLOATING_CASTLE_INFO 47673
S_UNICAST_FLOATING_CASTLE_NAMEPLATE 25827
S_UNICAST_TRANSFORM_DATA 40464
S_UNMOUNT_CARD 61701
S_UNMOUNT_VEHICLE 28453
S_UNMOUNT_VEHICLE_EX 28407
S_UNREGISTER_COMBINE_ITEM 26905
S_UNREGISTER_ENCHANT_ITEM 64741
S_UNREGISTER_EVOLUTION_ITEM 37842
S_UNREGISTER_REPAIR_ITEM 50134
S_UPDATE_ACHIEVEMENT_PROGRESS 46106
S_UPDATE_BIDDING_COUNT 61027
S_UPDATE_CONTENTS_ON_OFF 37757
S_UPDATE_EVENT_MATCHING_BONUS_INFO 60812
S_UPDATE_EVENT_SEED_STATE 50805
S_UPDATE_EVENT_SYSTEM 33044
S_UPDATE_EXP_LEVEL 10034
S_UPDATE_FRIENDSHIP_GAGE 30802
S_UPDATE_FRIEND_INFO 48888
S_UPDATE_GAMBLE_BOX_STATE 45087
S_UPDATE_GUILD_ANNOUNCE 58255
S_UPDATE_GUILD_FLAG 23961
S_UPDATE_GUILD_GROUP 62956
S_UPDATE_GUILD_MEMBER 51468
S_UPDATE_GUILD_QUEST_STATUS 23481
S_UPDATE_GUILD_TOWER_INFO 56903
S_UPDATE_KUMAS_BATTLE_FIELD_TREASURE_INFO 45929
S_UPDATE_KUMAS_BOSS_POS 35785
S_UPDATE_LICENSE 10032
S_UPDATE_NPCGUILD 23165
S_UPDATE_PARTY_MEMBER_QUEST_DATA 62554
S_UPDATE_PROF_BUG 10037
S_UPDATE_PROF_ENERGY 10038
S_UPDATE_PROF_HERB 10039
S_UPDATE_PROF_MINERAL 10036
S_UPDATE_QUEST 42001
S_UPDATE_SERVANT_INFO 38157
S_UPDATE_STACK_ATTENDANCE_EVENT_INFO 28523
S_UPDATE_STACK_ATTENDANCE_EVENT_RESET_TIME 33972
S_UPDATE_STYLE_SHOP_MARK_PRODUCT 62942
S_UPDATE_USER_AWAKEN_GRADE 33911
S_UPDATE_USER_PKDECLARECOUNT 10041
S_UPDATE_USER_PKDECLARECOUNT2 10189
S_UPDATE_USER_PKPOINT 10043
S_UPDATE_VM_SELLBUY_WINDOW 60964
S_UPDATE_VM_SETTING_WINDOW 23912
S_UPDATE_VM_STATUS 33039
S_USER_AIM 31359
S_USER_AIM_TO 20097
S_USER_APPEARANCE_CHANGE 38130
S_USER_BLOCK_LIST 50903
S_USER_CHANGE_FACE_CUSTOM 26699
S_USER_CHANGE_NAME 43894
S_USER_DEATH 24135
S_USER_EFFECT 26036
S_USER_EXTERNAL_CHANGE 33508
S_USER_FLYING_LOCATION 43605
S_USER_ITEMLEVEL_INFO 55338
S_USER_ITEM_EQUIP_CHANGER 63893
S_USER_LEVELUP 26002
S_USER_LOCATION 53223
S_USER_LOCATION_IN_ACTION 64291
S_USER_MOVETYPE 59947
S_USER_PAPERDOLL_INFO 26810
S_USER_PVE_RANKING 58458
S_USER_PVP_RANKING 51416
S_USER_REPORT 55819
S_USER_SITUATION 61172
S_USER_STATUS 42624
S_USER_WEAPON_APPEARANCE_CHANGE 43369
S_USE_CHRONOSCROLL_RESULT 53193
S_USE_COUPON 45010
S_USE_JUMPGEAR 30140
S_USE_RIGHT_ITEM 65375
S_VEHICLE_EX_ARROW 35701
S_VERSION_INFO 40536
S_VIEW_BATTLE_FIELD_RESULT 24266
S_VIEW_GUILD_WAR 43825
S_VIEW_INTER_PARTY_MATCH_BATTLEFIELD_LIST 59976
S_VIEW_INTER_PARTY_MATCH_DUNGOEN_LIST 41804
S_VIEW_PARTY_INVITE 61982
S_VIEW_VM_SETTING_WINDOW 32551
S_VIEW_WARE 27977
S_VIEW_WARE_EX 41744
S_VILLAGER_BUFF_INFO 28277
S_VILLAGER_POPUP_DIALOG 38218
S_VILLAGE_LIST_TO_TELEPORT 33428
S_VIP_STORE_ITEM_LIST 25816
S_VISITED_SECTION_LIST 30146
S_VISIT_NEW_SECTION 20235
S_VISIT_NEW_TEL_CAMP 24376
S_VM_BUY_BASKET_INFO 27857
S_VM_SELL_BASKET_INFO 41114
S_VOID_GUARD_INFO 62177
S_VOTE_DISMISS_PARTY 40918
S_VOTE_HISTORY 62668
S_VOTE_RESET_ALL_DUNGEON 28793
S_VOTE_TO_DUNGEON_MENTO 25584
S_WAITING_LIST 42505
S_WATCHED_MOVIES 38777
S_WEAK_POINT 46748
S_WELCOME_PET_OWNER 28011
S_WHISPER 55790
S_WORK_WORKOBJECT 57551
S_WORLD_OF_TANK_BATTLE_FIELD_BOARD 56476
S_WORLD_OF_TANK_BATTLE_FIELD_RESULT 49575
S_WORLD_QUEST_VILLAGER_INFO 51668

